
===========================================================================
report_checks -unconstrained
===========================================================================
======================= min_ff_n40C_1v95 Corner ===================================

Startpoint: s_axis_tdata[14] (input port clocked by aclk)
Endpoint: _1316_ (rising edge-triggered flip-flop clocked by aclk)
Path Group: aclk
Path Type: max

Fanout         Cap        Slew       Delay        Time   Description
---------------------------------------------------------------------------------------------
                                  0.000000    0.000000   clock aclk (rise edge)
                                  0.000000    0.000000   clock network delay (propagated)
                                  2.000000    2.000000 ^ input external delay
     1    0.002838    0.014053    0.007321    2.007321 ^ s_axis_tdata[14] (in)
                                                         s_axis_tdata[14] (net)
                      0.014053    0.000000    2.007321 ^ input8/A (sky130_fd_sc_hd__clkbuf_1)
     1    0.003647    0.039066    0.052822    2.060143 ^ input8/X (sky130_fd_sc_hd__clkbuf_1)
                                                         net8 (net)
                      0.039066    0.000034    2.060177 ^ fanout77/A (sky130_fd_sc_hd__clkbuf_2)
     8    0.030866    0.131432    0.138922    2.199099 ^ fanout77/X (sky130_fd_sc_hd__clkbuf_2)
                                                         net77 (net)
                      0.131440    0.000863    2.199962 ^ fanout76/A (sky130_fd_sc_hd__buf_2)
    10    0.033606    0.125846    0.159164    2.359126 ^ fanout76/X (sky130_fd_sc_hd__buf_2)
                                                         net76 (net)
                      0.125846    0.000343    2.359468 ^ _1084_/A2 (sky130_fd_sc_hd__a22o_1)
     2    0.005271    0.047661    0.103281    2.462750 ^ _1084_/X (sky130_fd_sc_hd__a22o_1)
                                                         _0460_ (net)
                      0.047661    0.000050    2.462800 ^ _1085_/B1_N (sky130_fd_sc_hd__a21bo_1)
     1    0.004907    0.031506    0.101552    2.564352 v _1085_/X (sky130_fd_sc_hd__a21bo_1)
                                                         _0461_ (net)
                      0.031506    0.000052    2.564404 v _1086_/B (sky130_fd_sc_hd__xor2_1)
     2    0.008674    0.047612    0.102641    2.667044 v _1086_/X (sky130_fd_sc_hd__xor2_1)
                                                         _0462_ (net)
                      0.047614    0.000198    2.667243 v _1093_/A (sky130_fd_sc_hd__and3_1)
     4    0.011509    0.051940    0.121168    2.788411 v _1093_/X (sky130_fd_sc_hd__and3_1)
                                                         _0469_ (net)
                      0.051940    0.000094    2.788506 v _1096_/A (sky130_fd_sc_hd__nor3b_1)
     3    0.009423    0.234572    0.226911    3.015416 ^ _1096_/Y (sky130_fd_sc_hd__nor3b_1)
                                                         _0472_ (net)
                      0.234572    0.000126    3.015542 ^ _1098_/B (sky130_fd_sc_hd__nor3_1)
     2    0.005310    0.063075    0.048824    3.064366 v _1098_/Y (sky130_fd_sc_hd__nor3_1)
                                                         _0474_ (net)
                      0.063075    0.000020    3.064386 v max_cap56/A (sky130_fd_sc_hd__buf_1)
     2    0.007742    0.036467    0.084992    3.149379 v max_cap56/X (sky130_fd_sc_hd__buf_1)
                                                         net56 (net)
                      0.036467    0.000067    3.149446 v _1100_/B1 (sky130_fd_sc_hd__a211o_1)
     3    0.010451    0.058228    0.150590    3.300036 v _1100_/X (sky130_fd_sc_hd__a211o_1)
                                                         _0476_ (net)
                      0.058228    0.000087    3.300122 v _1103_/A1 (sky130_fd_sc_hd__a211o_1)
     2    0.006099    0.044384    0.176249    3.476371 v _1103_/X (sky130_fd_sc_hd__a211o_1)
                                                         _0479_ (net)
                      0.044384    0.000071    3.476442 v _1105_/A2 (sky130_fd_sc_hd__a211o_1)
     2    0.004629    0.039872    0.189635    3.666077 v _1105_/X (sky130_fd_sc_hd__a211o_1)
                                                         _0481_ (net)
                      0.039872    0.000018    3.666095 v _1106_/B (sky130_fd_sc_hd__and2b_1)
     3    0.008096    0.040026    0.115506    3.781601 v _1106_/X (sky130_fd_sc_hd__and2b_1)
                                                         _0482_ (net)
                      0.040026    0.000027    3.781628 v _1141_/A3 (sky130_fd_sc_hd__a31o_1)
     2    0.008604    0.045389    0.158408    3.940036 v _1141_/X (sky130_fd_sc_hd__a31o_1)
                                                         _0516_ (net)
                      0.045389    0.000126    3.940162 v _1145_/A2 (sky130_fd_sc_hd__a21oi_1)
     4    0.012297    0.205520    0.194988    4.135149 ^ _1145_/Y (sky130_fd_sc_hd__a21oi_1)
                                                         _0519_ (net)
                      0.205520    0.000195    4.135345 ^ _1201_/A1 (sky130_fd_sc_hd__a211o_1)
     5    0.015264    0.105602    0.144230    4.279574 ^ _1201_/X (sky130_fd_sc_hd__a211o_1)
                                                         _0574_ (net)
                      0.105602    0.000350    4.279925 ^ _1251_/A1 (sky130_fd_sc_hd__o2111ai_1)
     1    0.002865    0.059416    0.072605    4.352530 v _1251_/Y (sky130_fd_sc_hd__o2111ai_1)
                                                         _0622_ (net)
                      0.059416    0.000017    4.352546 v _1252_/A2 (sky130_fd_sc_hd__a21o_1)
     1    0.003062    0.024752    0.120749    4.473295 v _1252_/X (sky130_fd_sc_hd__a21o_1)
                                                         _0623_ (net)
                      0.024767    0.000032    4.473328 v _1253_/B1 (sky130_fd_sc_hd__o211a_1)
     1    0.002100    0.025864    0.069048    4.542376 v _1253_/X (sky130_fd_sc_hd__o211a_1)
                                                         _0046_ (net)
                      0.025864    0.000010    4.542385 v _1316_/D (sky130_fd_sc_hd__dfxtp_1)
                                              4.542385   data arrival time

                                 10.000000   10.000000   clock aclk (rise edge)
                                  0.000000   10.000000   clock source latency
     1    0.019374    0.069648    0.047654   10.047654 ^ aclk (in)
                                                         aclk (net)
                      0.069661    0.000000   10.047654 ^ clkbuf_0_aclk/A (sky130_fd_sc_hd__clkbuf_16)
     4    0.044407    0.048429    0.110096   10.157750 ^ clkbuf_0_aclk/X (sky130_fd_sc_hd__clkbuf_16)
                                                         clknet_0_aclk (net)
                      0.048443    0.000736   10.158486 ^ clkbuf_2_0__f_aclk/A (sky130_fd_sc_hd__clkbuf_16)
    14    0.043774    0.047772    0.103983   10.262469 ^ clkbuf_2_0__f_aclk/X (sky130_fd_sc_hd__clkbuf_16)
                                                         clknet_2_0__leaf_aclk (net)
                      0.047789    0.000828   10.263297 ^ _1316_/CLK (sky130_fd_sc_hd__dfxtp_1)
                                 -0.250000   10.013297   clock uncertainty
                                  0.000000   10.013297   clock reconvergence pessimism
                                 -0.066294    9.947002   library setup time
                                              9.947002   data required time
---------------------------------------------------------------------------------------------
                                              9.947002   data required time
                                             -4.542385   data arrival time
---------------------------------------------------------------------------------------------
                                              5.404617   slack (MET)




===========================================================================
report_checks --slack_max -0.01
============================================================================
======================= min_ff_n40C_1v95 Corner ===================================

No paths found.


===========================================================================
 report_check_types -max_slew -max_cap -max_fanout -violators
============================================================================
======================= min_ff_n40C_1v95 Corner ===================================

max fanout

Pin                                   Limit Fanout  Slack
---------------------------------------------------------
clkbuf_2_0__f_aclk/X                     10     14     -4 (VIOLATED)
clkbuf_2_2__f_aclk/X                     10     14     -4 (VIOLATED)
clkbuf_2_3__f_aclk/X                     10     14     -4 (VIOLATED)
clkbuf_2_1__f_aclk/X                     10     12     -2 (VIOLATED)



===========================================================================
report_parasitic_annotation -report_unannotated
============================================================================
Found 2 unannotated drivers.
 clkload0/Y
 clkload1/X
Found 0 partially unannotated drivers.

===========================================================================
max slew violation count 0
max fanout violation count 4
max cap violation count 0
============================================================================

===========================================================================
check_setup -verbose -unconstrained_endpoints -multiple_clock -no_clock -no_input_delay -loops -generated_clocks
===========================================================================
