Clock: aclk
Sources: aclk 
Generated: no
Virtual: yes
Propagated: no
Period: 10.000000

===========================================================================
report_clock_properties
============================================================================
Clock                   Period          Waveform
----------------------------------------------------
aclk                 10.000000    0.000000  5.000000

===========================================================================
report_clock_latency
============================================================================
Clock aclk
rise -> rise
    min     max
0.000000 0.000000 source latency
0.261988         network latency _1287_/CLK
        0.264721 network latency _1275_/CLK
---------------
0.261988 0.264721 latency
        0.002732 skew

fall -> fall
    min     max
0.000000 0.000000 source latency
0.239460         network latency _1287_/CLK
        0.241511 network latency _1275_/CLK
---------------
0.239460 0.241511 latency
        0.002051 skew



===========================================================================
report_clock_min_period
============================================================================
aclk period_min = 2.74 fmax = 365.40
