
===========================================================================
report_checks -unconstrained
===========================================================================
======================= nom_tt_025C_1v80 Corner ===================================

Startpoint: s_axis_tdata[14] (input port clocked by aclk)
Endpoint: _1317_ (rising edge-triggered flip-flop clocked by aclk)
Path Group: aclk
Path Type: max

Fanout         Cap        Slew       Delay        Time   Description
---------------------------------------------------------------------------------------------
                                  0.000000    0.000000   clock aclk (rise edge)
                                  0.000000    0.000000   clock network delay (propagated)
                                  2.000000    2.000000 ^ input external delay
    17    0.067253    0.305950    0.211349    2.211349 ^ s_axis_tdata[14] (in)
                                                         s_axis_tdata[14] (net)
                      0.305952    0.000000    2.211349 ^ _0967_/B (sky130_fd_sc_hd__nand2_2)
     3    0.010161    0.086068    0.116571    2.327920 v _0967_/Y (sky130_fd_sc_hd__nand2_2)
                                                         _0346_ (net)
                      0.086068    0.000002    2.327923 v _1006_/A (sky130_fd_sc_hd__or3_2)
     2    0.007164    0.093674    0.505037    2.832960 v _1006_/X (sky130_fd_sc_hd__or3_2)
                                                         _0384_ (net)
                      0.093674    0.000027    2.832987 v _1009_/A1 (sky130_fd_sc_hd__a211o_2)
     3    0.009788    0.066405    0.333805    3.166792 v _1009_/X (sky130_fd_sc_hd__a211o_2)
                                                         _0387_ (net)
                      0.066405    0.000029    3.166821 v _1055_/A2 (sky130_fd_sc_hd__a21bo_2)
     2    0.008860    0.049468    0.235681    3.402502 v _1055_/X (sky130_fd_sc_hd__a21bo_2)
                                                         _0432_ (net)
                      0.049468    0.000076    3.402578 v _1057_/B1 (sky130_fd_sc_hd__a21o_2)
     3    0.011728    0.055782    0.212316    3.614894 v _1057_/X (sky130_fd_sc_hd__a21o_2)
                                                         _0434_ (net)
                      0.055782    0.000054    3.614948 v _1058_/C (sky130_fd_sc_hd__and3_2)
     2    0.006882    0.047428    0.221898    3.836847 v _1058_/X (sky130_fd_sc_hd__and3_2)
                                                         _0435_ (net)
                      0.047428    0.000020    3.836866 v _1062_/A1 (sky130_fd_sc_hd__o211a_2)
     3    0.010093    0.060179    0.280419    4.117285 v _1062_/X (sky130_fd_sc_hd__o211a_2)
                                                         _0439_ (net)
                      0.060179    0.000020    4.117306 v _1064_/C (sky130_fd_sc_hd__or3_2)
     2    0.003913    0.081839    0.414490    4.531796 v _1064_/X (sky130_fd_sc_hd__or3_2)
                                                         _0441_ (net)
                      0.081839    0.000004    4.531799 v _1067_/A (sky130_fd_sc_hd__and3_2)
     3    0.008890    0.051998    0.204771    4.736570 v _1067_/X (sky130_fd_sc_hd__and3_2)
                                                         _0444_ (net)
                      0.051998    0.000012    4.736582 v _1069_/A_N (sky130_fd_sc_hd__and2b_2)
     3    0.017042    0.099947    0.257654    4.994236 ^ _1069_/X (sky130_fd_sc_hd__and2b_2)
                                                         _0446_ (net)
                      0.099947    0.000010    4.994246 ^ _1141_/A1 (sky130_fd_sc_hd__a31o_2)
     2    0.014956    0.098247    0.202836    5.197083 ^ _1141_/X (sky130_fd_sc_hd__a31o_2)
                                                         _0516_ (net)
                      0.098247    0.000121    5.197204 ^ _1145_/A2 (sky130_fd_sc_hd__a21oi_2)
     4    0.012093    0.084698    0.086899    5.284102 v _1145_/Y (sky130_fd_sc_hd__a21oi_2)
                                                         _0519_ (net)
                      0.084698    0.000072    5.284175 v _1201_/A1 (sky130_fd_sc_hd__a211o_2)
     5    0.016843    0.082386    0.352777    5.636952 v _1201_/X (sky130_fd_sc_hd__a211o_2)
                                                         _0574_ (net)
                      0.082386    0.000164    5.637116 v _1250_/A2 (sky130_fd_sc_hd__a311o_2)
     2    0.005332    0.062491    0.379917    6.017034 v _1250_/X (sky130_fd_sc_hd__a311o_2)
                                                         _0621_ (net)
                      0.062491    0.000016    6.017049 v _1260_/A2 (sky130_fd_sc_hd__a31o_2)
     1    0.002596    0.040825    0.229151    6.246200 v _1260_/X (sky130_fd_sc_hd__a31o_2)
                                                         _0630_ (net)
                      0.040825    0.000004    6.246205 v _1261_/B1 (sky130_fd_sc_hd__o211a_2)
     1    0.001780    0.040097    0.121189    6.367394 v _1261_/X (sky130_fd_sc_hd__o211a_2)
                                                         _0047_ (net)
                      0.040097    0.000000    6.367395 v _1317_/D (sky130_fd_sc_hd__dfxtp_2)
                                              6.367395   data arrival time

                                 10.000000   10.000000   clock aclk (rise edge)
                                  0.000000   10.000000   clock source latency
    52    0.141161    0.634430    0.436234   10.436234 ^ aclk (in)
                                                         aclk (net)
                      0.634433    0.000000   10.436234 ^ _1317_/CLK (sky130_fd_sc_hd__dfxtp_2)
                                 -0.250000   10.186234   clock uncertainty
                                  0.000000   10.186234   clock reconvergence pessimism
                                  0.007400   10.193634   library setup time
                                             10.193634   data required time
---------------------------------------------------------------------------------------------
                                             10.193634   data required time
                                             -6.367395   data arrival time
---------------------------------------------------------------------------------------------
                                              3.826239   slack (MET)




===========================================================================
report_checks --slack_max -0.01
============================================================================
======================= nom_tt_025C_1v80 Corner ===================================

No paths found.


===========================================================================
 report_check_types -max_slew -max_cap -max_fanout -violators
============================================================================
======================= nom_tt_025C_1v80 Corner ===================================

max slew

Pin                                        Limit        Slew       Slack
------------------------------------------------------------------------
_0745_/B                                0.750000    0.986212   -0.236212 (VIOLATED)
_0752_/B                                0.750000    0.986212   -0.236212 (VIOLATED)
_0815_/B                                0.750000    0.986212   -0.236213 (VIOLATED)
_1267_/A1                               0.750000    0.986212   -0.236212 (VIOLATED)
_0735_/B1                               0.750000    0.986211   -0.236211 (VIOLATED)
_0736_/A2                               0.750000    0.986211   -0.236211 (VIOLATED)
_1253_/A2                               0.750000    0.986211   -0.236211 (VIOLATED)
_1261_/A2                               0.750000    0.986211   -0.236211 (VIOLATED)
_0731_/A2                               0.750000    0.986210   -0.236210 (VIOLATED)
_1233_/A2                               0.750000    0.986210   -0.236210 (VIOLATED)
_0797_/B1                               0.750000    0.986210   -0.236210 (VIOLATED)
_0798_/A2                               0.750000    0.986210   -0.236210 (VIOLATED)
_0803_/A2                               0.750000    0.986210   -0.236210 (VIOLATED)
_0810_/B                                0.750000    0.986210   -0.236210 (VIOLATED)
_1204_/B                                0.750000    0.986209   -0.236209 (VIOLATED)
_0786_/A2                               0.750000    0.986209   -0.236209 (VIOLATED)
_0781_/B                                0.750000    0.986208   -0.236208 (VIOLATED)
_0828_/B1                               0.750000    0.986207   -0.236207 (VIOLATED)
_0829_/A2                               0.750000    0.986207   -0.236207 (VIOLATED)
_1174_/B1                               0.750000    0.986207   -0.236207 (VIOLATED)
_1175_/A2                               0.750000    0.986207   -0.236207 (VIOLATED)
_0833_/A2                               0.750000    0.986206   -0.236206 (VIOLATED)
_1143_/A2                               0.750000    0.986205   -0.236205 (VIOLATED)
_1144_/A1                               0.750000    0.986205   -0.236205 (VIOLATED)
_0841_/B                                0.750000    0.986204   -0.236204 (VIOLATED)
_0766_/A2                               0.750000    0.986203   -0.236203 (VIOLATED)
_0770_/B                                0.750000    0.986203   -0.236203 (VIOLATED)
_0711_/B                                0.750000    0.986203   -0.236203 (VIOLATED)
_0719_/B                                0.750000    0.986203   -0.236203 (VIOLATED)
_0861_/A2                               0.750000    0.986203   -0.236203 (VIOLATED)
_1110_/A2                               0.750000    0.986203   -0.236203 (VIOLATED)
_0701_/B1                               0.750000    0.986202   -0.236202 (VIOLATED)
_0703_/A2                               0.750000    0.986202   -0.236202 (VIOLATED)
_0847_/B                                0.750000    0.986202   -0.236202 (VIOLATED)
_0857_/A2                               0.750000    0.986202   -0.236202 (VIOLATED)
_0695_/A                                0.750000    0.986201   -0.236202 (VIOLATED)
_0696_/A2                               0.750000    0.986201   -0.236201 (VIOLATED)
_0688_/B                                0.750000    0.986201   -0.236201 (VIOLATED)
_1072_/B                                0.750000    0.986200   -0.236200 (VIOLATED)
_1029_/B                                0.750000    0.986199   -0.236199 (VIOLATED)
_0637_/X                                0.750000    0.986195   -0.236195 (VIOLATED)
_0645_/B                                0.750000    0.986195   -0.236195 (VIOLATED)
_0652_/B1                               0.750000    0.986195   -0.236195 (VIOLATED)
_0653_/A2                               0.750000    0.986195   -0.236195 (VIOLATED)
_0659_/B1                               0.750000    0.986195   -0.236195 (VIOLATED)
_0660_/A2                               0.750000    0.986195   -0.236195 (VIOLATED)
_0666_/B                                0.750000    0.986195   -0.236195 (VIOLATED)
_0673_/B                                0.750000    0.986195   -0.236195 (VIOLATED)
_0681_/A                                0.750000    0.986195   -0.236195 (VIOLATED)
_0682_/A2                               0.750000    0.986195   -0.236195 (VIOLATED)
_0868_/B                                0.750000    0.986195   -0.236195 (VIOLATED)
_0875_/A2                               0.750000    0.986195   -0.236195 (VIOLATED)
_0877_/A2                               0.750000    0.986195   -0.236195 (VIOLATED)
_0882_/A2                               0.750000    0.986195   -0.236195 (VIOLATED)
_0891_/B                                0.750000    0.986195   -0.236195 (VIOLATED)
_0906_/B1                               0.750000    0.986195   -0.236195 (VIOLATED)
_0907_/A2                               0.750000    0.986195   -0.236195 (VIOLATED)
_0927_/B1                               0.750000    0.986195   -0.236195 (VIOLATED)
_0928_/A2                               0.750000    0.986195   -0.236195 (VIOLATED)
_0955_/B                                0.750000    0.986195   -0.236195 (VIOLATED)
_0989_/B                                0.750000    0.986195   -0.236195 (VIOLATED)
_0862_/A                                0.750000    0.832851   -0.082851 (VIOLATED)
_0863_/A                                0.750000    0.832851   -0.082851 (VIOLATED)
_0871_/A                                0.750000    0.832851   -0.082851 (VIOLATED)
_0872_/A                                0.750000    0.832851   -0.082851 (VIOLATED)
_0858_/A                                0.750000    0.832849   -0.082849 (VIOLATED)
_0865_/B1                               0.750000    0.832849   -0.082849 (VIOLATED)
_0851_/A                                0.750000    0.832849   -0.082849 (VIOLATED)
_0852_/A                                0.750000    0.832849   -0.082849 (VIOLATED)
_0834_/A                                0.750000    0.832845   -0.082845 (VIOLATED)
_0835_/A                                0.750000    0.832845   -0.082845 (VIOLATED)
_0843_/A                                0.750000    0.832845   -0.082845 (VIOLATED)
_0849_/B1                               0.750000    0.832843   -0.082843 (VIOLATED)
_0838_/B1                               0.750000    0.832842   -0.082843 (VIOLATED)
_0830_/A                                0.750000    0.832841   -0.082841 (VIOLATED)
_0823_/A                                0.750000    0.832838   -0.082838 (VIOLATED)
_0822_/A                                0.750000    0.832837   -0.082837 (VIOLATED)
_0790_/B1                               0.750000    0.832831   -0.082831 (VIOLATED)
_0783_/A                                0.750000    0.832830   -0.082830 (VIOLATED)
_0773_/A                                0.750000    0.832830   -0.082830 (VIOLATED)
_0772_/A                                0.750000    0.832830   -0.082830 (VIOLATED)
_0777_/B1                               0.750000    0.832828   -0.082828 (VIOLATED)
_0767_/A                                0.750000    0.832825   -0.082825 (VIOLATED)
_0760_/A                                0.750000    0.832823   -0.082823 (VIOLATED)
_0761_/A                                0.750000    0.832823   -0.082823 (VIOLATED)
_0747_/A                                0.750000    0.832821   -0.082821 (VIOLATED)
_0748_/A                                0.750000    0.832821   -0.082821 (VIOLATED)
_0787_/A                                0.750000    0.832821   -0.082821 (VIOLATED)
_0788_/A                                0.750000    0.832821   -0.082821 (VIOLATED)
_0799_/A                                0.750000    0.832821   -0.082821 (VIOLATED)
_0804_/A                                0.750000    0.832821   -0.082821 (VIOLATED)
_0805_/A                                0.750000    0.832821   -0.082821 (VIOLATED)
_0807_/B1                               0.750000    0.832821   -0.082821 (VIOLATED)
_0812_/A                                0.750000    0.832821   -0.082821 (VIOLATED)
_0820_/B1                               0.750000    0.832821   -0.082821 (VIOLATED)
_1261_/A1                               0.750000    0.832821   -0.082821 (VIOLATED)
_1317_/Q                                0.750000    0.832821   -0.082821 (VIOLATED)
_0892_/C1                               0.750000    0.763848   -0.013848 (VIOLATED)
_0653_/C1                               0.750000    0.763848   -0.013848 (VIOLATED)
_0907_/C1                               0.750000    0.763848   -0.013848 (VIOLATED)
_0660_/C1                               0.750000    0.763847   -0.013847 (VIOLATED)
_0928_/C1                               0.750000    0.763846   -0.013846 (VIOLATED)
_0956_/C1                               0.750000    0.763845   -0.013845 (VIOLATED)
_0882_/C1                               0.750000    0.763844   -0.013844 (VIOLATED)
_0877_/C1                               0.750000    0.763844   -0.013844 (VIOLATED)
_0641_/C1                               0.750000    0.763844   -0.013844 (VIOLATED)
_0646_/C1                               0.750000    0.763843   -0.013843 (VIOLATED)
_0990_/C1                               0.750000    0.763842   -0.013842 (VIOLATED)
_0667_/C1                               0.750000    0.763838   -0.013838 (VIOLATED)
_0674_/C1                               0.750000    0.763838   -0.013838 (VIOLATED)
_0682_/C1                               0.750000    0.763838   -0.013838 (VIOLATED)
_0875_/C1                               0.750000    0.763832   -0.013832 (VIOLATED)
_0869_/C1                               0.750000    0.763832   -0.013832 (VIOLATED)
_0861_/C1                               0.750000    0.763824   -0.013824 (VIOLATED)
_0857_/C1                               0.750000    0.763824   -0.013824 (VIOLATED)
_1030_/C1                               0.750000    0.763819   -0.013819 (VIOLATED)
_1073_/C1                               0.750000    0.763819   -0.013819 (VIOLATED)
_1110_/C1                               0.750000    0.763818   -0.013818 (VIOLATED)
_0689_/C1                               0.750000    0.763818   -0.013818 (VIOLATED)
_0696_/C1                               0.750000    0.763817   -0.013817 (VIOLATED)
_0703_/C1                               0.750000    0.763817   -0.013817 (VIOLATED)
_0842_/C1                               0.750000    0.763817   -0.013817 (VIOLATED)
_0848_/C1                               0.750000    0.763815   -0.013815 (VIOLATED)
_0833_/C1                               0.750000    0.763806   -0.013806 (VIOLATED)
_0829_/C1                               0.750000    0.763802   -0.013802 (VIOLATED)
_1143_/B1                               0.750000    0.763799   -0.013799 (VIOLATED)
_0712_/C1                               0.750000    0.763799   -0.013799 (VIOLATED)
_0720_/C1                               0.750000    0.763798   -0.013798 (VIOLATED)
_0766_/C1                               0.750000    0.763798   -0.013798 (VIOLATED)
_0771_/C1                               0.750000    0.763797   -0.013797 (VIOLATED)
_0782_/C1                               0.750000    0.763794   -0.013795 (VIOLATED)
_0786_/C1                               0.750000    0.763791   -0.013791 (VIOLATED)
_1175_/C1                               0.750000    0.763784   -0.013784 (VIOLATED)
_1205_/C1                               0.750000    0.763784   -0.013784 (VIOLATED)
_0731_/C1                               0.750000    0.763784   -0.013784 (VIOLATED)
_0798_/C1                               0.750000    0.763784   -0.013784 (VIOLATED)
_1233_/C1                               0.750000    0.763784   -0.013784 (VIOLATED)
_1253_/C1                               0.750000    0.763784   -0.013784 (VIOLATED)
_1261_/C1                               0.750000    0.763784   -0.013784 (VIOLATED)
_1263_/A                                0.750000    0.763784   -0.013784 (VIOLATED)
_1265_/A                                0.750000    0.763784   -0.013784 (VIOLATED)
_0736_/C1                               0.750000    0.763784   -0.013784 (VIOLATED)
_1269_/A                                0.750000    0.763783   -0.013783 (VIOLATED)
_1267_/B1                               0.750000    0.763783   -0.013783 (VIOLATED)
_0803_/C1                               0.750000    0.763783   -0.013783 (VIOLATED)
_0746_/C1                               0.750000    0.763782   -0.013782 (VIOLATED)
_0753_/C1                               0.750000    0.763782   -0.013782 (VIOLATED)
_0816_/C1                               0.750000    0.763781   -0.013781 (VIOLATED)
_0811_/C1                               0.750000    0.763780   -0.013780 (VIOLATED)
aresetn                                 0.750000    0.763779   -0.013779 (VIOLATED)

max fanout

Pin                                   Limit Fanout  Slack
---------------------------------------------------------
_0637_/X                                 10     60    -50 (VIOLATED)
aclk                                     10     52    -42 (VIOLATED)
aresetn                                  10     52    -42 (VIOLATED)
_0638_/Y                                 10     36    -26 (VIOLATED)
_1317_/Q                                 10     35    -25 (VIOLATED)
s_axis_tdata[0]                          10     17     -7 (VIOLATED)
s_axis_tdata[14]                         10     17     -7 (VIOLATED)
s_axis_tdata[3]                          10     17     -7 (VIOLATED)
s_axis_tdata[4]                          10     16     -6 (VIOLATED)
s_axis_tdata[8]                          10     16     -6 (VIOLATED)
s_axis_tdata[10]                         10     15     -5 (VIOLATED)
s_axis_tdata[11]                         10     15     -5 (VIOLATED)
s_axis_tdata[12]                         10     15     -5 (VIOLATED)
s_axis_tdata[13]                         10     15     -5 (VIOLATED)
s_axis_tdata[1]                          10     15     -5 (VIOLATED)
s_axis_tdata[5]                          10     15     -5 (VIOLATED)
s_axis_tdata[6]                          10     15     -5 (VIOLATED)
s_axis_tdata[9]                          10     14     -4 (VIOLATED)
s_axis_tdata[15]                         10     13     -3 (VIOLATED)
s_axis_tdata[2]                          10     11        (VIOLATED)



===========================================================================
report_parasitic_annotation -report_unannotated
============================================================================
Found 0 unannotated drivers.
Found 0 partially unannotated drivers.

===========================================================================
max slew violation count 150
Writing metric design__max_slew_violation__count__corner:nom_tt_025C_1v80: 150
max fanout violation count 20
Writing metric design__max_fanout_violation__count__corner:nom_tt_025C_1v80: 20
max cap violation count 0
Writing metric design__max_cap_violation__count__corner:nom_tt_025C_1v80: 0
============================================================================

===========================================================================
check_setup -verbose -unconstrained_endpoints -multiple_clock -no_clock -no_input_delay -loops -generated_clocks
===========================================================================
