
===========================================================================
report_checks -unconstrained
===========================================================================
======================= nom_tt_025C_1v80 Corner ===================================

Startpoint: s_axis_tdata[15] (input port clocked by aclk)
Endpoint: _1317_ (rising edge-triggered flip-flop clocked by aclk)
Path Group: aclk
Path Type: max

Fanout         Cap        Slew       Delay        Time   Description
---------------------------------------------------------------------------------------------
                                  0.000000    0.000000   clock aclk (rise edge)
                                  0.000000    0.000000   clock network delay (propagated)
                                  2.000000    2.000000 ^ input external delay
     1    0.002805    0.019754    0.010310    2.010310 ^ s_axis_tdata[15] (in)
                                                         s_axis_tdata[15] (net)
                      0.019754    0.000000    2.010310 ^ input9/A (sky130_fd_sc_hd__buf_1)
     4    0.010633    0.134941    0.134046    2.144356 ^ input9/X (sky130_fd_sc_hd__buf_1)
                                                         net9 (net)
                      0.134941    0.000032    2.144388 ^ fanout75/A (sky130_fd_sc_hd__buf_2)
    10    0.029341    0.147566    0.213935    2.358323 ^ fanout75/X (sky130_fd_sc_hd__buf_2)
                                                         net75 (net)
                      0.147566    0.000087    2.358410 ^ _1004_/A2 (sky130_fd_sc_hd__a21oi_1)
     3    0.006681    0.080344    0.109707    2.468117 v _1004_/Y (sky130_fd_sc_hd__a21oi_1)
                                                         _0382_ (net)
                      0.080344    0.000004    2.468121 v _1006_/B (sky130_fd_sc_hd__or3_1)
     2    0.007141    0.091945    0.384736    2.852857 v _1006_/X (sky130_fd_sc_hd__or3_1)
                                                         _0384_ (net)
                      0.091945    0.000012    2.852869 v _1009_/A1 (sky130_fd_sc_hd__a211o_1)
     3    0.008123    0.073372    0.299196    3.152065 v _1009_/X (sky130_fd_sc_hd__a211o_1)
                                                         _0387_ (net)
                      0.073372    0.000028    3.152093 v _1055_/A2 (sky130_fd_sc_hd__a21bo_1)
     2    0.008615    0.060093    0.223529    3.375622 v _1055_/X (sky130_fd_sc_hd__a21bo_1)
                                                         _0432_ (net)
                      0.060093    0.000053    3.375675 v _1057_/B1 (sky130_fd_sc_hd__a21o_1)
     3    0.007078    0.051347    0.174158    3.549833 v _1057_/X (sky130_fd_sc_hd__a21o_1)
                                                         _0434_ (net)
                      0.051347    0.000023    3.549856 v _1058_/C (sky130_fd_sc_hd__and3_1)
     2    0.007101    0.056928    0.198082    3.747938 v _1058_/X (sky130_fd_sc_hd__and3_1)
                                                         _0435_ (net)
                      0.056928    0.000022    3.747960 v _1062_/A1 (sky130_fd_sc_hd__o211a_1)
     3    0.006401    0.056250    0.240723    3.988683 v _1062_/X (sky130_fd_sc_hd__o211a_1)
                                                         _0439_ (net)
                      0.056250    0.000003    3.988686 v _1064_/C (sky130_fd_sc_hd__or3_1)
     2    0.004140    0.075011    0.315912    4.304598 v _1064_/X (sky130_fd_sc_hd__or3_1)
                                                         _0441_ (net)
                      0.075011    0.000006    4.304604 v _1067_/A (sky130_fd_sc_hd__and3_1)
     3    0.006948    0.056255    0.172251    4.476855 v _1067_/X (sky130_fd_sc_hd__and3_1)
                                                         _0444_ (net)
                      0.056255    0.000010    4.476864 v _1069_/A_N (sky130_fd_sc_hd__and2b_1)
     3    0.009947    0.102489    0.233216    4.710080 ^ _1069_/X (sky130_fd_sc_hd__and2b_1)
                                                         _0446_ (net)
                      0.102489    0.000004    4.710084 ^ _1141_/A1 (sky130_fd_sc_hd__a31o_1)
     2    0.008511    0.093481    0.180630    4.890714 ^ _1141_/X (sky130_fd_sc_hd__a31o_1)
                                                         _0516_ (net)
                      0.093481    0.000061    4.890775 ^ _1145_/A2 (sky130_fd_sc_hd__a21oi_1)
     4    0.010092    0.108185    0.112174    5.002949 v _1145_/Y (sky130_fd_sc_hd__a21oi_1)
                                                         _0519_ (net)
                      0.108185    0.000077    5.003026 v _1201_/A1 (sky130_fd_sc_hd__a211o_1)
     5    0.012801    0.091864    0.327546    5.330572 v _1201_/X (sky130_fd_sc_hd__a211o_1)
                                                         _0574_ (net)
                      0.091864    0.000121    5.330693 v _1250_/A2 (sky130_fd_sc_hd__a311o_1)
     2    0.005412    0.068423    0.339325    5.670018 v _1250_/X (sky130_fd_sc_hd__a311o_1)
                                                         _0621_ (net)
                      0.068423    0.000015    5.670032 v _1260_/A2 (sky130_fd_sc_hd__a31o_1)
     1    0.002451    0.036284    0.205339    5.875371 v _1260_/X (sky130_fd_sc_hd__a31o_1)
                                                         _0630_ (net)
                      0.036284    0.000004    5.875375 v _1261_/B1 (sky130_fd_sc_hd__o211a_1)
     1    0.002209    0.036772    0.111679    5.987054 v _1261_/X (sky130_fd_sc_hd__o211a_1)
                                                         _0047_ (net)
                      0.036772    0.000004    5.987058 v _1317_/D (sky130_fd_sc_hd__dfxtp_1)
                                              5.987058   data arrival time

                                 10.000000   10.000000   clock aclk (rise edge)
                                  0.000000   10.000000   clock source latency
     1    0.015601    0.076108    0.052017   10.052017 ^ aclk (in)
                                                         aclk (net)
                      0.076113    0.000000   10.052017 ^ clkbuf_0_aclk/A (sky130_fd_sc_hd__clkbuf_16)
     4    0.038285    0.058293    0.152079   10.204097 ^ clkbuf_0_aclk/X (sky130_fd_sc_hd__clkbuf_16)
                                                         clknet_0_aclk (net)
                      0.058294    0.000307   10.204404 ^ clkbuf_2_0__f_aclk/A (sky130_fd_sc_hd__clkbuf_16)
    14    0.038342    0.058332    0.145614   10.350019 ^ clkbuf_2_0__f_aclk/X (sky130_fd_sc_hd__clkbuf_16)
                                                         clknet_2_0__leaf_aclk (net)
                      0.058333    0.000310   10.350328 ^ _1317_/CLK (sky130_fd_sc_hd__dfxtp_1)
                                 -0.250000   10.100328   clock uncertainty
                                  0.000000   10.100328   clock reconvergence pessimism
                                 -0.103806    9.996522   library setup time
                                              9.996522   data required time
---------------------------------------------------------------------------------------------
                                              9.996522   data required time
                                             -5.987058   data arrival time
---------------------------------------------------------------------------------------------
                                              4.009464   slack (MET)




===========================================================================
report_checks --slack_max -0.01
============================================================================
======================= nom_tt_025C_1v80 Corner ===================================

No paths found.


===========================================================================
 report_check_types -max_slew -max_cap -max_fanout -violators
============================================================================
======================= nom_tt_025C_1v80 Corner ===================================

max fanout

Pin                                   Limit Fanout  Slack
---------------------------------------------------------
clkbuf_2_0__f_aclk/X                     10     14     -4 (VIOLATED)
clkbuf_2_2__f_aclk/X                     10     14     -4 (VIOLATED)
clkbuf_2_3__f_aclk/X                     10     14     -4 (VIOLATED)
clkbuf_2_1__f_aclk/X                     10     12     -2 (VIOLATED)



===========================================================================
report_parasitic_annotation -report_unannotated
============================================================================
Found 2 unannotated drivers.
 clkload0/Y
 clkload1/X
Found 0 partially unannotated drivers.

===========================================================================
max slew violation count 0
Writing metric design__max_slew_violation__count__corner:nom_tt_025C_1v80: 0
max fanout violation count 4
Writing metric design__max_fanout_violation__count__corner:nom_tt_025C_1v80: 4
max cap violation count 0
Writing metric design__max_cap_violation__count__corner:nom_tt_025C_1v80: 0
============================================================================

===========================================================================
check_setup -verbose -unconstrained_endpoints -multiple_clock -no_clock -no_input_delay -loops -generated_clocks
===========================================================================
