Reading OpenROAD database at '/mnt/c/Users/Default.DESKTOP-A45I1O9/akularanjith-akularanjith--ECE510-2026-SPRING/codefest/cf07/runs/RUN_2026-05-15_20-28-23/31-openroad-repairdesignpostgpl/crossbar_mac.odb'…
Reading library file at '/home/default/.volare/volare/sky130/versions/0fe599b2afb6708d281543108caf8310912f54af/sky130A/libs.ref/sky130_fd_sc_hd/lib/sky130_fd_sc_hd__tt_025C_1v80.lib'…
Reading design constraints file at '/nix/store/h0ldzjka94yryiq8yxbxmwargpnmwhx6-python3-3.11.9-env/lib/python3.11/site-packages/openlane/scripts/base.sdc'…
[INFO] Using clock clk…
[INFO] Setting output delay to: 2.0
[INFO] Setting input delay to: 2.0
[INFO] Setting load to: 0.033442
[INFO] Setting clock uncertainty to: 0.25
[INFO] Setting clock transition to: 0.1499999999999999944488848768742172978818416595458984375
[INFO] Setting timing derate to: 5%
Placement Analysis
---------------------------------
total displacement          0.0 u
average displacement        0.0 u
max displacement            0.0 u
original HPWL          160330.8 u
legalized HPWL         164353.0 u
delta HPWL                    3 %

[INFO DPL-0020] Mirrored 2807 instances
[INFO DPL-0021] HPWL before          164353.0 u
[INFO DPL-0022] HPWL after           160330.8 u
[INFO DPL-0023] HPWL delta               -2.4 %
Setting global connections for newly added cells…
[INFO] Setting global connections...
Updating metrics…
Cell type report:                       Count       Area
  Fill cell                               274    1028.49
  Tap cell                               1946    2434.84
  Timing Repair Buffer                    700    3886.23
  Inverter                                173     684.41
  Sequential cell                          64    1601.54
  Multi-Input combinational cell         6504   47584.39
  Total                                  9661   57219.88
Writing OpenROAD database to '/mnt/c/Users/Default.DESKTOP-A45I1O9/akularanjith-akularanjith--ECE510-2026-SPRING/codefest/cf07/runs/RUN_2026-05-15_20-28-23/33-openroad-detailedplacement/crossbar_mac.odb'…
Writing netlist to '/mnt/c/Users/Default.DESKTOP-A45I1O9/akularanjith-akularanjith--ECE510-2026-SPRING/codefest/cf07/runs/RUN_2026-05-15_20-28-23/33-openroad-detailedplacement/crossbar_mac.nl.v'…
Writing powered netlist to '/mnt/c/Users/Default.DESKTOP-A45I1O9/akularanjith-akularanjith--ECE510-2026-SPRING/codefest/cf07/runs/RUN_2026-05-15_20-28-23/33-openroad-detailedplacement/crossbar_mac.pnl.v'…
Writing layout to '/mnt/c/Users/Default.DESKTOP-A45I1O9/akularanjith-akularanjith--ECE510-2026-SPRING/codefest/cf07/runs/RUN_2026-05-15_20-28-23/33-openroad-detailedplacement/crossbar_mac.def'…
Writing timing constraints to '/mnt/c/Users/Default.DESKTOP-A45I1O9/akularanjith-akularanjith--ECE510-2026-SPRING/codefest/cf07/runs/RUN_2026-05-15_20-28-23/33-openroad-detailedplacement/crossbar_mac.sdc'…
