Reading OpenROAD database at '/mnt/c/Users/Default.DESKTOP-A45I1O9/akularanjith-akularanjith--ECE510-2026-SPRING/codefest/cf07/runs/RUN_2026-05-13_16-13-14/41-openroad-repairantennas/1-diodeinsertion/crossbar_mac.odb'…
Reading library file at '/home/default/.volare/volare/sky130/versions/0fe599b2afb6708d281543108caf8310912f54af/sky130A/libs.ref/sky130_fd_sc_hd/lib/sky130_fd_sc_hd__tt_025C_1v80.lib'…
Reading design constraints file at '/nix/store/h0ldzjka94yryiq8yxbxmwargpnmwhx6-python3-3.11.9-env/lib/python3.11/site-packages/openlane/scripts/base.sdc'…
[INFO] Using clock clk…
[INFO] Setting output delay to: 2.0
[INFO] Setting input delay to: 2.0
[INFO] Setting load to: 0.033442
[INFO] Setting clock uncertainty to: 0.25
[INFO] Setting clock transition to: 0.1499999999999999944488848768742172978818416595458984375
[INFO] Setting timing derate to: 5%
[INFO ORD-0030] Using 4 thread(s).
[INFO DRT-0149] Reading tech and libs.
[WARNING DRT-0349] LEF58_ENCLOSURE with no CUTCLASS is not supported. Skipping for layer mcon
[WARNING DRT-0349] LEF58_ENCLOSURE with no CUTCLASS is not supported. Skipping for layer mcon
[WARNING DRT-0349] LEF58_ENCLOSURE with no CUTCLASS is not supported. Skipping for layer via
[WARNING DRT-0349] LEF58_ENCLOSURE with no CUTCLASS is not supported. Skipping for layer via
[WARNING DRT-0349] LEF58_ENCLOSURE with no CUTCLASS is not supported. Skipping for layer via2
[WARNING DRT-0349] LEF58_ENCLOSURE with no CUTCLASS is not supported. Skipping for layer via2
[WARNING DRT-0349] LEF58_ENCLOSURE with no CUTCLASS is not supported. Skipping for layer via3
[WARNING DRT-0349] LEF58_ENCLOSURE with no CUTCLASS is not supported. Skipping for layer via3
[WARNING DRT-0349] LEF58_ENCLOSURE with no CUTCLASS is not supported. Skipping for layer via4
[WARNING DRT-0349] LEF58_ENCLOSURE with no CUTCLASS is not supported. Skipping for layer via4

Units:                1000
Number of layers:     13
Number of macros:     441
Number of vias:       29
Number of viarulegen: 25

[INFO DRT-0150] Reading design.

Design:                   crossbar_mac
Die area:                 ( 0 0 ) ( 385625 396345 )
Number of track patterns: 12
Number of DEF vias:       0
Number of components:     9859
Number of terminals:      228
Number of snets:          2
Number of nets:           7761

[INFO DRT-0167] List of default vias:
  Layer via
    default via: M1M2_PR
  Layer via2
    default via: M2M3_PR
  Layer via3
    default via: M3M4_PR
  Layer via4
    default via: M4M5_PR
[INFO DRT-0162] Library cell analysis.
[INFO DRT-0163] Instance analysis.
[INFO DRT-0164] Number of unique instances = 428.
[INFO DRT-0168] Init region query.
[INFO DRT-0024]   Complete FR_MASTERSLICE.
[INFO DRT-0024]   Complete licon.
[INFO DRT-0024]   Complete li1.
[INFO DRT-0024]   Complete mcon.
[INFO DRT-0024]   Complete met1.
[INFO DRT-0024]   Complete via.
[INFO DRT-0024]   Complete met2.
[INFO DRT-0024]   Complete via2.
[INFO DRT-0024]   Complete met3.
[INFO DRT-0024]   Complete via3.
[INFO DRT-0024]   Complete met4.
[INFO DRT-0024]   Complete via4.
[INFO DRT-0024]   Complete met5.
[INFO DRT-0033] FR_MASTERSLICE shape region query size = 0.
[INFO DRT-0033] licon shape region query size = 0.
[INFO DRT-0033] li1 shape region query size = 215620.
[INFO DRT-0033] mcon shape region query size = 0.
[INFO DRT-0033] met1 shape region query size = 21906.
[INFO DRT-0033] via shape region query size = 2070.
[INFO DRT-0033] met2 shape region query size = 1326.
[INFO DRT-0033] via2 shape region query size = 1656.
[INFO DRT-0033] met3 shape region query size = 1384.
[INFO DRT-0033] via3 shape region query size = 1656.
[INFO DRT-0033] met4 shape region query size = 444.
[INFO DRT-0033] via4 shape region query size = 18.
[INFO DRT-0033] met5 shape region query size = 30.
[INFO DRT-0165] Start pin access.
[INFO DRT-0076]   Complete 1000 pins.
[INFO DRT-0078]   Complete 1634 pins.
[INFO DRT-0079]   Complete 100 unique inst patterns.
[INFO DRT-0079]   Complete 200 unique inst patterns.
[INFO DRT-0079]   Complete 300 unique inst patterns.
[INFO DRT-0079]   Complete 400 unique inst patterns.
[INFO DRT-0081]   Complete 422 unique inst patterns.
[INFO DRT-0084]   Complete 4430 groups.
#scanned instances     = 9859
#unique  instances     = 428
#stdCellGenAp          = 12432
#stdCellValidPlanarAp  = 72
#stdCellValidViaAp     = 9425
#stdCellPinNoAp        = 0
#stdCellPinCnt         = 26018
#instTermValidViaApCnt = 0
#macroGenAp            = 0
#macroValidPlanarAp    = 0
#macroValidViaAp       = 0
#macroNoAp             = 0
[INFO DRT-0166] Complete pin access.
[INFO DRT-0267] cpu time = 00:02:40, elapsed time = 00:00:40, memory = 186.14 (MB), peak = 186.45 (MB)

[INFO DRT-0157] Number of guides:     48669

[INFO DRT-0169] Post process guides.
[INFO DRT-0176] GCELLGRID X 0 DO 55 STEP 6900 ;
[INFO DRT-0177] GCELLGRID Y 0 DO 57 STEP 6900 ;
[INFO DRT-0028]   Complete FR_MASTERSLICE.
[INFO DRT-0028]   Complete licon.
[INFO DRT-0028]   Complete li1.
[INFO DRT-0028]   Complete mcon.
[INFO DRT-0028]   Complete met1.
[INFO DRT-0028]   Complete via.
[INFO DRT-0028]   Complete met2.
[INFO DRT-0028]   Complete via2.
[INFO DRT-0028]   Complete met3.
[INFO DRT-0028]   Complete via3.
[INFO DRT-0028]   Complete met4.
[INFO DRT-0028]   Complete via4.
[INFO DRT-0028]   Complete met5.
[INFO DRT-0178] Init guide query.
[INFO DRT-0035]   Complete FR_MASTERSLICE (guide).
[INFO DRT-0035]   Complete licon (guide).
[INFO DRT-0035]   Complete li1 (guide).
[INFO DRT-0035]   Complete mcon (guide).
[INFO DRT-0035]   Complete met1 (guide).
[INFO DRT-0035]   Complete via (guide).
[INFO DRT-0035]   Complete met2 (guide).
[INFO DRT-0035]   Complete via2 (guide).
[INFO DRT-0035]   Complete met3 (guide).
[INFO DRT-0035]   Complete via3 (guide).
[INFO DRT-0035]   Complete met4 (guide).
[INFO DRT-0035]   Complete via4 (guide).
[INFO DRT-0035]   Complete met5 (guide).
[INFO DRT-0036] FR_MASTERSLICE guide region query size = 0.
[INFO DRT-0036] licon guide region query size = 0.
[INFO DRT-0036] li1 guide region query size = 18338.
[INFO DRT-0036] mcon guide region query size = 0.
[INFO DRT-0036] met1 guide region query size = 13271.
[INFO DRT-0036] via guide region query size = 0.
[INFO DRT-0036] met2 guide region query size = 6292.
[INFO DRT-0036] via2 guide region query size = 0.
[INFO DRT-0036] met3 guide region query size = 358.
[INFO DRT-0036] via3 guide region query size = 0.
[INFO DRT-0036] met4 guide region query size = 73.
[INFO DRT-0036] via4 guide region query size = 0.
[INFO DRT-0036] met5 guide region query size = 1.
[INFO DRT-0179] Init gr pin query.
[INFO DRT-0245] skipped writing guide updates to database.
[INFO DRT-0185] Post process initialize RPin region query.
[INFO DRT-0181] Start track assignment.
[INFO DRT-0184] Done with 24703 vertical wires in 2 frboxes and 13630 horizontal wires in 2 frboxes.
[INFO DRT-0186] Done with 1821 vertical wires in 2 frboxes and 3813 horizontal wires in 2 frboxes.
[INFO DRT-0182] Complete track assignment.
[INFO DRT-0267] cpu time = 00:00:05, elapsed time = 00:00:02, memory = 304.55 (MB), peak = 304.04 (MB)
[INFO DRT-0187] Start routing data preparation.
[INFO DRT-0267] cpu time = 00:00:00, elapsed time = 00:00:00, memory = 304.62 (MB), peak = 304.16 (MB)
[INFO DRT-0194] Start detail routing.
[INFO DRT-0195] Start 0th optimization iteration.
    Completing 10% with 0 violations.
    elapsed time = 00:00:06, memory = 434.98 (MB).
    Completing 20% with 0 violations.
    elapsed time = 00:00:11, memory = 437.91 (MB).
    Completing 30% with 610 violations.
    elapsed time = 00:00:17, memory = 511.19 (MB).
    Completing 40% with 610 violations.
    elapsed time = 00:00:28, memory = 504.88 (MB).
    Completing 50% with 610 violations.
    elapsed time = 00:00:33, memory = 435.44 (MB).
    Completing 60% with 1308 violations.
    elapsed time = 00:00:38, memory = 553.17 (MB).
    Completing 70% with 1308 violations.
    elapsed time = 00:00:43, memory = 559.75 (MB).
    Completing 80% with 1894 violations.
    elapsed time = 00:00:48, memory = 548.80 (MB).
    Completing 90% with 1894 violations.
    elapsed time = 00:00:55, memory = 552.09 (MB).
    Completing 100% with 2613 violations.
    elapsed time = 00:01:01, memory = 552.09 (MB).
[INFO DRT-0199]   Number of violations = 2839.
Viol/Layer         li1   mcon   met1   met2   met3
Cut Spacing          0      9      0      0      0
Metal Spacing       71      0    576    116     45
Min Hole             0      0      3      0      0
Recheck              2      0    163     59      2
Short                0      0   1655    138      0
[INFO DRT-0267] cpu time = 00:03:50, elapsed time = 00:01:01, memory = 770.55 (MB), peak = 800.71 (MB)
Total wire length = 181153 um.
Total wire length on LAYER li1 = 0 um.
Total wire length on LAYER met1 = 88979 um.
Total wire length on LAYER met2 = 79066 um.
Total wire length on LAYER met3 = 7560 um.
Total wire length on LAYER met4 = 5380 um.
Total wire length on LAYER met5 = 165 um.
Total number of vias = 50991.
Up-via summary (total 50991):

------------------------
 FR_MASTERSLICE        0
            li1    25934
           met1    24376
           met2      551
           met3      128
           met4        2
------------------------
                   50991


[INFO DRT-0195] Start 1st optimization iteration.
    Completing 10% with 2839 violations.
    elapsed time = 00:00:03, memory = 770.61 (MB).
    Completing 20% with 2839 violations.
    elapsed time = 00:00:08, memory = 770.61 (MB).
    Completing 30% with 2839 violations.
    elapsed time = 00:00:15, memory = 770.61 (MB).
    Completing 40% with 2582 violations.
    elapsed time = 00:00:20, memory = 770.61 (MB).
    Completing 50% with 2582 violations.
    elapsed time = 00:00:26, memory = 827.84 (MB).
    Completing 60% with 2293 violations.
    elapsed time = 00:00:30, memory = 771.77 (MB).
    Completing 70% with 2293 violations.
    elapsed time = 00:00:41, memory = 771.77 (MB).
    Completing 80% with 2293 violations.
    elapsed time = 00:00:44, memory = 771.77 (MB).
    Completing 90% with 1954 violations.
    elapsed time = 00:00:57, memory = 771.77 (MB).
    Completing 100% with 1539 violations.
    elapsed time = 00:01:02, memory = 771.77 (MB).
[INFO DRT-0199]   Number of violations = 1540.
Viol/Layer        mcon   met1   met2   met3
Cut Spacing          7      0      0      0
Metal Spacing        0    316     58     39
Recheck              0      1      0      0
Short                0   1088     31      0
[INFO DRT-0267] cpu time = 00:03:51, elapsed time = 00:01:03, memory = 772.82 (MB), peak = 859.43 (MB)
Total wire length = 180203 um.
Total wire length on LAYER li1 = 0 um.
Total wire length on LAYER met1 = 88737 um.
Total wire length on LAYER met2 = 78374 um.
Total wire length on LAYER met3 = 7566 um.
Total wire length on LAYER met4 = 5359 um.
Total wire length on LAYER met5 = 166 um.
Total number of vias = 50692.
Up-via summary (total 50692):

------------------------
 FR_MASTERSLICE        0
            li1    25914
           met1    24103
           met2      543
           met3      130
           met4        2
------------------------
                   50692


[INFO DRT-0195] Start 2nd optimization iteration.
    Completing 10% with 1540 violations.
    elapsed time = 00:00:01, memory = 772.82 (MB).
    Completing 20% with 1540 violations.
    elapsed time = 00:00:05, memory = 776.59 (MB).
    Completing 30% with 1540 violations.
    elapsed time = 00:00:12, memory = 776.59 (MB).
    Completing 40% with 1454 violations.
    elapsed time = 00:00:15, memory = 776.59 (MB).
    Completing 50% with 1454 violations.
    elapsed time = 00:00:21, memory = 843.68 (MB).
    Completing 60% with 1439 violations.
    elapsed time = 00:00:25, memory = 776.59 (MB).
    Completing 70% with 1439 violations.
    elapsed time = 00:00:38, memory = 776.59 (MB).
    Completing 80% with 1439 violations.
    elapsed time = 00:00:44, memory = 776.59 (MB).
    Completing 90% with 1413 violations.
    elapsed time = 00:00:53, memory = 811.50 (MB).
    Completing 100% with 1428 violations.
    elapsed time = 00:01:00, memory = 776.59 (MB).
[INFO DRT-0199]   Number of violations = 1428.
Viol/Layer        mcon   met1   met2   met3
Cut Spacing          5      0      0      0
Metal Spacing        0    326     58     21
Short                0   1007     11      0
[INFO DRT-0267] cpu time = 00:03:38, elapsed time = 00:01:01, memory = 779.59 (MB), peak = 859.43 (MB)
Total wire length = 180062 um.
Total wire length on LAYER li1 = 0 um.
Total wire length on LAYER met1 = 88675 um.
Total wire length on LAYER met2 = 78471 um.
Total wire length on LAYER met3 = 7457 um.
Total wire length on LAYER met4 = 5292 um.
Total wire length on LAYER met5 = 166 um.
Total number of vias = 50557.
Up-via summary (total 50557):

------------------------
 FR_MASTERSLICE        0
            li1    25914
           met1    23972
           met2      540
           met3      129
           met4        2
------------------------
                   50557


[INFO DRT-0195] Start 3rd optimization iteration.
    Completing 10% with 1428 violations.
    elapsed time = 00:00:03, memory = 813.53 (MB).
    Completing 20% with 1428 violations.
    elapsed time = 00:00:05, memory = 813.53 (MB).
    Completing 30% with 1017 violations.
    elapsed time = 00:00:07, memory = 779.59 (MB).
    Completing 40% with 1017 violations.
    elapsed time = 00:00:15, memory = 779.59 (MB).
    Completing 50% with 1017 violations.
    elapsed time = 00:00:19, memory = 779.82 (MB).
    Completing 60% with 735 violations.
    elapsed time = 00:00:22, memory = 812.96 (MB).
    Completing 70% with 735 violations.
    elapsed time = 00:00:24, memory = 812.96 (MB).
    Completing 80% with 434 violations.
    elapsed time = 00:00:27, memory = 780.03 (MB).
    Completing 90% with 434 violations.
    elapsed time = 00:00:32, memory = 780.03 (MB).
    Completing 100% with 141 violations.
    elapsed time = 00:00:35, memory = 780.03 (MB).
[INFO DRT-0199]   Number of violations = 141.
Viol/Layer        met1   met2   met3
Metal Spacing       48      4      1
Min Hole             2      0      0
Short               85      1      0
[INFO DRT-0267] cpu time = 00:02:12, elapsed time = 00:00:35, memory = 780.03 (MB), peak = 859.43 (MB)
Total wire length = 179677 um.
Total wire length on LAYER li1 = 0 um.
Total wire length on LAYER met1 = 84954 um.
Total wire length on LAYER met2 = 78460 um.
Total wire length on LAYER met3 = 10696 um.
Total wire length on LAYER met4 = 5398 um.
Total wire length on LAYER met5 = 166 um.
Total number of vias = 51487.
Up-via summary (total 51487):

------------------------
 FR_MASTERSLICE        0
            li1    25914
           met1    24325
           met2     1113
           met3      133
           met4        2
------------------------
                   51487


[INFO DRT-0195] Start 4th optimization iteration.
    Completing 10% with 141 violations.
    elapsed time = 00:00:00, memory = 780.03 (MB).
    Completing 20% with 141 violations.
    elapsed time = 00:00:00, memory = 780.03 (MB).
    Completing 30% with 129 violations.
    elapsed time = 00:00:00, memory = 780.03 (MB).
    Completing 40% with 129 violations.
    elapsed time = 00:00:00, memory = 812.11 (MB).
    Completing 50% with 129 violations.
    elapsed time = 00:00:01, memory = 780.03 (MB).
    Completing 60% with 113 violations.
    elapsed time = 00:00:01, memory = 780.03 (MB).
    Completing 70% with 113 violations.
    elapsed time = 00:00:01, memory = 780.03 (MB).
    Completing 80% with 34 violations.
    elapsed time = 00:00:02, memory = 795.93 (MB).
    Completing 90% with 34 violations.
    elapsed time = 00:00:02, memory = 795.93 (MB).
    Completing 100% with 0 violations.
    elapsed time = 00:00:04, memory = 795.93 (MB).
[INFO DRT-0199]   Number of violations = 0.
[INFO DRT-0267] cpu time = 00:00:12, elapsed time = 00:00:04, memory = 795.93 (MB), peak = 859.43 (MB)
Total wire length = 179683 um.
Total wire length on LAYER li1 = 0 um.
Total wire length on LAYER met1 = 84915 um.
Total wire length on LAYER met2 = 78449 um.
Total wire length on LAYER met3 = 10740 um.
Total wire length on LAYER met4 = 5412 um.
Total wire length on LAYER met5 = 166 um.
Total number of vias = 51481.
Up-via summary (total 51481):

------------------------
 FR_MASTERSLICE        0
            li1    25914
           met1    24317
           met2     1111
           met3      137
           met4        2
------------------------
                   51481


[INFO DRT-0198] Complete detail routing.
Total wire length = 179683 um.
Total wire length on LAYER li1 = 0 um.
Total wire length on LAYER met1 = 84915 um.
Total wire length on LAYER met2 = 78449 um.
Total wire length on LAYER met3 = 10740 um.
Total wire length on LAYER met4 = 5412 um.
Total wire length on LAYER met5 = 166 um.
Total number of vias = 51481.
Up-via summary (total 51481):

------------------------
 FR_MASTERSLICE        0
            li1    25914
           met1    24317
           met2     1111
           met3      137
           met4        2
------------------------
                   51481


[INFO DRT-0267] cpu time = 00:13:45, elapsed time = 00:03:46, memory = 795.93 (MB), peak = 859.43 (MB)

[INFO DRT-0180] Post processing.
Setting global connections for newly added cells…
[INFO] Setting global connections...
Updating metrics…
Cell type report:                       Count       Area
  Fill cell                               274    1028.49
  Tap cell                               1946    2434.84
  Antenna cell                             33      82.58
  Clock buffer                             11     252.74
  Timing Repair Buffer                    849    5502.78
  Inverter                                173     684.41
  Clock inverter                            5      55.05
  Sequential cell                          64    1601.54
  Multi-Input combinational cell         6504   49603.82
  Total                                  9859   61246.24
Writing OpenROAD database to '/mnt/c/Users/Default.DESKTOP-A45I1O9/akularanjith-akularanjith--ECE510-2026-SPRING/codefest/cf07/runs/RUN_2026-05-13_16-13-14/43-openroad-detailedrouting/crossbar_mac.odb'…
Writing netlist to '/mnt/c/Users/Default.DESKTOP-A45I1O9/akularanjith-akularanjith--ECE510-2026-SPRING/codefest/cf07/runs/RUN_2026-05-13_16-13-14/43-openroad-detailedrouting/crossbar_mac.nl.v'…
Writing powered netlist to '/mnt/c/Users/Default.DESKTOP-A45I1O9/akularanjith-akularanjith--ECE510-2026-SPRING/codefest/cf07/runs/RUN_2026-05-13_16-13-14/43-openroad-detailedrouting/crossbar_mac.pnl.v'…
Writing layout to '/mnt/c/Users/Default.DESKTOP-A45I1O9/akularanjith-akularanjith--ECE510-2026-SPRING/codefest/cf07/runs/RUN_2026-05-13_16-13-14/43-openroad-detailedrouting/crossbar_mac.def'…
Writing timing constraints to '/mnt/c/Users/Default.DESKTOP-A45I1O9/akularanjith-akularanjith--ECE510-2026-SPRING/codefest/cf07/runs/RUN_2026-05-13_16-13-14/43-openroad-detailedrouting/crossbar_mac.sdc'…
