
===========================================================================
report_checks -unconstrained
===========================================================================
======================= max_ff_n40C_1v95 Corner ===================================

Startpoint: s_axis_tdata[14] (input port clocked by aclk)
Endpoint: _1316_ (rising edge-triggered flip-flop clocked by aclk)
Path Group: aclk
Path Type: max

Fanout         Cap        Slew       Delay        Time   Description
---------------------------------------------------------------------------------------------
                                  0.000000    0.000000   clock aclk (rise edge)
                                  0.000000    0.000000   clock network delay (propagated)
                                  2.000000    2.000000 ^ input external delay
     1    0.002925    0.014364    0.007609    2.007609 ^ s_axis_tdata[14] (in)
                                                         s_axis_tdata[14] (net)
                      0.014366    0.000000    2.007609 ^ input8/A (sky130_fd_sc_hd__clkbuf_1)
     1    0.003950    0.041591    0.054631    2.062239 ^ input8/X (sky130_fd_sc_hd__clkbuf_1)
                                                         net8 (net)
                      0.041591    0.000165    2.062405 ^ fanout77/A (sky130_fd_sc_hd__clkbuf_2)
     8    0.033424    0.141853    0.145246    2.207651 ^ fanout77/X (sky130_fd_sc_hd__clkbuf_2)
                                                         net77 (net)
                      0.141983    0.003517    2.211167 ^ fanout76/A (sky130_fd_sc_hd__buf_2)
    10    0.035623    0.133211    0.163816    2.374984 ^ fanout76/X (sky130_fd_sc_hd__buf_2)
                                                         net76 (net)
                      0.133245    0.001763    2.376746 ^ _1084_/A2 (sky130_fd_sc_hd__a22o_1)
     2    0.005461    0.049035    0.104532    2.481278 ^ _1084_/X (sky130_fd_sc_hd__a22o_1)
                                                         _0460_ (net)
                      0.049036    0.000352    2.481630 ^ _1085_/B1_N (sky130_fd_sc_hd__a21bo_1)
     1    0.005081    0.032014    0.102279    2.583909 v _1085_/X (sky130_fd_sc_hd__a21bo_1)
                                                         _0461_ (net)
                      0.032019    0.000365    2.584274 v _1086_/B (sky130_fd_sc_hd__xor2_1)
     2    0.009615    0.051268    0.105109    2.689383 v _1086_/X (sky130_fd_sc_hd__xor2_1)
                                                         _0462_ (net)
                      0.051276    0.000518    2.689901 v _1093_/A (sky130_fd_sc_hd__and3_1)
     4    0.011984    0.053295    0.123453    2.813354 v _1093_/X (sky130_fd_sc_hd__and3_1)
                                                         _0469_ (net)
                      0.053301    0.000606    2.813959 v _1096_/A (sky130_fd_sc_hd__nor3b_1)
     3    0.009805    0.242146    0.232670    3.046629 ^ _1096_/Y (sky130_fd_sc_hd__nor3b_1)
                                                         _0472_ (net)
                      0.242149    0.000605    3.047234 ^ _1098_/B (sky130_fd_sc_hd__nor3_1)
     2    0.005516    0.065233    0.049990    3.097224 v _1098_/Y (sky130_fd_sc_hd__nor3_1)
                                                         _0474_ (net)
                      0.065233    0.000192    3.097416 v max_cap56/A (sky130_fd_sc_hd__buf_1)
     2    0.008008    0.037630    0.086313    3.183729 v max_cap56/X (sky130_fd_sc_hd__buf_1)
                                                         net56 (net)
                      0.037635    0.000440    3.184169 v _1100_/B1 (sky130_fd_sc_hd__a211o_1)
     3    0.010781    0.058992    0.151854    3.336023 v _1100_/X (sky130_fd_sc_hd__a211o_1)
                                                         _0476_ (net)
                      0.058996    0.000542    3.336565 v _1103_/A1 (sky130_fd_sc_hd__a211o_1)
     2    0.006440    0.045600    0.177665    3.514230 v _1103_/X (sky130_fd_sc_hd__a211o_1)
                                                         _0479_ (net)
                      0.045603    0.000395    3.514624 v _1105_/A2 (sky130_fd_sc_hd__a211o_1)
     2    0.004759    0.040252    0.190506    3.705130 v _1105_/X (sky130_fd_sc_hd__a211o_1)
                                                         _0481_ (net)
                      0.040252    0.000156    3.705286 v _1106_/B (sky130_fd_sc_hd__and2b_1)
     3    0.008349    0.040937    0.116233    3.821519 v _1106_/X (sky130_fd_sc_hd__and2b_1)
                                                         _0482_ (net)
                      0.040937    0.000261    3.821779 v _1141_/A3 (sky130_fd_sc_hd__a31o_1)
     2    0.009008    0.046947    0.159846    3.981625 v _1141_/X (sky130_fd_sc_hd__a31o_1)
                                                         _0516_ (net)
                      0.046954    0.000565    3.982190 v _1145_/A2 (sky130_fd_sc_hd__a21oi_1)
     4    0.012994    0.215261    0.202271    4.184461 ^ _1145_/Y (sky130_fd_sc_hd__a21oi_1)
                                                         _0519_ (net)
                      0.215266    0.000820    4.185281 ^ _1201_/A1 (sky130_fd_sc_hd__a211o_1)
     5    0.016172    0.111483    0.148098    4.333379 ^ _1201_/X (sky130_fd_sc_hd__a211o_1)
                                                         _0574_ (net)
                      0.111553    0.001536    4.334915 ^ _1251_/A1 (sky130_fd_sc_hd__o2111ai_1)
     1    0.002991    0.060470    0.074030    4.408945 v _1251_/Y (sky130_fd_sc_hd__o2111ai_1)
                                                         _0622_ (net)
                      0.060470    0.000144    4.409089 v _1252_/A2 (sky130_fd_sc_hd__a21o_1)
     1    0.003257    0.025407    0.121892    4.530981 v _1252_/X (sky130_fd_sc_hd__a21o_1)
                                                         _0623_ (net)
                      0.025422    0.000226    4.531207 v _1253_/B1 (sky130_fd_sc_hd__o211a_1)
     1    0.002138    0.025985    0.069425    4.600632 v _1253_/X (sky130_fd_sc_hd__o211a_1)
                                                         _0046_ (net)
                      0.025985    0.000099    4.600730 v _1316_/D (sky130_fd_sc_hd__dfxtp_1)
                                              4.600730   data arrival time

                                 10.000000   10.000000   clock aclk (rise edge)
                                  0.000000   10.000000   clock source latency
     1    0.021296    0.076050    0.052554   10.052555 ^ aclk (in)
                                                         aclk (net)
                      0.076090    0.000000   10.052555 ^ clkbuf_0_aclk/A (sky130_fd_sc_hd__clkbuf_16)
     4    0.047147    0.050437    0.112298   10.164852 ^ clkbuf_0_aclk/X (sky130_fd_sc_hd__clkbuf_16)
                                                         clknet_0_aclk (net)
                      0.050720    0.002889   10.167742 ^ clkbuf_2_0__f_aclk/A (sky130_fd_sc_hd__clkbuf_16)
    14    0.047231    0.050194    0.105348   10.273089 ^ clkbuf_2_0__f_aclk/X (sky130_fd_sc_hd__clkbuf_16)
                                                         clknet_2_0__leaf_aclk (net)
                      0.050545    0.003183   10.276273 ^ _1316_/CLK (sky130_fd_sc_hd__dfxtp_1)
                                 -0.250000   10.026273   clock uncertainty
                                  0.000000   10.026273   clock reconvergence pessimism
                                 -0.066072    9.960200   library setup time
                                              9.960200   data required time
---------------------------------------------------------------------------------------------
                                              9.960200   data required time
                                             -4.600730   data arrival time
---------------------------------------------------------------------------------------------
                                              5.359470   slack (MET)




===========================================================================
report_checks --slack_max -0.01
============================================================================
======================= max_ff_n40C_1v95 Corner ===================================

No paths found.


===========================================================================
 report_check_types -max_slew -max_cap -max_fanout -violators
============================================================================
======================= max_ff_n40C_1v95 Corner ===================================

max fanout

Pin                                   Limit Fanout  Slack
---------------------------------------------------------
clkbuf_2_0__f_aclk/X                     10     14     -4 (VIOLATED)
clkbuf_2_2__f_aclk/X                     10     14     -4 (VIOLATED)
clkbuf_2_3__f_aclk/X                     10     14     -4 (VIOLATED)
clkbuf_2_1__f_aclk/X                     10     12     -2 (VIOLATED)



===========================================================================
report_parasitic_annotation -report_unannotated
============================================================================
Found 2 unannotated drivers.
 clkload0/Y
 clkload1/X
Found 0 partially unannotated drivers.

===========================================================================
max slew violation count 0
max fanout violation count 4
max cap violation count 0
============================================================================

===========================================================================
check_setup -verbose -unconstrained_endpoints -multiple_clock -no_clock -no_input_delay -loops -generated_clocks
===========================================================================
