Clock: aclk
Sources: aclk 
Generated: no
Virtual: yes
Propagated: no
Period: 10.000000

===========================================================================
report_clock_properties
============================================================================
Clock                   Period          Waveform
----------------------------------------------------
aclk                 10.000000    0.000000  5.000000

===========================================================================
report_clock_latency
============================================================================
Clock aclk
rise -> rise
    min     max
0.000000 0.000000 source latency
0.274486         network latency _1289_/CLK
        0.278777 network latency _1275_/CLK
---------------
0.274486 0.278777 latency
        0.004291 skew

fall -> fall
    min     max
0.000000 0.000000 source latency
0.248134         network latency _1289_/CLK
        0.251752 network latency _1270_/CLK
---------------
0.248134 0.251752 latency
        0.003618 skew



===========================================================================
report_clock_min_period
============================================================================
aclk period_min = 2.80 fmax = 357.29
