Clock: aclk
Sources: aclk 
Generated: no
Virtual: yes
Propagated: no
Period: 12.000000

===========================================================================
report_clock_properties
============================================================================
Clock                   Period          Waveform
----------------------------------------------------
aclk                 12.000000    0.000000  6.000000

===========================================================================
report_clock_latency
============================================================================
Clock aclk
rise -> rise
    min     max
0.000000 0.000000 source latency
0.415824         network latency _2103_/CLK
        0.427285 network latency _2077_/CLK
---------------
0.415824 0.427285 latency
        0.011461 skew

fall -> fall
    min     max
0.000000 0.000000 source latency
0.376998         network latency _2103_/CLK
        0.386188 network latency _2077_/CLK
---------------
0.376998 0.386188 latency
        0.009190 skew



===========================================================================
report_clock_min_period
============================================================================
aclk period_min = 6.60 fmax = 151.56
