Clock: clk
Sources: clk 
Generated: no
Virtual: yes
Propagated: no
Period: 10.000000

===========================================================================
report_clock_properties
============================================================================
Clock                   Period          Waveform
----------------------------------------------------
clk                  10.000000    0.000000  5.000000

===========================================================================
report_clock_latency
============================================================================
Clock clk
rise -> rise
    min     max
0.000000 0.000000 source latency
0.667766         network latency _13357_/CLK
        0.686118 network latency _13416_/CLK
---------------
0.667766 0.686118 latency
        0.018352 skew

fall -> fall
    min     max
0.000000 0.000000 source latency
0.534021         network latency _13357_/CLK
        0.549167 network latency _13416_/CLK
---------------
0.534021 0.549167 latency
        0.015146 skew



===========================================================================
report_clock_min_period
============================================================================
clk period_min = 0.00 fmax = inf
