
===========================================================================
report_checks -unconstrained
===========================================================================
======================= nom_tt_025C_1v80 Corner ===================================

Startpoint: rst (input port clocked by clk)
Endpoint: _13362_ (recovery check against rising-edge clock clk)
Path Group: asynchronous
Path Type: max

Fanout         Cap        Slew       Delay        Time   Description
---------------------------------------------------------------------------------------------
                                  0.000000    0.000000   clock clk (rise edge)
                                  0.000000    0.000000   clock network delay (propagated)
                                  2.000000    2.000000 v input external delay
     1    0.002878    0.008812    0.004542    2.004542 v rst (in)
                                                         rst (net)
                      0.008812    0.000000    2.004542 v input33/A (sky130_fd_sc_hd__buf_4)
     4    0.050529    0.077819    0.170283    2.174825 v input33/X (sky130_fd_sc_hd__buf_4)
                                                         net33 (net)
                      0.077852    0.001525    2.176351 v fanout395/A (sky130_fd_sc_hd__buf_4)
     6    0.056186    0.081031    0.203439    2.379790 v fanout395/X (sky130_fd_sc_hd__buf_4)
                                                         net395 (net)
                      0.081882    0.006548    2.386338 v fanout394/A (sky130_fd_sc_hd__buf_4)
    10    0.052909    0.080252    0.205208    2.591545 v fanout394/X (sky130_fd_sc_hd__buf_4)
                                                         net394 (net)
                      0.080252    0.000222    2.591768 v _13298_/A (sky130_fd_sc_hd__inv_2)
     1    0.003983    0.034540    0.057663    2.649430 ^ _13298_/Y (sky130_fd_sc_hd__inv_2)
                                                         _00072_ (net)
                      0.034540    0.000008    2.649438 ^ _13362_/RESET_B (sky130_fd_sc_hd__dfrtp_1)
                                              2.649438   data arrival time

                                 10.000000   10.000000   clock clk (rise edge)
                                  0.000000   10.000000   clock source latency
     1    0.035585    0.165435    0.115918   10.115918 ^ clk (in)
                                                         clk (net)
                      0.165527    0.000000   10.115918 ^ clkbuf_0_clk/A (sky130_fd_sc_hd__clkbuf_16)
     8    0.121830    0.135129    0.242441   10.358359 ^ clkbuf_0_clk/X (sky130_fd_sc_hd__clkbuf_16)
                                                         clknet_0_clk (net)
                      0.135263    0.002188   10.360546 ^ clkbuf_3_3__f_clk/A (sky130_fd_sc_hd__clkbuf_16)
    10    0.027947    0.049668    0.165300   10.525846 ^ clkbuf_3_3__f_clk/X (sky130_fd_sc_hd__clkbuf_16)
                                                         clknet_3_3__leaf_clk (net)
                      0.049679    0.000132   10.525979 ^ _13362_/CLK (sky130_fd_sc_hd__dfrtp_1)
                                 -0.250000   10.275979   clock uncertainty
                                  0.000000   10.275979   clock reconvergence pessimism
                                  0.234473   10.510451   library recovery time
                                             10.510451   data required time
---------------------------------------------------------------------------------------------
                                             10.510451   data required time
                                             -2.649438   data arrival time
---------------------------------------------------------------------------------------------
                                              7.861013   slack (MET)


Startpoint: in0[2] (input port clocked by clk)
Endpoint: _13417_ (rising edge-triggered flip-flop clocked by clk)
Path Group: clk
Path Type: max

Fanout         Cap        Slew       Delay        Time   Description
---------------------------------------------------------------------------------------------
                                  0.000000    0.000000   clock clk (rise edge)
                                  0.000000    0.000000   clock network delay (propagated)
                                  2.000000    2.000000 v input external delay
     1    0.005113    0.013857    0.008257    2.008257 v in0[2] (in)
                                                         in0[2] (net)
                      0.013857    0.000000    2.008257 v input3/A (sky130_fd_sc_hd__buf_6)
     1    0.007258    0.023317    0.098613    2.106869 v input3/X (sky130_fd_sc_hd__buf_6)
                                                         net3 (net)
                      0.023317    0.000024    2.106894 v fanout432/A (sky130_fd_sc_hd__buf_8)
     3    0.031425    0.037883    0.122473    2.229367 v fanout432/X (sky130_fd_sc_hd__buf_8)
                                                         net432 (net)
                      0.037909    0.000998    2.230365 v fanout431/A (sky130_fd_sc_hd__buf_8)
     5    0.032602    0.038804    0.129152    2.359518 v fanout431/X (sky130_fd_sc_hd__buf_8)
                                                         net431 (net)
                      0.038889    0.001610    2.361127 v fanout430/A (sky130_fd_sc_hd__buf_8)
     8    0.020767    0.031036    0.121626    2.482753 v fanout430/X (sky130_fd_sc_hd__buf_8)
                                                         net430 (net)
                      0.031037    0.000200    2.482953 v rebuffer124/A (sky130_fd_sc_hd__buf_4)
     3    0.009255    0.031285    0.130573    2.613526 v rebuffer124/X (sky130_fd_sc_hd__buf_4)
                                                         net824 (net)
                      0.031285    0.000036    2.613562 v _08395_/A1 (sky130_fd_sc_hd__a22o_1)
     2    0.004466    0.049550    0.205862    2.819423 v _08395_/X (sky130_fd_sc_hd__a22o_1)
                                                         _01125_ (net)
                      0.049550    0.000006    2.819429 v _08542_/A3 (sky130_fd_sc_hd__a31o_1)
     2    0.004569    0.044507    0.220856    3.040286 v _08542_/X (sky130_fd_sc_hd__a31o_1)
                                                         _01271_ (net)
                      0.044507    0.000022    3.040308 v _08544_/A (sky130_fd_sc_hd__and3_1)
     3    0.006097    0.052577    0.154932    3.195239 v _08544_/X (sky130_fd_sc_hd__and3_1)
                                                         _01273_ (net)
                      0.052577    0.000010    3.195249 v _08546_/B (sky130_fd_sc_hd__or3_4)
     2    0.005096    0.067336    0.364041    3.559290 v _08546_/X (sky130_fd_sc_hd__or3_4)
                                                         _01275_ (net)
                      0.067336    0.000010    3.559300 v _08555_/A2 (sky130_fd_sc_hd__a21o_1)
     3    0.007728    0.054348    0.203835    3.763135 v _08555_/X (sky130_fd_sc_hd__a21o_1)
                                                         _01284_ (net)
                      0.054348    0.000022    3.763157 v _08557_/A1 (sky130_fd_sc_hd__a21bo_1)
     2    0.004986    0.045242    0.176185    3.939342 v _08557_/X (sky130_fd_sc_hd__a21bo_1)
                                                         _01286_ (net)
                      0.045242    0.000007    3.939348 v _08558_/C (sky130_fd_sc_hd__and3_4)
     4    0.015256    0.046971    0.194740    4.134089 v _08558_/X (sky130_fd_sc_hd__and3_4)
                                                         _01287_ (net)
                      0.046971    0.000137    4.134226 v _08562_/A (sky130_fd_sc_hd__or3_4)
     2    0.010948    0.076247    0.398588    4.532814 v _08562_/X (sky130_fd_sc_hd__or3_4)
                                                         _01291_ (net)
                      0.076247    0.000022    4.532836 v _08707_/C1 (sky130_fd_sc_hd__o211a_1)
     2    0.004815    0.049315    0.127810    4.660646 v _08707_/X (sky130_fd_sc_hd__o211a_1)
                                                         _01435_ (net)
                      0.049315    0.000007    4.660653 v _08709_/A (sky130_fd_sc_hd__or3_4)
     2    0.013839    0.081110    0.408253    5.068906 v _08709_/X (sky130_fd_sc_hd__or3_4)
                                                         _01437_ (net)
                      0.081110    0.000039    5.068944 v _08711_/C1 (sky130_fd_sc_hd__o211a_4)
     5    0.020086    0.058430    0.174164    5.243109 v _08711_/X (sky130_fd_sc_hd__o211a_4)
                                                         _01439_ (net)
                      0.058430    0.000266    5.243375 v _08713_/B (sky130_fd_sc_hd__nor4_4)
     4    0.013076    0.295655    0.326677    5.570052 ^ _08713_/Y (sky130_fd_sc_hd__nor4_4)
                                                         _01441_ (net)
                      0.295655    0.000019    5.570071 ^ max_cap227/A (sky130_fd_sc_hd__buf_6)
     2    0.015654    0.046779    0.160317    5.730388 ^ max_cap227/X (sky130_fd_sc_hd__buf_6)
                                                         net227 (net)
                      0.046779    0.000045    5.730433 ^ _08715_/C1 (sky130_fd_sc_hd__a211o_4)
     4    0.021212    0.074076    0.120413    5.850846 ^ _08715_/X (sky130_fd_sc_hd__a211o_4)
                                                         _01443_ (net)
                      0.074076    0.000090    5.850936 ^ _08717_/B (sky130_fd_sc_hd__nand3_4)
     6    0.016788    0.110884    0.094401    5.945337 v _08717_/Y (sky130_fd_sc_hd__nand3_4)
                                                         _01445_ (net)
                      0.110884    0.000051    5.945388 v _08856_/A1 (sky130_fd_sc_hd__a211o_4)
     4    0.017934    0.070411    0.372745    6.318132 v _08856_/X (sky130_fd_sc_hd__a211o_4)
                                                         _01583_ (net)
                      0.070411    0.000064    6.318196 v _08859_/B2 (sky130_fd_sc_hd__a22o_1)
     2    0.004217    0.048458    0.209795    6.527991 v _08859_/X (sky130_fd_sc_hd__a22o_1)
                                                         _01586_ (net)
                      0.048458    0.000006    6.527997 v _09023_/A2 (sky130_fd_sc_hd__a21o_1)
     2    0.014831    0.081922    0.223891    6.751888 v _09023_/X (sky130_fd_sc_hd__a21o_1)
                                                         _01749_ (net)
                      0.081922    0.000182    6.752070 v _09192_/A1 (sky130_fd_sc_hd__a21oi_4)
     4    0.017508    0.168493    0.187111    6.939180 ^ _09192_/Y (sky130_fd_sc_hd__a21oi_4)
                                                         _01917_ (net)
                      0.168493    0.000295    6.939476 ^ _09738_/A_N (sky130_fd_sc_hd__and4b_1)
     2    0.005268    0.052012    0.226020    7.165495 v _09738_/X (sky130_fd_sc_hd__and4b_1)
                                                         _02503_ (net)
                      0.052012    0.000004    7.165500 v _09741_/A1 (sky130_fd_sc_hd__o31a_1)
     3    0.012321    0.087858    0.340667    7.506166 v _09741_/X (sky130_fd_sc_hd__o31a_1)
                                                         _02506_ (net)
                      0.087858    0.000208    7.506374 v _09946_/A3 (sky130_fd_sc_hd__o31a_1)
     2    0.009801    0.077673    0.286398    7.792772 v _09946_/X (sky130_fd_sc_hd__o31a_1)
                                                         _02728_ (net)
                      0.077673    0.000031    7.792803 v _09948_/A1 (sky130_fd_sc_hd__a21oi_2)
     1    0.005254    0.106906    0.138684    7.931487 ^ _09948_/Y (sky130_fd_sc_hd__a21oi_2)
                                                         _02730_ (net)
                      0.106906    0.000016    7.931503 ^ _09993_/B (sky130_fd_sc_hd__xnor2_1)
     1    0.003018    0.122737    0.124385    8.055888 ^ _09993_/Y (sky130_fd_sc_hd__xnor2_1)
                                                         _00057_ (net)
                      0.122737    0.000011    8.055899 ^ _13417_/D (sky130_fd_sc_hd__dfrtp_1)
                                              8.055899   data arrival time

                                 10.000000   10.000000   clock clk (rise edge)
                                  0.000000   10.000000   clock source latency
     1    0.035585    0.165435    0.115918   10.115918 ^ clk (in)
                                                         clk (net)
                      0.165527    0.000000   10.115918 ^ clkbuf_0_clk/A (sky130_fd_sc_hd__clkbuf_16)
     8    0.121830    0.135129    0.242441   10.358359 ^ clkbuf_0_clk/X (sky130_fd_sc_hd__clkbuf_16)
                                                         clknet_0_clk (net)
                      0.135397    0.004042   10.362401 ^ clkbuf_3_6__f_clk/A (sky130_fd_sc_hd__clkbuf_16)
     7    0.036758    0.057260    0.171866   10.534267 ^ clkbuf_3_6__f_clk/X (sky130_fd_sc_hd__clkbuf_16)
                                                         clknet_3_6__leaf_clk (net)
                      0.057265    0.000358   10.534625 ^ _13417_/CLK (sky130_fd_sc_hd__dfrtp_1)
                                 -0.250000   10.284625   clock uncertainty
                                  0.000000   10.284625   clock reconvergence pessimism
                                 -0.075886   10.208739   library setup time
                                             10.208739   data required time
---------------------------------------------------------------------------------------------
                                             10.208739   data required time
                                             -8.055899   data arrival time
---------------------------------------------------------------------------------------------
                                              2.152841   slack (MET)




===========================================================================
report_checks --slack_max -0.01
============================================================================
======================= nom_tt_025C_1v80 Corner ===================================

No paths found.


===========================================================================
 report_check_types -max_slew -max_cap -max_fanout -violators
============================================================================
======================= nom_tt_025C_1v80 Corner ===================================

max fanout

Pin                                   Limit Fanout  Slack
---------------------------------------------------------
clkbuf_3_4__f_clk/X                      10     11        (VIOLATED)



===========================================================================
report_parasitic_annotation -report_unannotated
============================================================================
Found 7 unannotated drivers.
 clkload0/Y
 clkload1/Y
 clkload2/Y
 clkload3/X
 clkload4/Y
 clkload5/Y
 clkload6/X
Found 0 partially unannotated drivers.

===========================================================================
max slew violation count 0
Writing metric design__max_slew_violation__count__corner:nom_tt_025C_1v80: 0
max fanout violation count 1
Writing metric design__max_fanout_violation__count__corner:nom_tt_025C_1v80: 1
max cap violation count 0
Writing metric design__max_cap_violation__count__corner:nom_tt_025C_1v80: 0
============================================================================

===========================================================================
check_setup -verbose -unconstrained_endpoints -multiple_clock -no_clock -no_input_delay -loops -generated_clocks
===========================================================================
