
===========================================================================
report_checks -unconstrained
===========================================================================
======================= nom_tt_025C_1v80 Corner ===================================

Startpoint: _2088_ (rising edge-triggered flip-flop clocked by aclk)
Endpoint: _2120_ (rising edge-triggered flip-flop clocked by aclk)
Path Group: aclk
Path Type: max

Fanout         Cap        Slew       Delay        Time   Description
---------------------------------------------------------------------------------------------
                                  0.000000    0.000000   clock aclk (rise edge)
                                  0.000000    0.000000   clock source latency
     1    0.018604    0.089496    0.061502    0.061502 ^ aclk (in)
                                                         aclk (net)
                      0.089504    0.000000    0.061502 ^ clkbuf_0_aclk/A (sky130_fd_sc_hd__clkbuf_16)
     4    0.042104    0.061695    0.159805    0.221307 ^ clkbuf_0_aclk/X (sky130_fd_sc_hd__clkbuf_16)
                                                         clknet_0_aclk (net)
                      0.061696    0.000368    0.221675 ^ clkbuf_2_0__f_aclk/A (sky130_fd_sc_hd__clkbuf_16)
    18    0.049637    0.068475    0.155193    0.376868 ^ clkbuf_2_0__f_aclk/X (sky130_fd_sc_hd__clkbuf_16)
                                                         clknet_2_0__leaf_aclk (net)
                      0.068479    0.000581    0.377449 ^ _2088_/CLK (sky130_fd_sc_hd__dfxtp_1)
     2    0.013110    0.130741    0.375834    0.753283 ^ _2088_/Q (sky130_fd_sc_hd__dfxtp_1)
                                                         internal_rssi[7] (net)
                      0.130741    0.000025    0.753307 ^ fanout88/A (sky130_fd_sc_hd__buf_2)
     7    0.030867    0.154726    0.217631    0.970938 ^ fanout88/X (sky130_fd_sc_hd__buf_2)
                                                         net88 (net)
                      0.154726    0.000031    0.970969 ^ fanout86/A (sky130_fd_sc_hd__buf_2)
    10    0.032107    0.160601    0.228122    1.199091 ^ fanout86/X (sky130_fd_sc_hd__buf_2)
                                                         net86 (net)
                      0.160603    0.000846    1.199937 ^ _1270_/A (sky130_fd_sc_hd__nand2_1)
     2    0.013739    0.113587    0.138307    1.338244 v _1270_/Y (sky130_fd_sc_hd__nand2_1)
                                                         _0408_ (net)
                      0.113625    0.000378    1.338622 v fanout78/A (sky130_fd_sc_hd__buf_2)
    10    0.031528    0.083781    0.205722    1.544344 v fanout78/X (sky130_fd_sc_hd__buf_2)
                                                         net78 (net)
                      0.083781    0.000000    1.544345 v fanout77/A (sky130_fd_sc_hd__buf_2)
     8    0.028752    0.077496    0.187593    1.731938 v fanout77/X (sky130_fd_sc_hd__buf_2)
                                                         net77 (net)
                      0.077497    0.000410    1.732348 v fanout75/A (sky130_fd_sc_hd__buf_2)
    10    0.025631    0.070889    0.178883    1.911231 v fanout75/X (sky130_fd_sc_hd__buf_2)
                                                         net75 (net)
                      0.070889    0.000189    1.911420 v _1451_/A (sky130_fd_sc_hd__or3_1)
     3    0.007608    0.094709    0.408302    2.319722 v _1451_/X (sky130_fd_sc_hd__or3_1)
                                                         _0585_ (net)
                      0.094709    0.000016    2.319738 v _1453_/B1 (sky130_fd_sc_hd__o211a_1)
     2    0.004748    0.048985    0.152276    2.472013 v _1453_/X (sky130_fd_sc_hd__o211a_1)
                                                         _0587_ (net)
                      0.048985    0.000013    2.472026 v _1456_/B (sky130_fd_sc_hd__or3b_1)
     3    0.006643    0.089772    0.374699    2.846725 v _1456_/X (sky130_fd_sc_hd__or3b_1)
                                                         _0590_ (net)
                      0.089772    0.000015    2.846740 v _1459_/A (sky130_fd_sc_hd__and3_1)
     2    0.003771    0.042473    0.163747    3.010487 v _1459_/X (sky130_fd_sc_hd__and3_1)
                                                         _0593_ (net)
                      0.042473    0.000008    3.010495 v _1462_/A (sky130_fd_sc_hd__or2_1)
     2    0.004202    0.056354    0.228648    3.239143 v _1462_/X (sky130_fd_sc_hd__or2_1)
                                                         _0596_ (net)
                      0.056354    0.000010    3.239153 v _1465_/B (sky130_fd_sc_hd__and2_1)
     2    0.006741    0.052964    0.173837    3.412990 v _1465_/X (sky130_fd_sc_hd__and2_1)
                                                         _0599_ (net)
                      0.052964    0.000014    3.413004 v _1468_/A2 (sky130_fd_sc_hd__o211a_1)
     2    0.005041    0.050270    0.214507    3.627511 v _1468_/X (sky130_fd_sc_hd__o211a_1)
                                                         _0602_ (net)
                      0.050270    0.000012    3.627522 v _1469_/C1 (sky130_fd_sc_hd__a211o_1)
     4    0.010832    0.086469    0.268888    3.896411 v _1469_/X (sky130_fd_sc_hd__a211o_1)
                                                         _0603_ (net)
                      0.086469    0.000024    3.896435 v _1511_/A2 (sky130_fd_sc_hd__a211o_1)
     4    0.011368    0.085527    0.348569    4.245005 v _1511_/X (sky130_fd_sc_hd__a211o_1)
                                                         _0644_ (net)
                      0.085527    0.000071    4.245076 v _1550_/A (sky130_fd_sc_hd__xor2_1)
     3    0.006019    0.066155    0.185188    4.430264 v _1550_/X (sky130_fd_sc_hd__xor2_1)
                                                         _0682_ (net)
                      0.066155    0.000018    4.430282 v _1589_/A (sky130_fd_sc_hd__or3_1)
     2    0.003310    0.070352    0.373348    4.803629 v _1589_/X (sky130_fd_sc_hd__or3_1)
                                                         _0719_ (net)
                      0.070352    0.000010    4.803640 v _1590_/C (sky130_fd_sc_hd__or3_1)
     1    0.008131    0.097681    0.351215    5.154854 v _1590_/X (sky130_fd_sc_hd__or3_1)
                                                         _0720_ (net)
                      0.097681    0.000013    5.154867 v _1593_/A2 (sky130_fd_sc_hd__o211ai_4)
     5    0.030399    0.287575    0.287595    5.442462 ^ _1593_/Y (sky130_fd_sc_hd__o211ai_4)
                                                         _0723_ (net)
                      0.287575    0.000738    5.443200 ^ _1850_/A1 (sky130_fd_sc_hd__a211oi_4)
     4    0.016130    0.101544    0.129475    5.572675 v _1850_/Y (sky130_fd_sc_hd__a211oi_4)
                                                         _0972_ (net)
                      0.101544    0.000330    5.573005 v _1993_/A1 (sky130_fd_sc_hd__o31a_1)
     2    0.007089    0.066871    0.334198    5.907203 v _1993_/X (sky130_fd_sc_hd__o31a_1)
                                                         _0125_ (net)
                      0.066871    0.000074    5.907277 v _1994_/B (sky130_fd_sc_hd__or2_1)
     5    0.012924    0.092356    0.264014    6.171291 v _1994_/X (sky130_fd_sc_hd__or2_1)
                                                         _0126_ (net)
                      0.092356    0.000091    6.171381 v _2052_/A2 (sky130_fd_sc_hd__a311o_1)
     3    0.008335    0.080520    0.358516    6.529898 v _2052_/X (sky130_fd_sc_hd__a311o_1)
                                                         _0182_ (net)
                      0.080520    0.000043    6.529940 v _2068_/A2 (sky130_fd_sc_hd__a31o_1)
     1    0.002480    0.036425    0.210558    6.740498 v _2068_/X (sky130_fd_sc_hd__a31o_1)
                                                         _0197_ (net)
                      0.036425    0.000004    6.740502 v _2069_/B2 (sky130_fd_sc_hd__o221a_1)
     1    0.001975    0.041462    0.190381    6.930883 v _2069_/X (sky130_fd_sc_hd__o221a_1)
                                                         _0048_ (net)
                      0.041462    0.000002    6.930886 v _2120_/D (sky130_fd_sc_hd__dfxtp_1)
                                              6.930886   data arrival time

                                 12.000000   12.000000   clock aclk (rise edge)
                                  0.000000   12.000000   clock source latency
     1    0.018604    0.089496    0.061502   12.061502 ^ aclk (in)
                                                         aclk (net)
                      0.089504    0.000000   12.061502 ^ clkbuf_0_aclk/A (sky130_fd_sc_hd__clkbuf_16)
     4    0.042104    0.061695    0.159805   12.221306 ^ clkbuf_0_aclk/X (sky130_fd_sc_hd__clkbuf_16)
                                                         clknet_0_aclk (net)
                      0.061696    0.000371   12.221678 ^ clkbuf_2_3__f_aclk/A (sky130_fd_sc_hd__clkbuf_16)
    12    0.052097    0.070774    0.157093   12.378771 ^ clkbuf_2_3__f_aclk/X (sky130_fd_sc_hd__clkbuf_16)
                                                         clknet_2_3__leaf_aclk (net)
                      0.070779    0.000706   12.379477 ^ _2120_/CLK (sky130_fd_sc_hd__dfxtp_1)
                                 -0.250000   12.129477   clock uncertainty
                                  0.000000   12.129477   clock reconvergence pessimism
                                 -0.102956   12.026520   library setup time
                                             12.026520   data required time
---------------------------------------------------------------------------------------------
                                             12.026520   data required time
                                             -6.930886   data arrival time
---------------------------------------------------------------------------------------------
                                              5.095634   slack (MET)




===========================================================================
report_checks --slack_max -0.01
============================================================================
======================= nom_tt_025C_1v80 Corner ===================================

No paths found.


===========================================================================
 report_check_types -max_slew -max_cap -max_fanout -violators
============================================================================
======================= nom_tt_025C_1v80 Corner ===================================

max fanout

Pin                                   Limit Fanout  Slack
---------------------------------------------------------
clkbuf_2_0__f_aclk/X                     10     18     -8 (VIOLATED)
clkbuf_2_1__f_aclk/X                     10     13     -3 (VIOLATED)
clkbuf_2_3__f_aclk/X                     10     12     -2 (VIOLATED)



===========================================================================
report_parasitic_annotation -report_unannotated
============================================================================
Found 3 unannotated drivers.
 clkload0/Y
 clkload1/Y
 clkload2/Y
Found 0 partially unannotated drivers.

===========================================================================
max slew violation count 0
Writing metric design__max_slew_violation__count__corner:nom_tt_025C_1v80: 0
max fanout violation count 3
Writing metric design__max_fanout_violation__count__corner:nom_tt_025C_1v80: 3
max cap violation count 0
Writing metric design__max_cap_violation__count__corner:nom_tt_025C_1v80: 0
============================================================================

===========================================================================
check_setup -verbose -unconstrained_endpoints -multiple_clock -no_clock -no_input_delay -loops -generated_clocks
===========================================================================
