Clock: aclk
Sources: aclk 
Generated: no
Virtual: yes
Propagated: no
Period: 12.000000

===========================================================================
report_clock_properties
============================================================================
Clock                   Period          Waveform
----------------------------------------------------
aclk                 12.000000    0.000000  6.000000

===========================================================================
report_clock_latency
============================================================================
Clock aclk
rise -> rise
    min     max
0.000000 0.000000 source latency
0.377112         network latency _2076_/CLK
        0.380408 network latency _2111_/CLK
---------------
0.377112 0.380408 latency
        0.003295 skew

fall -> fall
    min     max
0.000000 0.000000 source latency
0.350313         network latency _2076_/CLK
        0.352719 network latency _2111_/CLK
---------------
0.350313 0.352719 latency
        0.002406 skew



===========================================================================
report_clock_min_period
============================================================================
aclk period_min = 6.90 fmax = 144.84
