
===========================================================================
 report_power
============================================================================
======================= nom_tt_025C_1v80 Corner ===================================

Group                    Internal    Switching      Leakage        Total
                            Power        Power        Power        Power (Watts)
------------------------------------------------------------------------
Sequential           1.744131e-04 6.668713e-06 4.088400e-10 1.810822e-04  27.2%
Combinational        1.566652e-04 1.814189e-04 4.714847e-09 3.380888e-04  50.7%
Clock                7.976042e-05 6.737218e-05 4.456794e-10 1.471331e-04  22.1%
Macro                0.000000e+00 0.000000e+00 0.000000e+00 0.000000e+00   0.0%
Pad                  0.000000e+00 0.000000e+00 0.000000e+00 0.000000e+00   0.0%
------------------------------------------------------------------------
Total                4.108388e-04 2.554598e-04 5.569369e-09 6.663042e-04 100.0%
                            61.7%        38.3%         0.0%
Writing metric power__internal__total: 0.0004108388093300164
Writing metric power__switching__total: 0.0002554598031565547
Writing metric power__leakage__total: 5.56936852191825e-9
Writing metric power__total: 0.0006663042004220188

