Clock: clk
Sources: clk 
Generated: no
Virtual: yes
Propagated: no
Period: 10.000000

===========================================================================
report_clock_properties
============================================================================
Clock                   Period          Waveform
----------------------------------------------------
clk                  10.000000    0.000000  5.000000

===========================================================================
report_clock_latency
============================================================================
Clock clk
rise -> rise
    min     max
0.000000 0.000000 source latency
0.525742         network latency _13392_/CLK
        0.534683 network latency _13415_/CLK
---------------
0.525742 0.534683 latency
        0.008942 skew

fall -> fall
    min     max
0.000000 0.000000 source latency
0.443888         network latency _13392_/CLK
        0.451150 network latency _13415_/CLK
---------------
0.443888 0.451150 latency
        0.007261 skew



===========================================================================
report_clock_min_period
============================================================================
clk period_min = 0.00 fmax = inf
