
===========================================================================
 report_power
============================================================================
======================= nom_tt_025C_1v80 Corner ===================================

Group                    Internal    Switching      Leakage        Total
                            Power        Power        Power        Power (Watts)
------------------------------------------------------------------------
Sequential           9.523660e-04 3.852110e-05 7.322908e-10 9.908878e-04   2.8%
Combinational        1.702350e-02 1.707489e-02 2.472096e-08 3.409842e-02  96.3%
Clock                2.044929e-04 1.209866e-04 1.035304e-09 3.254805e-04   0.9%
Macro                0.000000e+00 0.000000e+00 0.000000e+00 0.000000e+00   0.0%
Pad                  0.000000e+00 0.000000e+00 0.000000e+00 0.000000e+00   0.0%
------------------------------------------------------------------------
Total                1.818037e-02 1.723440e-02 2.648856e-08 3.541480e-02 100.0%
                            51.3%        48.7%         0.0%
Writing metric power__internal__total: 0.018180368468165398
Writing metric power__switching__total: 0.017234399914741516
Writing metric power__leakage__total: 2.6488564230930933e-8
Writing metric power__total: 0.03541479632258415

