
===========================================================================
report_checks -unconstrained
===========================================================================
======================= min_tt_025C_1v80 Corner ===================================

Startpoint: _2088_ (rising edge-triggered flip-flop clocked by aclk)
Endpoint: _2120_ (rising edge-triggered flip-flop clocked by aclk)
Path Group: aclk
Path Type: max

Fanout         Cap        Slew       Delay        Time   Description
---------------------------------------------------------------------------------------------
                                  0.000000    0.000000   clock aclk (rise edge)
                                  0.000000    0.000000   clock source latency
     2    0.025304    0.119448    0.082786    0.082786 ^ aclk (in)
                                                         aclk (net)
                      0.119477    0.000000    0.082786 ^ clkbuf_0_aclk/A (sky130_fd_sc_hd__clkbuf_16)
     9    0.057230    0.075455    0.181760    0.264546 ^ clkbuf_0_aclk/X (sky130_fd_sc_hd__clkbuf_16)
                                                         clknet_0_aclk (net)
                      0.075470    0.001051    0.265598 ^ clkbuf_2_0__f_aclk/A (sky130_fd_sc_hd__clkbuf_16)
    37    0.091100    0.107867    0.188820    0.454418 ^ clkbuf_2_0__f_aclk/X (sky130_fd_sc_hd__clkbuf_16)
                                                         clknet_2_0__leaf_aclk (net)
                      0.108164    0.004575    0.458993 ^ _2088_/CLK (sky130_fd_sc_hd__dfxtp_2)
     2    0.011004    0.066129    0.358762    0.817755 ^ _2088_/Q (sky130_fd_sc_hd__dfxtp_2)
                                                         internal_rssi[7] (net)
                      0.066129    0.000074    0.817829 ^ rebuffer2/A (sky130_fd_sc_hd__clkbuf_2)
     3    0.021048    0.120197    0.166238    0.984067 ^ rebuffer2/X (sky130_fd_sc_hd__clkbuf_2)
                                                         net138 (net)
                      0.120260    0.001219    0.985286 ^ fanout92/A (sky130_fd_sc_hd__buf_6)
    15    0.052365    0.110435    0.174637    1.159923 ^ fanout92/X (sky130_fd_sc_hd__buf_6)
                                                         net92 (net)
                      0.110488    0.000263    1.160186 ^ fanout89/A (sky130_fd_sc_hd__buf_4)
    21    0.058969    0.166404    0.226591    1.386776 ^ fanout89/X (sky130_fd_sc_hd__buf_4)
                                                         net89 (net)
                      0.166404    0.000288    1.387065 ^ _1354_/A (sky130_fd_sc_hd__and3_1)
     3    0.009130    0.104305    0.218263    1.605328 ^ _1354_/X (sky130_fd_sc_hd__and3_1)
                                                         _0490_ (net)
                      0.104305    0.000087    1.605415 ^ _1356_/A_N (sky130_fd_sc_hd__nand2b_4)
     3    0.033420    0.117554    0.192334    1.797749 ^ _1356_/Y (sky130_fd_sc_hd__nand2b_4)
                                                         _0492_ (net)
                      0.117554    0.000272    1.798021 ^ _1404_/A (sky130_fd_sc_hd__xor2_2)
     7    0.031664    0.398909    0.355243    2.153264 ^ _1404_/X (sky130_fd_sc_hd__xor2_2)
                                                         _0539_ (net)
                      0.398910    0.000418    2.153682 ^ fanout68/A (sky130_fd_sc_hd__buf_2)
     9    0.035205    0.175816    0.291351    2.445033 ^ fanout68/X (sky130_fd_sc_hd__buf_2)
                                                         net68 (net)
                      0.175822    0.001270    2.446302 ^ fanout67/A (sky130_fd_sc_hd__clkbuf_4)
    10    0.043657    0.139083    0.251050    2.697353 ^ fanout67/X (sky130_fd_sc_hd__clkbuf_4)
                                                         net67 (net)
                      0.139096    0.001418    2.698770 ^ _1569_/B1 (sky130_fd_sc_hd__a21o_1)
     2    0.004626    0.052140    0.110732    2.809503 ^ _1569_/X (sky130_fd_sc_hd__a21o_1)
                                                         _0700_ (net)
                      0.052140    0.000044    2.809547 ^ _1572_/A2 (sky130_fd_sc_hd__a21oi_1)
     3    0.008109    0.073570    0.088746    2.898293 v _1572_/Y (sky130_fd_sc_hd__a21oi_1)
                                                         _0703_ (net)
                      0.073570    0.000072    2.898365 v _1573_/C (sky130_fd_sc_hd__or3_4)
     2    0.005045    0.066704    0.333337    3.231702 v _1573_/X (sky130_fd_sc_hd__or3_4)
                                                         _0704_ (net)
                      0.066704    0.000044    3.231746 v _1577_/A2 (sky130_fd_sc_hd__a21o_1)
     3    0.008019    0.055717    0.204917    3.436664 v _1577_/X (sky130_fd_sc_hd__a21o_1)
                                                         _0708_ (net)
                      0.055717    0.000075    3.436739 v _1578_/C (sky130_fd_sc_hd__and3_1)
     2    0.005176    0.046870    0.190613    3.627352 v _1578_/X (sky130_fd_sc_hd__and3_1)
                                                         _0709_ (net)
                      0.046870    0.000018    3.627370 v _1581_/A (sky130_fd_sc_hd__or3_4)
     5    0.017253    0.088102    0.416589    4.043959 v _1581_/X (sky130_fd_sc_hd__or3_4)
                                                         _0712_ (net)
                      0.088102    0.000159    4.044118 v _1583_/A (sky130_fd_sc_hd__and3_1)
     3    0.007364    0.056745    0.180004    4.224122 v _1583_/X (sky130_fd_sc_hd__and3_1)
                                                         _0714_ (net)
                      0.056745    0.000088    4.224210 v _1589_/A (sky130_fd_sc_hd__or3_4)
     2    0.004603    0.065453    0.382330    4.606540 v _1589_/X (sky130_fd_sc_hd__or3_4)
                                                         _0719_ (net)
                      0.065453    0.000056    4.606596 v _1590_/B (sky130_fd_sc_hd__or3_4)
     1    0.008848    0.072662    0.380131    4.986727 v _1590_/X (sky130_fd_sc_hd__or3_4)
                                                         _0720_ (net)
                      0.072662    0.000079    4.986806 v _1593_/A1 (sky130_fd_sc_hd__o211ai_4)
     5    0.035302    0.317575    0.322086    5.308893 ^ _1593_/Y (sky130_fd_sc_hd__o211ai_4)
                                                         _0723_ (net)
                      0.317597    0.002026    5.310919 ^ _1850_/A2 (sky130_fd_sc_hd__a211oi_4)
     4    0.020119    0.100244    0.139790    5.450708 v _1850_/Y (sky130_fd_sc_hd__a211oi_4)
                                                         _0972_ (net)
                      0.100245    0.000748    5.451457 v _1993_/A3 (sky130_fd_sc_hd__o31a_1)
     2    0.010871    0.081945    0.295456    5.746912 v _1993_/X (sky130_fd_sc_hd__o31a_1)
                                                         _0125_ (net)
                      0.081945    0.000321    5.747233 v _1994_/A (sky130_fd_sc_hd__or2_4)
     5    0.016321    0.063660    0.285413    6.032646 v _1994_/X (sky130_fd_sc_hd__or2_4)
                                                         _0126_ (net)
                      0.063660    0.000398    6.033044 v _2052_/A3 (sky130_fd_sc_hd__a311o_1)
     3    0.010216    0.088532    0.394682    6.427726 v _2052_/X (sky130_fd_sc_hd__a311o_1)
                                                         _0182_ (net)
                      0.088532    0.000172    6.427898 v _2068_/A1 (sky130_fd_sc_hd__a31o_1)
     1    0.002548    0.035528    0.184677    6.612575 v _2068_/X (sky130_fd_sc_hd__a31o_1)
                                                         _0197_ (net)
                      0.035528    0.000022    6.612597 v _2069_/B2 (sky130_fd_sc_hd__o221a_1)
     1    0.002058    0.041987    0.190740    6.803338 v _2069_/X (sky130_fd_sc_hd__o221a_1)
                                                         _0048_ (net)
                      0.041987    0.000011    6.803348 v _2120_/D (sky130_fd_sc_hd__dfxtp_1)
                                              6.803348   data arrival time

                                 12.000000   12.000000   clock aclk (rise edge)
                                  0.000000   12.000000   clock source latency
     2    0.025304    0.119448    0.082785   12.082785 ^ aclk (in)
                                                         aclk (net)
                      0.119477    0.000000   12.082785 ^ clkbuf_0_aclk/A (sky130_fd_sc_hd__clkbuf_16)
     9    0.057230    0.075455    0.181760   12.264545 ^ clkbuf_0_aclk/X (sky130_fd_sc_hd__clkbuf_16)
                                                         clknet_0_aclk (net)
                      0.075468    0.000984   12.265530 ^ clkbuf_2_3__f_aclk/A (sky130_fd_sc_hd__clkbuf_16)
    25    0.078993    0.095729    0.181614   12.447144 ^ clkbuf_2_3__f_aclk/X (sky130_fd_sc_hd__clkbuf_16)
                                                         clknet_2_3__leaf_aclk (net)
                      0.095879    0.002509   12.449653 ^ _2120_/CLK (sky130_fd_sc_hd__dfxtp_1)
                                 -0.250000   12.199653   clock uncertainty
                                  0.000000   12.199653   clock reconvergence pessimism
                                 -0.097324   12.102328   library setup time
                                             12.102328   data required time
---------------------------------------------------------------------------------------------
                                             12.102328   data required time
                                             -6.803348   data arrival time
---------------------------------------------------------------------------------------------
                                              5.298980   slack (MET)




===========================================================================
report_checks --slack_max -0.01
============================================================================
======================= min_tt_025C_1v80 Corner ===================================

No paths found.


===========================================================================
 report_check_types -max_slew -max_cap -max_fanout -violators
============================================================================
======================= min_tt_025C_1v80 Corner ===================================

max fanout

Pin                                   Limit Fanout  Slack
---------------------------------------------------------
clkbuf_2_0__f_aclk/X                     10     37    -27 (VIOLATED)
clkbuf_2_1__f_aclk/X                     10     27    -17 (VIOLATED)
clkbuf_2_3__f_aclk/X                     10     25    -15 (VIOLATED)
clkbuf_2_2__f_aclk/X                     10     21    -11 (VIOLATED)
fanout116/X                              10     21    -11 (VIOLATED)
fanout122/X                              10     21    -11 (VIOLATED)
fanout124/X                              10     21    -11 (VIOLATED)
fanout125/X                              10     21    -11 (VIOLATED)
fanout127/X                              10     21    -11 (VIOLATED)
fanout129/X                              10     21    -11 (VIOLATED)
fanout131/X                              10     21    -11 (VIOLATED)
fanout133/X                              10     21    -11 (VIOLATED)
fanout134/X                              10     21    -11 (VIOLATED)
fanout135/X                              10     21    -11 (VIOLATED)
fanout57/X                               10     21    -11 (VIOLATED)
fanout62/X                               10     21    -11 (VIOLATED)
fanout63/X                               10     21    -11 (VIOLATED)
fanout73/X                               10     21    -11 (VIOLATED)
fanout79/X                               10     21    -11 (VIOLATED)
fanout80/X                               10     21    -11 (VIOLATED)
fanout82/X                               10     21    -11 (VIOLATED)
fanout83/X                               10     21    -11 (VIOLATED)
fanout84/X                               10     21    -11 (VIOLATED)
fanout87/X                               10     21    -11 (VIOLATED)
fanout89/X                               10     21    -11 (VIOLATED)
fanout91/X                               10     21    -11 (VIOLATED)
fanout97/X                               10     21    -11 (VIOLATED)
_1558_/Y                                 10     19     -9 (VIOLATED)
fanout121/X                              10     19     -9 (VIOLATED)
fanout58/X                               10     19     -9 (VIOLATED)
fanout61/X                               10     19     -9 (VIOLATED)
fanout119/X                              10     17     -7 (VIOLATED)
fanout136/X                              10     17     -7 (VIOLATED)
fanout94/X                               10     17     -7 (VIOLATED)
_1225_/X                                 10     15     -5 (VIOLATED)
fanout106/X                              10     15     -5 (VIOLATED)
fanout126/X                              10     15     -5 (VIOLATED)
fanout92/X                               10     15     -5 (VIOLATED)
_1523_/Y                                 10     13     -3 (VIOLATED)
fanout64/X                               10     13     -3 (VIOLATED)
fanout78/X                               10     13     -3 (VIOLATED)
fanout85/X                               10     13     -3 (VIOLATED)
_1074_/Y                                 10     11        (VIOLATED)
fanout74/X                               10     11        (VIOLATED)
fanout77/X                               10     11        (VIOLATED)
fanout86/X                               10     11        (VIOLATED)



===========================================================================
report_parasitic_annotation -report_unannotated
============================================================================
Found 3 unannotated drivers.
 clkload0/Y
 clkload1/Y
 clkload2/Y
Found 0 partially unannotated drivers.

===========================================================================
max slew violation count 0
max fanout violation count 46
max cap violation count 0
============================================================================

===========================================================================
check_setup -verbose -unconstrained_endpoints -multiple_clock -no_clock -no_input_delay -loops -generated_clocks
===========================================================================
