Clock: aclk
Sources: aclk 
Generated: no
Virtual: yes
Propagated: no
Period: 12.000000

===========================================================================
report_clock_properties
============================================================================
Clock                   Period          Waveform
----------------------------------------------------
aclk                 12.000000    0.000000  6.000000

===========================================================================
report_clock_latency
============================================================================
Clock aclk
rise -> rise
    min     max
0.000000 0.000000 source latency
0.447308         network latency _2103_/CLK
        0.460471 network latency _2077_/CLK
---------------
0.447308 0.460471 latency
        0.013162 skew

fall -> fall
    min     max
0.000000 0.000000 source latency
0.395235         network latency _2103_/CLK
        0.405628 network latency _2077_/CLK
---------------
0.395235 0.405628 latency
        0.010393 skew



===========================================================================
report_clock_min_period
============================================================================
aclk period_min = 6.70 fmax = 149.23
