
===========================================================================
 report_power
============================================================================
======================= max_ff_n40C_1v95 Corner ===================================

Group                    Internal    Switching      Leakage        Total
                            Power        Power        Power        Power (Watts)
------------------------------------------------------------------------
Sequential           1.110568e-03 7.049511e-05 8.808396e-10 1.181064e-03   2.4%
Combinational        2.133885e-02 2.567692e-02 4.744173e-08 4.701582e-02  96.7%
Clock                2.346782e-04 2.012687e-04 1.569887e-08 4.359626e-04   0.9%
Macro                0.000000e+00 0.000000e+00 0.000000e+00 0.000000e+00   0.0%
Pad                  0.000000e+00 0.000000e+00 0.000000e+00 0.000000e+00   0.0%
------------------------------------------------------------------------
Total                2.268410e-02 2.594869e-02 6.402099e-08 4.863286e-02 100.0%
                            46.6%        53.4%         0.0%

