Clock: clk
Sources: clk 
Generated: no
Virtual: yes
Propagated: no
Period: 10.000000

===========================================================================
report_clock_properties
============================================================================
Clock                   Period          Waveform
----------------------------------------------------
clk                  10.000000    0.000000  5.000000

===========================================================================
report_clock_latency
============================================================================
Clock clk
rise -> rise
    min     max
0.000000 0.000000 source latency
1.224071         network latency _13357_/CLK
        1.263127 network latency _13416_/CLK
---------------
1.224071 1.263127 latency
        0.039057 skew

fall -> fall
    min     max
0.000000 0.000000 source latency
1.016677         network latency _13357_/CLK
        1.051336 network latency _13416_/CLK
---------------
1.016677 1.051336 latency
        0.034659 skew



===========================================================================
report_clock_min_period
============================================================================
clk period_min = 0.00 fmax = inf
