Clock: aclk
Sources: aclk 
Generated: no
Virtual: yes
Propagated: no
Period: 10.000000

===========================================================================
report_clock_properties
============================================================================
Clock                   Period          Waveform
----------------------------------------------------
aclk                 10.000000    0.000000  5.000000

===========================================================================
report_clock_latency
============================================================================
Clock aclk
rise -> rise
    min     max
0.000000 0.000000 source latency
0.435711         network latency _1292_/CLK
        0.440365 network latency _1304_/CLK
---------------
0.435711 0.440365 latency
        0.004654 skew

fall -> fall
    min     max
0.000000 0.000000 source latency
0.210727         network latency _1292_/CLK
        0.215063 network latency _1304_/CLK
---------------
0.210727 0.215063 latency
        0.004336 skew



===========================================================================
report_clock_min_period
============================================================================
aclk period_min = 4.40 fmax = 227.14
