Clock: aclk
Sources: aclk 
Generated: no
Virtual: yes
Propagated: no
Period: 20.000000

===========================================================================
report_clock_properties
============================================================================
Clock                   Period          Waveform
----------------------------------------------------
aclk                 20.000000    0.000000 10.000000

===========================================================================
report_clock_latency
============================================================================
Clock aclk
rise -> rise
    min     max
0.000000 0.000000 source latency
0.459518         network latency _2099_/CLK
        0.479216 network latency _2089_/CLK
---------------
0.459518 0.479216 latency
        0.019698 skew

fall -> fall
    min     max
0.000000 0.000000 source latency
0.401980         network latency _2099_/CLK
        0.416645 network latency _2089_/CLK
---------------
0.401980 0.416645 latency
        0.014666 skew



===========================================================================
report_clock_min_period
============================================================================
aclk period_min = 7.73 fmax = 129.30
