
===========================================================================
 report_power
============================================================================
======================= max_tt_025C_1v80 Corner ===================================

Group                    Internal    Switching      Leakage        Total
                            Power        Power        Power        Power (Watts)
------------------------------------------------------------------------
Sequential           2.245943e-04 1.606276e-05 4.284348e-10 2.406575e-04  27.3%
Combinational        2.164524e-04 2.562187e-04 2.952349e-09 4.726741e-04  53.5%
Clock                9.370685e-05 7.601202e-05 1.855400e-09 1.697207e-04  19.2%
Macro                0.000000e+00 0.000000e+00 0.000000e+00 0.000000e+00   0.0%
Pad                  0.000000e+00 0.000000e+00 0.000000e+00 0.000000e+00   0.0%
------------------------------------------------------------------------
Total                5.347538e-04 3.482933e-04 5.236176e-09 8.830524e-04 100.0%
                            60.6%        39.4%         0.0%

