Reading OpenROAD database at '/mnt/c/Users/Default.DESKTOP-A45I1O9/akularanjith-akularanjith--ECE510-2026-SPRING/project/m4/synth/runs/RUN_2026-06-05_21-15-13/24-openroad-ioplacement/top.odb'…
Reading library file at '/home/default/.volare/volare/sky130/versions/0fe599b2afb6708d281543108caf8310912f54af/sky130A/libs.ref/sky130_fd_sc_hd/lib/sky130_fd_sc_hd__tt_025C_1v80.lib'…
Reading design constraints file at '/nix/store/h0ldzjka94yryiq8yxbxmwargpnmwhx6-python3-3.11.9-env/lib/python3.11/site-packages/openlane/scripts/base.sdc'…
[INFO] Using clock aclk…
[INFO] Setting output delay to: 2.4
[INFO] Setting input delay to: 2.4
[INFO] Setting load to: 0.033442
[INFO] Setting clock uncertainty to: 0.25
[INFO] Setting clock transition to: 0.1499999999999999944488848768742172978818416595458984375
[INFO] Setting timing derate to: 5%
[INFO] Setting RC values…
[INFO] Setting signal min routing layer to: met1 and clock min routing layer to met1. 
[INFO] Setting signal max routing layer to: met5 and clock max routing layer to met5. 
+ global_placement -density 0.5 -timing_driven -routability_driven -pad_right 0 -pad_left 0 -init_wirelength_coef 0.25
[INFO GPL-0002] DBU: 1000
[INFO GPL-0003] SiteSize: (  0.460  2.720 ) um
[INFO GPL-0004] CoreBBox: (  5.520 10.880 ) ( 161.000 165.920 ) um
[INFO GPL-0006] NumInstances:              1525
[INFO GPL-0007] NumPlaceInstances:         1087
[INFO GPL-0008] NumFixedInstances:          438
[INFO GPL-0009] NumDummyInstances:            0
[INFO GPL-0010] NumNets:                   1107
[INFO GPL-0011] NumPins:                   4198
[INFO GPL-0012] DieBBox:  (  0.000  0.000 ) ( 166.910 177.630 ) um
[INFO GPL-0013] CoreBBox: (  5.520 10.880 ) ( 161.000 165.920 ) um
[INFO GPL-0016] CoreArea:             24105.619 um^2
[INFO GPL-0017] NonPlaceInstsArea:      833.299 um^2
[INFO GPL-0018] PlaceInstsArea:       10932.986 um^2
[INFO GPL-0019] Util:                    46.978 %
[INFO GPL-0020] StdInstsArea:         10932.986 um^2
[INFO GPL-0021] MacroInstsArea:           0.000 um^2
[InitialPlace]  Iter: 1 CG residual: 0.00000006 HPWL: 24597046
[InitialPlace]  Iter: 2 CG residual: 0.00000009 HPWL: 14531217
[InitialPlace]  Iter: 3 CG residual: 0.00000012 HPWL: 14444932
[InitialPlace]  Iter: 4 CG residual: 0.00000009 HPWL: 14452642
[InitialPlace]  Iter: 5 CG residual: 0.00000009 HPWL: 14408585
[INFO GPL-0031] FillerInit:NumGCells:      1159
[INFO GPL-0032] FillerInit:NumGNets:       1107
[INFO GPL-0033] FillerInit:NumGPins:       4198
[INFO GPL-0023] TargetDensity:            0.500
[INFO GPL-0024] AvrgPlaceInstArea:       10.058 um^2
[INFO GPL-0025] IdealBinArea:            20.116 um^2
[INFO GPL-0026] IdealBinCnt:               1198
[INFO GPL-0027] TotalBinArea:         24105.619 um^2
[INFO GPL-0028] BinCnt:        32     32
[INFO GPL-0029] BinSize: (  4.859  4.845 )
[INFO GPL-0030] NumBins: 1024
[NesterovSolve] Iter:    1 overflow: 0.942 HPWL: 8311649
[NesterovSolve] Iter:   10 overflow: 0.814 HPWL: 10664502
[NesterovSolve] Iter:   20 overflow: 0.785 HPWL: 11021735
[INFO GPL-0100] Timing-driven: executing resizer for reweighting nets.
[INFO GPL-0101] Timing-driven: worst slack 5.28e-09
[INFO GPL-0103] Timing-driven: weighted 110 nets.
[NesterovSolve] Iter:   30 overflow: 0.787 HPWL: 10648929
[NesterovSolve] Iter:   40 overflow: 0.786 HPWL: 10592173
[NesterovSolve] Iter:   50 overflow: 0.783 HPWL: 10647567
[NesterovSolve] Iter:   60 overflow: 0.783 HPWL: 10627693
[NesterovSolve] Iter:   70 overflow: 0.784 HPWL: 10625926
[NesterovSolve] Iter:   80 overflow: 0.784 HPWL: 10639203
[NesterovSolve] Iter:   90 overflow: 0.784 HPWL: 10639566
[NesterovSolve] Iter:  100 overflow: 0.784 HPWL: 10630156
[NesterovSolve] Iter:  110 overflow: 0.782 HPWL: 10628920
[NesterovSolve] Iter:  120 overflow: 0.781 HPWL: 10634145
[NesterovSolve] Iter:  130 overflow: 0.781 HPWL: 10635463
[NesterovSolve] Iter:  140 overflow: 0.780 HPWL: 10639723
[NesterovSolve] Iter:  150 overflow: 0.779 HPWL: 10657217
[NesterovSolve] Iter:  160 overflow: 0.777 HPWL: 10691087
[NesterovSolve] Iter:  170 overflow: 0.774 HPWL: 10747660
[NesterovSolve] Iter:  180 overflow: 0.770 HPWL: 10832022
[NesterovSolve] Iter:  190 overflow: 0.761 HPWL: 10948229
[NesterovSolve] Iter:  200 overflow: 0.750 HPWL: 11118302
[NesterovSolve] Iter:  210 overflow: 0.738 HPWL: 11362538
[NesterovSolve] Iter:  220 overflow: 0.717 HPWL: 11690274
[NesterovSolve] Iter:  230 overflow: 0.696 HPWL: 12091344
[NesterovSolve] Iter:  240 overflow: 0.665 HPWL: 12585430
[INFO GPL-0100] Timing-driven: executing resizer for reweighting nets.
[INFO GPL-0101] Timing-driven: worst slack 5.54e-09
[INFO GPL-0103] Timing-driven: weighted 110 nets.
[NesterovSolve] Iter:  250 overflow: 0.626 HPWL: 13063885
[NesterovSolve] Snapshot saved at iter = 257
[NesterovSolve] Iter:  260 overflow: 0.590 HPWL: 13447976
[NesterovSolve] Iter:  270 overflow: 0.539 HPWL: 13918878
[NesterovSolve] Iter:  280 overflow: 0.499 HPWL: 14350439
[INFO GPL-0100] Timing-driven: executing resizer for reweighting nets.
[INFO GPL-0101] Timing-driven: worst slack 5.38e-09
[INFO GPL-0103] Timing-driven: weighted 108 nets.
[NesterovSolve] Iter:  290 overflow: 0.455 HPWL: 14776954
[NesterovSolve] Iter:  300 overflow: 0.414 HPWL: 15025980
[NesterovSolve] Iter:  310 overflow: 0.368 HPWL: 15286920
[NesterovSolve] Iter:  320 overflow: 0.326 HPWL: 15531496
[NesterovSolve] Iter:  330 overflow: 0.298 HPWL: 15690462
[INFO GPL-0075] Routability numCall: 1 inflationIterCnt: 1 bloatIterCnt: 0
[INFO GPL-0036] TileBBox: (    0    0 ) ( 6900 6900 ) DBU
[INFO GPL-0038] TileCnt:      24   25
[INFO GPL-0040] NumTiles: 600
[INFO GPL-0081] TotalRouteOverflow: 0
[INFO GPL-0082] OverflowTileCnt: 0
[INFO GPL-0083] 0.5%RC: 0.7308746576309204
[INFO GPL-0084] 1.0%RC: 0.7191280424594879
[INFO GPL-0085] 2.0%RC: 0.705614760518074
[INFO GPL-0086] 5.0%RC: 0.6816651960213979
[INFO GPL-0087] FinalRC: 0.72500134
[INFO GPL-0077] FinalRC lower than targetRC(1.01), routability not needed.
[INFO GPL-0100] Timing-driven: executing resizer for reweighting nets.
[INFO GPL-0101] Timing-driven: worst slack 5.1e-09
[INFO GPL-0103] Timing-driven: weighted 110 nets.
[NesterovSolve] Iter:  340 overflow: 0.270 HPWL: 15928239
[NesterovSolve] Iter:  350 overflow: 0.243 HPWL: 16079282
[NesterovSolve] Iter:  360 overflow: 0.221 HPWL: 16229682
[INFO GPL-0100] Timing-driven: executing resizer for reweighting nets.
[INFO GPL-0101] Timing-driven: worst slack 5.25e-09
[INFO GPL-0103] Timing-driven: weighted 109 nets.
[NesterovSolve] Iter:  370 overflow: 0.201 HPWL: 16350173
[NesterovSolve] Iter:  380 overflow: 0.184 HPWL: 16468551
[NesterovSolve] Iter:  390 overflow: 0.164 HPWL: 16562536
[NesterovSolve] Iter:  400 overflow: 0.147 HPWL: 16644271
[INFO GPL-0100] Timing-driven: executing resizer for reweighting nets.
[INFO GPL-0101] Timing-driven: worst slack 5.06e-09
[INFO GPL-0103] Timing-driven: weighted 110 nets.
[NesterovSolve] Iter:  410 overflow: 0.134 HPWL: 16755643
[NesterovSolve] Iter:  420 overflow: 0.117 HPWL: 16872504
[NesterovSolve] Iter:  430 overflow: 0.099 HPWL: 17014851
[NesterovSolve] Finished with Overflow: 0.099105
[INFO] Setting RC values…
Setting global connections for newly added cells…
[INFO] Setting global connections...
Updating metrics…
Cell type report:                       Count       Area
  Fill cell                               114     427.91
  Tap cell                                324     405.39
  Buffer                                    1       5.00
  Inverter                                  9      33.78
  Sequential cell                          50    1063.52
  Multi-Input combinational cell         1027    9830.68
  Total                                  1525   11766.28
Writing OpenROAD database to '/mnt/c/Users/Default.DESKTOP-A45I1O9/akularanjith-akularanjith--ECE510-2026-SPRING/project/m4/synth/runs/RUN_2026-06-05_21-15-13/27-openroad-globalplacement/top.odb'…
Writing netlist to '/mnt/c/Users/Default.DESKTOP-A45I1O9/akularanjith-akularanjith--ECE510-2026-SPRING/project/m4/synth/runs/RUN_2026-06-05_21-15-13/27-openroad-globalplacement/top.nl.v'…
Writing powered netlist to '/mnt/c/Users/Default.DESKTOP-A45I1O9/akularanjith-akularanjith--ECE510-2026-SPRING/project/m4/synth/runs/RUN_2026-06-05_21-15-13/27-openroad-globalplacement/top.pnl.v'…
Writing layout to '/mnt/c/Users/Default.DESKTOP-A45I1O9/akularanjith-akularanjith--ECE510-2026-SPRING/project/m4/synth/runs/RUN_2026-06-05_21-15-13/27-openroad-globalplacement/top.def'…
Writing timing constraints to '/mnt/c/Users/Default.DESKTOP-A45I1O9/akularanjith-akularanjith--ECE510-2026-SPRING/project/m4/synth/runs/RUN_2026-06-05_21-15-13/27-openroad-globalplacement/top.sdc'…
