Starting…
Running 'Verilator.Lint' at 'project/m4/synth/runs/RUN_2026-06-05_21-15-13/01-verilator-lint'…
Logging subprocess to [repr.filename]'project/m4/synth/runs/RUN_2026-06-05_21-15-13/01-verilator-lint/verilator-lint.log'[/repr.filename]…
Running 'Checker.LintTimingConstructs' at 'project/m4/synth/runs/RUN_2026-06-05_21-15-13/02-checker-linttimingconstructs'…
Check for Lint Timing Errors clear.
Running 'Checker.LintErrors' at 'project/m4/synth/runs/RUN_2026-06-05_21-15-13/03-checker-linterrors'…
Check for Lint errors clear.
Running 'Checker.LintWarnings' at 'project/m4/synth/runs/RUN_2026-06-05_21-15-13/04-checker-lintwarnings'…
442 Lint warnings found.
Running 'Yosys.JsonHeader' at 'project/m4/synth/runs/RUN_2026-06-05_21-15-13/05-yosys-jsonheader'…
Logging subprocess to [repr.filename]'project/m4/synth/runs/RUN_2026-06-05_21-15-13/05-yosys-jsonheader/yosys-jsonheader.log'[/repr.filename]…
Running 'Yosys.Synthesis' at 'project/m4/synth/runs/RUN_2026-06-05_21-15-13/06-yosys-synthesis'…
Logging subprocess to [repr.filename]'project/m4/synth/runs/RUN_2026-06-05_21-15-13/06-yosys-synthesis/yosys-synthesis.log'[/repr.filename]…
Parsing synthesis checks…
Running 'Checker.YosysUnmappedCells' at 'project/m4/synth/runs/RUN_2026-06-05_21-15-13/07-checker-yosysunmappedcells'…
Check for Unmapped Yosys instances clear.
Running 'Checker.YosysSynthChecks' at 'project/m4/synth/runs/RUN_2026-06-05_21-15-13/08-checker-yosyssynthchecks'…
Check for Yosys check errors clear.
Running 'Checker.NetlistAssignStatements' at 'project/m4/synth/runs/RUN_2026-06-05_21-15-13/09-checker-netlistassignstatements'…
Running 'OpenROAD.CheckSDCFiles' at 'project/m4/synth/runs/RUN_2026-06-05_21-15-13/10-openroad-checksdcfiles'…
'PNR_SDC_FILE' is not defined. Using generic fallback SDC for OpenROAD PnR steps.
'SIGNOFF_SDC_FILE' is not defined. Using generic fallback SDC for OpenROAD PnR steps.
Running 'OpenROAD.CheckMacroInstances' at 'project/m4/synth/runs/RUN_2026-06-05_21-15-13/11-openroad-checkmacroinstances'…
No macros found, skipping instance check…
Running 'OpenROAD.STAPrePNR' at 'project/m4/synth/runs/RUN_2026-06-05_21-15-13/12-openroad-staprepnr'…
Starting STA for the nom_tt_025C_1v80 timing corner…
Starting STA for the nom_ss_100C_1v60 timing corner…
Starting STA for the nom_ff_n40C_1v95 timing corner…
Skipping corner min_tt_025C_1v80 for STA (identical to nom_tt_025C_1v80 at this stage)…
Skipping corner min_ss_100C_1v60 for STA (identical to nom_ss_100C_1v60 at this stage)…
Skipping corner min_ff_n40C_1v95 for STA (identical to nom_ff_n40C_1v95 at this stage)…
Skipping corner max_tt_025C_1v80 for STA (identical to nom_tt_025C_1v80 at this stage)…
Skipping corner max_ss_100C_1v60 for STA (identical to nom_ss_100C_1v60 at this stage)…
Skipping corner max_ff_n40C_1v95 for STA (identical to nom_ff_n40C_1v95 at this stage)…
Logging subprocess to [repr.filename]'project/m4/synth/runs/RUN_2026-06-05_21-15-13/12-openroad-staprepnr/nom_tt_025C_1v80/sta.log'[/repr.filename]…
Logging subprocess to [repr.filename]'project/m4/synth/runs/RUN_2026-06-05_21-15-13/12-openroad-staprepnr/nom_ff_n40C_1v95/sta.log'[/repr.filename]…
Logging subprocess to [repr.filename]'project/m4/synth/runs/RUN_2026-06-05_21-15-13/12-openroad-staprepnr/nom_ss_100C_1v60/sta.log'[/repr.filename]…
Finished STA for the nom_ff_n40C_1v95 timing corner.
Finished STA for the nom_tt_025C_1v80 timing corner.
Finished STA for the nom_ss_100C_1v60 timing corner.
Running 'OpenROAD.Floorplan' at 'project/m4/synth/runs/RUN_2026-06-05_21-15-13/13-openroad-floorplan'…
Logging subprocess to [repr.filename]'project/m4/synth/runs/RUN_2026-06-05_21-15-13/13-openroad-floorplan/openroad-floorplan.log'[/repr.filename]…
Running 'Odb.CheckMacroAntennaProperties' at 'project/m4/synth/runs/RUN_2026-06-05_21-15-13/14-odb-checkmacroantennaproperties'…
No cells provided, skipping…
Running 'Odb.SetPowerConnections' at 'project/m4/synth/runs/RUN_2026-06-05_21-15-13/15-odb-setpowerconnections'…
Logging subprocess to [repr.filename]'project/m4/synth/runs/RUN_2026-06-05_21-15-13/15-odb-setpowerconnections/odb-setpowerconnections.log'[/repr.filename]…
Running 'Odb.ManualMacroPlacement' at 'project/m4/synth/runs/RUN_2026-06-05_21-15-13/16-odb-manualmacroplacement'…
No instances found, skipping 'Odb.ManualMacroPlacement'…
Running 'OpenROAD.CutRows' at 'project/m4/synth/runs/RUN_2026-06-05_21-15-13/17-openroad-cutrows'…
Logging subprocess to [repr.filename]'project/m4/synth/runs/RUN_2026-06-05_21-15-13/17-openroad-cutrows/openroad-cutrows.log'[/repr.filename]…
Running 'OpenROAD.TapEndcapInsertion' at 'project/m4/synth/runs/RUN_2026-06-05_21-15-13/18-openroad-tapendcapinsertion'…
Logging subprocess to [repr.filename]'project/m4/synth/runs/RUN_2026-06-05_21-15-13/18-openroad-tapendcapinsertion/openroad-tapendcapinsertion.log'[/repr.filename]…
Running 'Odb.AddPDNObstructions' at 'project/m4/synth/runs/RUN_2026-06-05_21-15-13/19-odb-addpdnobstructions'…
'PDN_OBSTRUCTIONS' is not defined. Skipping 'Odb.AddPDNObstructions'…
Running 'OpenROAD.GeneratePDN' at 'project/m4/synth/runs/RUN_2026-06-05_21-15-13/20-openroad-generatepdn'…
'FP_PDN_CFG' not explicitly set, setting it to /nix/store/h0ldzjka94yryiq8yxbxmwargpnmwhx6-python3-3.11.9-env/lib/python3.11/site-packages/openlane/scripts/openroad/common/pdn_cfg.tcl…
Logging subprocess to [repr.filename]'project/m4/synth/runs/RUN_2026-06-05_21-15-13/20-openroad-generatepdn/openroad-generatepdn.log'[/repr.filename]…
Running 'Odb.RemovePDNObstructions' at 'project/m4/synth/runs/RUN_2026-06-05_21-15-13/21-odb-removepdnobstructions'…
'PDN_OBSTRUCTIONS' is not defined. Skipping 'Odb.RemovePDNObstructions'…
Running 'Odb.AddRoutingObstructions' at 'project/m4/synth/runs/RUN_2026-06-05_21-15-13/22-odb-addroutingobstructions'…
'ROUTING_OBSTRUCTIONS' is not defined. Skipping 'Odb.AddRoutingObstructions'…
Running 'OpenROAD.GlobalPlacementSkipIO' at 'project/m4/synth/runs/RUN_2026-06-05_21-15-13/23-openroad-globalplacementskipio'…
Logging subprocess to [repr.filename]'project/m4/synth/runs/RUN_2026-06-05_21-15-13/23-openroad-globalplacementskipio/openroad-globalplacementskipio.log'[/repr.filename]…
Running 'OpenROAD.IOPlacement' at 'project/m4/synth/runs/RUN_2026-06-05_21-15-13/24-openroad-ioplacement'…
Logging subprocess to [repr.filename]'project/m4/synth/runs/RUN_2026-06-05_21-15-13/24-openroad-ioplacement/openroad-ioplacement.log'[/repr.filename]…
Running 'Odb.CustomIOPlacement' at 'project/m4/synth/runs/RUN_2026-06-05_21-15-13/25-odb-customioplacement'…
No custom floorplan file configured, skipping…
Running 'Odb.ApplyDEFTemplate' at 'project/m4/synth/runs/RUN_2026-06-05_21-15-13/26-odb-applydeftemplate'…
No DEF template provided, skipping…
Running 'OpenROAD.GlobalPlacement' at 'project/m4/synth/runs/RUN_2026-06-05_21-15-13/27-openroad-globalplacement'…
Logging subprocess to [repr.filename]'project/m4/synth/runs/RUN_2026-06-05_21-15-13/27-openroad-globalplacement/openroad-globalplacement.log'[/repr.filename]…
Running 'Odb.WriteVerilogHeader' at 'project/m4/synth/runs/RUN_2026-06-05_21-15-13/28-odb-writeverilogheader'…
Logging subprocess to [repr.filename]'project/m4/synth/runs/RUN_2026-06-05_21-15-13/28-odb-writeverilogheader/odb-writeverilogheader.log'[/repr.filename]…
Running 'Checker.PowerGridViolations' at 'project/m4/synth/runs/RUN_2026-06-05_21-15-13/29-checker-powergridviolations'…
Check for power grid violations (as reported by OpenROAD PSM- you may ignore these if LVS passes) clear.
Running 'OpenROAD.STAMidPNR' at 'project/m4/synth/runs/RUN_2026-06-05_21-15-13/30-openroad-stamidpnr'…
Logging subprocess to [repr.filename]'project/m4/synth/runs/RUN_2026-06-05_21-15-13/30-openroad-stamidpnr/openroad-stamidpnr.log'[/repr.filename]…
[GRT-0097] No global routing found for nets.
Running 'OpenROAD.RepairDesignPostGPL' at 'project/m4/synth/runs/RUN_2026-06-05_21-15-13/31-openroad-repairdesignpostgpl'…
Logging subprocess to [repr.filename]'project/m4/synth/runs/RUN_2026-06-05_21-15-13/31-openroad-repairdesignpostgpl/openroad-repairdesignpostgpl.log'[/repr.filename]…
Running 'Odb.ManualGlobalPlacement' at 'project/m4/synth/runs/RUN_2026-06-05_21-15-13/32-odb-manualglobalplacement'…
'MANUAL_GLOBAL_PLACEMENTS' not set, skipping…
Running 'OpenROAD.DetailedPlacement' at 'project/m4/synth/runs/RUN_2026-06-05_21-15-13/33-openroad-detailedplacement'…
Logging subprocess to [repr.filename]'project/m4/synth/runs/RUN_2026-06-05_21-15-13/33-openroad-detailedplacement/openroad-detailedplacement.log'[/repr.filename]…
Running 'OpenROAD.CTS' at 'project/m4/synth/runs/RUN_2026-06-05_21-15-13/34-openroad-cts'…
Logging subprocess to [repr.filename]'project/m4/synth/runs/RUN_2026-06-05_21-15-13/34-openroad-cts/openroad-cts.log'[/repr.filename]…
Running 'OpenROAD.STAMidPNR-1' at 'project/m4/synth/runs/RUN_2026-06-05_21-15-13/35-openroad-stamidpnr-1'…
Logging subprocess to [repr.filename]'project/m4/synth/runs/RUN_2026-06-05_21-15-13/35-openroad-stamidpnr-1/openroad-stamidpnr-1.log'[/repr.filename]…
[GRT-0097] No global routing found for nets.
Running 'OpenROAD.ResizerTimingPostCTS' at 'project/m4/synth/runs/RUN_2026-06-05_21-15-13/36-openroad-resizertimingpostcts'…
Logging subprocess to [repr.filename]'project/m4/synth/runs/RUN_2026-06-05_21-15-13/36-openroad-resizertimingpostcts/openroad-resizertimingpostcts.log'[/repr.filename]…
[RSZ-0062] Unable to repair all setup violations.
Running 'OpenROAD.STAMidPNR-2' at 'project/m4/synth/runs/RUN_2026-06-05_21-15-13/37-openroad-stamidpnr-2'…
Logging subprocess to [repr.filename]'project/m4/synth/runs/RUN_2026-06-05_21-15-13/37-openroad-stamidpnr-2/openroad-stamidpnr-2.log'[/repr.filename]…
[GRT-0097] No global routing found for nets.
Running 'OpenROAD.GlobalRouting' at 'project/m4/synth/runs/RUN_2026-06-05_21-15-13/38-openroad-globalrouting'…
Logging subprocess to [repr.filename]'project/m4/synth/runs/RUN_2026-06-05_21-15-13/38-openroad-globalrouting/openroad-globalrouting.log'[/repr.filename]…
Running 'OpenROAD.CheckAntennas' at 'project/m4/synth/runs/RUN_2026-06-05_21-15-13/39-openroad-checkantennas'…
Logging subprocess to [repr.filename]'project/m4/synth/runs/RUN_2026-06-05_21-15-13/39-openroad-checkantennas/openroad-checkantennas.log'[/repr.filename]…
Gating variable for step 'OpenROAD.RepairDesignPostGRT' set to 'False'- the step will be skipped.
Skipping step 'Repair Design (Post-Global Routing)'…
Running 'Odb.DiodesOnPorts' at 'project/m4/synth/runs/RUN_2026-06-05_21-15-13/40-odb-diodesonports'…
Running 'Odb.PortDiodePlacement' at 'project/m4/synth/runs/RUN_2026-06-05_21-15-13/40-odb-diodesonports/1-odb-portdiodeplacement'…
'GPL_CELL_PADDING' is set to 0. This step may cause overlap failures.
Logging subprocess to [repr.filename]'project/m4/synth/runs/RUN_2026-06-05_21-15-13/40-odb-diodesonports/1-odb-portdiodeplacement/odb-portdiodeplacement.log'[/repr.filename]…
Running 'OpenROAD.DetailedPlacement' at 'project/m4/synth/runs/RUN_2026-06-05_21-15-13/40-odb-diodesonports/2-openroad-detailedplacement'…
Logging subprocess to [repr.filename]'project/m4/synth/runs/RUN_2026-06-05_21-15-13/40-odb-diodesonports/2-openroad-detailedplacement/openroad-detailedplacement.log'[/repr.filename]…
Running 'OpenROAD.GlobalRouting' at 'project/m4/synth/runs/RUN_2026-06-05_21-15-13/40-odb-diodesonports/3-openroad-globalrouting'…
Logging subprocess to [repr.filename]'project/m4/synth/runs/RUN_2026-06-05_21-15-13/40-odb-diodesonports/3-openroad-globalrouting/openroad-globalrouting.log'[/repr.filename]…
Running 'Odb.HeuristicDiodeInsertion' at 'project/m4/synth/runs/RUN_2026-06-05_21-15-13/41-odb-heuristicdiodeinsertion'…
Running 'Odb.FuzzyDiodePlacement' at 'project/m4/synth/runs/RUN_2026-06-05_21-15-13/41-odb-heuristicdiodeinsertion/1-odb-fuzzydiodeplacement'…
'GPL_CELL_PADDING' is set to 0. This step may cause overlap failures.
Logging subprocess to [repr.filename]'project/m4/synth/runs/RUN_2026-06-05_21-15-13/41-odb-heuristicdiodeinsertion/1-odb-fuzzydiodeplacement/odb-fuzzydiodeplacement.log'[/repr.filename]…
Running 'OpenROAD.DetailedPlacement' at 'project/m4/synth/runs/RUN_2026-06-05_21-15-13/41-odb-heuristicdiodeinsertion/2-openroad-detailedplacement'…
Logging subprocess to [repr.filename]'project/m4/synth/runs/RUN_2026-06-05_21-15-13/41-odb-heuristicdiodeinsertion/2-openroad-detailedplacement/openroad-detailedplacement.log'[/repr.filename]…
Running 'OpenROAD.GlobalRouting' at 'project/m4/synth/runs/RUN_2026-06-05_21-15-13/41-odb-heuristicdiodeinsertion/3-openroad-globalrouting'…
Logging subprocess to [repr.filename]'project/m4/synth/runs/RUN_2026-06-05_21-15-13/41-odb-heuristicdiodeinsertion/3-openroad-globalrouting/openroad-globalrouting.log'[/repr.filename]…
Gating variable for step 'OpenROAD.RepairAntennas' set to 'False'- the step will be skipped.
Skipping step 'Antenna Repair'…
Gating variable for step 'OpenROAD.ResizerTimingPostGRT' set to 'False'- the step will be skipped.
Skipping step 'Resizer Timing Optimizations (Post-Global Routing)'…
Running 'OpenROAD.STAMidPNR-3' at 'project/m4/synth/runs/RUN_2026-06-05_21-15-13/42-openroad-stamidpnr-3'…
Logging subprocess to [repr.filename]'project/m4/synth/runs/RUN_2026-06-05_21-15-13/42-openroad-stamidpnr-3/openroad-stamidpnr-3.log'[/repr.filename]…
Running 'OpenROAD.DetailedRouting' at 'project/m4/synth/runs/RUN_2026-06-05_21-15-13/43-openroad-detailedrouting'…
Running TritonRoute with 4 threads…
Logging subprocess to [repr.filename]'project/m4/synth/runs/RUN_2026-06-05_21-15-13/43-openroad-detailedrouting/openroad-detailedrouting.log'[/repr.filename]…
[DRT-0349] LEF58_ENCLOSURE with no CUTCLASS is not supported. Skipping for layer mcon
[DRT-0349] LEF58_ENCLOSURE with no CUTCLASS is not supported. Skipping for layer mcon
[DRT-0349] LEF58_ENCLOSURE with no CUTCLASS is not supported. Skipping for layer via
[DRT-0349] LEF58_ENCLOSURE with no CUTCLASS is not supported. Skipping for layer via
[DRT-0349] LEF58_ENCLOSURE with no CUTCLASS is not supported. Skipping for layer via2
[DRT-0349] LEF58_ENCLOSURE with no CUTCLASS is not supported. Skipping for layer via2
[DRT-0349] LEF58_ENCLOSURE with no CUTCLASS is not supported. Skipping for layer via3
[DRT-0349] LEF58_ENCLOSURE with no CUTCLASS is not supported. Skipping for layer via3
[DRT-0349] LEF58_ENCLOSURE with no CUTCLASS is not supported. Skipping for layer via4
[DRT-0349] LEF58_ENCLOSURE with no CUTCLASS is not supported. Skipping for layer via4
Running 'Odb.RemoveRoutingObstructions' at 'project/m4/synth/runs/RUN_2026-06-05_21-15-13/44-odb-removeroutingobstructions'…
'ROUTING_OBSTRUCTIONS' is not defined. Skipping 'Odb.RemoveRoutingObstructions'…
Running 'OpenROAD.CheckAntennas-1' at 'project/m4/synth/runs/RUN_2026-06-05_21-15-13/45-openroad-checkantennas-1'…
Logging subprocess to [repr.filename]'project/m4/synth/runs/RUN_2026-06-05_21-15-13/45-openroad-checkantennas-1/openroad-checkantennas-1.log'[/repr.filename]…
Running 'Checker.TrDRC' at 'project/m4/synth/runs/RUN_2026-06-05_21-15-13/46-checker-trdrc'…
Check for Routing DRC errors clear.
Running 'Odb.ReportDisconnectedPins' at 'project/m4/synth/runs/RUN_2026-06-05_21-15-13/47-odb-reportdisconnectedpins'…
Logging subprocess to [repr.filename]'project/m4/synth/runs/RUN_2026-06-05_21-15-13/47-odb-reportdisconnectedpins/odb-reportdisconnectedpins.log'[/repr.filename]…
Running 'Checker.DisconnectedPins' at 'project/m4/synth/runs/RUN_2026-06-05_21-15-13/48-checker-disconnectedpins'…
Check for critical disconnected pins clear.
Running 'Odb.ReportWireLength' at 'project/m4/synth/runs/RUN_2026-06-05_21-15-13/49-odb-reportwirelength'…
Logging subprocess to [repr.filename]'project/m4/synth/runs/RUN_2026-06-05_21-15-13/49-odb-reportwirelength/odb-reportwirelength.log'[/repr.filename]…
Running 'Checker.WireLength' at 'project/m4/synth/runs/RUN_2026-06-05_21-15-13/50-checker-wirelength'…
Threshold for Threshold-surpassing long wires is not set. The checker will be skipped.
Running 'OpenROAD.FillInsertion' at 'project/m4/synth/runs/RUN_2026-06-05_21-15-13/51-openroad-fillinsertion'…
Logging subprocess to [repr.filename]'project/m4/synth/runs/RUN_2026-06-05_21-15-13/51-openroad-fillinsertion/openroad-fillinsertion.log'[/repr.filename]…
Running 'Odb.CellFrequencyTables' at 'project/m4/synth/runs/RUN_2026-06-05_21-15-13/52-odb-cellfrequencytables'…
Logging subprocess to [repr.filename]'project/m4/synth/runs/RUN_2026-06-05_21-15-13/52-odb-cellfrequencytables/buffer_list.txt'[/repr.filename]…
Logging subprocess to [repr.filename]'project/m4/synth/runs/RUN_2026-06-05_21-15-13/52-odb-cellfrequencytables/odb-cellfrequencytables.log'[/repr.filename]…
Running 'OpenROAD.RCX' at 'project/m4/synth/runs/RUN_2026-06-05_21-15-13/53-openroad-rcx'…
Running RCX for corners matching nom_* (/mnt/c/Users/Default.DESKTOP-A45I1O9/akularanjith-akularanjith--ECE510-2026-SPRING/project/m4/synth/runs/RUN_2026-06-05_21-15-13/53-openroad-rcx/nom/rcx.log)…
Running RCX for corners matching max_* (/mnt/c/Users/Default.DESKTOP-A45I1O9/akularanjith-akularanjith--ECE510-2026-SPRING/project/m4/synth/runs/RUN_2026-06-05_21-15-13/53-openroad-rcx/max/rcx.log)…
Running RCX for corners matching min_* (/mnt/c/Users/Default.DESKTOP-A45I1O9/akularanjith-akularanjith--ECE510-2026-SPRING/project/m4/synth/runs/RUN_2026-06-05_21-15-13/53-openroad-rcx/min/rcx.log)…
Logging subprocess to [repr.filename]'project/m4/synth/runs/RUN_2026-06-05_21-15-13/53-openroad-rcx/nom/rcx.log'[/repr.filename]…
Logging subprocess to [repr.filename]'project/m4/synth/runs/RUN_2026-06-05_21-15-13/53-openroad-rcx/max/rcx.log'[/repr.filename]…
Logging subprocess to [repr.filename]'project/m4/synth/runs/RUN_2026-06-05_21-15-13/53-openroad-rcx/min/rcx.log'[/repr.filename]…
Finished RCX for corners matching nom_*.
Finished RCX for corners matching max_*.
Finished RCX for corners matching min_*.
Running 'OpenROAD.STAPostPNR' at 'project/m4/synth/runs/RUN_2026-06-05_21-15-13/54-openroad-stapostpnr'…
Starting STA for the nom_tt_025C_1v80 timing corner…
Starting STA for the nom_ss_100C_1v60 timing corner…
Starting STA for the nom_ff_n40C_1v95 timing corner…
Starting STA for the min_tt_025C_1v80 timing corner…
Logging subprocess to [repr.filename]'project/m4/synth/runs/RUN_2026-06-05_21-15-13/54-openroad-stapostpnr/nom_tt_025C_1v80/sta.log'[/repr.filename]…
Logging subprocess to [repr.filename]'project/m4/synth/runs/RUN_2026-06-05_21-15-13/54-openroad-stapostpnr/nom_ss_100C_1v60/sta.log'[/repr.filename]…
Logging subprocess to [repr.filename]'project/m4/synth/runs/RUN_2026-06-05_21-15-13/54-openroad-stapostpnr/nom_ff_n40C_1v95/sta.log'[/repr.filename]…
Logging subprocess to [repr.filename]'project/m4/synth/runs/RUN_2026-06-05_21-15-13/54-openroad-stapostpnr/min_tt_025C_1v80/sta.log'[/repr.filename]…
Finished STA for the nom_tt_025C_1v80 timing corner.
Finished STA for the nom_ff_n40C_1v95 timing corner.
Logging subprocess to [repr.filename]'project/m4/synth/runs/RUN_2026-06-05_21-15-13/54-openroad-stapostpnr/nom_tt_025C_1v80/filter_unannotated.log'[/repr.filename]…
Logging subprocess to [repr.filename]'project/m4/synth/runs/RUN_2026-06-05_21-15-13/54-openroad-stapostpnr/nom_ff_n40C_1v95/filter_unannotated.log'[/repr.filename]…
Finished STA for the nom_ss_100C_1v60 timing corner.
Finished STA for the min_tt_025C_1v80 timing corner.
Logging subprocess to [repr.filename]'project/m4/synth/runs/RUN_2026-06-05_21-15-13/54-openroad-stapostpnr/nom_ss_100C_1v60/filter_unannotated.log'[/repr.filename]…
Logging subprocess to [repr.filename]'project/m4/synth/runs/RUN_2026-06-05_21-15-13/54-openroad-stapostpnr/min_tt_025C_1v80/filter_unannotated.log'[/repr.filename]…
Starting STA for the min_ss_100C_1v60 timing corner…
Logging subprocess to [repr.filename]'project/m4/synth/runs/RUN_2026-06-05_21-15-13/54-openroad-stapostpnr/min_ss_100C_1v60/sta.log'[/repr.filename]…
Starting STA for the min_ff_n40C_1v95 timing corner…
Starting STA for the max_tt_025C_1v80 timing corner…
Logging subprocess to [repr.filename]'project/m4/synth/runs/RUN_2026-06-05_21-15-13/54-openroad-stapostpnr/min_ff_n40C_1v95/sta.log'[/repr.filename]…
Logging subprocess to [repr.filename]'project/m4/synth/runs/RUN_2026-06-05_21-15-13/54-openroad-stapostpnr/max_tt_025C_1v80/sta.log'[/repr.filename]…
Starting STA for the max_ss_100C_1v60 timing corner…
Logging subprocess to [repr.filename]'project/m4/synth/runs/RUN_2026-06-05_21-15-13/54-openroad-stapostpnr/max_ss_100C_1v60/sta.log'[/repr.filename]…
Finished STA for the min_ss_100C_1v60 timing corner.
Logging subprocess to [repr.filename]'project/m4/synth/runs/RUN_2026-06-05_21-15-13/54-openroad-stapostpnr/min_ss_100C_1v60/filter_unannotated.log'[/repr.filename]…
Finished STA for the min_ff_n40C_1v95 timing corner.
Logging subprocess to [repr.filename]'project/m4/synth/runs/RUN_2026-06-05_21-15-13/54-openroad-stapostpnr/min_ff_n40C_1v95/filter_unannotated.log'[/repr.filename]…
Finished STA for the max_tt_025C_1v80 timing corner.
Finished STA for the max_ss_100C_1v60 timing corner.
Logging subprocess to [repr.filename]'project/m4/synth/runs/RUN_2026-06-05_21-15-13/54-openroad-stapostpnr/max_tt_025C_1v80/filter_unannotated.log'[/repr.filename]…
Logging subprocess to [repr.filename]'project/m4/synth/runs/RUN_2026-06-05_21-15-13/54-openroad-stapostpnr/max_ss_100C_1v60/filter_unannotated.log'[/repr.filename]…
Starting STA for the max_ff_n40C_1v95 timing corner…
Logging subprocess to [repr.filename]'project/m4/synth/runs/RUN_2026-06-05_21-15-13/54-openroad-stapostpnr/max_ff_n40C_1v95/sta.log'[/repr.filename]…
Finished STA for the max_ff_n40C_1v95 timing corner.
Logging subprocess to [repr.filename]'project/m4/synth/runs/RUN_2026-06-05_21-15-13/54-openroad-stapostpnr/max_ff_n40C_1v95/filter_unannotated.log'[/repr.filename]…
Running 'OpenROAD.IRDropReport' at 'project/m4/synth/runs/RUN_2026-06-05_21-15-13/55-openroad-irdropreport'…
'VSRC_LOC_FILES' was not given a value, which may make the results of IR drop analysis inaccurate. If you are not integrating a top-level chip for manufacture, you may ignore this warning, otherwise, see the documentation for 'VSRC_LOC_FILES'.
Logging subprocess to [repr.filename]'project/m4/synth/runs/RUN_2026-06-05_21-15-13/55-openroad-irdropreport/openroad-irdropreport.log'[/repr.filename]…
[INFO PSM-0040] All shapes on net vccd1 are connected.
########## IR report #################
Net              : vccd1
Corner           : nom_tt_025C_1v80
Supply voltage   : 1.80e+00 V
Worstcase voltage: 1.80e+00 V
Average voltage  : 1.80e+00 V
Average IR drop  : 1.44e-04 V
Worstcase IR drop: 6.88e-04 V
Percentage drop  : 0.04 %
######################################
[INFO PSM-0040] All shapes on net vssd1 are connected.
########## IR report #################
Net              : vssd1
Corner           : nom_tt_025C_1v80
Supply voltage   : 0.00e+00 V
Worstcase voltage: 1.03e-03 V
Average voltage  : 1.55e-04 V
Average IR drop  : 1.55e-04 V
Worstcase IR drop: 1.03e-03 V
Percentage drop  : 0.06 %
######################################

Running 'Magic.StreamOut' at 'project/m4/synth/runs/RUN_2026-06-05_21-15-13/56-magic-streamout'…
Logging subprocess to [repr.filename]'project/m4/synth/runs/RUN_2026-06-05_21-15-13/56-magic-streamout/magic-streamout.log'[/repr.filename]…
Running 'KLayout.StreamOut' at 'project/m4/synth/runs/RUN_2026-06-05_21-15-13/57-klayout-streamout'…
Logging subprocess to [repr.filename]'project/m4/synth/runs/RUN_2026-06-05_21-15-13/57-klayout-streamout/klayout-streamout.log'[/repr.filename]…
Running 'Magic.WriteLEF' at 'project/m4/synth/runs/RUN_2026-06-05_21-15-13/58-magic-writelef'…
Logging subprocess to [repr.filename]'project/m4/synth/runs/RUN_2026-06-05_21-15-13/58-magic-writelef/magic-writelef.log'[/repr.filename]…
Running 'Odb.CheckDesignAntennaProperties' at 'project/m4/synth/runs/RUN_2026-06-05_21-15-13/59-odb-checkdesignantennaproperties'…
Logging subprocess to [repr.filename]'project/m4/synth/runs/RUN_2026-06-05_21-15-13/59-odb-checkdesignantennaproperties/odb-checkdesignantennaproperties.log'[/repr.filename]…
Running 'KLayout.XOR' at 'project/m4/synth/runs/RUN_2026-06-05_21-15-13/60-klayout-xor'…
Running XOR with 4 threads…
Logging subprocess to [repr.filename]'project/m4/synth/runs/RUN_2026-06-05_21-15-13/60-klayout-xor/klayout-xor.log'[/repr.filename]…
Running 'Checker.XOR' at 'project/m4/synth/runs/RUN_2026-06-05_21-15-13/61-checker-xor'…
Check for XOR differences clear.
Running 'Magic.DRC' at 'project/m4/synth/runs/RUN_2026-06-05_21-15-13/62-magic-drc'…
Logging subprocess to [repr.filename]'project/m4/synth/runs/RUN_2026-06-05_21-15-13/62-magic-drc/magic-drc.log'[/repr.filename]…
Running 'KLayout.DRC' at 'project/m4/synth/runs/RUN_2026-06-05_21-15-13/63-klayout-drc'…
Running KLayout DRC with 4 threads…
Logging subprocess to [repr.filename]'project/m4/synth/runs/RUN_2026-06-05_21-15-13/63-klayout-drc/klayout-drc.log'[/repr.filename]…
Logging subprocess to [repr.filename]'project/m4/synth/runs/RUN_2026-06-05_21-15-13/63-klayout-drc/xml_drc_report_to_json.log'[/repr.filename]…
Running 'Checker.MagicDRC' at 'project/m4/synth/runs/RUN_2026-06-05_21-15-13/64-checker-magicdrc'…
Check for Magic DRC errors clear.
Running 'Checker.KLayoutDRC' at 'project/m4/synth/runs/RUN_2026-06-05_21-15-13/65-checker-klayoutdrc'…
Check for KLayout DRC errors clear.
Running 'Magic.SpiceExtraction' at 'project/m4/synth/runs/RUN_2026-06-05_21-15-13/66-magic-spiceextraction'…
Logging subprocess to [repr.filename]'project/m4/synth/runs/RUN_2026-06-05_21-15-13/66-magic-spiceextraction/magic-spiceextraction.log'[/repr.filename]…
Running 'Checker.IllegalOverlap' at 'project/m4/synth/runs/RUN_2026-06-05_21-15-13/67-checker-illegaloverlap'…
Check for Magic Illegal Overlap errors clear.
Running 'Netgen.LVS' at 'project/m4/synth/runs/RUN_2026-06-05_21-15-13/68-netgen-lvs'…
Logging subprocess to [repr.filename]'project/m4/synth/runs/RUN_2026-06-05_21-15-13/68-netgen-lvs/netgen-lvs.log'[/repr.filename]…
Running 'Checker.LVS' at 'project/m4/synth/runs/RUN_2026-06-05_21-15-13/69-checker-lvs'…
Check for LVS errors clear.
Gating variable for step 'Yosys.EQY' set to 'False'- the step will be skipped.
Skipping step 'Equivalence Check'…
Running 'Checker.SetupViolations' at 'project/m4/synth/runs/RUN_2026-06-05_21-15-13/70-checker-setupviolations'…
Setup violations found in the following corners:
* max_ss_100C_1v60
* min_ss_100C_1v60
* nom_ss_100C_1v60
No setup violations found
Running 'Checker.HoldViolations' at 'project/m4/synth/runs/RUN_2026-06-05_21-15-13/71-checker-holdviolations'…
No hold violations found
Running 'Checker.MaxSlewViolations' at 'project/m4/synth/runs/RUN_2026-06-05_21-15-13/72-checker-maxslewviolations'…
No max slew violations found
Running 'Checker.MaxCapViolations' at 'project/m4/synth/runs/RUN_2026-06-05_21-15-13/73-checker-maxcapviolations'…
No max cap violations found
Running 'Misc.ReportManufacturability' at 'project/m4/synth/runs/RUN_2026-06-05_21-15-13/74-misc-reportmanufacturability'…
Saving views to '/mnt/c/Users/Default.DESKTOP-A45I1O9/akularanjith-akularanjith--ECE510-2026-SPRING/project/m4/synth/runs/RUN_2026-06-05_21-15-13/final'…
Flow complete.
