Reading OpenROAD database at '/mnt/c/Users/Default.DESKTOP-A45I1O9/akularanjith-akularanjith--ECE510-2026-SPRING/project/m3/synth/runs/RUN_2026-05-23_19-57-42/41-openroad-repairantennas/1-diodeinsertion/top.odb'…
Reading library file at '/home/default/.volare/volare/sky130/versions/0fe599b2afb6708d281543108caf8310912f54af/sky130A/libs.ref/sky130_fd_sc_hd/lib/sky130_fd_sc_hd__tt_025C_1v80.lib'…
Reading design constraints file at '/nix/store/h0ldzjka94yryiq8yxbxmwargpnmwhx6-python3-3.11.9-env/lib/python3.11/site-packages/openlane/scripts/base.sdc'…
[INFO] Using clock aclk…
[INFO] Setting output delay to: 2.0
[INFO] Setting input delay to: 2.0
[INFO] Setting load to: 0.033442
[INFO] Setting clock uncertainty to: 0.25
[INFO] Setting clock transition to: 0.1499999999999999944488848768742172978818416595458984375
[INFO] Setting timing derate to: 5%
[INFO ORD-0030] Using 4 thread(s).
[INFO DRT-0149] Reading tech and libs.
[WARNING DRT-0349] LEF58_ENCLOSURE with no CUTCLASS is not supported. Skipping for layer mcon
[WARNING DRT-0349] LEF58_ENCLOSURE with no CUTCLASS is not supported. Skipping for layer mcon
[WARNING DRT-0349] LEF58_ENCLOSURE with no CUTCLASS is not supported. Skipping for layer via
[WARNING DRT-0349] LEF58_ENCLOSURE with no CUTCLASS is not supported. Skipping for layer via
[WARNING DRT-0349] LEF58_ENCLOSURE with no CUTCLASS is not supported. Skipping for layer via2
[WARNING DRT-0349] LEF58_ENCLOSURE with no CUTCLASS is not supported. Skipping for layer via2
[WARNING DRT-0349] LEF58_ENCLOSURE with no CUTCLASS is not supported. Skipping for layer via3
[WARNING DRT-0349] LEF58_ENCLOSURE with no CUTCLASS is not supported. Skipping for layer via3
[WARNING DRT-0349] LEF58_ENCLOSURE with no CUTCLASS is not supported. Skipping for layer via4
[WARNING DRT-0349] LEF58_ENCLOSURE with no CUTCLASS is not supported. Skipping for layer via4

Units:                1000
Number of layers:     13
Number of macros:     441
Number of vias:       28
Number of viarulegen: 25

[INFO DRT-0150] Reading design.

Design:                   top
Die area:                 ( 0 0 ) ( 143165 153885 )
Number of track patterns: 12
Number of DEF vias:       0
Number of components:     1166
Number of terminals:      58
Number of snets:          2
Number of nets:           839

[INFO DRT-0167] List of default vias:
  Layer via
    default via: M1M2_PR
  Layer via2
    default via: M2M3_PR
  Layer via3
    default via: M3M4_PR
  Layer via4
    default via: M4M5_PR
[INFO DRT-0162] Library cell analysis.
[INFO DRT-0163] Instance analysis.
[INFO DRT-0164] Number of unique instances = 182.
[INFO DRT-0168] Init region query.
[INFO DRT-0024]   Complete FR_MASTERSLICE.
[INFO DRT-0024]   Complete licon.
[INFO DRT-0024]   Complete li1.
[INFO DRT-0024]   Complete mcon.
[INFO DRT-0024]   Complete met1.
[INFO DRT-0024]   Complete via.
[INFO DRT-0024]   Complete met2.
[INFO DRT-0024]   Complete via2.
[INFO DRT-0024]   Complete met3.
[INFO DRT-0024]   Complete via3.
[INFO DRT-0024]   Complete met4.
[INFO DRT-0024]   Complete via4.
[INFO DRT-0024]   Complete met5.
[INFO DRT-0033] FR_MASTERSLICE shape region query size = 0.
[INFO DRT-0033] licon shape region query size = 0.
[INFO DRT-0033] li1 shape region query size = 24757.
[INFO DRT-0033] mcon shape region query size = 0.
[INFO DRT-0033] met1 shape region query size = 2862.
[INFO DRT-0033] via shape region query size = 245.
[INFO DRT-0033] met2 shape region query size = 165.
[INFO DRT-0033] via2 shape region query size = 196.
[INFO DRT-0033] met3 shape region query size = 185.
[INFO DRT-0033] via3 shape region query size = 196.
[INFO DRT-0033] met4 shape region query size = 53.
[INFO DRT-0033] via4 shape region query size = 0.
[INFO DRT-0033] met5 shape region query size = 0.
[INFO DRT-0165] Start pin access.
[INFO DRT-0078]   Complete 670 pins.
[INFO DRT-0079]   Complete 100 unique inst patterns.
[INFO DRT-0081]   Complete 176 unique inst patterns.
[INFO DRT-0084]   Complete 503 groups.
#scanned instances     = 1166
#unique  instances     = 182
#stdCellGenAp          = 5108
#stdCellValidPlanarAp  = 7
#stdCellValidViaAp     = 4027
#stdCellPinNoAp        = 0
#stdCellPinCnt         = 2821
#instTermValidViaApCnt = 0
#macroGenAp            = 0
#macroValidPlanarAp    = 0
#macroValidViaAp       = 0
#macroNoAp             = 0
[INFO DRT-0166] Complete pin access.
[INFO DRT-0267] cpu time = 00:00:50, elapsed time = 00:00:12, memory = 142.04 (MB), peak = 141.43 (MB)

[INFO DRT-0157] Number of guides:     5250

[INFO DRT-0169] Post process guides.
[INFO DRT-0176] GCELLGRID X 0 DO 20 STEP 6900 ;
[INFO DRT-0177] GCELLGRID Y 0 DO 22 STEP 6900 ;
[INFO DRT-0028]   Complete FR_MASTERSLICE.
[INFO DRT-0028]   Complete licon.
[INFO DRT-0028]   Complete li1.
[INFO DRT-0028]   Complete mcon.
[INFO DRT-0028]   Complete met1.
[INFO DRT-0028]   Complete via.
[INFO DRT-0028]   Complete met2.
[INFO DRT-0028]   Complete via2.
[INFO DRT-0028]   Complete met3.
[INFO DRT-0028]   Complete via3.
[INFO DRT-0028]   Complete met4.
[INFO DRT-0028]   Complete via4.
[INFO DRT-0028]   Complete met5.
[INFO DRT-0178] Init guide query.
[INFO DRT-0035]   Complete FR_MASTERSLICE (guide).
[INFO DRT-0035]   Complete licon (guide).
[INFO DRT-0035]   Complete li1 (guide).
[INFO DRT-0035]   Complete mcon (guide).
[INFO DRT-0035]   Complete met1 (guide).
[INFO DRT-0035]   Complete via (guide).
[INFO DRT-0035]   Complete met2 (guide).
[INFO DRT-0035]   Complete via2 (guide).
[INFO DRT-0035]   Complete met3 (guide).
[INFO DRT-0035]   Complete via3 (guide).
[INFO DRT-0035]   Complete met4 (guide).
[INFO DRT-0035]   Complete via4 (guide).
[INFO DRT-0035]   Complete met5 (guide).
[INFO DRT-0036] FR_MASTERSLICE guide region query size = 0.
[INFO DRT-0036] licon guide region query size = 0.
[INFO DRT-0036] li1 guide region query size = 2011.
[INFO DRT-0036] mcon guide region query size = 0.
[INFO DRT-0036] met1 guide region query size = 1411.
[INFO DRT-0036] via guide region query size = 0.
[INFO DRT-0036] met2 guide region query size = 696.
[INFO DRT-0036] via2 guide region query size = 0.
[INFO DRT-0036] met3 guide region query size = 38.
[INFO DRT-0036] via3 guide region query size = 0.
[INFO DRT-0036] met4 guide region query size = 0.
[INFO DRT-0036] via4 guide region query size = 0.
[INFO DRT-0036] met5 guide region query size = 0.
[INFO DRT-0179] Init gr pin query.
[INFO DRT-0245] skipped writing guide updates to database.
[INFO DRT-0185] Post process initialize RPin region query.
[INFO DRT-0181] Start track assignment.
[INFO DRT-0184] Done with 2707 vertical wires in 1 frboxes and 1449 horizontal wires in 1 frboxes.
[INFO DRT-0186] Done with 158 vertical wires in 1 frboxes and 396 horizontal wires in 1 frboxes.
[INFO DRT-0182] Complete track assignment.
[INFO DRT-0267] cpu time = 00:00:01, elapsed time = 00:00:00, memory = 155.29 (MB), peak = 154.80 (MB)
[INFO DRT-0187] Start routing data preparation.
[INFO DRT-0267] cpu time = 00:00:00, elapsed time = 00:00:00, memory = 155.34 (MB), peak = 154.80 (MB)
[INFO DRT-0194] Start detail routing.
[INFO DRT-0195] Start 0th optimization iteration.
    Completing 10% with 0 violations.
    elapsed time = 00:00:01, memory = 215.86 (MB).
    Completing 20% with 0 violations.
    elapsed time = 00:00:02, memory = 199.33 (MB).
    Completing 30% with 0 violations.
    elapsed time = 00:00:02, memory = 180.47 (MB).
    Completing 40% with 56 violations.
    elapsed time = 00:00:02, memory = 180.47 (MB).
    Completing 50% with 56 violations.
    elapsed time = 00:00:02, memory = 180.47 (MB).
    Completing 60% with 56 violations.
    elapsed time = 00:00:05, memory = 206.55 (MB).
    Completing 70% with 105 violations.
    elapsed time = 00:00:06, memory = 241.82 (MB).
    Completing 80% with 105 violations.
    elapsed time = 00:00:06, memory = 241.82 (MB).
    Completing 90% with 124 violations.
    elapsed time = 00:00:06, memory = 241.82 (MB).
    Completing 100% with 152 violations.
    elapsed time = 00:00:07, memory = 242.88 (MB).
[INFO DRT-0199]   Number of violations = 162.
Viol/Layer         li1   met1   met2   met3
Metal Spacing       13     42      5     11
Recheck              1      6      3      0
Short                0     79      2      0
[INFO DRT-0267] cpu time = 00:00:17, elapsed time = 00:00:07, memory = 579.66 (MB), peak = 579.11 (MB)
Total wire length = 14891 um.
Total wire length on LAYER li1 = 0 um.
Total wire length on LAYER met1 = 7591 um.
Total wire length on LAYER met2 = 7140 um.
Total wire length on LAYER met3 = 159 um.
Total wire length on LAYER met4 = 0 um.
Total wire length on LAYER met5 = 0 um.
Total number of vias = 5379.
Up-via summary (total 5379):

-----------------------
 FR_MASTERSLICE       0
            li1    2820
           met1    2521
           met2      38
           met3       0
           met4       0
-----------------------
                   5379


[INFO DRT-0195] Start 1st optimization iteration.
    Completing 10% with 162 violations.
    elapsed time = 00:00:01, memory = 615.98 (MB).
    Completing 20% with 162 violations.
    elapsed time = 00:00:02, memory = 626.16 (MB).
    Completing 30% with 134 violations.
    elapsed time = 00:00:02, memory = 650.82 (MB).
    Completing 40% with 134 violations.
    elapsed time = 00:00:04, memory = 626.16 (MB).
    Completing 50% with 134 violations.
    elapsed time = 00:00:04, memory = 626.16 (MB).
    Completing 60% with 108 violations.
    elapsed time = 00:00:04, memory = 651.16 (MB).
    Completing 70% with 108 violations.
    elapsed time = 00:00:05, memory = 626.16 (MB).
    Completing 80% with 89 violations.
    elapsed time = 00:00:05, memory = 626.16 (MB).
    Completing 90% with 89 violations.
    elapsed time = 00:00:06, memory = 626.16 (MB).
    Completing 100% with 77 violations.
    elapsed time = 00:00:06, memory = 626.16 (MB).
[INFO DRT-0199]   Number of violations = 77.
Viol/Layer        met1   met2   met3
Metal Spacing       17      3     10
Short               47      0      0
[INFO DRT-0267] cpu time = 00:00:15, elapsed time = 00:00:06, memory = 629.16 (MB), peak = 650.62 (MB)
Total wire length = 14816 um.
Total wire length on LAYER li1 = 0 um.
Total wire length on LAYER met1 = 7569 um.
Total wire length on LAYER met2 = 7075 um.
Total wire length on LAYER met3 = 171 um.
Total wire length on LAYER met4 = 0 um.
Total wire length on LAYER met5 = 0 um.
Total number of vias = 5365.
Up-via summary (total 5365):

-----------------------
 FR_MASTERSLICE       0
            li1    2819
           met1    2508
           met2      38
           met3       0
           met4       0
-----------------------
                   5365


[INFO DRT-0195] Start 2nd optimization iteration.
    Completing 10% with 77 violations.
    elapsed time = 00:00:00, memory = 629.16 (MB).
    Completing 20% with 77 violations.
    elapsed time = 00:00:01, memory = 629.16 (MB).
    Completing 30% with 65 violations.
    elapsed time = 00:00:01, memory = 631.31 (MB).
    Completing 40% with 65 violations.
    elapsed time = 00:00:02, memory = 631.31 (MB).
    Completing 50% with 65 violations.
    elapsed time = 00:00:02, memory = 631.31 (MB).
    Completing 60% with 59 violations.
    elapsed time = 00:00:02, memory = 631.31 (MB).
    Completing 70% with 59 violations.
    elapsed time = 00:00:05, memory = 646.98 (MB).
    Completing 80% with 55 violations.
    elapsed time = 00:00:05, memory = 646.98 (MB).
    Completing 90% with 55 violations.
    elapsed time = 00:00:06, memory = 646.98 (MB).
    Completing 100% with 59 violations.
    elapsed time = 00:00:06, memory = 646.98 (MB).
[INFO DRT-0199]   Number of violations = 59.
Viol/Layer        met1   met2
Metal Spacing       18      0
Short               39      2
[INFO DRT-0267] cpu time = 00:00:15, elapsed time = 00:00:07, memory = 646.98 (MB), peak = 650.62 (MB)
Total wire length = 14790 um.
Total wire length on LAYER li1 = 0 um.
Total wire length on LAYER met1 = 7552 um.
Total wire length on LAYER met2 = 7061 um.
Total wire length on LAYER met3 = 176 um.
Total wire length on LAYER met4 = 0 um.
Total wire length on LAYER met5 = 0 um.
Total number of vias = 5352.
Up-via summary (total 5352):

-----------------------
 FR_MASTERSLICE       0
            li1    2819
           met1    2495
           met2      38
           met3       0
           met4       0
-----------------------
                   5352


[INFO DRT-0195] Start 3rd optimization iteration.
    Completing 10% with 59 violations.
    elapsed time = 00:00:00, memory = 656.02 (MB).
    Completing 20% with 59 violations.
    elapsed time = 00:00:01, memory = 656.02 (MB).
    Completing 30% with 59 violations.
    elapsed time = 00:00:00, memory = 656.02 (MB).
    Completing 40% with 17 violations.
    elapsed time = 00:00:00, memory = 656.02 (MB).
    Completing 50% with 17 violations.
    elapsed time = 00:00:00, memory = 656.02 (MB).
    Completing 60% with 17 violations.
    elapsed time = 00:00:01, memory = 656.02 (MB).
    Completing 70% with 9 violations.
    elapsed time = 00:00:01, memory = 656.02 (MB).
    Completing 80% with 9 violations.
    elapsed time = 00:00:02, memory = 656.02 (MB).
    Completing 90% with 6 violations.
    elapsed time = 00:00:02, memory = 656.02 (MB).
    Completing 100% with 0 violations.
    elapsed time = 00:00:02, memory = 656.02 (MB).
[INFO DRT-0199]   Number of violations = 0.
[INFO DRT-0267] cpu time = 00:00:10, elapsed time = 00:00:02, memory = 656.02 (MB), peak = 655.46 (MB)
Total wire length = 14774 um.
Total wire length on LAYER li1 = 0 um.
Total wire length on LAYER met1 = 7377 um.
Total wire length on LAYER met2 = 7062 um.
Total wire length on LAYER met3 = 334 um.
Total wire length on LAYER met4 = 0 um.
Total wire length on LAYER met5 = 0 um.
Total number of vias = 5400.
Up-via summary (total 5400):

-----------------------
 FR_MASTERSLICE       0
            li1    2819
           met1    2512
           met2      69
           met3       0
           met4       0
-----------------------
                   5400


[INFO DRT-0198] Complete detail routing.
Total wire length = 14774 um.
Total wire length on LAYER li1 = 0 um.
Total wire length on LAYER met1 = 7377 um.
Total wire length on LAYER met2 = 7062 um.
Total wire length on LAYER met3 = 334 um.
Total wire length on LAYER met4 = 0 um.
Total wire length on LAYER met5 = 0 um.
Total number of vias = 5400.
Up-via summary (total 5400):

-----------------------
 FR_MASTERSLICE       0
            li1    2819
           met1    2512
           met2      69
           met3       0
           met4       0
-----------------------
                   5400


[INFO DRT-0267] cpu time = 00:00:58, elapsed time = 00:00:25, memory = 656.02 (MB), peak = 655.46 (MB)

[INFO DRT-0180] Post processing.
Setting global connections for newly added cells…
[INFO] Setting global connections...
Updating metrics…
Cell type report:                       Count       Area
  Fill cell                                96     360.35
  Tap cell                                250     312.80
  Buffer                                    1       3.75
  Clock buffer                              6     132.63
  Timing Repair Buffer                    125     761.98
  Inverter                                 10      37.54
  Clock inverter                            1       5.00
  Sequential cell                          52    1041.00
  Multi-Input combinational cell          625    4417.99
  Total                                  1166    7073.03
Writing OpenROAD database to '/mnt/c/Users/Default.DESKTOP-A45I1O9/akularanjith-akularanjith--ECE510-2026-SPRING/project/m3/synth/runs/RUN_2026-05-23_19-57-42/43-openroad-detailedrouting/top.odb'…
Writing netlist to '/mnt/c/Users/Default.DESKTOP-A45I1O9/akularanjith-akularanjith--ECE510-2026-SPRING/project/m3/synth/runs/RUN_2026-05-23_19-57-42/43-openroad-detailedrouting/top.nl.v'…
Writing powered netlist to '/mnt/c/Users/Default.DESKTOP-A45I1O9/akularanjith-akularanjith--ECE510-2026-SPRING/project/m3/synth/runs/RUN_2026-05-23_19-57-42/43-openroad-detailedrouting/top.pnl.v'…
Writing layout to '/mnt/c/Users/Default.DESKTOP-A45I1O9/akularanjith-akularanjith--ECE510-2026-SPRING/project/m3/synth/runs/RUN_2026-05-23_19-57-42/43-openroad-detailedrouting/top.def'…
Writing timing constraints to '/mnt/c/Users/Default.DESKTOP-A45I1O9/akularanjith-akularanjith--ECE510-2026-SPRING/project/m3/synth/runs/RUN_2026-05-23_19-57-42/43-openroad-detailedrouting/top.sdc'…
