Reading OpenROAD database at '/mnt/c/Users/Default.DESKTOP-A45I1O9/akularanjith-akularanjith--ECE510-2026-SPRING/codefest/cf07/runs/RUN_2026-05-13_16-13-14/24-openroad-ioplacement/crossbar_mac.odb'…
Reading library file at '/home/default/.volare/volare/sky130/versions/0fe599b2afb6708d281543108caf8310912f54af/sky130A/libs.ref/sky130_fd_sc_hd/lib/sky130_fd_sc_hd__tt_025C_1v80.lib'…
Reading design constraints file at '/nix/store/h0ldzjka94yryiq8yxbxmwargpnmwhx6-python3-3.11.9-env/lib/python3.11/site-packages/openlane/scripts/base.sdc'…
[INFO] Using clock clk…
[INFO] Setting output delay to: 2.0
[INFO] Setting input delay to: 2.0
[INFO] Setting load to: 0.033442
[INFO] Setting clock uncertainty to: 0.25
[INFO] Setting clock transition to: 0.1499999999999999944488848768742172978818416595458984375
[INFO] Setting timing derate to: 5%
[INFO] Setting RC values…
[INFO] Setting signal min routing layer to: met1 and clock min routing layer to met1. 
[INFO] Setting signal max routing layer to: met5 and clock max routing layer to met5. 
+ global_placement -density 0.6202570000000001 -timing_driven -routability_driven -pad_right 0 -pad_left 0 -init_wirelength_coef 0.25
[INFO GPL-0002] DBU: 1000
[INFO GPL-0003] SiteSize: (  0.460  2.720 ) um
[INFO GPL-0004] CoreBBox: (  5.520 10.880 ) ( 379.960 383.520 ) um
[INFO GPL-0006] NumInstances:              8961
[INFO GPL-0007] NumPlaceInstances:         6741
[INFO GPL-0008] NumFixedInstances:         2220
[INFO GPL-0009] NumDummyInstances:            0
[INFO GPL-0010] NumNets:                   6903
[INFO GPL-0011] NumPins:                  24521
[INFO GPL-0012] DieBBox:  (  0.000  0.000 ) ( 385.625 396.345 ) um
[INFO GPL-0013] CoreBBox: (  5.520 10.880 ) ( 379.960 383.520 ) um
[INFO GPL-0016] CoreArea:            139531.322 um^2
[INFO GPL-0017] NonPlaceInstsArea:     3463.322 um^2
[INFO GPL-0018] PlaceInstsArea:       70157.286 um^2
[INFO GPL-0019] Util:                    51.560 %
[INFO GPL-0020] StdInstsArea:         70157.286 um^2
[INFO GPL-0021] MacroInstsArea:           0.000 um^2
[InitialPlace]  Iter: 1 CG residual: 0.00017397 HPWL: 166886492
[InitialPlace]  Iter: 2 CG residual: 0.00014248 HPWL: 114234343
[InitialPlace]  Iter: 3 CG residual: 0.00049631 HPWL: 113282192
[InitialPlace]  Iter: 4 CG residual: 0.00016963 HPWL: 111112636
[InitialPlace]  Iter: 5 CG residual: 0.00011342 HPWL: 109560892
[InitialPlace]  Iter: 6 CG residual: 0.00009850 HPWL: 108514327
[InitialPlace]  Iter: 7 CG residual: 0.00013143 HPWL: 107813683
[InitialPlace]  Iter: 8 CG residual: 0.00015744 HPWL: 107507482
[InitialPlace]  Iter: 9 CG residual: 0.00011537 HPWL: 107142743
[InitialPlace]  Iter: 10 CG residual: 0.00015059 HPWL: 106940615
[InitialPlace]  Iter: 11 CG residual: 0.00007000 HPWL: 106678911
[InitialPlace]  Iter: 12 CG residual: 0.00006507 HPWL: 106624408
[InitialPlace]  Iter: 13 CG residual: 0.00003774 HPWL: 106481437
[InitialPlace]  Iter: 14 CG residual: 0.00006736 HPWL: 106510287
[InitialPlace]  Iter: 15 CG residual: 0.00009280 HPWL: 106442192
[InitialPlace]  Iter: 16 CG residual: 0.00005403 HPWL: 106481624
[InitialPlace]  Iter: 17 CG residual: 0.00018773 HPWL: 106424899
[InitialPlace]  Iter: 18 CG residual: 0.00003475 HPWL: 106474867
[InitialPlace]  Iter: 19 CG residual: 0.00003520 HPWL: 106436907
[InitialPlace]  Iter: 20 CG residual: 0.00002406 HPWL: 106481795
[INFO GPL-0031] FillerInit:NumGCells:      8126
[INFO GPL-0032] FillerInit:NumGNets:       6903
[INFO GPL-0033] FillerInit:NumGPins:      24521
[INFO GPL-0023] TargetDensity:            0.620
[INFO GPL-0024] AvrgPlaceInstArea:       10.408 um^2
[INFO GPL-0025] IdealBinArea:            16.779 um^2
[INFO GPL-0026] IdealBinCnt:               8315
[INFO GPL-0027] TotalBinArea:        139531.322 um^2
[INFO GPL-0028] BinCnt:        64     64
[INFO GPL-0029] BinSize: (  5.851  5.823 )
[INFO GPL-0030] NumBins: 4096
[NesterovSolve] Iter:    1 overflow: 0.950 HPWL: 64398882
[NesterovSolve] Iter:   10 overflow: 0.876 HPWL: 86261578
[NesterovSolve] Iter:   20 overflow: 0.829 HPWL: 91248154
[NesterovSolve] Iter:   30 overflow: 0.806 HPWL: 91374679
[NesterovSolve] Iter:   40 overflow: 0.806 HPWL: 90839162
[NesterovSolve] Iter:   50 overflow: 0.812 HPWL: 90528650
[NesterovSolve] Iter:   60 overflow: 0.815 HPWL: 90333919
[NesterovSolve] Iter:   70 overflow: 0.817 HPWL: 89980728
[NesterovSolve] Iter:   80 overflow: 0.819 HPWL: 89408222
[NesterovSolve] Iter:   90 overflow: 0.820 HPWL: 89048255
[NesterovSolve] Iter:  100 overflow: 0.817 HPWL: 89114461
[NesterovSolve] Iter:  110 overflow: 0.814 HPWL: 89345782
[NesterovSolve] Iter:  120 overflow: 0.812 HPWL: 89528987
[NesterovSolve] Iter:  130 overflow: 0.810 HPWL: 89719250
[NesterovSolve] Iter:  140 overflow: 0.808 HPWL: 90017043
[NesterovSolve] Iter:  150 overflow: 0.804 HPWL: 90523017
[NesterovSolve] Iter:  160 overflow: 0.798 HPWL: 91404886
[NesterovSolve] Iter:  170 overflow: 0.789 HPWL: 92790686
[INFO GPL-0100] Timing-driven: executing resizer for reweighting nets.
[INFO GPL-0101] Timing-driven: worst slack 1.91e-09
[INFO GPL-0103] Timing-driven: weighted 690 nets.
[NesterovSolve] Iter:  180 overflow: 0.773 HPWL: 94641631
[NesterovSolve] Iter:  190 overflow: 0.753 HPWL: 96731877
[NesterovSolve] Iter:  200 overflow: 0.728 HPWL: 98516665
[NesterovSolve] Iter:  210 overflow: 0.703 HPWL: 100348939
[NesterovSolve] Iter:  220 overflow: 0.671 HPWL: 102225201
[NesterovSolve] Iter:  230 overflow: 0.634 HPWL: 103492261
[INFO GPL-0100] Timing-driven: executing resizer for reweighting nets.
[INFO GPL-0101] Timing-driven: worst slack 1.94e-09
[INFO GPL-0103] Timing-driven: weighted 688 nets.
[NesterovSolve] Snapshot saved at iter = 238
[NesterovSolve] Iter:  240 overflow: 0.592 HPWL: 104832116
[NesterovSolve] Iter:  250 overflow: 0.545 HPWL: 106552542
[NesterovSolve] Iter:  260 overflow: 0.492 HPWL: 108605652
[INFO GPL-0100] Timing-driven: executing resizer for reweighting nets.
[INFO GPL-0101] Timing-driven: worst slack 1.91e-09
[INFO GPL-0103] Timing-driven: weighted 690 nets.
[NesterovSolve] Iter:  270 overflow: 0.439 HPWL: 110404544
[NesterovSolve] Iter:  280 overflow: 0.390 HPWL: 111702267
[NesterovSolve] Iter:  290 overflow: 0.348 HPWL: 112400353
[NesterovSolve] Iter:  300 overflow: 0.322 HPWL: 112565390
[INFO GPL-0075] Routability numCall: 1 inflationIterCnt: 1 bloatIterCnt: 0
[INFO GPL-0036] TileBBox: (    0    0 ) ( 6900 6900 ) DBU
[INFO GPL-0038] TileCnt:      55   57
[INFO GPL-0040] NumTiles: 3135
[INFO GPL-0081] TotalRouteOverflow: 0
[INFO GPL-0082] OverflowTileCnt: 0
[INFO GPL-0083] 0.5%RC: 0.8704903274774551
[INFO GPL-0084] 1.0%RC: 0.8393350839614868
[INFO GPL-0085] 2.0%RC: 0.8109017033425588
[INFO GPL-0086] 5.0%RC: 0.7710470150990091
[INFO GPL-0087] FinalRC: 0.8549127
[INFO GPL-0077] FinalRC lower than targetRC(1.01), routability not needed.
[NesterovSolve] Iter:  310 overflow: 0.296 HPWL: 112896780
[INFO GPL-0100] Timing-driven: executing resizer for reweighting nets.
[INFO GPL-0101] Timing-driven: worst slack 1.91e-09
[INFO GPL-0103] Timing-driven: weighted 689 nets.
[NesterovSolve] Iter:  320 overflow: 0.263 HPWL: 112972481
[NesterovSolve] Iter:  330 overflow: 0.241 HPWL: 112818127
[NesterovSolve] Iter:  340 overflow: 0.217 HPWL: 112938867
[INFO GPL-0100] Timing-driven: executing resizer for reweighting nets.
[INFO GPL-0101] Timing-driven: worst slack 2e-09
[INFO GPL-0103] Timing-driven: weighted 690 nets.
[NesterovSolve] Iter:  350 overflow: 0.195 HPWL: 113071200
[NesterovSolve] Iter:  360 overflow: 0.175 HPWL: 113170818
[NesterovSolve] Iter:  370 overflow: 0.154 HPWL: 113169335
[INFO GPL-0100] Timing-driven: executing resizer for reweighting nets.
[INFO GPL-0101] Timing-driven: worst slack 2e-09
[INFO GPL-0103] Timing-driven: weighted 690 nets.
[NesterovSolve] Iter:  380 overflow: 0.138 HPWL: 113299987
[NesterovSolve] Iter:  390 overflow: 0.122 HPWL: 113648171
[NesterovSolve] Iter:  400 overflow: 0.106 HPWL: 113919844
[NesterovSolve] Finished with Overflow: 0.099257
[INFO] Setting RC values…
Setting global connections for newly added cells…
[INFO] Setting global connections...
Updating metrics…
Cell type report:                       Count       Area
  Fill cell                               274    1028.49
  Tap cell                               1946    2434.84
  Inverter                                173     649.37
  Sequential cell                          64    1681.61
  Multi-Input combinational cell         6504   67826.30
  Total                                  8961   73620.61
Writing OpenROAD database to '/mnt/c/Users/Default.DESKTOP-A45I1O9/akularanjith-akularanjith--ECE510-2026-SPRING/codefest/cf07/runs/RUN_2026-05-13_16-13-14/27-openroad-globalplacement/crossbar_mac.odb'…
Writing netlist to '/mnt/c/Users/Default.DESKTOP-A45I1O9/akularanjith-akularanjith--ECE510-2026-SPRING/codefest/cf07/runs/RUN_2026-05-13_16-13-14/27-openroad-globalplacement/crossbar_mac.nl.v'…
Writing powered netlist to '/mnt/c/Users/Default.DESKTOP-A45I1O9/akularanjith-akularanjith--ECE510-2026-SPRING/codefest/cf07/runs/RUN_2026-05-13_16-13-14/27-openroad-globalplacement/crossbar_mac.pnl.v'…
Writing layout to '/mnt/c/Users/Default.DESKTOP-A45I1O9/akularanjith-akularanjith--ECE510-2026-SPRING/codefest/cf07/runs/RUN_2026-05-13_16-13-14/27-openroad-globalplacement/crossbar_mac.def'…
Writing timing constraints to '/mnt/c/Users/Default.DESKTOP-A45I1O9/akularanjith-akularanjith--ECE510-2026-SPRING/codefest/cf07/runs/RUN_2026-05-13_16-13-14/27-openroad-globalplacement/crossbar_mac.sdc'…
