Clock: clk
Sources: clk 
Generated: no
Virtual: yes
Propagated: no
Period: 10.000000

===========================================================================
report_clock_properties
============================================================================
Clock                   Period          Waveform
----------------------------------------------------
clk                  10.000000    0.000000  5.000000

===========================================================================
report_clock_latency
============================================================================
Clock clk
rise -> rise
    min     max
0.000000 0.000000 source latency
0.711254         network latency _13357_/CLK
        0.741565 network latency _13416_/CLK
---------------
0.711254 0.741565 latency
        0.030311 skew

fall -> fall
    min     max
0.000000 0.000000 source latency
0.563703         network latency _13357_/CLK
        0.590700 network latency _13416_/CLK
---------------
0.563703 0.590700 latency
        0.026998 skew



===========================================================================
report_clock_min_period
============================================================================
clk period_min = 0.00 fmax = inf
