
===========================================================================
 report_power
============================================================================
======================= max_tt_025C_1v80 Corner ===================================

Group                    Internal    Switching      Leakage        Total
                            Power        Power        Power        Power (Watts)
------------------------------------------------------------------------
Sequential           9.535962e-04 5.940166e-05 7.322908e-10 1.012999e-03   2.4%
Combinational        1.928931e-02 2.176465e-02 2.625386e-08 4.105398e-02  96.7%
Clock                2.040832e-04 1.694627e-04 1.287799e-08 3.735588e-04   0.9%
Macro                0.000000e+00 0.000000e+00 0.000000e+00 0.000000e+00   0.0%
Pad                  0.000000e+00 0.000000e+00 0.000000e+00 0.000000e+00   0.0%
------------------------------------------------------------------------
Total                2.044699e-02 2.199351e-02 3.986341e-08 4.244054e-02 100.0%
                            48.2%        51.8%         0.0%

