
===========================================================================
report_checks -unconstrained
===========================================================================
======================= nom_ff_n40C_1v95 Corner ===================================

Startpoint: s_axis_tdata[14] (input port clocked by aclk)
Endpoint: _1316_ (rising edge-triggered flip-flop clocked by aclk)
Path Group: aclk
Path Type: max

Fanout         Cap        Slew       Delay        Time   Description
---------------------------------------------------------------------------------------------
                                  0.000000    0.000000   clock aclk (rise edge)
                                  0.000000    0.000000   clock network delay (propagated)
                                  2.000000    2.000000 ^ input external delay
     1    0.002882    0.014208    0.007455    2.007455 ^ s_axis_tdata[14] (in)
                                                         s_axis_tdata[14] (net)
                      0.014208    0.000000    2.007455 ^ input8/A (sky130_fd_sc_hd__clkbuf_1)
     1    0.003789    0.040248    0.053671    2.061126 ^ input8/X (sky130_fd_sc_hd__clkbuf_1)
                                                         net8 (net)
                      0.040248    0.000090    2.061216 ^ fanout77/A (sky130_fd_sc_hd__clkbuf_2)
     8    0.032115    0.136524    0.142298    2.203514 ^ fanout77/X (sky130_fd_sc_hd__clkbuf_2)
                                                         net77 (net)
                      0.136550    0.001571    2.205085 ^ fanout76/A (sky130_fd_sc_hd__buf_2)
    10    0.034604    0.129458    0.161752    2.366837 ^ fanout76/X (sky130_fd_sc_hd__buf_2)
                                                         net76 (net)
                      0.129507    0.000774    2.367611 ^ _1084_/A2 (sky130_fd_sc_hd__a22o_1)
     2    0.005368    0.048386    0.103941    2.471552 ^ _1084_/X (sky130_fd_sc_hd__a22o_1)
                                                         _0460_ (net)
                      0.048386    0.000137    2.471689 ^ _1085_/B1_N (sky130_fd_sc_hd__a21bo_1)
     1    0.004998    0.031761    0.101958    2.573647 v _1085_/X (sky130_fd_sc_hd__a21bo_1)
                                                         _0461_ (net)
                      0.031761    0.000153    2.573799 v _1086_/B (sky130_fd_sc_hd__xor2_1)
     2    0.009176    0.049555    0.103984    2.677784 v _1086_/X (sky130_fd_sc_hd__xor2_1)
                                                         _0462_ (net)
                      0.049559    0.000314    2.678098 v _1093_/A (sky130_fd_sc_hd__and3_1)
     4    0.011777    0.052723    0.122494    2.800592 v _1093_/X (sky130_fd_sc_hd__and3_1)
                                                         _0469_ (net)
                      0.052723    0.000248    2.800840 v _1096_/A (sky130_fd_sc_hd__nor3b_1)
     3    0.009654    0.239126    0.230447    3.031287 ^ _1096_/Y (sky130_fd_sc_hd__nor3b_1)
                                                         _0472_ (net)
                      0.239127    0.000270    3.031557 ^ _1098_/B (sky130_fd_sc_hd__nor3_1)
     2    0.005429    0.064341    0.049513    3.081070 v _1098_/Y (sky130_fd_sc_hd__nor3_1)
                                                         _0474_ (net)
                      0.064341    0.000082    3.081152 v max_cap56/A (sky130_fd_sc_hd__buf_1)
     2    0.007867    0.036997    0.085747    3.166899 v max_cap56/X (sky130_fd_sc_hd__buf_1)
                                                         net56 (net)
                      0.036998    0.000179    3.167078 v _1100_/B1 (sky130_fd_sc_hd__a211o_1)
     3    0.010619    0.058609    0.151278    3.318357 v _1100_/X (sky130_fd_sc_hd__a211o_1)
                                                         _0476_ (net)
                      0.058609    0.000224    3.318581 v _1103_/A1 (sky130_fd_sc_hd__a211o_1)
     2    0.006259    0.044934    0.176948    3.495529 v _1103_/X (sky130_fd_sc_hd__a211o_1)
                                                         _0479_ (net)
                      0.044934    0.000169    3.495697 v _1105_/A2 (sky130_fd_sc_hd__a211o_1)
     2    0.004684    0.040029    0.190022    3.685719 v _1105_/X (sky130_fd_sc_hd__a211o_1)
                                                         _0481_ (net)
                      0.040029    0.000068    3.685787 v _1106_/B (sky130_fd_sc_hd__and2b_1)
     3    0.008227    0.040470    0.115913    3.801700 v _1106_/X (sky130_fd_sc_hd__and2b_1)
                                                         _0482_ (net)
                      0.040470    0.000111    3.801811 v _1141_/A3 (sky130_fd_sc_hd__a31o_1)
     2    0.008776    0.046018    0.159087    3.960897 v _1141_/X (sky130_fd_sc_hd__a31o_1)
                                                         _0516_ (net)
                      0.046019    0.000255    3.961153 v _1145_/A2 (sky130_fd_sc_hd__a21oi_1)
     4    0.012640    0.210297    0.198591    4.159744 ^ _1145_/Y (sky130_fd_sc_hd__a21oi_1)
                                                         _0519_ (net)
                      0.210298    0.000383    4.160127 ^ _1201_/A1 (sky130_fd_sc_hd__a211o_1)
     5    0.015650    0.108087    0.145997    4.306123 ^ _1201_/X (sky130_fd_sc_hd__a211o_1)
                                                         _0574_ (net)
                      0.108089    0.000671    4.306795 ^ _1251_/A1 (sky130_fd_sc_hd__o2111ai_1)
     1    0.002951    0.059783    0.073399    4.380194 v _1251_/Y (sky130_fd_sc_hd__o2111ai_1)
                                                         _0622_ (net)
                      0.059783    0.000063    4.380257 v _1252_/A2 (sky130_fd_sc_hd__a21o_1)
     1    0.003167    0.025099    0.121313    4.501570 v _1252_/X (sky130_fd_sc_hd__a21o_1)
                                                         _0623_ (net)
                      0.025114    0.000094    4.501664 v _1253_/B1 (sky130_fd_sc_hd__o211a_1)
     1    0.002130    0.025956    0.069289    4.570953 v _1253_/X (sky130_fd_sc_hd__o211a_1)
                                                         _0046_ (net)
                      0.025956    0.000042    4.570995 v _1316_/D (sky130_fd_sc_hd__dfxtp_1)
                                              4.570995   data arrival time

                                 10.000000   10.000000   clock aclk (rise edge)
                                  0.000000   10.000000   clock source latency
     1    0.020251    0.072560    0.049853   10.049852 ^ aclk (in)
                                                         aclk (net)
                      0.072579    0.000000   10.049852 ^ clkbuf_0_aclk/A (sky130_fd_sc_hd__clkbuf_16)
     4    0.045713    0.049430    0.111276   10.161129 ^ clkbuf_0_aclk/X (sky130_fd_sc_hd__clkbuf_16)
                                                         clknet_0_aclk (net)
                      0.049485    0.001410   10.162539 ^ clkbuf_2_0__f_aclk/A (sky130_fd_sc_hd__clkbuf_16)
    14    0.045428    0.048987    0.104859   10.267399 ^ clkbuf_2_0__f_aclk/X (sky130_fd_sc_hd__clkbuf_16)
                                                         clknet_2_0__leaf_aclk (net)
                      0.049104    0.001530   10.268929 ^ _1316_/CLK (sky130_fd_sc_hd__dfxtp_1)
                                 -0.250000   10.018929   clock uncertainty
                                  0.000000   10.018929   clock reconvergence pessimism
                                 -0.066200    9.952728   library setup time
                                              9.952728   data required time
---------------------------------------------------------------------------------------------
                                              9.952728   data required time
                                             -4.570995   data arrival time
---------------------------------------------------------------------------------------------
                                              5.381733   slack (MET)




===========================================================================
report_checks --slack_max -0.01
============================================================================
======================= nom_ff_n40C_1v95 Corner ===================================

No paths found.


===========================================================================
 report_check_types -max_slew -max_cap -max_fanout -violators
============================================================================
======================= nom_ff_n40C_1v95 Corner ===================================

max fanout

Pin                                   Limit Fanout  Slack
---------------------------------------------------------
clkbuf_2_0__f_aclk/X                     10     14     -4 (VIOLATED)
clkbuf_2_2__f_aclk/X                     10     14     -4 (VIOLATED)
clkbuf_2_3__f_aclk/X                     10     14     -4 (VIOLATED)
clkbuf_2_1__f_aclk/X                     10     12     -2 (VIOLATED)



===========================================================================
report_parasitic_annotation -report_unannotated
============================================================================
Found 2 unannotated drivers.
 clkload0/Y
 clkload1/X
Found 0 partially unannotated drivers.

===========================================================================
max slew violation count 0
max fanout violation count 4
max cap violation count 0
============================================================================

===========================================================================
check_setup -verbose -unconstrained_endpoints -multiple_clock -no_clock -no_input_delay -loops -generated_clocks
===========================================================================
