Clock: aclk
Sources: aclk 
Generated: no
Virtual: yes
Propagated: no
Period: 10.000000

===========================================================================
report_clock_properties
============================================================================
Clock                   Period          Waveform
----------------------------------------------------
aclk                 10.000000    0.000000  5.000000

===========================================================================
report_clock_latency
============================================================================
Clock aclk
rise -> rise
    min     max
0.000000 0.000000 source latency
0.267477         network latency _1289_/CLK
        0.270692 network latency _1275_/CLK
---------------
0.267477 0.270692 latency
        0.003216 skew

fall -> fall
    min     max
0.000000 0.000000 source latency
0.243165         network latency _1289_/CLK
        0.245621 network latency _1275_/CLK
---------------
0.243165 0.245621 latency
        0.002456 skew



===========================================================================
report_clock_min_period
============================================================================
aclk period_min = 2.77 fmax = 361.58
