
===========================================================================
report_checks -unconstrained
===========================================================================
======================= nom_tt_025C_1v80 Corner ===================================

Startpoint: rst (input port clocked by clk)
Endpoint: _13387_ (recovery check against rising-edge clock clk)
Path Group: asynchronous
Path Type: max

Fanout         Cap        Slew       Delay        Time   Description
---------------------------------------------------------------------------------------------
                                  0.000000    0.000000   clock clk (rise edge)
                                  0.000000    0.000000   clock network delay (propagated)
                                  2.000000    2.000000 v input external delay
     1    0.002871    0.008788    0.004555    2.004555 v rst (in)
                                                         rst (net)
                      0.008788    0.000000    2.004555 v input33/A (sky130_fd_sc_hd__buf_4)
     4    0.081542    0.108696    0.194680    2.199234 v input33/X (sky130_fd_sc_hd__buf_4)
                                                         net33 (net)
                      0.109830    0.008901    2.208135 v fanout395/A (sky130_fd_sc_hd__buf_4)
     6    0.084850    0.114248    0.234484    2.442619 v fanout395/X (sky130_fd_sc_hd__buf_4)
                                                         net395 (net)
                      0.115884    0.011016    2.453635 v fanout392/A (sky130_fd_sc_hd__clkbuf_8)
    10    0.083809    0.097770    0.225963    2.679598 v fanout392/X (sky130_fd_sc_hd__clkbuf_8)
                                                         net392 (net)
                      0.101656    0.015255    2.694853 v _13323_/A (sky130_fd_sc_hd__inv_2)
     1    0.004481    0.039960    0.067748    2.762601 ^ _13323_/Y (sky130_fd_sc_hd__inv_2)
                                                         _00097_ (net)
                      0.039960    0.000058    2.762659 ^ _13387_/RESET_B (sky130_fd_sc_hd__dfrtp_1)
                                              2.762659   data arrival time

                                 10.000000   10.000000   clock clk (rise edge)
                                  0.000000   10.000000   clock source latency
     1    0.059107    0.269930    0.188471   10.188471 ^ clk (in)
                                                         clk (net)
                      0.270032    0.000000   10.188471 ^ clkbuf_0_clk/A (sky130_fd_sc_hd__clkbuf_16)
     8    0.181180    0.193279    0.311579   10.500050 ^ clkbuf_0_clk/X (sky130_fd_sc_hd__clkbuf_16)
                                                         clknet_0_clk (net)
                      0.193384    0.003748   10.503798 ^ clkbuf_3_0__f_clk/A (sky130_fd_sc_hd__clkbuf_16)
     9    0.038154    0.059566    0.190162   10.693960 ^ clkbuf_3_0__f_clk/X (sky130_fd_sc_hd__clkbuf_16)
                                                         clknet_3_0__leaf_clk (net)
                      0.059666    0.001611   10.695571 ^ _13387_/CLK (sky130_fd_sc_hd__dfrtp_1)
                                 -0.250000   10.445571   clock uncertainty
                                  0.000000   10.445571   clock reconvergence pessimism
                                  0.236130   10.681701   library recovery time
                                             10.681701   data required time
---------------------------------------------------------------------------------------------
                                             10.681701   data required time
                                             -2.762659   data arrival time
---------------------------------------------------------------------------------------------
                                              7.919042   slack (MET)


Startpoint: in3[7] (input port clocked by clk)
Endpoint: _13400_ (rising edge-triggered flip-flop clocked by clk)
Path Group: clk
Path Type: max

Fanout         Cap        Slew       Delay        Time   Description
---------------------------------------------------------------------------------------------
                                  0.000000    0.000000   clock clk (rise edge)
                                  0.000000    0.000000   clock network delay (propagated)
                                  2.000000    2.000000 ^ input external delay
     1    0.003002    0.020602    0.011026    2.011026 ^ in3[7] (in)
                                                         in3[7] (net)
                      0.020602    0.000000    2.011026 ^ input32/A (sky130_fd_sc_hd__clkbuf_4)
     7    0.088217    0.264221    0.282862    2.293888 ^ input32/X (sky130_fd_sc_hd__clkbuf_4)
                                                         net32 (net)
                      0.264270    0.003007    2.296896 ^ fanout401/A (sky130_fd_sc_hd__buf_2)
     8    0.043921    0.215381    0.295145    2.592041 ^ fanout401/X (sky130_fd_sc_hd__buf_2)
                                                         net401 (net)
                      0.215381    0.000558    2.592599 ^ fanout400/A (sky130_fd_sc_hd__clkbuf_4)
    10    0.050874    0.158102    0.278435    2.871034 ^ fanout400/X (sky130_fd_sc_hd__clkbuf_4)
                                                         net400 (net)
                      0.158102    0.000545    2.871579 ^ _10589_/A (sky130_fd_sc_hd__and2_4)
    10    0.051752    0.157415    0.263487    3.135066 ^ _10589_/X (sky130_fd_sc_hd__and2_4)
                                                         _03426_ (net)
                      0.157434    0.001835    3.136901 ^ _10955_/A (sky130_fd_sc_hd__xnor2_1)
     2    0.008319    0.222601    0.175403    3.312304 ^ _10955_/Y (sky130_fd_sc_hd__xnor2_1)
                                                         _03826_ (net)
                      0.222602    0.000226    3.312530 ^ _10957_/B (sky130_fd_sc_hd__xor2_1)
     2    0.012132    0.277931    0.290408    3.602938 ^ _10957_/X (sky130_fd_sc_hd__xor2_1)
                                                         _03829_ (net)
                      0.277932    0.000411    3.603349 ^ _10958_/B (sky130_fd_sc_hd__xor2_1)
     3    0.012132    0.277960    0.297256    3.900605 ^ _10958_/X (sky130_fd_sc_hd__xor2_1)
                                                         _03830_ (net)
                      0.277961    0.000420    3.901025 ^ _10960_/C (sky130_fd_sc_hd__nand3_1)
     2    0.007731    0.110597    0.158061    4.059086 v _10960_/Y (sky130_fd_sc_hd__nand3_1)
                                                         _03832_ (net)
                      0.110597    0.000158    4.059244 v _10962_/A2 (sky130_fd_sc_hd__a211o_1)
     3    0.012668    0.091021    0.363057    4.422300 v _10962_/X (sky130_fd_sc_hd__a211o_1)
                                                         _03834_ (net)
                      0.091022    0.000531    4.422831 v _10964_/A2 (sky130_fd_sc_hd__a21o_1)
     2    0.008858    0.058655    0.218277    4.641108 v _10964_/X (sky130_fd_sc_hd__a21o_1)
                                                         _03836_ (net)
                      0.058655    0.000243    4.641351 v _10966_/A2 (sky130_fd_sc_hd__a211o_1)
     3    0.015972    0.105686    0.357781    4.999132 v _10966_/X (sky130_fd_sc_hd__a211o_1)
                                                         _03838_ (net)
                      0.105691    0.000820    4.999953 v _10968_/A2 (sky130_fd_sc_hd__a21o_1)
     2    0.008577    0.058031    0.222745    5.222698 v _10968_/X (sky130_fd_sc_hd__a21o_1)
                                                         _03841_ (net)
                      0.058031    0.000215    5.222913 v _10970_/A2 (sky130_fd_sc_hd__a211o_1)
     3    0.017231    0.111193    0.363073    5.585986 v _10970_/X (sky130_fd_sc_hd__a211o_1)
                                                         _03843_ (net)
                      0.111198    0.000866    5.586852 v _10972_/A2 (sky130_fd_sc_hd__a21o_1)
     2    0.007889    0.055178    0.221736    5.808588 v _10972_/X (sky130_fd_sc_hd__a21o_1)
                                                         _03845_ (net)
                      0.055178    0.000219    5.808807 v _10974_/A2 (sky130_fd_sc_hd__a211o_1)
     3    0.012366    0.090171    0.340978    6.149785 v _10974_/X (sky130_fd_sc_hd__a211o_1)
                                                         _03847_ (net)
                      0.090171    0.000375    6.150160 v _10976_/A2 (sky130_fd_sc_hd__a21o_1)
     2    0.007372    0.052760    0.211058    6.361218 v _10976_/X (sky130_fd_sc_hd__a21o_1)
                                                         _03849_ (net)
                      0.052760    0.000152    6.361370 v _10978_/A2 (sky130_fd_sc_hd__a211o_1)
     3    0.012476    0.090599    0.340638    6.702008 v _10978_/X (sky130_fd_sc_hd__a211o_1)
                                                         _03852_ (net)
                      0.090599    0.000198    6.702206 v _10980_/A2 (sky130_fd_sc_hd__a21o_1)
     3    0.011197    0.067230    0.227294    6.929500 v _10980_/X (sky130_fd_sc_hd__a21o_1)
                                                         _03854_ (net)
                      0.067230    0.000248    6.929748 v _10981_/C1 (sky130_fd_sc_hd__o211a_1)
     4    0.012641    0.080830    0.156970    7.086718 v _10981_/X (sky130_fd_sc_hd__o211a_1)
                                                         _03855_ (net)
                      0.080831    0.000385    7.087103 v _11129_/A (sky130_fd_sc_hd__or4_4)
     2    0.008493    0.091379    0.552941    7.640043 v _11129_/X (sky130_fd_sc_hd__or4_4)
                                                         _04017_ (net)
                      0.091379    0.000240    7.640283 v _11383_/A3 (sky130_fd_sc_hd__o311a_4)
     2    0.029629    0.086940    0.368611    8.008894 v _11383_/X (sky130_fd_sc_hd__o311a_4)
                                                         _04294_ (net)
                      0.087070    0.002130    8.011024 v _11384_/A (sky130_fd_sc_hd__nor2_8)
     3    0.023837    0.119634    0.157756    8.168780 ^ _11384_/Y (sky130_fd_sc_hd__nor2_8)
                                                         _04295_ (net)
                      0.119636    0.000600    8.169380 ^ _11590_/A3 (sky130_fd_sc_hd__o31ai_4)
     2    0.012021    0.096540    0.078845    8.248225 v _11590_/Y (sky130_fd_sc_hd__o31ai_4)
                                                         _04520_ (net)
                      0.096541    0.000569    8.248795 v rebuffer44/A (sky130_fd_sc_hd__clkbuf_1)
     1    0.004509    0.035770    0.118328    8.367124 v rebuffer44/X (sky130_fd_sc_hd__clkbuf_1)
                                                         net744 (net)
                      0.035770    0.000131    8.367254 v _11591_/B (sky130_fd_sc_hd__xor2_1)
     1    0.002353    0.063039    0.130269    8.497523 v _11591_/X (sky130_fd_sc_hd__xor2_1)
                                                         _00017_ (net)
                      0.063039    0.000047    8.497570 v _13400_/D (sky130_fd_sc_hd__dfrtp_1)
                                              8.497570   data arrival time

                                 10.000000   10.000000   clock clk (rise edge)
                                  0.000000   10.000000   clock source latency
     1    0.059107    0.269930    0.188471   10.188471 ^ clk (in)
                                                         clk (net)
                      0.270032    0.000000   10.188471 ^ clkbuf_0_clk/A (sky130_fd_sc_hd__clkbuf_16)
     8    0.181180    0.193279    0.311579   10.500050 ^ clkbuf_0_clk/X (sky130_fd_sc_hd__clkbuf_16)
                                                         clknet_0_clk (net)
                      0.193395    0.003940   10.503990 ^ clkbuf_3_1__f_clk/A (sky130_fd_sc_hd__clkbuf_16)
     9    0.046130    0.066648    0.195099   10.699089 ^ clkbuf_3_1__f_clk/X (sky130_fd_sc_hd__clkbuf_16)
                                                         clknet_3_1__leaf_clk (net)
                      0.067338    0.004860   10.703949 ^ _13400_/CLK (sky130_fd_sc_hd__dfrtp_1)
                                 -0.250000   10.453949   clock uncertainty
                                  0.000000   10.453949   clock reconvergence pessimism
                                 -0.117022   10.336927   library setup time
                                             10.336927   data required time
---------------------------------------------------------------------------------------------
                                             10.336927   data required time
                                             -8.497570   data arrival time
---------------------------------------------------------------------------------------------
                                              1.839357   slack (MET)




===========================================================================
report_checks --slack_max -0.01
============================================================================
======================= nom_tt_025C_1v80 Corner ===================================

No paths found.


===========================================================================
 report_check_types -max_slew -max_cap -max_fanout -violators
============================================================================
======================= nom_tt_025C_1v80 Corner ===================================

max fanout

Pin                                   Limit Fanout  Slack
---------------------------------------------------------
input89/X                                10     12     -2 (VIOLATED)
clkbuf_3_4__f_clk/X                      10     11        (VIOLATED)



===========================================================================
report_parasitic_annotation -report_unannotated
============================================================================
Found 7 unannotated drivers.
 clkload0/Y
 clkload1/Y
 clkload2/Y
 clkload3/X
 clkload4/Y
 clkload5/Y
 clkload6/X
Found 0 partially unannotated drivers.

===========================================================================
max slew violation count 0
max fanout violation count 2
max cap violation count 0
============================================================================

===========================================================================
check_setup -verbose -unconstrained_endpoints -multiple_clock -no_clock -no_input_delay -loops -generated_clocks
===========================================================================
