[INFO PSM-0040] All shapes on net vccd1 are connected.
########## IR report #################
Net              : vccd1
Corner           : nom_tt_025C_1v80
Supply voltage   : 1.80e+00 V
Worstcase voltage: 1.80e+00 V
Average voltage  : 1.80e+00 V
Average IR drop  : 1.44e-04 V
Worstcase IR drop: 6.88e-04 V
Percentage drop  : 0.04 %
######################################
[INFO PSM-0040] All shapes on net vssd1 are connected.
########## IR report #################
Net              : vssd1
Corner           : nom_tt_025C_1v80
Supply voltage   : 0.00e+00 V
Worstcase voltage: 1.03e-03 V
Average voltage  : 1.55e-04 V
Average IR drop  : 1.55e-04 V
Worstcase IR drop: 1.03e-03 V
Percentage drop  : 0.06 %
######################################
