Reading timing models for corner nom_tt_025C_1v80…
Reading timing library for the 'nom_tt_025C_1v80' corner at '/home/default/.volare/volare/sky130/versions/0fe599b2afb6708d281543108caf8310912f54af/sky130A/libs.ref/sky130_fd_sc_hd/lib/sky130_fd_sc_hd__tt_025C_1v80.lib'…
Reading timing models for corner nom_ff_n40C_1v95…
Reading timing library for the 'nom_ff_n40C_1v95' corner at '/home/default/.volare/volare/sky130/versions/0fe599b2afb6708d281543108caf8310912f54af/sky130A/libs.ref/sky130_fd_sc_hd/lib/sky130_fd_sc_hd__ff_n40C_1v95.lib'…
Reading timing models for corner nom_ss_100C_1v60…
Reading timing library for the 'nom_ss_100C_1v60' corner at '/home/default/.volare/volare/sky130/versions/0fe599b2afb6708d281543108caf8310912f54af/sky130A/libs.ref/sky130_fd_sc_hd/lib/sky130_fd_sc_hd__ss_100C_1v60.lib'…
Reading OpenROAD database at '/mnt/c/Users/Default.DESKTOP-A45I1O9/akularanjith-akularanjith--ECE510-2026-SPRING/project/m3/synth/runs/RUN_2026-05-23_20-02-24/34-openroad-cts/top.odb'…
Reading design constraints file at '/nix/store/h0ldzjka94yryiq8yxbxmwargpnmwhx6-python3-3.11.9-env/lib/python3.11/site-packages/openlane/scripts/base.sdc'…
[INFO] Using clock aclk…
[INFO] Setting output delay to: 2.0
[INFO] Setting input delay to: 2.0
[INFO] Setting load to: 0.033442
[INFO] Setting clock uncertainty to: 0.25
[INFO] Setting clock transition to: 0.1499999999999999944488848768742172978818416595458984375
[INFO] Setting timing derate to: 5%
[INFO] Setting RC values…
[INFO RSZ-0094] Found 1 endpoints with setup violations.
[INFO RSZ-0099] Repairing 1 out of 1 (100.00%) violating endpoints...
   Iter   | Removed | Resized | Inserted | Cloned |  Pin  |    WNS   |   TNS      |  Viol  | Worst
          | Buffers |  Gates  | Buffers  |  Gates | Swaps |          |            | Endpts | Endpt
---------------------------------------------------------------------------------------------------
        0 |       0 |       0 |        0 |      0 |     0 |    0.028 |        0.0 |      1 | _1317_/D
        2 |       0 |       1 |        0 |      0 |     0 |    0.093 |        0.0 |      0 | _1317_/D
    final |       0 |       1 |        0 |      0 |     0 |    0.093 |        0.0 |      0 | _1317_/D
---------------------------------------------------------------------------------------------------
[INFO RSZ-0041] Resized 1 instances.
[INFO RSZ-0046] Found 18 endpoints with hold violations.
Iteration | Resized | Buffers | Cloned Gates |   WNS   |   TNS   | Endpoint
---------------------------------------------------------------------------
        0 |       0 |       0 |            0 |   0.063 |   0.000 | _1312_/D
    final |       0 |      18 |            0 |   0.101 |   0.000 | _1319_/D
---------------------------------------------------------------------------
[INFO RSZ-0032] Inserted 18 hold buffers.
Placement Analysis
---------------------------------
total displacement         99.0 u
average displacement        0.1 u
max displacement            6.2 u
original HPWL           13030.3 u
legalized HPWL          13662.9 u
delta HPWL                    5 %

[INFO DPL-0020] Mirrored 339 instances
[INFO DPL-0021] HPWL before           13662.9 u
[INFO DPL-0022] HPWL after            13078.3 u
[INFO DPL-0023] HPWL delta               -4.3 %
[INFO] Setting RC values…
Setting global connections for newly added cells…
[INFO] Setting global connections...
Updating metrics…
Cell type report:                       Count       Area
  Fill cell                                96     360.35
  Tap cell                                250     312.80
  Buffer                                    1       3.75
  Clock buffer                              6     132.63
  Timing Repair Buffer                    125     761.98
  Inverter                                 10      37.54
  Clock inverter                            1       5.00
  Sequential cell                          52    1041.00
  Multi-Input combinational cell          625    4417.99
  Total                                  1166    7073.03
Writing OpenROAD database to '/mnt/c/Users/Default.DESKTOP-A45I1O9/akularanjith-akularanjith--ECE510-2026-SPRING/project/m3/synth/runs/RUN_2026-05-23_20-02-24/36-openroad-resizertimingpostcts/top.odb'…
Writing netlist to '/mnt/c/Users/Default.DESKTOP-A45I1O9/akularanjith-akularanjith--ECE510-2026-SPRING/project/m3/synth/runs/RUN_2026-05-23_20-02-24/36-openroad-resizertimingpostcts/top.nl.v'…
Writing powered netlist to '/mnt/c/Users/Default.DESKTOP-A45I1O9/akularanjith-akularanjith--ECE510-2026-SPRING/project/m3/synth/runs/RUN_2026-05-23_20-02-24/36-openroad-resizertimingpostcts/top.pnl.v'…
Writing layout to '/mnt/c/Users/Default.DESKTOP-A45I1O9/akularanjith-akularanjith--ECE510-2026-SPRING/project/m3/synth/runs/RUN_2026-05-23_20-02-24/36-openroad-resizertimingpostcts/top.def'…
Writing timing constraints to '/mnt/c/Users/Default.DESKTOP-A45I1O9/akularanjith-akularanjith--ECE510-2026-SPRING/project/m3/synth/runs/RUN_2026-05-23_20-02-24/36-openroad-resizertimingpostcts/top.sdc'…
