
===========================================================================
report_checks -unconstrained
===========================================================================
======================= min_ff_n40C_1v95 Corner ===================================

Startpoint: rst (input port clocked by clk)
Endpoint: _13387_ (recovery check against rising-edge clock clk)
Path Group: asynchronous
Path Type: max

Fanout         Cap        Slew       Delay        Time   Description
---------------------------------------------------------------------------------------------
                                  0.000000    0.000000   clock clk (rise edge)
                                  0.000000    0.000000   clock network delay (propagated)
                                  2.000000    2.000000 v input external delay
     1    0.002857    0.004815    0.002308    2.002308 v rst (in)
                                                         rst (net)
                      0.004815    0.000000    2.002308 v input33/A (sky130_fd_sc_hd__buf_4)
     4    0.075567    0.073186    0.128729    2.131036 v input33/X (sky130_fd_sc_hd__buf_4)
                                                         net33 (net)
                      0.073989    0.006099    2.137135 v fanout395/A (sky130_fd_sc_hd__buf_4)
     6    0.078987    0.076844    0.153574    2.290709 v fanout395/X (sky130_fd_sc_hd__buf_4)
                                                         net395 (net)
                      0.078009    0.007537    2.298246 v fanout392/A (sky130_fd_sc_hd__clkbuf_8)
    10    0.079478    0.070792    0.148603    2.446850 v fanout392/X (sky130_fd_sc_hd__clkbuf_8)
                                                         net392 (net)
                      0.073291    0.010495    2.457345 v _13323_/A (sky130_fd_sc_hd__inv_2)
     1    0.004371    0.028880    0.046128    2.503473 ^ _13323_/Y (sky130_fd_sc_hd__inv_2)
                                                         _00097_ (net)
                      0.028880    0.000023    2.503496 ^ _13387_/RESET_B (sky130_fd_sc_hd__dfrtp_1)
                                              2.503496   data arrival time

                                 10.000000   10.000000   clock clk (rise edge)
                                  0.000000   10.000000   clock source latency
     1    0.056092    0.191527    0.133722   10.133722 ^ clk (in)
                                                         clk (net)
                      0.191602    0.000000   10.133722 ^ clkbuf_0_clk/A (sky130_fd_sc_hd__clkbuf_16)
     8    0.172979    0.143407    0.201209   10.334931 ^ clkbuf_0_clk/X (sky130_fd_sc_hd__clkbuf_16)
                                                         clknet_0_clk (net)
                      0.143419    0.001119   10.336051 ^ clkbuf_3_0__f_clk/A (sky130_fd_sc_hd__clkbuf_16)
     9    0.036952    0.044502    0.122988   10.459039 ^ clkbuf_3_0__f_clk/X (sky130_fd_sc_hd__clkbuf_16)
                                                         clknet_3_0__leaf_clk (net)
                      0.044509    0.000890   10.459929 ^ _13387_/CLK (sky130_fd_sc_hd__dfrtp_1)
                                 -0.250000   10.209929   clock uncertainty
                                  0.000000   10.209929   clock reconvergence pessimism
                                  0.146078   10.356006   library recovery time
                                             10.356006   data required time
---------------------------------------------------------------------------------------------
                                             10.356006   data required time
                                             -2.503496   data arrival time
---------------------------------------------------------------------------------------------
                                              7.852510   slack (MET)


Startpoint: in3[7] (input port clocked by clk)
Endpoint: _13400_ (rising edge-triggered flip-flop clocked by clk)
Path Group: clk
Path Type: max

Fanout         Cap        Slew       Delay        Time   Description
---------------------------------------------------------------------------------------------
                                  0.000000    0.000000   clock clk (rise edge)
                                  0.000000    0.000000   clock network delay (propagated)
                                  2.000000    2.000000 ^ input external delay
     1    0.002977    0.014548    0.007684    2.007684 ^ in3[7] (in)
                                                         in3[7] (net)
                      0.014548    0.000000    2.007684 ^ input32/A (sky130_fd_sc_hd__clkbuf_4)
     7    0.081763    0.186879    0.192087    2.199771 ^ input32/X (sky130_fd_sc_hd__clkbuf_4)
                                                         net32 (net)
                      0.186889    0.001150    2.200921 ^ fanout401/A (sky130_fd_sc_hd__buf_2)
     8    0.041381    0.153451    0.183060    2.383981 ^ fanout401/X (sky130_fd_sc_hd__buf_2)
                                                         net401 (net)
                      0.153451    0.000174    2.384155 ^ fanout400/A (sky130_fd_sc_hd__clkbuf_4)
    10    0.049286    0.116730    0.179351    2.563506 ^ fanout400/X (sky130_fd_sc_hd__clkbuf_4)
                                                         net400 (net)
                      0.116730    0.000108    2.563614 ^ _10589_/A (sky130_fd_sc_hd__and2_4)
    10    0.050036    0.113449    0.165709    2.729323 ^ _10589_/X (sky130_fd_sc_hd__and2_4)
                                                         _03426_ (net)
                      0.113490    0.000996    2.730319 ^ _10955_/A (sky130_fd_sc_hd__xnor2_1)
     2    0.008137    0.155574    0.109023    2.839341 ^ _10955_/Y (sky130_fd_sc_hd__xnor2_1)
                                                         _03826_ (net)
                      0.155574    0.000080    2.839421 ^ _10957_/B (sky130_fd_sc_hd__xor2_1)
     2    0.011821    0.196703    0.179620    3.019042 ^ _10957_/X (sky130_fd_sc_hd__xor2_1)
                                                         _03829_ (net)
                      0.196703    0.000177    3.019218 ^ _10958_/B (sky130_fd_sc_hd__xor2_1)
     3    0.011747    0.195673    0.177740    3.196958 ^ _10958_/X (sky130_fd_sc_hd__xor2_1)
                                                         _03830_ (net)
                      0.195673    0.000234    3.197192 ^ _10960_/C (sky130_fd_sc_hd__nand3_1)
     2    0.007651    0.070970    0.079355    3.276547 v _10960_/Y (sky130_fd_sc_hd__nand3_1)
                                                         _03832_ (net)
                      0.070970    0.000051    3.276597 v _10962_/A2 (sky130_fd_sc_hd__a211o_1)
     3    0.012097    0.062593    0.227030    3.503628 v _10962_/X (sky130_fd_sc_hd__a211o_1)
                                                         _03834_ (net)
                      0.062594    0.000316    3.503944 v _10964_/A2 (sky130_fd_sc_hd__a21o_1)
     2    0.008672    0.041424    0.140656    3.644600 v _10964_/X (sky130_fd_sc_hd__a21o_1)
                                                         _03836_ (net)
                      0.041424    0.000103    3.644703 v _10966_/A2 (sky130_fd_sc_hd__a211o_1)
     3    0.014961    0.070739    0.225383    3.870087 v _10966_/X (sky130_fd_sc_hd__a211o_1)
                                                         _03838_ (net)
                      0.070741    0.000518    3.870605 v _10968_/A2 (sky130_fd_sc_hd__a21o_1)
     2    0.008429    0.040667    0.142705    4.013310 v _10968_/X (sky130_fd_sc_hd__a21o_1)
                                                         _03841_ (net)
                      0.040667    0.000084    4.013395 v _10970_/A2 (sky130_fd_sc_hd__a211o_1)
     3    0.016137    0.074162    0.228514    4.241908 v _10970_/X (sky130_fd_sc_hd__a211o_1)
                                                         _03843_ (net)
                      0.074165    0.000598    4.242507 v _10972_/A2 (sky130_fd_sc_hd__a21o_1)
     2    0.007807    0.038725    0.141927    4.384433 v _10972_/X (sky130_fd_sc_hd__a21o_1)
                                                         _03845_ (net)
                      0.038725    0.000093    4.384527 v _10974_/A2 (sky130_fd_sc_hd__a211o_1)
     3    0.012006    0.062333    0.216065    4.600591 v _10974_/X (sky130_fd_sc_hd__a211o_1)
                                                         _03847_ (net)
                      0.062333    0.000179    4.600770 v _10976_/A2 (sky130_fd_sc_hd__a21o_1)
     2    0.007337    0.037272    0.136362    4.737133 v _10976_/X (sky130_fd_sc_hd__a21o_1)
                                                         _03849_ (net)
                      0.037272    0.000051    4.737183 v _10978_/A2 (sky130_fd_sc_hd__a211o_1)
     3    0.012096    0.062564    0.215885    4.953068 v _10978_/X (sky130_fd_sc_hd__a211o_1)
                                                         _03852_ (net)
                      0.062564    0.000056    4.953124 v _10980_/A2 (sky130_fd_sc_hd__a21o_1)
     3    0.010772    0.046435    0.147332    5.100456 v _10980_/X (sky130_fd_sc_hd__a21o_1)
                                                         _03854_ (net)
                      0.046435    0.000123    5.100579 v _10981_/C1 (sky130_fd_sc_hd__o211a_1)
     4    0.012231    0.055191    0.096353    5.196931 v _10981_/X (sky130_fd_sc_hd__o211a_1)
                                                         _03855_ (net)
                      0.055191    0.000186    5.197117 v _11129_/A (sky130_fd_sc_hd__or4_4)
     2    0.008236    0.063014    0.331068    5.528185 v _11129_/X (sky130_fd_sc_hd__or4_4)
                                                         _04017_ (net)
                      0.063014    0.000096    5.528281 v _11383_/A3 (sky130_fd_sc_hd__o311a_4)
     2    0.028600    0.064531    0.234187    5.762468 v _11383_/X (sky130_fd_sc_hd__o311a_4)
                                                         _04294_ (net)
                      0.064572    0.001447    5.763915 v _11384_/A (sky130_fd_sc_hd__nor2_8)
     3    0.023681    0.089145    0.110673    5.874588 ^ _11384_/Y (sky130_fd_sc_hd__nor2_8)
                                                         _04295_ (net)
                      0.089145    0.000219    5.874807 ^ _11590_/A3 (sky130_fd_sc_hd__o31ai_4)
     2    0.011539    0.073819    0.044288    5.919095 v _11590_/Y (sky130_fd_sc_hd__o31ai_4)
                                                         _04520_ (net)
                      0.073819    0.000367    5.919462 v rebuffer44/A (sky130_fd_sc_hd__clkbuf_1)
     1    0.004444    0.024944    0.078283    5.997746 v rebuffer44/X (sky130_fd_sc_hd__clkbuf_1)
                                                         net744 (net)
                      0.024944    0.000040    5.997786 v _11591_/B (sky130_fd_sc_hd__xor2_1)
     1    0.002429    0.047112    0.080607    6.078392 v _11591_/X (sky130_fd_sc_hd__xor2_1)
                                                         _00017_ (net)
                      0.047112    0.000013    6.078405 v _13400_/D (sky130_fd_sc_hd__dfrtp_1)
                                              6.078405   data arrival time

                                 10.000000   10.000000   clock clk (rise edge)
                                  0.000000   10.000000   clock source latency
     1    0.056092    0.191527    0.133722   10.133722 ^ clk (in)
                                                         clk (net)
                      0.191602    0.000000   10.133722 ^ clkbuf_0_clk/A (sky130_fd_sc_hd__clkbuf_16)
     8    0.172979    0.143407    0.201209   10.334931 ^ clkbuf_0_clk/X (sky130_fd_sc_hd__clkbuf_16)
                                                         clknet_0_clk (net)
                      0.143425    0.001341   10.336272 ^ clkbuf_3_1__f_clk/A (sky130_fd_sc_hd__clkbuf_16)
     9    0.044324    0.049498    0.126389   10.462661 ^ clkbuf_3_1__f_clk/X (sky130_fd_sc_hd__clkbuf_16)
                                                         clknet_3_1__leaf_clk (net)
                      0.049855    0.003277   10.465939 ^ _13400_/CLK (sky130_fd_sc_hd__dfrtp_1)
                                 -0.250000   10.215939   clock uncertainty
                                  0.000000   10.215939   clock reconvergence pessimism
                                 -0.076119   10.139819   library setup time
                                             10.139819   data required time
---------------------------------------------------------------------------------------------
                                             10.139819   data required time
                                             -6.078405   data arrival time
---------------------------------------------------------------------------------------------
                                              4.061414   slack (MET)




===========================================================================
report_checks --slack_max -0.01
============================================================================
======================= min_ff_n40C_1v95 Corner ===================================

No paths found.


===========================================================================
 report_check_types -max_slew -max_cap -max_fanout -violators
============================================================================
======================= min_ff_n40C_1v95 Corner ===================================

max fanout

Pin                                   Limit Fanout  Slack
---------------------------------------------------------
input89/X                                10     12     -2 (VIOLATED)
clkbuf_3_4__f_clk/X                      10     11        (VIOLATED)



===========================================================================
report_parasitic_annotation -report_unannotated
============================================================================
Found 7 unannotated drivers.
 clkload0/Y
 clkload1/Y
 clkload2/Y
 clkload3/X
 clkload4/Y
 clkload5/Y
 clkload6/X
Found 0 partially unannotated drivers.

===========================================================================
max slew violation count 0
max fanout violation count 2
max cap violation count 0
============================================================================

===========================================================================
check_setup -verbose -unconstrained_endpoints -multiple_clock -no_clock -no_input_delay -loops -generated_clocks
===========================================================================
