Clock: clk
Sources: clk 
Generated: no
Virtual: yes
Propagated: no
Period: 10.000000

===========================================================================
report_clock_properties
============================================================================
Clock                   Period          Waveform
----------------------------------------------------
clk                  10.000000    0.000000  5.000000

===========================================================================
report_clock_latency
============================================================================
Clock clk
rise -> rise
    min     max
0.000000 0.000000 source latency
0.458204         network latency _13357_/CLK
        0.473812 network latency _13416_/CLK
---------------
0.458204 0.473812 latency
        0.015607 skew

fall -> fall
    min     max
0.000000 0.000000 source latency
0.368373         network latency _13357_/CLK
        0.381479 network latency _13416_/CLK
---------------
0.368373 0.381479 latency
        0.013106 skew



===========================================================================
report_clock_min_period
============================================================================
clk period_min = 0.00 fmax = inf
