Clock: aclk
Sources: aclk 
Generated: no
Virtual: no
Propagated: no
Period: 10.000000

===========================================================================
report_clock_properties
============================================================================
Clock                   Period          Waveform
----------------------------------------------------
aclk                 10.000000    0.000000  5.000000

===========================================================================
report_clock_latency
============================================================================
Clock aclk
rise -> rise
    min     max
0.000000 0.000000 source latency
0.304437         network latency _1270_/CLK
        0.304437 network latency _1270_/CLK
---------------
0.304437 0.304437 latency
        0.000000 skew

fall -> fall
    min     max
0.000000 0.000000 source latency
0.142141         network latency _1270_/CLK
        0.142141 network latency _1270_/CLK
---------------
0.142141 0.142141 latency
        0.000000 skew



===========================================================================
report_clock_min_period
============================================================================
aclk period_min = 4.22 fmax = 237.10
