Reading OpenROAD database at '/mnt/c/Users/Default.DESKTOP-A45I1O9/akularanjith-akularanjith--ECE510-2026-SPRING/project/m3/synth/runs/RUN_2026-05-22_22-33-29/20-openroad-generatepdn/top.odb'…
Reading library file at '/home/default/.volare/volare/sky130/versions/0fe599b2afb6708d281543108caf8310912f54af/sky130A/libs.ref/sky130_fd_sc_hd/lib/sky130_fd_sc_hd__tt_025C_1v80.lib'…
Reading design constraints file at '/nix/store/h0ldzjka94yryiq8yxbxmwargpnmwhx6-python3-3.11.9-env/lib/python3.11/site-packages/openlane/scripts/base.sdc'…
[INFO] Using clock aclk…
[INFO] Setting output delay to: 2.0
[INFO] Setting input delay to: 2.0
[INFO] Setting load to: 0.033442
[INFO] Setting clock uncertainty to: 0.25
[INFO] Setting clock transition to: 0.1499999999999999944488848768742172978818416595458984375
[INFO] Setting timing derate to: 5%
+ global_placement -density 0.45 -skip_io -pad_right 0 -pad_left 0 -init_wirelength_coef 0.25
[INFO GPL-0002] DBU: 1000
[INFO GPL-0003] SiteSize: (  0.460  2.720 ) um
[INFO GPL-0004] CoreBBox: (  5.520 10.880 ) ( 137.540 141.440 ) um
[INFO GPL-0006] NumInstances:              1034
[INFO GPL-0007] NumPlaceInstances:          688
[INFO GPL-0008] NumFixedInstances:          346
[INFO GPL-0009] NumDummyInstances:            0
[INFO GPL-0010] NumNets:                    709
[INFO GPL-0011] NumPins:                   2559
[INFO GPL-0012] DieBBox:  (  0.000  0.000 ) ( 143.165 153.885 ) um
[INFO GPL-0013] CoreBBox: (  5.520 10.880 ) ( 137.540 141.440 ) um
[INFO GPL-0016] CoreArea:             17236.531 um^2
[INFO GPL-0017] NonPlaceInstsArea:      673.146 um^2
[INFO GPL-0018] PlaceInstsArea:        6982.947 um^2
[INFO GPL-0019] Util:                    42.159 %
[INFO GPL-0020] StdInstsArea:          6982.947 um^2
[INFO GPL-0021] MacroInstsArea:           0.000 um^2
[INFO GPL-0031] FillerInit:NumGCells:       736
[INFO GPL-0032] FillerInit:NumGNets:        709
[INFO GPL-0033] FillerInit:NumGPins:       2559
[INFO GPL-0023] TargetDensity:            0.450
[INFO GPL-0024] AvrgPlaceInstArea:       10.150 um^2
[INFO GPL-0025] IdealBinArea:            22.555 um^2
[INFO GPL-0026] IdealBinCnt:                764
[INFO GPL-0027] TotalBinArea:         17236.531 um^2
[INFO GPL-0028] BinCnt:        16     16
[INFO GPL-0029] BinSize: (  8.252  8.160 )
[INFO GPL-0030] NumBins: 256
[NesterovSolve] Iter:    1 overflow: 0.983 HPWL: 2083204
[NesterovSolve] Iter:   10 overflow: 0.983 HPWL: 1441621
[NesterovSolve] Iter:   20 overflow: 0.981 HPWL: 1428111
[NesterovSolve] Iter:   30 overflow: 0.977 HPWL: 1419976
[NesterovSolve] Iter:   40 overflow: 0.972 HPWL: 1414877
[NesterovSolve] Iter:   50 overflow: 0.969 HPWL: 1412590
[NesterovSolve] Iter:   60 overflow: 0.966 HPWL: 1412709
[NesterovSolve] Iter:   70 overflow: 0.966 HPWL: 1414067
[NesterovSolve] Iter:   80 overflow: 0.966 HPWL: 1417589
[NesterovSolve] Iter:   90 overflow: 0.966 HPWL: 1424990
[NesterovSolve] Iter:  100 overflow: 0.966 HPWL: 1444443
[NesterovSolve] Iter:  110 overflow: 0.966 HPWL: 1497391
[NesterovSolve] Iter:  120 overflow: 0.966 HPWL: 1619024
[NesterovSolve] Iter:  130 overflow: 0.949 HPWL: 1789965
[NesterovSolve] Iter:  140 overflow: 0.939 HPWL: 1981845
[NesterovSolve] Iter:  150 overflow: 0.914 HPWL: 2181767
[NesterovSolve] Iter:  160 overflow: 0.891 HPWL: 2453999
[NesterovSolve] Iter:  170 overflow: 0.848 HPWL: 2919034
[NesterovSolve] Iter:  180 overflow: 0.801 HPWL: 3548526
[NesterovSolve] Iter:  190 overflow: 0.754 HPWL: 3976937
[NesterovSolve] Iter:  200 overflow: 0.729 HPWL: 4211167
[NesterovSolve] Iter:  210 overflow: 0.673 HPWL: 4815954
[NesterovSolve] Iter:  220 overflow: 0.626 HPWL: 5266765
[NesterovSolve] Iter:  230 overflow: 0.587 HPWL: 5667471
[NesterovSolve] Iter:  240 overflow: 0.527 HPWL: 6192457
[NesterovSolve] Iter:  250 overflow: 0.493 HPWL: 6578687
[NesterovSolve] Iter:  260 overflow: 0.430 HPWL: 6981283
[NesterovSolve] Iter:  270 overflow: 0.390 HPWL: 7248188
[NesterovSolve] Iter:  280 overflow: 0.347 HPWL: 7461899
[NesterovSolve] Iter:  290 overflow: 0.314 HPWL: 7510460
[NesterovSolve] Iter:  300 overflow: 0.283 HPWL: 7555822
[NesterovSolve] Iter:  310 overflow: 0.252 HPWL: 7655627
[NesterovSolve] Iter:  320 overflow: 0.221 HPWL: 7747029
[NesterovSolve] Iter:  330 overflow: 0.191 HPWL: 7869146
[NesterovSolve] Iter:  340 overflow: 0.167 HPWL: 7885872
[NesterovSolve] Iter:  350 overflow: 0.148 HPWL: 7964816
[NesterovSolve] Iter:  360 overflow: 0.123 HPWL: 7992999
[NesterovSolve] Finished with Overflow: 0.098728
[INFO] Setting RC values…
Setting global connections for newly added cells…
[INFO] Setting global connections...
Updating metrics…
Cell type report:                       Count       Area
  Fill cell                                96     360.35
  Tap cell                                250     312.80
  Buffer                                    1       5.00
  Inverter                                 10      37.54
  Sequential cell                          52    1106.06
  Multi-Input combinational cell          625    5834.35
  Total                                  1034    7656.09
Writing OpenROAD database to '/mnt/c/Users/Default.DESKTOP-A45I1O9/akularanjith-akularanjith--ECE510-2026-SPRING/project/m3/synth/runs/RUN_2026-05-22_22-33-29/23-openroad-globalplacementskipio/top.odb'…
Writing netlist to '/mnt/c/Users/Default.DESKTOP-A45I1O9/akularanjith-akularanjith--ECE510-2026-SPRING/project/m3/synth/runs/RUN_2026-05-22_22-33-29/23-openroad-globalplacementskipio/top.nl.v'…
Writing powered netlist to '/mnt/c/Users/Default.DESKTOP-A45I1O9/akularanjith-akularanjith--ECE510-2026-SPRING/project/m3/synth/runs/RUN_2026-05-22_22-33-29/23-openroad-globalplacementskipio/top.pnl.v'…
Writing layout to '/mnt/c/Users/Default.DESKTOP-A45I1O9/akularanjith-akularanjith--ECE510-2026-SPRING/project/m3/synth/runs/RUN_2026-05-22_22-33-29/23-openroad-globalplacementskipio/top.def'…
Writing timing constraints to '/mnt/c/Users/Default.DESKTOP-A45I1O9/akularanjith-akularanjith--ECE510-2026-SPRING/project/m3/synth/runs/RUN_2026-05-22_22-33-29/23-openroad-globalplacementskipio/top.sdc'…
