Reading OpenROAD database at '/mnt/c/Users/Default.DESKTOP-A45I1O9/akularanjith-akularanjith--ECE510-2026-SPRING/project/m4/synth/runs/RUN_2026-06-05_21-15-13/40-odb-diodesonports/1-odb-portdiodeplacement/top.odb'…
Reading library file at '/home/default/.volare/volare/sky130/versions/0fe599b2afb6708d281543108caf8310912f54af/sky130A/libs.ref/sky130_fd_sc_hd/lib/sky130_fd_sc_hd__tt_025C_1v80.lib'…
Reading design constraints file at '/nix/store/h0ldzjka94yryiq8yxbxmwargpnmwhx6-python3-3.11.9-env/lib/python3.11/site-packages/openlane/scripts/base.sdc'…
[INFO] Using clock aclk…
[INFO] Setting output delay to: 2.4
[INFO] Setting input delay to: 2.4
[INFO] Setting load to: 0.033442
[INFO] Setting clock uncertainty to: 0.25
[INFO] Setting clock transition to: 0.1499999999999999944488848768742172978818416595458984375
[INFO] Setting timing derate to: 5%
Placement Analysis
---------------------------------
total displacement         85.9 u
average displacement        0.0 u
max displacement           10.5 u
original HPWL           25072.8 u
legalized HPWL          26053.7 u
delta HPWL                    4 %

[INFO DPL-0020] Mirrored 587 instances
[INFO DPL-0021] HPWL before           26053.7 u
[INFO DPL-0022] HPWL after            25135.5 u
[INFO DPL-0023] HPWL delta               -3.5 %
Setting global connections for newly added cells…
[INFO] Setting global connections...
Updating metrics…
Cell type report:                       Count       Area
  Fill cell                               114     427.91
  Tap cell                                324     405.39
  Antenna cell                             20      50.05
  Buffer                                    1       3.75
  Clock buffer                              5     125.12
  Timing Repair Buffer                    168    1098.55
  Inverter                                  9      38.79
  Clock inverter                            3      28.78
  Sequential cell                          50    1003.46
  Multi-Input combinational cell         1027    7533.48
  Total                                  1721   10715.28
Writing OpenROAD database to '/mnt/c/Users/Default.DESKTOP-A45I1O9/akularanjith-akularanjith--ECE510-2026-SPRING/project/m4/synth/runs/RUN_2026-06-05_21-15-13/40-odb-diodesonports/2-openroad-detailedplacement/top.odb'…
Writing netlist to '/mnt/c/Users/Default.DESKTOP-A45I1O9/akularanjith-akularanjith--ECE510-2026-SPRING/project/m4/synth/runs/RUN_2026-06-05_21-15-13/40-odb-diodesonports/2-openroad-detailedplacement/top.nl.v'…
Writing powered netlist to '/mnt/c/Users/Default.DESKTOP-A45I1O9/akularanjith-akularanjith--ECE510-2026-SPRING/project/m4/synth/runs/RUN_2026-06-05_21-15-13/40-odb-diodesonports/2-openroad-detailedplacement/top.pnl.v'…
Writing layout to '/mnt/c/Users/Default.DESKTOP-A45I1O9/akularanjith-akularanjith--ECE510-2026-SPRING/project/m4/synth/runs/RUN_2026-06-05_21-15-13/40-odb-diodesonports/2-openroad-detailedplacement/top.def'…
Writing timing constraints to '/mnt/c/Users/Default.DESKTOP-A45I1O9/akularanjith-akularanjith--ECE510-2026-SPRING/project/m4/synth/runs/RUN_2026-06-05_21-15-13/40-odb-diodesonports/2-openroad-detailedplacement/top.sdc'…
