Clock: aclk
Sources: aclk 
Generated: no
Virtual: yes
Propagated: no
Period: 20.000000

===========================================================================
report_clock_properties
============================================================================
Clock                   Period          Waveform
----------------------------------------------------
aclk                 20.000000    0.000000 10.000000

===========================================================================
report_clock_latency
============================================================================
Clock aclk
rise -> rise
    min     max
0.000000 0.000000 source latency
0.319469         network latency _2099_/CLK
        0.334410 network latency _2089_/CLK
---------------
0.319469 0.334410 latency
        0.014941 skew

fall -> fall
    min     max
0.000000 0.000000 source latency
0.275439         network latency _2099_/CLK
        0.286343 network latency _2089_/CLK
---------------
0.275439 0.286343 latency
        0.010904 skew



===========================================================================
report_clock_min_period
============================================================================
aclk period_min = 4.89 fmax = 204.64
