Clock: aclk
Sources: aclk 
Generated: no
Virtual: yes
Propagated: no
Period: 10.000000

===========================================================================
report_clock_properties
============================================================================
Clock                   Period          Waveform
----------------------------------------------------
aclk                 10.000000    0.000000  5.000000

===========================================================================
report_clock_latency
============================================================================
Clock aclk
rise -> rise
    min     max
0.000000 0.000000 source latency
0.664452         network latency _1289_/CLK
        0.669961 network latency _1275_/CLK
---------------
0.664452 0.669961 latency
        0.005509 skew

fall -> fall
    min     max
0.000000 0.000000 source latency
0.635582         network latency _1289_/CLK
        0.640875 network latency _1275_/CLK
---------------
0.635582 0.640875 latency
        0.005294 skew



===========================================================================
report_clock_min_period
============================================================================
aclk period_min = 7.94 fmax = 125.91
