Clock: aclk
Sources: aclk 
Generated: no
Virtual: yes
Propagated: no
Period: 10.000000

===========================================================================
report_clock_properties
============================================================================
Clock                   Period          Waveform
----------------------------------------------------
aclk                 10.000000    0.000000  5.000000

===========================================================================
report_clock_latency
============================================================================
Clock aclk
rise -> rise
    min     max
0.000000 0.000000 source latency
0.354471         network latency _1287_/CLK
        0.356874 network latency _1295_/CLK
---------------
0.354471 0.356874 latency
        0.002403 skew

fall -> fall
    min     max
0.000000 0.000000 source latency
0.336698         network latency _1287_/CLK
        0.338747 network latency _1285_/CLK
---------------
0.336698 0.338747 latency
        0.002049 skew



===========================================================================
report_clock_min_period
============================================================================
aclk period_min = 4.19 fmax = 238.94
