Reading OpenROAD database at '/mnt/c/Users/Default.DESKTOP-A45I1O9/akularanjith-akularanjith--ECE510-2026-SPRING/project/m3/synth/runs/RUN_2026-05-22_22-33-29/15-odb-setpowerconnections/top.odb'…
Reading library file at '/home/default/.volare/volare/sky130/versions/0fe599b2afb6708d281543108caf8310912f54af/sky130A/libs.ref/sky130_fd_sc_hd/lib/sky130_fd_sc_hd__tt_025C_1v80.lib'…
Reading design constraints file at '/nix/store/h0ldzjka94yryiq8yxbxmwargpnmwhx6-python3-3.11.9-env/lib/python3.11/site-packages/openlane/scripts/base.sdc'…
[INFO] Using clock aclk…
[INFO] Setting output delay to: 2.0
[INFO] Setting input delay to: 2.0
[INFO] Setting load to: 0.033442
[INFO] Setting clock uncertainty to: 0.25
[INFO] Setting clock transition to: 0.1499999999999999944488848768742172978818416595458984375
[INFO] Setting timing derate to: 5%
Setting global connections for newly added cells…
[INFO] Setting global connections...
Updating metrics…
Cell type report:                       Count       Area
  Buffer                                    1       5.00
  Inverter                                 10      37.54
  Sequential cell                          52    1106.06
  Multi-Input combinational cell          625    5834.35
  Total                                   688    6982.95
Writing OpenROAD database to '/mnt/c/Users/Default.DESKTOP-A45I1O9/akularanjith-akularanjith--ECE510-2026-SPRING/project/m3/synth/runs/RUN_2026-05-22_22-33-29/17-openroad-cutrows/top.odb'…
Writing layout to '/mnt/c/Users/Default.DESKTOP-A45I1O9/akularanjith-akularanjith--ECE510-2026-SPRING/project/m3/synth/runs/RUN_2026-05-22_22-33-29/17-openroad-cutrows/top.def'…
