
===========================================================================
 report_power
============================================================================
======================= nom_ss_100C_1v60 Corner ===================================

Group                    Internal    Switching      Leakage        Total
                            Power        Power        Power        Power (Watts)
------------------------------------------------------------------------
Sequential           1.364646e-04 2.421732e-05 7.582013e-07 1.614401e-04  33.0%
Combinational        1.810703e-04 1.418867e-04 5.239503e-06 3.281964e-04  67.0%
Clock                0.000000e+00 0.000000e+00 0.000000e+00 0.000000e+00   0.0%
Macro                0.000000e+00 0.000000e+00 0.000000e+00 0.000000e+00   0.0%
Pad                  0.000000e+00 0.000000e+00 0.000000e+00 0.000000e+00   0.0%
------------------------------------------------------------------------
Total                3.175349e-04 1.661039e-04 5.997704e-06 4.896365e-04 100.0%
                            64.9%        33.9%         1.2%

