Reading OpenROAD database at '/mnt/c/Users/Default.DESKTOP-A45I1O9/akularanjith-akularanjith--ECE510-2026-SPRING/codefest/cf07/runs/RUN_2026-05-15_20-28-23/20-openroad-generatepdn/crossbar_mac.odb'…
Reading library file at '/home/default/.volare/volare/sky130/versions/0fe599b2afb6708d281543108caf8310912f54af/sky130A/libs.ref/sky130_fd_sc_hd/lib/sky130_fd_sc_hd__tt_025C_1v80.lib'…
Reading design constraints file at '/nix/store/h0ldzjka94yryiq8yxbxmwargpnmwhx6-python3-3.11.9-env/lib/python3.11/site-packages/openlane/scripts/base.sdc'…
[INFO] Using clock clk…
[INFO] Setting output delay to: 2.0
[INFO] Setting input delay to: 2.0
[INFO] Setting load to: 0.033442
[INFO] Setting clock uncertainty to: 0.25
[INFO] Setting clock transition to: 0.1499999999999999944488848768742172978818416595458984375
[INFO] Setting timing derate to: 5%
+ global_placement -density 0.6202570000000001 -skip_io -pad_right 0 -pad_left 0 -init_wirelength_coef 0.25
[INFO GPL-0002] DBU: 1000
[INFO GPL-0003] SiteSize: (  0.460  2.720 ) um
[INFO GPL-0004] CoreBBox: (  5.520 10.880 ) ( 379.960 383.520 ) um
[INFO GPL-0006] NumInstances:              8961
[INFO GPL-0007] NumPlaceInstances:         6741
[INFO GPL-0008] NumFixedInstances:         2220
[INFO GPL-0009] NumDummyInstances:            0
[INFO GPL-0010] NumNets:                   6903
[INFO GPL-0011] NumPins:                  24295
[INFO GPL-0012] DieBBox:  (  0.000  0.000 ) ( 385.625 396.345 ) um
[INFO GPL-0013] CoreBBox: (  5.520 10.880 ) ( 379.960 383.520 ) um
[INFO GPL-0016] CoreArea:            139531.322 um^2
[INFO GPL-0017] NonPlaceInstsArea:     3463.322 um^2
[INFO GPL-0018] PlaceInstsArea:       70157.286 um^2
[INFO GPL-0019] Util:                    51.560 %
[INFO GPL-0020] StdInstsArea:         70157.286 um^2
[INFO GPL-0021] MacroInstsArea:           0.000 um^2
[INFO GPL-0031] FillerInit:NumGCells:      8126
[INFO GPL-0032] FillerInit:NumGNets:       6903
[INFO GPL-0033] FillerInit:NumGPins:      24295
[INFO GPL-0023] TargetDensity:            0.620
[INFO GPL-0024] AvrgPlaceInstArea:       10.408 um^2
[INFO GPL-0025] IdealBinArea:            16.779 um^2
[INFO GPL-0026] IdealBinCnt:               8315
[INFO GPL-0027] TotalBinArea:        139531.322 um^2
[INFO GPL-0028] BinCnt:        64     64
[INFO GPL-0029] BinSize: (  5.851  5.823 )
[INFO GPL-0030] NumBins: 4096
[NesterovSolve] Iter:    1 overflow: 0.999 HPWL: 17939964
[NesterovSolve] Iter:   10 overflow: 0.997 HPWL: 11879135
[NesterovSolve] Iter:   20 overflow: 0.997 HPWL: 11547301
[NesterovSolve] Iter:   30 overflow: 0.997 HPWL: 11437163
[NesterovSolve] Iter:   40 overflow: 0.997 HPWL: 11417094
[NesterovSolve] Iter:   50 overflow: 0.997 HPWL: 11415015
[NesterovSolve] Iter:   60 overflow: 0.997 HPWL: 11412505
[NesterovSolve] Iter:   70 overflow: 0.997 HPWL: 11415042
[NesterovSolve] Iter:   80 overflow: 0.997 HPWL: 11430593
[NesterovSolve] Iter:   90 overflow: 0.996 HPWL: 11470774
[NesterovSolve] Iter:  100 overflow: 0.996 HPWL: 11574846
[NesterovSolve] Iter:  110 overflow: 0.996 HPWL: 11828159
[NesterovSolve] Iter:  120 overflow: 0.995 HPWL: 12457745
[NesterovSolve] Iter:  130 overflow: 0.993 HPWL: 13886234
[NesterovSolve] Iter:  140 overflow: 0.990 HPWL: 17023853
[NesterovSolve] Iter:  150 overflow: 0.983 HPWL: 23113976
[NesterovSolve] Iter:  160 overflow: 0.970 HPWL: 30855183
[NesterovSolve] Iter:  170 overflow: 0.952 HPWL: 37445954
[NesterovSolve] Iter:  180 overflow: 0.933 HPWL: 42292870
[NesterovSolve] Iter:  190 overflow: 0.900 HPWL: 47076191
[NesterovSolve] Iter:  200 overflow: 0.863 HPWL: 52223920
[NesterovSolve] Iter:  210 overflow: 0.834 HPWL: 57512050
[NesterovSolve] Iter:  220 overflow: 0.812 HPWL: 64505693
[NesterovSolve] Iter:  230 overflow: 0.760 HPWL: 73919085
[NesterovSolve] Iter:  240 overflow: 0.711 HPWL: 80378885
[NesterovSolve] Iter:  250 overflow: 0.670 HPWL: 84164840
[NesterovSolve] Iter:  260 overflow: 0.630 HPWL: 87864651
[NesterovSolve] Iter:  270 overflow: 0.582 HPWL: 91597102
[NesterovSolve] Iter:  280 overflow: 0.539 HPWL: 93080024
[NesterovSolve] Iter:  290 overflow: 0.499 HPWL: 94529913
[NesterovSolve] Iter:  300 overflow: 0.439 HPWL: 96538033
[NesterovSolve] Iter:  310 overflow: 0.388 HPWL: 99125013
[NesterovSolve] Iter:  320 overflow: 0.345 HPWL: 102102677
[NesterovSolve] Iter:  330 overflow: 0.323 HPWL: 102803024
[NesterovSolve] Iter:  340 overflow: 0.288 HPWL: 102379298
[NesterovSolve] Iter:  350 overflow: 0.255 HPWL: 103049619
[NesterovSolve] Iter:  360 overflow: 0.232 HPWL: 102419012
[NesterovSolve] Iter:  370 overflow: 0.212 HPWL: 102448250
[NesterovSolve] Iter:  380 overflow: 0.188 HPWL: 102254350
[NesterovSolve] Iter:  390 overflow: 0.164 HPWL: 102220018
[NesterovSolve] Iter:  400 overflow: 0.148 HPWL: 102245753
[NesterovSolve] Iter:  410 overflow: 0.132 HPWL: 102297828
[NesterovSolve] Iter:  420 overflow: 0.116 HPWL: 102310990
[NesterovSolve] Iter:  430 overflow: 0.101 HPWL: 102511156
[NesterovSolve] Finished with Overflow: 0.099544
[INFO] Setting RC values…
Setting global connections for newly added cells…
[INFO] Setting global connections...
Updating metrics…
Cell type report:                       Count       Area
  Fill cell                               274    1028.49
  Tap cell                               1946    2434.84
  Inverter                                173     649.37
  Sequential cell                          64    1681.61
  Multi-Input combinational cell         6504   67826.30
  Total                                  8961   73620.61
Writing OpenROAD database to '/mnt/c/Users/Default.DESKTOP-A45I1O9/akularanjith-akularanjith--ECE510-2026-SPRING/codefest/cf07/runs/RUN_2026-05-15_20-28-23/23-openroad-globalplacementskipio/crossbar_mac.odb'…
Writing netlist to '/mnt/c/Users/Default.DESKTOP-A45I1O9/akularanjith-akularanjith--ECE510-2026-SPRING/codefest/cf07/runs/RUN_2026-05-15_20-28-23/23-openroad-globalplacementskipio/crossbar_mac.nl.v'…
Writing powered netlist to '/mnt/c/Users/Default.DESKTOP-A45I1O9/akularanjith-akularanjith--ECE510-2026-SPRING/codefest/cf07/runs/RUN_2026-05-15_20-28-23/23-openroad-globalplacementskipio/crossbar_mac.pnl.v'…
Writing layout to '/mnt/c/Users/Default.DESKTOP-A45I1O9/akularanjith-akularanjith--ECE510-2026-SPRING/codefest/cf07/runs/RUN_2026-05-15_20-28-23/23-openroad-globalplacementskipio/crossbar_mac.def'…
Writing timing constraints to '/mnt/c/Users/Default.DESKTOP-A45I1O9/akularanjith-akularanjith--ECE510-2026-SPRING/codefest/cf07/runs/RUN_2026-05-15_20-28-23/23-openroad-globalplacementskipio/crossbar_mac.sdc'…
