
===========================================================================
report_checks -unconstrained
===========================================================================
======================= nom_ss_100C_1v60 Corner ===================================

Startpoint: s_axis_tdata[15] (input port clocked by aclk)
Endpoint: _1317_ (rising edge-triggered flip-flop clocked by aclk)
Path Group: aclk
Path Type: max

Fanout         Cap        Slew       Delay        Time   Description
---------------------------------------------------------------------------------------------
                                  0.000000    0.000000   clock aclk (rise edge)
                                  0.000000    0.000000   clock network delay (propagated)
                                  2.000000    2.000000 ^ input external delay
     1    0.002745    0.031889    0.015499    2.015499 ^ s_axis_tdata[15] (in)
                                                         s_axis_tdata[15] (net)
                      0.031889    0.000000    2.015499 ^ input9/A (sky130_fd_sc_hd__buf_1)
     4    0.015914    0.308435    0.303282    2.318781 ^ input9/X (sky130_fd_sc_hd__buf_1)
                                                         net9 (net)
                      0.308436    0.000504    2.319285 ^ fanout75/A (sky130_fd_sc_hd__buf_4)
    10    0.034254    0.166246    0.385715    2.705000 ^ fanout75/X (sky130_fd_sc_hd__buf_4)
                                                         net75 (net)
                      0.166251    0.001205    2.706205 ^ _1004_/A2 (sky130_fd_sc_hd__a21oi_1)
     3    0.007594    0.173899    0.222880    2.929085 v _1004_/Y (sky130_fd_sc_hd__a21oi_1)
                                                         _0382_ (net)
                      0.173899    0.000131    2.929217 v _1006_/B (sky130_fd_sc_hd__or3_1)
     2    0.008255    0.191385    0.911242    3.840459 v _1006_/X (sky130_fd_sc_hd__or3_1)
                                                         _0384_ (net)
                      0.191385    0.000192    3.840651 v _1009_/A1 (sky130_fd_sc_hd__a211o_1)
     3    0.010003    0.149213    0.608502    4.449152 v _1009_/X (sky130_fd_sc_hd__a211o_1)
                                                         _0387_ (net)
                      0.149213    0.000242    4.449395 v _1055_/A2 (sky130_fd_sc_hd__a21bo_1)
     2    0.010502    0.123489    0.433698    4.883093 v _1055_/X (sky130_fd_sc_hd__a21bo_1)
                                                         _0432_ (net)
                      0.123489    0.000335    4.883429 v _1057_/B1 (sky130_fd_sc_hd__a21o_1)
     3    0.008277    0.102823    0.342695    5.226123 v _1057_/X (sky130_fd_sc_hd__a21o_1)
                                                         _0434_ (net)
                      0.102823    0.000264    5.226388 v _1058_/C (sky130_fd_sc_hd__and3_1)
     2    0.008015    0.113060    0.423003    5.649390 v _1058_/X (sky130_fd_sc_hd__and3_1)
                                                         _0435_ (net)
                      0.113060    0.000195    5.649584 v _1062_/A1 (sky130_fd_sc_hd__o211a_1)
     3    0.006880    0.106799    0.461272    6.110857 v _1062_/X (sky130_fd_sc_hd__o211a_1)
                                                         _0439_ (net)
                      0.106799    0.000086    6.110942 v _1064_/C (sky130_fd_sc_hd__or3_1)
     2    0.004329    0.154372    0.755510    6.866453 v _1064_/X (sky130_fd_sc_hd__or3_1)
                                                         _0441_ (net)
                      0.154372    0.000103    6.866556 v _1067_/A (sky130_fd_sc_hd__and3_1)
     3    0.007813    0.111384    0.375836    7.242392 v _1067_/X (sky130_fd_sc_hd__and3_1)
                                                         _0444_ (net)
                      0.111384    0.000171    7.242562 v _1069_/A_N (sky130_fd_sc_hd__and2b_1)
     3    0.010387    0.168792    0.465124    7.707686 ^ _1069_/X (sky130_fd_sc_hd__and2b_1)
                                                         _0446_ (net)
                      0.168792    0.000151    7.707837 ^ _1141_/A1 (sky130_fd_sc_hd__a31o_1)
     2    0.009045    0.166435    0.378155    8.085993 ^ _1141_/X (sky130_fd_sc_hd__a31o_1)
                                                         _0516_ (net)
                      0.166435    0.000266    8.086258 ^ _1145_/A2 (sky130_fd_sc_hd__a21oi_1)
     4    0.011899    0.237508    0.272400    8.358658 v _1145_/Y (sky130_fd_sc_hd__a21oi_1)
                                                         _0519_ (net)
                      0.237508    0.000359    8.359016 v _1201_/A1 (sky130_fd_sc_hd__a211o_1)
     5    0.014684    0.182986    0.670171    9.029187 v _1201_/X (sky130_fd_sc_hd__a211o_1)
                                                         _0574_ (net)
                      0.182986    0.000596    9.029783 v _1250_/A2 (sky130_fd_sc_hd__a311o_1)
     2    0.006253    0.125265    0.667862    9.697645 v _1250_/X (sky130_fd_sc_hd__a311o_1)
                                                         _0621_ (net)
                      0.125265    0.000203    9.697849 v _1260_/A2 (sky130_fd_sc_hd__a31o_1)
     1    0.002722    0.065081    0.387018   10.084867 v _1260_/X (sky130_fd_sc_hd__a31o_1)
                                                         _0630_ (net)
                      0.065081    0.000078   10.084946 v _1261_/B1 (sky130_fd_sc_hd__o211a_1)
     1    0.002502    0.068186    0.217393   10.302339 v _1261_/X (sky130_fd_sc_hd__o211a_1)
                                                         _0047_ (net)
                      0.068186    0.000054   10.302393 v _1317_/D (sky130_fd_sc_hd__dfxtp_1)
                                             10.302393   data arrival time

                                 10.000000   10.000000   clock aclk (rise edge)
                                  0.000000   10.000000   clock source latency
     1    0.020182    0.151212    0.103335   10.103335 ^ aclk (in)
                                                         aclk (net)
                      0.151221    0.000000   10.103335 ^ clkbuf_0_aclk/A (sky130_fd_sc_hd__clkbuf_16)
     4    0.045437    0.101000    0.293285   10.396621 ^ clkbuf_0_aclk/X (sky130_fd_sc_hd__clkbuf_16)
                                                         clknet_0_aclk (net)
                      0.101024    0.001403   10.398024 ^ clkbuf_2_0__f_aclk/A (sky130_fd_sc_hd__clkbuf_16)
    14    0.042362    0.096913    0.266948   10.664972 ^ clkbuf_2_0__f_aclk/X (sky130_fd_sc_hd__clkbuf_16)
                                                         clknet_2_0__leaf_aclk (net)
                      0.096985    0.001561   10.666533 ^ _1317_/CLK (sky130_fd_sc_hd__dfxtp_1)
                                 -0.250000   10.416533   clock uncertainty
                                  0.000000   10.416533   clock reconvergence pessimism
                                 -0.260957   10.155576   library setup time
                                             10.155576   data required time
---------------------------------------------------------------------------------------------
                                             10.155576   data required time
                                            -10.302393   data arrival time
---------------------------------------------------------------------------------------------
                                             -0.146817   slack (VIOLATED)




===========================================================================
report_checks --slack_max -0.01
============================================================================
======================= nom_ss_100C_1v60 Corner ===================================

Startpoint: s_axis_tdata[15] (input port clocked by aclk)
Endpoint: _1317_ (rising edge-triggered flip-flop clocked by aclk)
Path Group: aclk
Path Type: max

Fanout         Cap        Slew       Delay        Time   Description
---------------------------------------------------------------------------------------------
                                  0.000000    0.000000   clock aclk (rise edge)
                                  0.000000    0.000000   clock network delay (propagated)
                                  2.000000    2.000000 ^ input external delay
     1    0.002745    0.031889    0.015499    2.015499 ^ s_axis_tdata[15] (in)
                                                         s_axis_tdata[15] (net)
                      0.031889    0.000000    2.015499 ^ input9/A (sky130_fd_sc_hd__buf_1)
     4    0.015914    0.308435    0.303282    2.318781 ^ input9/X (sky130_fd_sc_hd__buf_1)
                                                         net9 (net)
                      0.308436    0.000504    2.319285 ^ fanout75/A (sky130_fd_sc_hd__buf_4)
    10    0.034254    0.166246    0.385715    2.705000 ^ fanout75/X (sky130_fd_sc_hd__buf_4)
                                                         net75 (net)
                      0.166251    0.001205    2.706205 ^ _1004_/A2 (sky130_fd_sc_hd__a21oi_1)
     3    0.007594    0.173899    0.222880    2.929085 v _1004_/Y (sky130_fd_sc_hd__a21oi_1)
                                                         _0382_ (net)
                      0.173899    0.000131    2.929217 v _1006_/B (sky130_fd_sc_hd__or3_1)
     2    0.008255    0.191385    0.911242    3.840459 v _1006_/X (sky130_fd_sc_hd__or3_1)
                                                         _0384_ (net)
                      0.191385    0.000192    3.840651 v _1009_/A1 (sky130_fd_sc_hd__a211o_1)
     3    0.010003    0.149213    0.608502    4.449152 v _1009_/X (sky130_fd_sc_hd__a211o_1)
                                                         _0387_ (net)
                      0.149213    0.000242    4.449395 v _1055_/A2 (sky130_fd_sc_hd__a21bo_1)
     2    0.010502    0.123489    0.433698    4.883093 v _1055_/X (sky130_fd_sc_hd__a21bo_1)
                                                         _0432_ (net)
                      0.123489    0.000335    4.883429 v _1057_/B1 (sky130_fd_sc_hd__a21o_1)
     3    0.008277    0.102823    0.342695    5.226123 v _1057_/X (sky130_fd_sc_hd__a21o_1)
                                                         _0434_ (net)
                      0.102823    0.000264    5.226388 v _1058_/C (sky130_fd_sc_hd__and3_1)
     2    0.008015    0.113060    0.423003    5.649390 v _1058_/X (sky130_fd_sc_hd__and3_1)
                                                         _0435_ (net)
                      0.113060    0.000195    5.649584 v _1062_/A1 (sky130_fd_sc_hd__o211a_1)
     3    0.006880    0.106799    0.461272    6.110857 v _1062_/X (sky130_fd_sc_hd__o211a_1)
                                                         _0439_ (net)
                      0.106799    0.000086    6.110942 v _1064_/C (sky130_fd_sc_hd__or3_1)
     2    0.004329    0.154372    0.755510    6.866453 v _1064_/X (sky130_fd_sc_hd__or3_1)
                                                         _0441_ (net)
                      0.154372    0.000103    6.866556 v _1067_/A (sky130_fd_sc_hd__and3_1)
     3    0.007813    0.111384    0.375836    7.242392 v _1067_/X (sky130_fd_sc_hd__and3_1)
                                                         _0444_ (net)
                      0.111384    0.000171    7.242562 v _1069_/A_N (sky130_fd_sc_hd__and2b_1)
     3    0.010387    0.168792    0.465124    7.707686 ^ _1069_/X (sky130_fd_sc_hd__and2b_1)
                                                         _0446_ (net)
                      0.168792    0.000151    7.707837 ^ _1141_/A1 (sky130_fd_sc_hd__a31o_1)
     2    0.009045    0.166435    0.378155    8.085993 ^ _1141_/X (sky130_fd_sc_hd__a31o_1)
                                                         _0516_ (net)
                      0.166435    0.000266    8.086258 ^ _1145_/A2 (sky130_fd_sc_hd__a21oi_1)
     4    0.011899    0.237508    0.272400    8.358658 v _1145_/Y (sky130_fd_sc_hd__a21oi_1)
                                                         _0519_ (net)
                      0.237508    0.000359    8.359016 v _1201_/A1 (sky130_fd_sc_hd__a211o_1)
     5    0.014684    0.182986    0.670171    9.029187 v _1201_/X (sky130_fd_sc_hd__a211o_1)
                                                         _0574_ (net)
                      0.182986    0.000596    9.029783 v _1250_/A2 (sky130_fd_sc_hd__a311o_1)
     2    0.006253    0.125265    0.667862    9.697645 v _1250_/X (sky130_fd_sc_hd__a311o_1)
                                                         _0621_ (net)
                      0.125265    0.000203    9.697849 v _1260_/A2 (sky130_fd_sc_hd__a31o_1)
     1    0.002722    0.065081    0.387018   10.084867 v _1260_/X (sky130_fd_sc_hd__a31o_1)
                                                         _0630_ (net)
                      0.065081    0.000078   10.084946 v _1261_/B1 (sky130_fd_sc_hd__o211a_1)
     1    0.002502    0.068186    0.217393   10.302339 v _1261_/X (sky130_fd_sc_hd__o211a_1)
                                                         _0047_ (net)
                      0.068186    0.000054   10.302393 v _1317_/D (sky130_fd_sc_hd__dfxtp_1)
                                             10.302393   data arrival time

                                 10.000000   10.000000   clock aclk (rise edge)
                                  0.000000   10.000000   clock source latency
     1    0.020182    0.151212    0.103335   10.103335 ^ aclk (in)
                                                         aclk (net)
                      0.151221    0.000000   10.103335 ^ clkbuf_0_aclk/A (sky130_fd_sc_hd__clkbuf_16)
     4    0.045437    0.101000    0.293285   10.396621 ^ clkbuf_0_aclk/X (sky130_fd_sc_hd__clkbuf_16)
                                                         clknet_0_aclk (net)
                      0.101024    0.001403   10.398024 ^ clkbuf_2_0__f_aclk/A (sky130_fd_sc_hd__clkbuf_16)
    14    0.042362    0.096913    0.266948   10.664972 ^ clkbuf_2_0__f_aclk/X (sky130_fd_sc_hd__clkbuf_16)
                                                         clknet_2_0__leaf_aclk (net)
                      0.096985    0.001561   10.666533 ^ _1317_/CLK (sky130_fd_sc_hd__dfxtp_1)
                                 -0.250000   10.416533   clock uncertainty
                                  0.000000   10.416533   clock reconvergence pessimism
                                 -0.260957   10.155576   library setup time
                                             10.155576   data required time
---------------------------------------------------------------------------------------------
                                             10.155576   data required time
                                            -10.302393   data arrival time
---------------------------------------------------------------------------------------------
                                             -0.146817   slack (VIOLATED)




===========================================================================
 report_check_types -max_slew -max_cap -max_fanout -violators
============================================================================
======================= nom_ss_100C_1v60 Corner ===================================

max fanout

Pin                                   Limit Fanout  Slack
---------------------------------------------------------
clkbuf_2_0__f_aclk/X                     10     14     -4 (VIOLATED)
clkbuf_2_2__f_aclk/X                     10     14     -4 (VIOLATED)
clkbuf_2_3__f_aclk/X                     10     14     -4 (VIOLATED)
clkbuf_2_1__f_aclk/X                     10     12     -2 (VIOLATED)



===========================================================================
report_parasitic_annotation -report_unannotated
============================================================================
Found 2 unannotated drivers.
 clkload0/Y
 clkload1/X
Found 0 partially unannotated drivers.

===========================================================================
max slew violation count 0
max fanout violation count 4
max cap violation count 0
============================================================================

===========================================================================
check_setup -verbose -unconstrained_endpoints -multiple_clock -no_clock -no_input_delay -loops -generated_clocks
===========================================================================
