
===========================================================================
 report_power
============================================================================
======================= nom_ss_100C_1v60 Corner ===================================

Group                    Internal    Switching      Leakage        Total
                            Power        Power        Power        Power (Watts)
------------------------------------------------------------------------
Sequential           1.745744e-04 1.215158e-05 7.335827e-07 1.874595e-04  26.9%
Combinational        1.764510e-04 1.962499e-04 3.413167e-06 3.761141e-04  54.0%
Clock                7.704033e-05 5.558496e-05 1.080368e-07 1.327333e-04  19.1%
Macro                0.000000e+00 0.000000e+00 0.000000e+00 0.000000e+00   0.0%
Pad                  0.000000e+00 0.000000e+00 0.000000e+00 0.000000e+00   0.0%
------------------------------------------------------------------------
Total                4.280657e-04 2.639865e-04 4.254791e-06 6.963070e-04 100.0%
                            61.5%        37.9%         0.6%

