Clock: aclk
Sources: aclk 
Generated: no
Virtual: yes
Propagated: no
Period: 12.000000

===========================================================================
report_clock_properties
============================================================================
Clock                   Period          Waveform
----------------------------------------------------
aclk                 12.000000    0.000000  6.000000

===========================================================================
report_clock_latency
============================================================================
Clock aclk
rise -> rise
    min     max
0.000000 0.000000 source latency
0.807247         network latency _2103_/CLK
        0.834448 network latency _2077_/CLK
---------------
0.807247 0.834448 latency
        0.027201 skew

fall -> fall
    min     max
0.000000 0.000000 source latency
0.733190         network latency _2103_/CLK
        0.755898 network latency _2077_/CLK
---------------
0.733190 0.755898 latency
        0.022709 skew



===========================================================================
report_clock_min_period
============================================================================
aclk period_min = 13.07 fmax = 76.54
