[WARNING ORD-0039] .openroad ignored with -python
                                Cells by Master                                 
┏━━━━━━━━━━━━━━━━━━━━━━━━━━━━━━━━━━━━━━━━━━━━━━━━━━━━━━━━━━━━━━━━┳━━━━━━━━━━━━━┓
┃ Cell                                                           ┃ Count       ┃
┡━━━━━━━━━━━━━━━━━━━━━━━━━━━━━━━━━━━━━━━━━━━━━━━━━━━━━━━━━━━━━━━━╇━━━━━━━━━━━━━┩
│ sky130_ef_sc_hd__decap_12                                      │ 440         │
│ sky130_fd_sc_hd__a211o_1                                       │ 6           │
│ sky130_fd_sc_hd__a211oi_1                                      │ 3           │
│ sky130_fd_sc_hd__a211oi_2                                      │ 1           │
│ sky130_fd_sc_hd__a21bo_1                                       │ 14          │
│ sky130_fd_sc_hd__a21boi_1                                      │ 3           │
│ sky130_fd_sc_hd__a21o_1                                        │ 36          │
│ sky130_fd_sc_hd__a21o_2                                        │ 1           │
│ sky130_fd_sc_hd__a21oi_1                                       │ 33          │
│ sky130_fd_sc_hd__a21oi_2                                       │ 1           │
│ sky130_fd_sc_hd__a221o_1                                       │ 1           │
│ sky130_fd_sc_hd__a22o_1                                        │ 8           │
│ sky130_fd_sc_hd__a22oi_1                                       │ 6           │
│ sky130_fd_sc_hd__a22oi_2                                       │ 3           │
│ sky130_fd_sc_hd__a2bb2o_1                                      │ 1           │
│ sky130_fd_sc_hd__a311o_1                                       │ 1           │
│ sky130_fd_sc_hd__a31o_1                                        │ 15          │
│ sky130_fd_sc_hd__a32o_1                                        │ 3           │
│ sky130_fd_sc_hd__a41o_1                                        │ 1           │
│ sky130_fd_sc_hd__and2_1                                        │ 30          │
│ sky130_fd_sc_hd__and2b_1                                       │ 13          │
│ sky130_fd_sc_hd__and3_1                                        │ 25          │
│ sky130_fd_sc_hd__and3b_1                                       │ 2           │
│ sky130_fd_sc_hd__and4_1                                        │ 10          │
│ sky130_fd_sc_hd__and4_2                                        │ 1           │
│ sky130_fd_sc_hd__and4b_1                                       │ 5           │
│ sky130_fd_sc_hd__and4bb_1                                      │ 1           │
│ sky130_fd_sc_hd__buf_1                                         │ 15          │
│ sky130_fd_sc_hd__buf_2                                         │ 59          │
│ sky130_fd_sc_hd__buf_4                                         │ 1           │
│ sky130_fd_sc_hd__clkbuf_1                                      │ 11          │
│ sky130_fd_sc_hd__clkbuf_16                                     │ 5           │
│ sky130_fd_sc_hd__clkbuf_2                                      │ 10          │
│ sky130_fd_sc_hd__clkbuf_4                                      │ 4           │
│ sky130_fd_sc_hd__clkinv_2                                      │ 1           │
│ sky130_fd_sc_hd__decap_3                                       │ 226         │
│ sky130_fd_sc_hd__decap_4                                       │ 103         │
│ sky130_fd_sc_hd__decap_6                                       │ 111         │
│ sky130_fd_sc_hd__decap_8                                       │ 111         │
│ sky130_fd_sc_hd__dfxtp_1                                       │ 52          │
│ sky130_fd_sc_hd__dlygate4sd3_1                                 │ 18          │
│ sky130_fd_sc_hd__dlymetal6s2s_1                                │ 9           │
│ sky130_fd_sc_hd__fill_1                                        │ 219         │
│ sky130_fd_sc_hd__fill_2                                        │ 134         │
│ sky130_fd_sc_hd__inv_2                                         │ 10          │
│ sky130_fd_sc_hd__mux2_1                                        │ 3           │
│ sky130_fd_sc_hd__nand2_1                                       │ 68          │
│ sky130_fd_sc_hd__nand2b_1                                      │ 7           │
│ sky130_fd_sc_hd__nand3_1                                       │ 12          │
│ sky130_fd_sc_hd__nand3_2                                       │ 5           │
│ sky130_fd_sc_hd__nand3b_1                                      │ 1           │
│ sky130_fd_sc_hd__nand4_1                                       │ 2           │
│ sky130_fd_sc_hd__nor2_1                                        │ 30          │
│ sky130_fd_sc_hd__nor3_1                                        │ 6           │
│ sky130_fd_sc_hd__nor3b_1                                       │ 1           │
│ sky130_fd_sc_hd__o2111ai_1                                     │ 1           │
│ sky130_fd_sc_hd__o211a_1                                       │ 41          │
│ sky130_fd_sc_hd__o211ai_1                                      │ 1           │
│ sky130_fd_sc_hd__o211ai_2                                      │ 3           │
│ sky130_fd_sc_hd__o21a_1                                        │ 11          │
│ sky130_fd_sc_hd__o21ai_1                                       │ 30          │
│ sky130_fd_sc_hd__o21ba_1                                       │ 4           │
│ sky130_fd_sc_hd__o21bai_1                                      │ 7           │
│ sky130_fd_sc_hd__o221a_1                                       │ 9           │
│ sky130_fd_sc_hd__o2bb2a_1                                      │ 6           │
│ sky130_fd_sc_hd__o311a_1                                       │ 2           │
│ sky130_fd_sc_hd__o31a_1                                        │ 2           │
│ sky130_fd_sc_hd__o41a_1                                        │ 3           │
│ sky130_fd_sc_hd__or2_1                                         │ 63          │
│ sky130_fd_sc_hd__or3_1                                         │ 13          │
│ sky130_fd_sc_hd__or3b_1                                        │ 1           │
│ sky130_fd_sc_hd__or4b_1                                        │ 1           │
│ sky130_fd_sc_hd__or4b_2                                        │ 1           │
│ sky130_fd_sc_hd__tapvpwrvgnd_1                                 │ 250         │
│ sky130_fd_sc_hd__xnor2_1                                       │ 43          │
│ sky130_fd_sc_hd__xor2_1                                        │ 22          │
│ sky130_fd_sc_hd__xor2_2                                        │ 2           │
└────────────────────────────────────────────────────────────────┴─────────────┘
                               Cells by Function                                
┏━━━━━━━━━━━━━━━━━━━━━━━━━━━━━━━━━━━━━━━━━━━━━━━━━━━━━━━━━━━━━━━┳━━━━━━━━━━━━━━┓
┃ Cell Function                                                 ┃ Count        ┃
┡━━━━━━━━━━━━━━━━━━━━━━━━━━━━━━━━━━━━━━━━━━━━━━━━━━━━━━━━━━━━━━━╇━━━━━━━━━━━━━━┩
│ sky130_ef_sc_hd__decap                                        │ 440          │
│ sky130_fd_sc_hd__a211o                                        │ 6            │
│ sky130_fd_sc_hd__a211oi                                       │ 4            │
│ sky130_fd_sc_hd__a21bo                                        │ 14           │
│ sky130_fd_sc_hd__a21boi                                       │ 3            │
│ sky130_fd_sc_hd__a21o                                         │ 37           │
│ sky130_fd_sc_hd__a21oi                                        │ 34           │
│ sky130_fd_sc_hd__a221o                                        │ 1            │
│ sky130_fd_sc_hd__a22o                                         │ 8            │
│ sky130_fd_sc_hd__a22oi                                        │ 9            │
│ sky130_fd_sc_hd__a2bb2o                                       │ 1            │
│ sky130_fd_sc_hd__a311o                                        │ 1            │
│ sky130_fd_sc_hd__a31o                                         │ 15           │
│ sky130_fd_sc_hd__a32o                                         │ 3            │
│ sky130_fd_sc_hd__a41o                                         │ 1            │
│ sky130_fd_sc_hd__and2                                         │ 30           │
│ sky130_fd_sc_hd__and2b                                        │ 13           │
│ sky130_fd_sc_hd__and3                                         │ 25           │
│ sky130_fd_sc_hd__and3b                                        │ 2            │
│ sky130_fd_sc_hd__and4                                         │ 11           │
│ sky130_fd_sc_hd__and4b                                        │ 5            │
│ sky130_fd_sc_hd__and4bb                                       │ 1            │
│ sky130_fd_sc_hd__buf                                          │ 75           │
│ sky130_fd_sc_hd__clkbuf                                       │ 30           │
│ sky130_fd_sc_hd__clkinv                                       │ 1            │
│ sky130_fd_sc_hd__decap                                        │ 551          │
│ sky130_fd_sc_hd__dfxtp                                        │ 52           │
│ sky130_fd_sc_hd__dlygate4sd3                                  │ 18           │
│ sky130_fd_sc_hd__dlymetal6s2s                                 │ 9            │
│ sky130_fd_sc_hd__fill                                         │ 353          │
│ sky130_fd_sc_hd__inv                                          │ 10           │
│ sky130_fd_sc_hd__mux2                                         │ 3            │
│ sky130_fd_sc_hd__nand2                                        │ 68           │
│ sky130_fd_sc_hd__nand2b                                       │ 7            │
│ sky130_fd_sc_hd__nand3                                        │ 17           │
│ sky130_fd_sc_hd__nand3b                                       │ 1            │
│ sky130_fd_sc_hd__nand4                                        │ 2            │
│ sky130_fd_sc_hd__nor2                                         │ 30           │
│ sky130_fd_sc_hd__nor3                                         │ 6            │
│ sky130_fd_sc_hd__nor3b                                        │ 1            │
│ sky130_fd_sc_hd__o2111ai                                      │ 1            │
│ sky130_fd_sc_hd__o211a                                        │ 41           │
│ sky130_fd_sc_hd__o211ai                                       │ 4            │
│ sky130_fd_sc_hd__o21a                                         │ 11           │
│ sky130_fd_sc_hd__o21ai                                        │ 30           │
│ sky130_fd_sc_hd__o21ba                                        │ 4            │
│ sky130_fd_sc_hd__o21bai                                       │ 7            │
│ sky130_fd_sc_hd__o221a                                        │ 9            │
│ sky130_fd_sc_hd__o2bb2a                                       │ 6            │
│ sky130_fd_sc_hd__o311a                                        │ 2            │
│ sky130_fd_sc_hd__o31a                                         │ 2            │
│ sky130_fd_sc_hd__o41a                                         │ 3            │
│ sky130_fd_sc_hd__or2                                          │ 63           │
│ sky130_fd_sc_hd__or3                                          │ 13           │
│ sky130_fd_sc_hd__or3b                                         │ 1            │
│ sky130_fd_sc_hd__or4b                                         │ 2            │
│ sky130_fd_sc_hd__tapvpwrvgnd                                  │ 250          │
│ sky130_fd_sc_hd__xnor2                                        │ 43           │
│ sky130_fd_sc_hd__xor2                                         │ 24           │
└───────────────────────────────────────────────────────────────┴──────────────┘
                                  Cells by SCL                                  
┏━━━━━━━━━━━━━━━━━━━━━━━━━━━━━━━━━━━━━━━━━━━━━━━━━━━━━━━┳━━━━━━━━━━━━━━━━━━━━━━┓
┃ SCL                                                   ┃ Count                ┃
┡━━━━━━━━━━━━━━━━━━━━━━━━━━━━━━━━━━━━━━━━━━━━━━━━━━━━━━━╇━━━━━━━━━━━━━━━━━━━━━━┩
│ sky130_ef_sc_hd                                       │ 440                  │
│ sky130_fd_sc_hd                                       │ 1974                 │
└───────────────────────────────────────────────────────┴──────────────────────┘
                             Buffers by Cell Master                             
┏━━━━━━━━━━━━━━━━━━━━━━━━━━━━━━━━━━━━━━━━━━━━━━━━━━━━━━━━━━━━━━━━┳━━━━━━━━━━━━━┓
┃ Buffer                                                         ┃ Count       ┃
┡━━━━━━━━━━━━━━━━━━━━━━━━━━━━━━━━━━━━━━━━━━━━━━━━━━━━━━━━━━━━━━━━╇━━━━━━━━━━━━━┩
│ sky130_fd_sc_hd__buf_1                                         │ 15          │
│ sky130_fd_sc_hd__buf_2                                         │ 59          │
│ sky130_fd_sc_hd__buf_4                                         │ 1           │
│ sky130_fd_sc_hd__clkbuf_1                                      │ 11          │
│ sky130_fd_sc_hd__clkbuf_16                                     │ 5           │
│ sky130_fd_sc_hd__clkbuf_2                                      │ 10          │
│ sky130_fd_sc_hd__clkbuf_4                                      │ 4           │
│ sky130_fd_sc_hd__dlygate4sd3_1                                 │ 18          │
│ sky130_fd_sc_hd__dlymetal6s2s_1                                │ 9           │
└────────────────────────────────────────────────────────────────┴─────────────┘
