                                                                        Cells by Master                                                                         
┏━━━━━━━━━━━━━━━━━━━━━━━━━━━━━━━━━━━━━━━━━━━━━━━━━━━━━━━━━━━━━━━━━━━━━━━━━━━━━━━━━━━━━━━━━━━━━━━━━━━━━━━━━━━━━━━━━━━━━━━━━━━━━━━━━━┳━━━━━━━━━━━━━━━━━━━━━━━━━━━┓
┃ Cell                                                                                                                             ┃ Count                     ┃
┡━━━━━━━━━━━━━━━━━━━━━━━━━━━━━━━━━━━━━━━━━━━━━━━━━━━━━━━━━━━━━━━━━━━━━━━━━━━━━━━━━━━━━━━━━━━━━━━━━━━━━━━━━━━━━━━━━━━━━━━━━━━━━━━━━━╇━━━━━━━━━━━━━━━━━━━━━━━━━━━┩
│ sky130_ef_sc_hd__decap_12                                                                                                        │ 440                       │
│ sky130_fd_sc_hd__a211o_1                                                                                                         │ 6                         │
│ sky130_fd_sc_hd__a211oi_1                                                                                                        │ 3                         │
│ sky130_fd_sc_hd__a211oi_2                                                                                                        │ 1                         │
│ sky130_fd_sc_hd__a21bo_1                                                                                                         │ 14                        │
│ sky130_fd_sc_hd__a21boi_1                                                                                                        │ 3                         │
│ sky130_fd_sc_hd__a21o_1                                                                                                          │ 36                        │
│ sky130_fd_sc_hd__a21o_2                                                                                                          │ 1                         │
│ sky130_fd_sc_hd__a21oi_1                                                                                                         │ 33                        │
│ sky130_fd_sc_hd__a21oi_2                                                                                                         │ 1                         │
│ sky130_fd_sc_hd__a221o_1                                                                                                         │ 1                         │
│ sky130_fd_sc_hd__a22o_1                                                                                                          │ 8                         │
│ sky130_fd_sc_hd__a22oi_1                                                                                                         │ 6                         │
│ sky130_fd_sc_hd__a22oi_2                                                                                                         │ 3                         │
│ sky130_fd_sc_hd__a2bb2o_1                                                                                                        │ 1                         │
│ sky130_fd_sc_hd__a311o_1                                                                                                         │ 1                         │
│ sky130_fd_sc_hd__a31o_1                                                                                                          │ 15                        │
│ sky130_fd_sc_hd__a32o_1                                                                                                          │ 3                         │
│ sky130_fd_sc_hd__a41o_1                                                                                                          │ 1                         │
│ sky130_fd_sc_hd__and2_1                                                                                                          │ 30                        │
│ sky130_fd_sc_hd__and2b_1                                                                                                         │ 13                        │
│ sky130_fd_sc_hd__and3_1                                                                                                          │ 25                        │
│ sky130_fd_sc_hd__and3b_1                                                                                                         │ 2                         │
│ sky130_fd_sc_hd__and4_1                                                                                                          │ 10                        │
│ sky130_fd_sc_hd__and4_2                                                                                                          │ 1                         │
│ sky130_fd_sc_hd__and4b_1                                                                                                         │ 5                         │
│ sky130_fd_sc_hd__and4bb_1                                                                                                        │ 1                         │
│ sky130_fd_sc_hd__buf_1                                                                                                           │ 15                        │
│ sky130_fd_sc_hd__buf_2                                                                                                           │ 59                        │
│ sky130_fd_sc_hd__buf_4                                                                                                           │ 1                         │
│ sky130_fd_sc_hd__clkbuf_1                                                                                                        │ 11                        │
│ sky130_fd_sc_hd__clkbuf_16                                                                                                       │ 5                         │
│ sky130_fd_sc_hd__clkbuf_2                                                                                                        │ 10                        │
│ sky130_fd_sc_hd__clkbuf_4                                                                                                        │ 4                         │
│ sky130_fd_sc_hd__clkinv_2                                                                                                        │ 1                         │
│ sky130_fd_sc_hd__decap_3                                                                                                         │ 226                       │
│ sky130_fd_sc_hd__decap_4                                                                                                         │ 103                       │
│ sky130_fd_sc_hd__decap_6                                                                                                         │ 111                       │
│ sky130_fd_sc_hd__decap_8                                                                                                         │ 111                       │
│ sky130_fd_sc_hd__dfxtp_1                                                                                                         │ 52                        │
│ sky130_fd_sc_hd__dlygate4sd3_1                                                                                                   │ 18                        │
│ sky130_fd_sc_hd__dlymetal6s2s_1                                                                                                  │ 9                         │
│ sky130_fd_sc_hd__fill_1                                                                                                          │ 219                       │
│ sky130_fd_sc_hd__fill_2                                                                                                          │ 134                       │
│ sky130_fd_sc_hd__inv_2                                                                                                           │ 10                        │
│ sky130_fd_sc_hd__mux2_1                                                                                                          │ 3                         │
│ sky130_fd_sc_hd__nand2_1                                                                                                         │ 68                        │
│ sky130_fd_sc_hd__nand2b_1                                                                                                        │ 7                         │
│ sky130_fd_sc_hd__nand3_1                                                                                                         │ 12                        │
│ sky130_fd_sc_hd__nand3_2                                                                                                         │ 5                         │
│ sky130_fd_sc_hd__nand3b_1                                                                                                        │ 1                         │
│ sky130_fd_sc_hd__nand4_1                                                                                                         │ 2                         │
│ sky130_fd_sc_hd__nor2_1                                                                                                          │ 30                        │
│ sky130_fd_sc_hd__nor3_1                                                                                                          │ 6                         │
│ sky130_fd_sc_hd__nor3b_1                                                                                                         │ 1                         │
│ sky130_fd_sc_hd__o2111ai_1                                                                                                       │ 1                         │
│ sky130_fd_sc_hd__o211a_1                                                                                                         │ 41                        │
│ sky130_fd_sc_hd__o211ai_1                                                                                                        │ 1                         │
│ sky130_fd_sc_hd__o211ai_2                                                                                                        │ 3                         │
│ sky130_fd_sc_hd__o21a_1                                                                                                          │ 11                        │
│ sky130_fd_sc_hd__o21ai_1                                                                                                         │ 30                        │
│ sky130_fd_sc_hd__o21ba_1                                                                                                         │ 4                         │
│ sky130_fd_sc_hd__o21bai_1                                                                                                        │ 7                         │
│ sky130_fd_sc_hd__o221a_1                                                                                                         │ 9                         │
│ sky130_fd_sc_hd__o2bb2a_1                                                                                                        │ 6                         │
│ sky130_fd_sc_hd__o311a_1                                                                                                         │ 2                         │
│ sky130_fd_sc_hd__o31a_1                                                                                                          │ 2                         │
│ sky130_fd_sc_hd__o41a_1                                                                                                          │ 3                         │
│ sky130_fd_sc_hd__or2_1                                                                                                           │ 63                        │
│ sky130_fd_sc_hd__or3_1                                                                                                           │ 13                        │
│ sky130_fd_sc_hd__or3b_1                                                                                                          │ 1                         │
│ sky130_fd_sc_hd__or4b_1                                                                                                          │ 1                         │
│ sky130_fd_sc_hd__or4b_2                                                                                                          │ 1                         │
│ sky130_fd_sc_hd__tapvpwrvgnd_1                                                                                                   │ 250                       │
│ sky130_fd_sc_hd__xnor2_1                                                                                                         │ 43                        │
│ sky130_fd_sc_hd__xor2_1                                                                                                          │ 22                        │
│ sky130_fd_sc_hd__xor2_2                                                                                                          │ 2                         │
└──────────────────────────────────────────────────────────────────────────────────────────────────────────────────────────────────┴───────────────────────────┘
