
===========================================================================
report_checks -unconstrained
===========================================================================
======================= min_tt_025C_1v80 Corner ===================================

Startpoint: rst (input port clocked by clk)
Endpoint: _13387_ (recovery check against rising-edge clock clk)
Path Group: asynchronous
Path Type: max

Fanout         Cap        Slew       Delay        Time   Description
---------------------------------------------------------------------------------------------
                                  0.000000    0.000000   clock clk (rise edge)
                                  0.000000    0.000000   clock network delay (propagated)
                                  2.000000    2.000000 v input external delay
     1    0.002832    0.008706    0.004470    2.004470 v rst (in)
                                                         rst (net)
                      0.008706    0.000000    2.004470 v input33/A (sky130_fd_sc_hd__buf_4)
     4    0.075455    0.101879    0.190857    2.195327 v input33/X (sky130_fd_sc_hd__buf_4)
                                                         net33 (net)
                      0.102446    0.006114    2.201440 v fanout395/A (sky130_fd_sc_hd__buf_4)
     6    0.078816    0.107085    0.229381    2.430821 v fanout395/X (sky130_fd_sc_hd__buf_4)
                                                         net395 (net)
                      0.107884    0.007564    2.438385 v fanout392/A (sky130_fd_sc_hd__clkbuf_8)
    10    0.079388    0.093185    0.221422    2.659807 v fanout392/X (sky130_fd_sc_hd__clkbuf_8)
                                                         net392 (net)
                      0.095128    0.010610    2.670417 v _13323_/A (sky130_fd_sc_hd__inv_2)
     1    0.004382    0.038207    0.064976    2.735393 ^ _13323_/Y (sky130_fd_sc_hd__inv_2)
                                                         _00097_ (net)
                      0.038207    0.000023    2.735416 ^ _13387_/RESET_B (sky130_fd_sc_hd__dfrtp_1)
                                              2.735416   data arrival time

                                 10.000000   10.000000   clock clk (rise edge)
                                  0.000000   10.000000   clock source latency
     1    0.056023    0.256097    0.178309   10.178309 ^ clk (in)
                                                         clk (net)
                      0.256153    0.000000   10.178309 ^ clkbuf_0_clk/A (sky130_fd_sc_hd__clkbuf_16)
     8    0.172427    0.184000    0.303663   10.481972 ^ clkbuf_0_clk/X (sky130_fd_sc_hd__clkbuf_16)
                                                         clknet_0_clk (net)
                      0.184009    0.001116   10.483088 ^ clkbuf_3_0__f_clk/A (sky130_fd_sc_hd__clkbuf_16)
     9    0.036361    0.057927    0.186216   10.669304 ^ clkbuf_3_0__f_clk/X (sky130_fd_sc_hd__clkbuf_16)
                                                         clknet_3_0__leaf_clk (net)
                      0.057940    0.000869   10.670173 ^ _13387_/CLK (sky130_fd_sc_hd__dfrtp_1)
                                 -0.250000   10.420173   clock uncertainty
                                  0.000000   10.420173   clock reconvergence pessimism
                                  0.236054   10.656227   library recovery time
                                             10.656227   data required time
---------------------------------------------------------------------------------------------
                                             10.656227   data required time
                                             -2.735416   data arrival time
---------------------------------------------------------------------------------------------
                                              7.920812   slack (MET)


Startpoint: in3[7] (input port clocked by clk)
Endpoint: _13400_ (rising edge-triggered flip-flop clocked by clk)
Path Group: clk
Path Type: max

Fanout         Cap        Slew       Delay        Time   Description
---------------------------------------------------------------------------------------------
                                  0.000000    0.000000   clock clk (rise edge)
                                  0.000000    0.000000   clock network delay (propagated)
                                  2.000000    2.000000 ^ input external delay
     1    0.002946    0.020361    0.010810    2.010810 ^ in3[7] (in)
                                                         in3[7] (net)
                      0.020361    0.000000    2.010810 ^ input32/A (sky130_fd_sc_hd__clkbuf_4)
     7    0.081764    0.246401    0.271212    2.282022 ^ input32/X (sky130_fd_sc_hd__clkbuf_4)
                                                         net32 (net)
                      0.246408    0.001151    2.283173 ^ fanout401/A (sky130_fd_sc_hd__buf_2)
     8    0.041171    0.203036    0.282036    2.565209 ^ fanout401/X (sky130_fd_sc_hd__buf_2)
                                                         net401 (net)
                      0.203036    0.000173    2.565381 ^ fanout400/A (sky130_fd_sc_hd__clkbuf_4)
    10    0.048624    0.153128    0.270126    2.835507 ^ fanout400/X (sky130_fd_sc_hd__clkbuf_4)
                                                         net400 (net)
                      0.153128    0.000107    2.835614 ^ _10589_/A (sky130_fd_sc_hd__and2_4)
    10    0.050035    0.153504    0.259190    3.094805 ^ _10589_/X (sky130_fd_sc_hd__and2_4)
                                                         _03426_ (net)
                      0.153507    0.000995    3.095800 ^ _10955_/A (sky130_fd_sc_hd__xnor2_1)
     2    0.008172    0.227380    0.173663    3.269463 ^ _10955_/Y (sky130_fd_sc_hd__xnor2_1)
                                                         _03826_ (net)
                      0.227380    0.000080    3.269543 ^ _10957_/B (sky130_fd_sc_hd__xor2_1)
     2    0.011842    0.272583    0.287215    3.556758 ^ _10957_/X (sky130_fd_sc_hd__xor2_1)
                                                         _03829_ (net)
                      0.272583    0.000177    3.556936 ^ _10958_/B (sky130_fd_sc_hd__xor2_1)
     3    0.011674    0.269544    0.290530    3.847466 ^ _10958_/X (sky130_fd_sc_hd__xor2_1)
                                                         _03830_ (net)
                      0.269544    0.000232    3.847698 ^ _10960_/C (sky130_fd_sc_hd__nand3_1)
     2    0.007599    0.108781    0.155179    4.002877 v _10960_/Y (sky130_fd_sc_hd__nand3_1)
                                                         _03832_ (net)
                      0.108781    0.000050    4.002927 v _10962_/A2 (sky130_fd_sc_hd__a211o_1)
     3    0.012079    0.088480    0.359919    4.362846 v _10962_/X (sky130_fd_sc_hd__a211o_1)
                                                         _03834_ (net)
                      0.088480    0.000316    4.363162 v _10964_/A2 (sky130_fd_sc_hd__a21o_1)
     2    0.008620    0.058037    0.216278    4.579440 v _10964_/X (sky130_fd_sc_hd__a21o_1)
                                                         _03836_ (net)
                      0.058037    0.000103    4.579543 v _10966_/A2 (sky130_fd_sc_hd__a211o_1)
     3    0.014943    0.101101    0.353245    4.932788 v _10966_/X (sky130_fd_sc_hd__a211o_1)
                                                         _03838_ (net)
                      0.101102    0.000518    4.933306 v _10968_/A2 (sky130_fd_sc_hd__a21o_1)
     2    0.008377    0.057403    0.220119    5.153425 v _10968_/X (sky130_fd_sc_hd__a21o_1)
                                                         _03841_ (net)
                      0.057403    0.000083    5.153509 v _10970_/A2 (sky130_fd_sc_hd__a211o_1)
     3    0.016119    0.106223    0.358124    5.511632 v _10970_/X (sky130_fd_sc_hd__a211o_1)
                                                         _03843_ (net)
                      0.106225    0.000597    5.512230 v _10972_/A2 (sky130_fd_sc_hd__a21o_1)
     2    0.007755    0.054491    0.219237    5.731467 v _10972_/X (sky130_fd_sc_hd__a21o_1)
                                                         _03845_ (net)
                      0.054491    0.000092    5.731559 v _10974_/A2 (sky130_fd_sc_hd__a211o_1)
     3    0.011993    0.088567    0.339215    6.070774 v _10974_/X (sky130_fd_sc_hd__a211o_1)
                                                         _03847_ (net)
                      0.088567    0.000179    6.070953 v _10976_/A2 (sky130_fd_sc_hd__a21o_1)
     2    0.007285    0.052308    0.210095    6.281047 v _10976_/X (sky130_fd_sc_hd__a21o_1)
                                                         _03849_ (net)
                      0.052308    0.000050    6.281097 v _10978_/A2 (sky130_fd_sc_hd__a211o_1)
     3    0.012083    0.088904    0.338858    6.619956 v _10978_/X (sky130_fd_sc_hd__a211o_1)
                                                         _03852_ (net)
                      0.088904    0.000056    6.620012 v _10980_/A2 (sky130_fd_sc_hd__a21o_1)
     3    0.010725    0.065315    0.224986    6.844998 v _10980_/X (sky130_fd_sc_hd__a21o_1)
                                                         _03854_ (net)
                      0.065315    0.000122    6.845120 v _10981_/C1 (sky130_fd_sc_hd__o211a_1)
     4    0.012133    0.078623    0.154390    6.999510 v _10981_/X (sky130_fd_sc_hd__o211a_1)
                                                         _03855_ (net)
                      0.078623    0.000184    6.999695 v _11129_/A (sky130_fd_sc_hd__or4_4)
     2    0.008226    0.090883    0.551203    7.550898 v _11129_/X (sky130_fd_sc_hd__or4_4)
                                                         _04017_ (net)
                      0.090883    0.000096    7.550994 v _11383_/A3 (sky130_fd_sc_hd__o311a_4)
     2    0.028452    0.085200    0.366747    7.917740 v _11383_/X (sky130_fd_sc_hd__o311a_4)
                                                         _04294_ (net)
                      0.085292    0.001440    7.919180 v _11384_/A (sky130_fd_sc_hd__nor2_8)
     3    0.023577    0.118825    0.156574    8.075754 ^ _11384_/Y (sky130_fd_sc_hd__nor2_8)
                                                         _04295_ (net)
                      0.118825    0.000218    8.075973 ^ _11590_/A3 (sky130_fd_sc_hd__o31ai_4)
     2    0.011480    0.094874    0.077773    8.153746 v _11590_/Y (sky130_fd_sc_hd__o31ai_4)
                                                         _04520_ (net)
                      0.094874    0.000365    8.154111 v rebuffer44/A (sky130_fd_sc_hd__clkbuf_1)
     1    0.004475    0.035560    0.117486    8.271597 v rebuffer44/X (sky130_fd_sc_hd__clkbuf_1)
                                                         net744 (net)
                      0.035560    0.000040    8.271637 v _11591_/B (sky130_fd_sc_hd__xor2_1)
     1    0.002319    0.063743    0.130012    8.401649 v _11591_/X (sky130_fd_sc_hd__xor2_1)
                                                         _00017_ (net)
                      0.063743    0.000012    8.401661 v _13400_/D (sky130_fd_sc_hd__dfrtp_1)
                                              8.401661   data arrival time

                                 10.000000   10.000000   clock clk (rise edge)
                                  0.000000   10.000000   clock source latency
     1    0.056023    0.256097    0.178309   10.178309 ^ clk (in)
                                                         clk (net)
                      0.256153    0.000000   10.178309 ^ clkbuf_0_clk/A (sky130_fd_sc_hd__clkbuf_16)
     8    0.172427    0.184000    0.303663   10.481972 ^ clkbuf_0_clk/X (sky130_fd_sc_hd__clkbuf_16)
                                                         clknet_0_clk (net)
                      0.184013    0.001336   10.483308 ^ clkbuf_3_1__f_clk/A (sky130_fd_sc_hd__clkbuf_16)
     9    0.043733    0.064357    0.191041   10.674349 ^ clkbuf_3_1__f_clk/X (sky130_fd_sc_hd__clkbuf_16)
                                                         clknet_3_1__leaf_clk (net)
                      0.064708    0.003228   10.677576 ^ _13400_/CLK (sky130_fd_sc_hd__dfrtp_1)
                                 -0.250000   10.427576   clock uncertainty
                                  0.000000   10.427576   clock reconvergence pessimism
                                 -0.117932   10.309644   library setup time
                                             10.309644   data required time
---------------------------------------------------------------------------------------------
                                             10.309644   data required time
                                             -8.401661   data arrival time
---------------------------------------------------------------------------------------------
                                              1.907983   slack (MET)




===========================================================================
report_checks --slack_max -0.01
============================================================================
======================= min_tt_025C_1v80 Corner ===================================

No paths found.


===========================================================================
 report_check_types -max_slew -max_cap -max_fanout -violators
============================================================================
======================= min_tt_025C_1v80 Corner ===================================

max fanout

Pin                                   Limit Fanout  Slack
---------------------------------------------------------
input89/X                                10     12     -2 (VIOLATED)
clkbuf_3_4__f_clk/X                      10     11        (VIOLATED)



===========================================================================
report_parasitic_annotation -report_unannotated
============================================================================
Found 7 unannotated drivers.
 clkload0/Y
 clkload1/Y
 clkload2/Y
 clkload3/X
 clkload4/Y
 clkload5/Y
 clkload6/X
Found 0 partially unannotated drivers.

===========================================================================
max slew violation count 0
max fanout violation count 2
max cap violation count 0
============================================================================

===========================================================================
check_setup -verbose -unconstrained_endpoints -multiple_clock -no_clock -no_input_delay -loops -generated_clocks
===========================================================================
