Clock: aclk
Sources: aclk 
Generated: no
Virtual: yes
Propagated: no
Period: 20.000000

===========================================================================
report_clock_properties
============================================================================
Clock                   Period          Waveform
----------------------------------------------------
aclk                 20.000000    0.000000 10.000000

===========================================================================
report_clock_latency
============================================================================
Clock aclk
rise -> rise
    min     max
0.000000 0.000000 source latency
0.309181         network latency _2099_/CLK
        0.322404 network latency _2092_/CLK
---------------
0.309181 0.322404 latency
        0.013223 skew

fall -> fall
    min     max
0.000000 0.000000 source latency
0.268734         network latency _2099_/CLK
        0.278268 network latency _2092_/CLK
---------------
0.268734 0.278268 latency
        0.009534 skew



===========================================================================
report_clock_min_period
============================================================================
aclk period_min = 4.80 fmax = 208.32
