Clock: aclk
Sources: aclk 
Generated: no
Virtual: yes
Propagated: no
Period: 12.000000

===========================================================================
report_clock_properties
============================================================================
Clock                   Period          Waveform
----------------------------------------------------
aclk                 12.000000    0.000000  6.000000

===========================================================================
report_clock_latency
============================================================================
Clock aclk
rise -> rise
    min     max
0.000000 0.000000 source latency
0.310434         network latency _2103_/CLK
        0.321214 network latency _2077_/CLK
---------------
0.310434 0.321214 latency
        0.010780 skew

fall -> fall
    min     max
0.000000 0.000000 source latency
0.270315         network latency _2103_/CLK
        0.278868 network latency _2077_/CLK
---------------
0.270315 0.278868 latency
        0.008553 skew



===========================================================================
report_clock_min_period
============================================================================
aclk period_min = 4.34 fmax = 230.54
