
===========================================================================
 report_power
============================================================================
======================= min_ff_n40C_1v95 Corner ===================================

Group                    Internal    Switching      Leakage        Total
                            Power        Power        Power        Power (Watts)
------------------------------------------------------------------------
Sequential           2.022068e-04 9.622790e-06 7.334478e-10 2.118303e-04  24.2%
Combinational        1.887283e-04 2.590284e-04 7.900120e-09 4.477646e-04  51.2%
Clock                9.248664e-05 1.231412e-04 3.217226e-09 2.156310e-04  24.6%
Macro                0.000000e+00 0.000000e+00 0.000000e+00 0.000000e+00   0.0%
Pad                  0.000000e+00 0.000000e+00 0.000000e+00 0.000000e+00   0.0%
------------------------------------------------------------------------
Total                4.834216e-04 3.917923e-04 1.185077e-08 8.752258e-04 100.0%
                            55.2%        44.8%         0.0%

