Reading OpenROAD database at '/mnt/c/Users/Default.DESKTOP-A45I1O9/akularanjith-akularanjith--ECE510-2026-SPRING/project/m4/synth/runs/RUN_2026-06-05_21-26-00/41-odb-heuristicdiodeinsertion/3-openroad-globalrouting/top.odb'…
Reading library file at '/home/default/.volare/volare/sky130/versions/0fe599b2afb6708d281543108caf8310912f54af/sky130A/libs.ref/sky130_fd_sc_hd/lib/sky130_fd_sc_hd__tt_025C_1v80.lib'…
Reading design constraints file at '/nix/store/h0ldzjka94yryiq8yxbxmwargpnmwhx6-python3-3.11.9-env/lib/python3.11/site-packages/openlane/scripts/base.sdc'…
[INFO] Using clock aclk…
[INFO] Setting output delay to: 4.0
[INFO] Setting input delay to: 4.0
[INFO] Setting load to: 0.033442
[INFO] Setting clock uncertainty to: 0.25
[INFO] Setting clock transition to: 0.1499999999999999944488848768742172978818416595458984375
[INFO] Setting timing derate to: 5%
[INFO ORD-0030] Using 4 thread(s).
[INFO DRT-0149] Reading tech and libs.
[WARNING DRT-0349] LEF58_ENCLOSURE with no CUTCLASS is not supported. Skipping for layer mcon
[WARNING DRT-0349] LEF58_ENCLOSURE with no CUTCLASS is not supported. Skipping for layer mcon
[WARNING DRT-0349] LEF58_ENCLOSURE with no CUTCLASS is not supported. Skipping for layer via
[WARNING DRT-0349] LEF58_ENCLOSURE with no CUTCLASS is not supported. Skipping for layer via
[WARNING DRT-0349] LEF58_ENCLOSURE with no CUTCLASS is not supported. Skipping for layer via2
[WARNING DRT-0349] LEF58_ENCLOSURE with no CUTCLASS is not supported. Skipping for layer via2
[WARNING DRT-0349] LEF58_ENCLOSURE with no CUTCLASS is not supported. Skipping for layer via3
[WARNING DRT-0349] LEF58_ENCLOSURE with no CUTCLASS is not supported. Skipping for layer via3
[WARNING DRT-0349] LEF58_ENCLOSURE with no CUTCLASS is not supported. Skipping for layer via4
[WARNING DRT-0349] LEF58_ENCLOSURE with no CUTCLASS is not supported. Skipping for layer via4

Units:                1000
Number of layers:     13
Number of macros:     441
Number of vias:       28
Number of viarulegen: 25

[INFO DRT-0150] Reading design.

Design:                   top
Die area:                 ( 0 0 ) ( 166910 177630 )
Number of track patterns: 12
Number of DEF vias:       0
Number of components:     2245
Number of terminals:      56
Number of snets:          2
Number of nets:           1263

[INFO DRT-0167] List of default vias:
  Layer via
    default via: M1M2_PR
  Layer via2
    default via: M2M3_PR
  Layer via3
    default via: M3M4_PR
  Layer via4
    default via: M4M5_PR
[INFO DRT-0162] Library cell analysis.
[INFO DRT-0163] Instance analysis.
[INFO DRT-0164] Number of unique instances = 220.
[INFO DRT-0168] Init region query.
[INFO DRT-0024]   Complete FR_MASTERSLICE.
[INFO DRT-0024]   Complete licon.
[INFO DRT-0024]   Complete li1.
[INFO DRT-0024]   Complete mcon.
[INFO DRT-0024]   Complete met1.
[INFO DRT-0024]   Complete via.
[INFO DRT-0024]   Complete met2.
[INFO DRT-0024]   Complete via2.
[INFO DRT-0024]   Complete met3.
[INFO DRT-0024]   Complete via3.
[INFO DRT-0024]   Complete met4.
[INFO DRT-0024]   Complete via4.
[INFO DRT-0024]   Complete met5.
[INFO DRT-0033] FR_MASTERSLICE shape region query size = 0.
[INFO DRT-0033] licon shape region query size = 0.
[INFO DRT-0033] li1 shape region query size = 42779.
[INFO DRT-0033] mcon shape region query size = 0.
[INFO DRT-0033] met1 shape region query size = 5050.
[INFO DRT-0033] via shape region query size = 290.
[INFO DRT-0033] met2 shape region query size = 195.
[INFO DRT-0033] via2 shape region query size = 232.
[INFO DRT-0033] met3 shape region query size = 207.
[INFO DRT-0033] via3 shape region query size = 232.
[INFO DRT-0033] met4 shape region query size = 62.
[INFO DRT-0033] via4 shape region query size = 0.
[INFO DRT-0033] met5 shape region query size = 0.
[INFO DRT-0165] Start pin access.
[INFO DRT-0078]   Complete 794 pins.
[INFO DRT-0079]   Complete 100 unique inst patterns.
[INFO DRT-0079]   Complete 200 unique inst patterns.
[INFO DRT-0081]   Complete 214 unique inst patterns.
[INFO DRT-0084]   Complete 845 groups.
#scanned instances     = 2245
#unique  instances     = 220
#stdCellGenAp          = 6356
#stdCellValidPlanarAp  = 16
#stdCellValidViaAp     = 4916
#stdCellPinNoAp        = 0
#stdCellPinCnt         = 4459
#instTermValidViaApCnt = 0
#macroGenAp            = 0
#macroValidPlanarAp    = 0
#macroValidViaAp       = 0
#macroNoAp             = 0
[INFO DRT-0166] Complete pin access.
[INFO DRT-0267] cpu time = 00:00:56, elapsed time = 00:00:13, memory = 147.30 (MB), peak = 146.78 (MB)

[INFO DRT-0157] Number of guides:     8542

[INFO DRT-0169] Post process guides.
[INFO DRT-0176] GCELLGRID X 0 DO 24 STEP 6900 ;
[INFO DRT-0177] GCELLGRID Y 0 DO 25 STEP 6900 ;
[INFO DRT-0028]   Complete FR_MASTERSLICE.
[INFO DRT-0028]   Complete licon.
[INFO DRT-0028]   Complete li1.
[INFO DRT-0028]   Complete mcon.
[INFO DRT-0028]   Complete met1.
[INFO DRT-0028]   Complete via.
[INFO DRT-0028]   Complete met2.
[INFO DRT-0028]   Complete via2.
[INFO DRT-0028]   Complete met3.
[INFO DRT-0028]   Complete via3.
[INFO DRT-0028]   Complete met4.
[INFO DRT-0028]   Complete via4.
[INFO DRT-0028]   Complete met5.
[INFO DRT-0178] Init guide query.
[INFO DRT-0035]   Complete FR_MASTERSLICE (guide).
[INFO DRT-0035]   Complete licon (guide).
[INFO DRT-0035]   Complete li1 (guide).
[INFO DRT-0035]   Complete mcon (guide).
[INFO DRT-0035]   Complete met1 (guide).
[INFO DRT-0035]   Complete via (guide).
[INFO DRT-0035]   Complete met2 (guide).
[INFO DRT-0035]   Complete via2 (guide).
[INFO DRT-0035]   Complete met3 (guide).
[INFO DRT-0035]   Complete via3 (guide).
[INFO DRT-0035]   Complete met4 (guide).
[INFO DRT-0035]   Complete via4 (guide).
[INFO DRT-0035]   Complete met5 (guide).
[INFO DRT-0036] FR_MASTERSLICE guide region query size = 0.
[INFO DRT-0036] licon guide region query size = 0.
[INFO DRT-0036] li1 guide region query size = 3300.
[INFO DRT-0036] mcon guide region query size = 0.
[INFO DRT-0036] met1 guide region query size = 2359.
[INFO DRT-0036] via guide region query size = 0.
[INFO DRT-0036] met2 guide region query size = 1085.
[INFO DRT-0036] via2 guide region query size = 0.
[INFO DRT-0036] met3 guide region query size = 45.
[INFO DRT-0036] via3 guide region query size = 0.
[INFO DRT-0036] met4 guide region query size = 4.
[INFO DRT-0036] via4 guide region query size = 0.
[INFO DRT-0036] met5 guide region query size = 0.
[INFO DRT-0179] Init gr pin query.
[INFO DRT-0245] skipped writing guide updates to database.
[INFO DRT-0185] Post process initialize RPin region query.
[INFO DRT-0181] Start track assignment.
[INFO DRT-0184] Done with 4389 vertical wires in 1 frboxes and 2404 horizontal wires in 1 frboxes.
[INFO DRT-0186] Done with 268 vertical wires in 1 frboxes and 762 horizontal wires in 1 frboxes.
[INFO DRT-0182] Complete track assignment.
[INFO DRT-0267] cpu time = 00:00:02, elapsed time = 00:00:00, memory = 163.30 (MB), peak = 168.90 (MB)
[INFO DRT-0187] Start routing data preparation.
[INFO DRT-0267] cpu time = 00:00:00, elapsed time = 00:00:00, memory = 163.30 (MB), peak = 168.90 (MB)
[INFO DRT-0194] Start detail routing.
[INFO DRT-0195] Start 0th optimization iteration.
    Completing 10% with 0 violations.
    elapsed time = 00:00:02, memory = 241.91 (MB).
    Completing 20% with 0 violations.
    elapsed time = 00:00:03, memory = 194.21 (MB).
    Completing 30% with 105 violations.
    elapsed time = 00:00:04, memory = 263.87 (MB).
    Completing 40% with 105 violations.
    elapsed time = 00:00:06, memory = 250.75 (MB).
    Completing 50% with 105 violations.
    elapsed time = 00:00:07, memory = 251.28 (MB).
    Completing 60% with 247 violations.
    elapsed time = 00:00:07, memory = 270.30 (MB).
    Completing 70% with 247 violations.
    elapsed time = 00:00:09, memory = 272.59 (MB).
    Completing 80% with 329 violations.
    elapsed time = 00:00:09, memory = 300.88 (MB).
    Completing 90% with 329 violations.
    elapsed time = 00:00:10, memory = 302.85 (MB).
    Completing 100% with 474 violations.
    elapsed time = 00:00:13, memory = 276.37 (MB).
[INFO DRT-0199]   Number of violations = 538.
Viol/Layer         li1   mcon   met1   met2   met3
Cut Spacing          0      1      0      0      0
Metal Spacing       20      0    128     13      7
Min Hole             0      0      1      0      0
Recheck              0      0     51     13      0
Short                0      1    297      6      0
[INFO DRT-0267] cpu time = 00:00:29, elapsed time = 00:00:14, memory = 600.40 (MB), peak = 599.86 (MB)
Total wire length = 29070 um.
Total wire length on LAYER li1 = 0 um.
Total wire length on LAYER met1 = 15930 um.
Total wire length on LAYER met2 = 12536 um.
Total wire length on LAYER met3 = 402 um.
Total wire length on LAYER met4 = 201 um.
Total wire length on LAYER met5 = 0 um.
Total number of vias = 9345.
Up-via summary (total 9345):

-----------------------
 FR_MASTERSLICE       0
            li1    5020
           met1    4265
           met2      52
           met3       8
           met4       0
-----------------------
                   9345


[INFO DRT-0195] Start 1st optimization iteration.
    Completing 10% with 538 violations.
    elapsed time = 00:00:00, memory = 631.40 (MB).
    Completing 20% with 538 violations.
    elapsed time = 00:00:03, memory = 602.03 (MB).
    Completing 30% with 510 violations.
    elapsed time = 00:00:04, memory = 623.28 (MB).
    Completing 40% with 510 violations.
    elapsed time = 00:00:05, memory = 627.30 (MB).
    Completing 50% with 510 violations.
    elapsed time = 00:00:06, memory = 627.30 (MB).
    Completing 60% with 437 violations.
    elapsed time = 00:00:04, memory = 628.71 (MB).
    Completing 70% with 437 violations.
    elapsed time = 00:00:05, memory = 628.71 (MB).
    Completing 80% with 340 violations.
    elapsed time = 00:00:06, memory = 628.71 (MB).
    Completing 90% with 340 violations.
    elapsed time = 00:00:07, memory = 628.71 (MB).
    Completing 100% with 235 violations.
    elapsed time = 00:00:09, memory = 628.71 (MB).
[INFO DRT-0199]   Number of violations = 235.
Viol/Layer        mcon   met1   met2   met3
Cut Spacing          1      0      0      0
Metal Spacing        0     52      2      6
Short                0    171      3      0
[INFO DRT-0267] cpu time = 00:00:27, elapsed time = 00:00:09, memory = 631.71 (MB), peak = 631.17 (MB)
Total wire length = 28816 um.
Total wire length on LAYER li1 = 0 um.
Total wire length on LAYER met1 = 15763 um.
Total wire length on LAYER met2 = 12433 um.
Total wire length on LAYER met3 = 413 um.
Total wire length on LAYER met4 = 206 um.
Total wire length on LAYER met5 = 0 um.
Total number of vias = 9309.
Up-via summary (total 9309):

-----------------------
 FR_MASTERSLICE       0
            li1    5016
           met1    4226
           met2      59
           met3       8
           met4       0
-----------------------
                   9309


[INFO DRT-0195] Start 2nd optimization iteration.
    Completing 10% with 235 violations.
    elapsed time = 00:00:00, memory = 631.71 (MB).
    Completing 20% with 235 violations.
    elapsed time = 00:00:00, memory = 631.71 (MB).
    Completing 30% with 235 violations.
    elapsed time = 00:00:00, memory = 636.43 (MB).
    Completing 40% with 266 violations.
    elapsed time = 00:00:02, memory = 641.24 (MB).
    Completing 50% with 266 violations.
    elapsed time = 00:00:02, memory = 642.16 (MB).
    Completing 60% with 266 violations.
    elapsed time = 00:00:05, memory = 642.16 (MB).
    Completing 70% with 238 violations.
    elapsed time = 00:00:05, memory = 642.16 (MB).
    Completing 80% with 238 violations.
    elapsed time = 00:00:06, memory = 663.80 (MB).
    Completing 90% with 242 violations.
    elapsed time = 00:00:11, memory = 670.36 (MB).
    Completing 100% with 264 violations.
    elapsed time = 00:00:13, memory = 670.46 (MB).
[INFO DRT-0199]   Number of violations = 264.
Viol/Layer        met1   met2   met3
Metal Spacing       49      5      6
Short              200      4      0
[INFO DRT-0267] cpu time = 00:00:27, elapsed time = 00:00:14, memory = 670.46 (MB), peak = 669.92 (MB)
Total wire length = 28793 um.
Total wire length on LAYER li1 = 0 um.
Total wire length on LAYER met1 = 15729 um.
Total wire length on LAYER met2 = 12460 um.
Total wire length on LAYER met3 = 400 um.
Total wire length on LAYER met4 = 201 um.
Total wire length on LAYER met5 = 0 um.
Total number of vias = 9294.
Up-via summary (total 9294):

-----------------------
 FR_MASTERSLICE       0
            li1    5016
           met1    4212
           met2      58
           met3       8
           met4       0
-----------------------
                   9294


[INFO DRT-0195] Start 3rd optimization iteration.
    Completing 10% with 264 violations.
    elapsed time = 00:00:01, memory = 670.52 (MB).
    Completing 20% with 264 violations.
    elapsed time = 00:00:02, memory = 676.28 (MB).
    Completing 30% with 206 violations.
    elapsed time = 00:00:03, memory = 676.28 (MB).
    Completing 40% with 206 violations.
    elapsed time = 00:00:04, memory = 676.28 (MB).
    Completing 50% with 206 violations.
    elapsed time = 00:00:05, memory = 676.28 (MB).
    Completing 60% with 122 violations.
    elapsed time = 00:00:06, memory = 676.77 (MB).
    Completing 70% with 122 violations.
    elapsed time = 00:00:07, memory = 676.77 (MB).
    Completing 80% with 92 violations.
    elapsed time = 00:00:07, memory = 676.77 (MB).
    Completing 90% with 92 violations.
    elapsed time = 00:00:08, memory = 676.77 (MB).
    Completing 100% with 31 violations.
    elapsed time = 00:00:10, memory = 676.77 (MB).
[INFO DRT-0199]   Number of violations = 31.
Viol/Layer        met1   met2   met3
Metal Spacing       11      5      1
Short               14      0      0
[INFO DRT-0267] cpu time = 00:00:20, elapsed time = 00:00:10, memory = 676.77 (MB), peak = 699.80 (MB)
Total wire length = 28790 um.
Total wire length on LAYER li1 = 0 um.
Total wire length on LAYER met1 = 15400 um.
Total wire length on LAYER met2 = 12547 um.
Total wire length on LAYER met3 = 662 um.
Total wire length on LAYER met4 = 179 um.
Total wire length on LAYER met5 = 0 um.
Total number of vias = 9439.
Up-via summary (total 9439):

-----------------------
 FR_MASTERSLICE       0
            li1    5016
           met1    4306
           met2     111
           met3       6
           met4       0
-----------------------
                   9439


[INFO DRT-0195] Start 4th optimization iteration.
    Completing 10% with 31 violations.
    elapsed time = 00:00:00, memory = 676.77 (MB).
    Completing 20% with 31 violations.
    elapsed time = 00:00:00, memory = 676.77 (MB).
    Completing 30% with 27 violations.
    elapsed time = 00:00:00, memory = 676.77 (MB).
    Completing 40% with 27 violations.
    elapsed time = 00:00:00, memory = 676.77 (MB).
    Completing 50% with 27 violations.
    elapsed time = 00:00:01, memory = 676.77 (MB).
    Completing 60% with 12 violations.
    elapsed time = 00:00:01, memory = 676.77 (MB).
    Completing 70% with 12 violations.
    elapsed time = 00:00:01, memory = 676.77 (MB).
    Completing 80% with 6 violations.
    elapsed time = 00:00:01, memory = 676.77 (MB).
    Completing 90% with 6 violations.
    elapsed time = 00:00:01, memory = 676.77 (MB).
    Completing 100% with 0 violations.
    elapsed time = 00:00:00, memory = 676.77 (MB).
[INFO DRT-0199]   Number of violations = 0.
[INFO DRT-0267] cpu time = 00:00:06, elapsed time = 00:00:00, memory = 676.77 (MB), peak = 699.80 (MB)
Total wire length = 28781 um.
Total wire length on LAYER li1 = 0 um.
Total wire length on LAYER met1 = 15380 um.
Total wire length on LAYER met2 = 12544 um.
Total wire length on LAYER met3 = 677 um.
Total wire length on LAYER met4 = 179 um.
Total wire length on LAYER met5 = 0 um.
Total number of vias = 9449.
Up-via summary (total 9449):

-----------------------
 FR_MASTERSLICE       0
            li1    5016
           met1    4314
           met2     113
           met3       6
           met4       0
-----------------------
                   9449


[INFO DRT-0198] Complete detail routing.
Total wire length = 28781 um.
Total wire length on LAYER li1 = 0 um.
Total wire length on LAYER met1 = 15380 um.
Total wire length on LAYER met2 = 12544 um.
Total wire length on LAYER met3 = 677 um.
Total wire length on LAYER met4 = 179 um.
Total wire length on LAYER met5 = 0 um.
Total number of vias = 9449.
Up-via summary (total 9449):

-----------------------
 FR_MASTERSLICE       0
            li1    5016
           met1    4314
           met2     113
           met3       6
           met4       0
-----------------------
                   9449


[INFO DRT-0267] cpu time = 00:01:51, elapsed time = 00:00:49, memory = 676.77 (MB), peak = 699.80 (MB)

[INFO DRT-0180] Post processing.
Setting global connections for newly added cells…
[INFO] Setting global connections...
Updating metrics…
Cell type report:                       Count       Area
  Fill cell                               114     427.91
  Tap cell                                324     405.39
  Antenna cell                            561    1403.85
  Buffer                                    1       3.75
  Clock buffer                              5     125.12
  Timing Repair Buffer                    151     855.82
  Inverter                                  9      38.79
  Clock inverter                            3      28.78
  Sequential cell                          50    1000.96
  Multi-Input combinational cell         1027    7352.05
  Total                                  2245   11642.42
Writing OpenROAD database to '/mnt/c/Users/Default.DESKTOP-A45I1O9/akularanjith-akularanjith--ECE510-2026-SPRING/project/m4/synth/runs/RUN_2026-06-05_21-26-00/43-openroad-detailedrouting/top.odb'…
Writing netlist to '/mnt/c/Users/Default.DESKTOP-A45I1O9/akularanjith-akularanjith--ECE510-2026-SPRING/project/m4/synth/runs/RUN_2026-06-05_21-26-00/43-openroad-detailedrouting/top.nl.v'…
Writing powered netlist to '/mnt/c/Users/Default.DESKTOP-A45I1O9/akularanjith-akularanjith--ECE510-2026-SPRING/project/m4/synth/runs/RUN_2026-06-05_21-26-00/43-openroad-detailedrouting/top.pnl.v'…
Writing layout to '/mnt/c/Users/Default.DESKTOP-A45I1O9/akularanjith-akularanjith--ECE510-2026-SPRING/project/m4/synth/runs/RUN_2026-06-05_21-26-00/43-openroad-detailedrouting/top.def'…
Writing timing constraints to '/mnt/c/Users/Default.DESKTOP-A45I1O9/akularanjith-akularanjith--ECE510-2026-SPRING/project/m4/synth/runs/RUN_2026-06-05_21-26-00/43-openroad-detailedrouting/top.sdc'…
