
===========================================================================
report_checks -unconstrained
===========================================================================
======================= nom_tt_025C_1v80 Corner ===================================

Startpoint: s_axis_tdata[14] (input port clocked by aclk)
Endpoint: _1316_ (rising edge-triggered flip-flop clocked by aclk)
Path Group: aclk
Path Type: max

Fanout         Cap        Slew       Delay        Time   Description
---------------------------------------------------------------------------------------------
                                  0.000000    0.000000   clock aclk (rise edge)
                                  0.000000    0.000000   clock network delay (propagated)
                                  2.000000    2.000000 ^ input external delay
     1    0.002817    0.019805    0.010379    2.010380 ^ s_axis_tdata[14] (in)
                                                         s_axis_tdata[14] (net)
                      0.019805    0.000000    2.010380 ^ input8/A (sky130_fd_sc_hd__clkbuf_1)
     1    0.003752    0.054475    0.079506    2.089886 ^ input8/X (sky130_fd_sc_hd__clkbuf_1)
                                                         net8 (net)
                      0.054475    0.000089    2.089975 ^ fanout77/A (sky130_fd_sc_hd__clkbuf_2)
     8    0.031909    0.176752    0.200936    2.290911 ^ fanout77/X (sky130_fd_sc_hd__clkbuf_2)
                                                         net77 (net)
                      0.176773    0.001559    2.292470 ^ fanout76/A (sky130_fd_sc_hd__buf_2)
    10    0.034183    0.170367    0.240678    2.533149 ^ fanout76/X (sky130_fd_sc_hd__buf_2)
                                                         net76 (net)
                      0.170368    0.000765    2.533913 ^ _1084_/A2 (sky130_fd_sc_hd__a22o_1)
     2    0.005227    0.066872    0.178539    2.712452 ^ _1084_/X (sky130_fd_sc_hd__a22o_1)
                                                         _0460_ (net)
                      0.066872    0.000133    2.712585 ^ _1085_/B1_N (sky130_fd_sc_hd__a21bo_1)
     1    0.005029    0.044000    0.207575    2.920160 v _1085_/X (sky130_fd_sc_hd__a21bo_1)
                                                         _0461_ (net)
                      0.044000    0.000154    2.920313 v _1086_/B (sky130_fd_sc_hd__xor2_1)
     2    0.009022    0.078557    0.162415    3.082728 v _1086_/X (sky130_fd_sc_hd__xor2_1)
                                                         _0462_ (net)
                      0.078557    0.000307    3.083035 v _1093_/A (sky130_fd_sc_hd__and3_1)
     4    0.011761    0.074193    0.193654    3.276689 v _1093_/X (sky130_fd_sc_hd__and3_1)
                                                         _0469_ (net)
                      0.074193    0.000248    3.276937 v _1096_/A (sky130_fd_sc_hd__nor3b_1)
     3    0.009639    0.344614    0.342346    3.619283 ^ _1096_/Y (sky130_fd_sc_hd__nor3b_1)
                                                         _0472_ (net)
                      0.344614    0.000269    3.619553 ^ _1098_/B (sky130_fd_sc_hd__nor3_1)
     2    0.005369    0.089699    0.113736    3.733289 v _1098_/Y (sky130_fd_sc_hd__nor3_1)
                                                         _0474_ (net)
                      0.089699    0.000081    3.733370 v max_cap56/A (sky130_fd_sc_hd__buf_1)
     2    0.007804    0.052809    0.130635    3.864005 v max_cap56/X (sky130_fd_sc_hd__buf_1)
                                                         net56 (net)
                      0.052809    0.000177    3.864182 v _1100_/B1 (sky130_fd_sc_hd__a211o_1)
     3    0.010570    0.082584    0.309047    4.173229 v _1100_/X (sky130_fd_sc_hd__a211o_1)
                                                         _0476_ (net)
                      0.082584    0.000223    4.173451 v _1103_/A1 (sky130_fd_sc_hd__a211o_1)
     2    0.006206    0.063561    0.284203    4.457654 v _1103_/X (sky130_fd_sc_hd__a211o_1)
                                                         _0479_ (net)
                      0.063561    0.000167    4.457822 v _1105_/A2 (sky130_fd_sc_hd__a211o_1)
     2    0.004540    0.055735    0.302249    4.760071 v _1105_/X (sky130_fd_sc_hd__a211o_1)
                                                         _0481_ (net)
                      0.055735    0.000065    4.760137 v _1106_/B (sky130_fd_sc_hd__and2b_1)
     3    0.008195    0.057065    0.180937    4.941074 v _1106_/X (sky130_fd_sc_hd__and2b_1)
                                                         _0482_ (net)
                      0.057065    0.000110    4.941184 v _1141_/A3 (sky130_fd_sc_hd__a31o_1)
     2    0.008807    0.062729    0.245478    5.186662 v _1141_/X (sky130_fd_sc_hd__a31o_1)
                                                         _0516_ (net)
                      0.062729    0.000256    5.186918 v _1145_/A2 (sky130_fd_sc_hd__a21oi_1)
     4    0.012494    0.286101    0.279826    5.466744 ^ _1145_/Y (sky130_fd_sc_hd__a21oi_1)
                                                         _0519_ (net)
                      0.286102    0.000378    5.467123 ^ _1201_/A1 (sky130_fd_sc_hd__a211o_1)
     5    0.015529    0.143015    0.250372    5.717494 ^ _1201_/X (sky130_fd_sc_hd__a211o_1)
                                                         _0574_ (net)
                      0.143016    0.000669    5.718164 ^ _1251_/A1 (sky130_fd_sc_hd__o2111ai_1)
     1    0.002945    0.093058    0.137772    5.855936 v _1251_/Y (sky130_fd_sc_hd__o2111ai_1)
                                                         _0622_ (net)
                      0.093058    0.000063    5.855999 v _1252_/A2 (sky130_fd_sc_hd__a21o_1)
     1    0.003143    0.034534    0.191809    6.047807 v _1252_/X (sky130_fd_sc_hd__a21o_1)
                                                         _0623_ (net)
                      0.034534    0.000093    6.047900 v _1253_/B1 (sky130_fd_sc_hd__o211a_1)
     1    0.002028    0.034821    0.109781    6.157681 v _1253_/X (sky130_fd_sc_hd__o211a_1)
                                                         _0046_ (net)
                      0.034821    0.000040    6.157721 v _1316_/D (sky130_fd_sc_hd__dfxtp_1)
                                              6.157721   data arrival time

                                 10.000000   10.000000   clock aclk (rise edge)
                                  0.000000   10.000000   clock source latency
     1    0.020182    0.096542    0.066589   10.066588 ^ aclk (in)
                                                         aclk (net)
                      0.096556    0.000000   10.066588 ^ clkbuf_0_aclk/A (sky130_fd_sc_hd__clkbuf_16)
     4    0.045437    0.064633    0.164367   10.230956 ^ clkbuf_0_aclk/X (sky130_fd_sc_hd__clkbuf_16)
                                                         clknet_0_aclk (net)
                      0.064672    0.001402   10.232358 ^ clkbuf_2_0__f_aclk/A (sky130_fd_sc_hd__clkbuf_16)
    14    0.044588    0.063830    0.152033   10.384392 ^ clkbuf_2_0__f_aclk/X (sky130_fd_sc_hd__clkbuf_16)
                                                         clknet_2_0__leaf_aclk (net)
                      0.063874    0.001502   10.385893 ^ _1316_/CLK (sky130_fd_sc_hd__dfxtp_1)
                                 -0.250000   10.135893   clock uncertainty
                                  0.000000   10.135893   clock reconvergence pessimism
                                 -0.101657   10.034237   library setup time
                                             10.034237   data required time
---------------------------------------------------------------------------------------------
                                             10.034237   data required time
                                             -6.157721   data arrival time
---------------------------------------------------------------------------------------------
                                              3.876516   slack (MET)




===========================================================================
report_checks --slack_max -0.01
============================================================================
======================= nom_tt_025C_1v80 Corner ===================================

No paths found.


===========================================================================
 report_check_types -max_slew -max_cap -max_fanout -violators
============================================================================
======================= nom_tt_025C_1v80 Corner ===================================

max fanout

Pin                                   Limit Fanout  Slack
---------------------------------------------------------
clkbuf_2_0__f_aclk/X                     10     14     -4 (VIOLATED)
clkbuf_2_2__f_aclk/X                     10     14     -4 (VIOLATED)
clkbuf_2_3__f_aclk/X                     10     14     -4 (VIOLATED)
clkbuf_2_1__f_aclk/X                     10     12     -2 (VIOLATED)



===========================================================================
report_parasitic_annotation -report_unannotated
============================================================================
Found 2 unannotated drivers.
 clkload0/Y
 clkload1/X
Found 0 partially unannotated drivers.

===========================================================================
max slew violation count 0
max fanout violation count 4
max cap violation count 0
============================================================================

===========================================================================
check_setup -verbose -unconstrained_endpoints -multiple_clock -no_clock -no_input_delay -loops -generated_clocks
===========================================================================
