
===========================================================================
 report_power
============================================================================
======================= nom_tt_025C_1v80 Corner ===================================

Group                    Internal    Switching      Leakage        Total
                            Power        Power        Power        Power (Watts)
------------------------------------------------------------------------
Sequential           2.246599e-04 1.561085e-05 4.284348e-10 2.402712e-04  27.5%
Combinational        2.164188e-04 2.506590e-04 2.952349e-09 4.670807e-04  53.4%
Clock                9.361142e-05 7.302337e-05 1.855400e-09 1.666367e-04  19.1%
Macro                0.000000e+00 0.000000e+00 0.000000e+00 0.000000e+00   0.0%
Pad                  0.000000e+00 0.000000e+00 0.000000e+00 0.000000e+00   0.0%
------------------------------------------------------------------------
Total                5.346901e-04 3.392933e-04 5.236176e-09 8.739886e-04 100.0%
                            61.2%        38.8%         0.0%

