116. Printing statistics.

=== top ===

   Number of wires:               1149
   Number of wire bits:           1426
   Number of public wires:          11
   Number of public wire bits:      71
   Number of ports:                  8
   Number of port bits:             54
   Number of memories:               0
   Number of memory bits:            0
   Number of processes:              0
   Number of cells:               1213
     $_ANDNOT_                     351
     $_AND_                         63
     $_MUX_                        100
     $_NAND_                        46
     $_NOR_                         33
     $_NOT_                         47
     $_ORNOT_                       18
     $_OR_                         135
     $_XNOR_                        97
     $_XOR_                        273
     sky130_fd_sc_hd__dfxtp_2       50

   Area for cell type $_NOT_ is unknown!
   Area for cell type $_AND_ is unknown!
   Area for cell type $_NAND_ is unknown!
   Area for cell type $_OR_ is unknown!
   Area for cell type $_NOR_ is unknown!
   Area for cell type $_XOR_ is unknown!
   Area for cell type $_XNOR_ is unknown!
   Area for cell type $_ANDNOT_ is unknown!
   Area for cell type $_ORNOT_ is unknown!
   Area for cell type $_MUX_ is unknown!

   Chip area for module '\top': 1063.520000
     of which used for sequential elements: 1063.520000 (100.00%)

