                                                                        Cells by Master                                                                         
┏━━━━━━━━━━━━━━━━━━━━━━━━━━━━━━━━━━━━━━━━━━━━━━━━━━━━━━━━━━━━━━━━━━━━━━━━━━━━━━━━━━━━━━━━━━━━━━━━━━━━━━━━━━━━━━━━━━━━━━━━━━━━━━━━━━┳━━━━━━━━━━━━━━━━━━━━━━━━━━━┓
┃ Cell                                                                                                                             ┃ Count                     ┃
┡━━━━━━━━━━━━━━━━━━━━━━━━━━━━━━━━━━━━━━━━━━━━━━━━━━━━━━━━━━━━━━━━━━━━━━━━━━━━━━━━━━━━━━━━━━━━━━━━━━━━━━━━━━━━━━━━━━━━━━━━━━━━━━━━━━╇━━━━━━━━━━━━━━━━━━━━━━━━━━━┩
│ sky130_ef_sc_hd__decap_12                                                                                                        │ 457                       │
│ sky130_fd_sc_hd__a211o_1                                                                                                         │ 24                        │
│ sky130_fd_sc_hd__a211o_4                                                                                                         │ 1                         │
│ sky130_fd_sc_hd__a211oi_1                                                                                                        │ 9                         │
│ sky130_fd_sc_hd__a211oi_2                                                                                                        │ 3                         │
│ sky130_fd_sc_hd__a211oi_4                                                                                                        │ 5                         │
│ sky130_fd_sc_hd__a21bo_1                                                                                                         │ 15                        │
│ sky130_fd_sc_hd__a21boi_1                                                                                                        │ 3                         │
│ sky130_fd_sc_hd__a21o_1                                                                                                          │ 82                        │
│ sky130_fd_sc_hd__a21o_2                                                                                                          │ 1                         │
│ sky130_fd_sc_hd__a21oi_1                                                                                                         │ 74                        │
│ sky130_fd_sc_hd__a21oi_2                                                                                                         │ 3                         │
│ sky130_fd_sc_hd__a22o_1                                                                                                          │ 8                         │
│ sky130_fd_sc_hd__a22oi_1                                                                                                         │ 7                         │
│ sky130_fd_sc_hd__a2bb2o_1                                                                                                        │ 4                         │
│ sky130_fd_sc_hd__a311o_1                                                                                                         │ 2                         │
│ sky130_fd_sc_hd__a311o_4                                                                                                         │ 1                         │
│ sky130_fd_sc_hd__a311oi_1                                                                                                        │ 1                         │
│ sky130_fd_sc_hd__a31o_1                                                                                                          │ 16                        │
│ sky130_fd_sc_hd__and2_1                                                                                                          │ 25                        │
│ sky130_fd_sc_hd__and2_4                                                                                                          │ 2                         │
│ sky130_fd_sc_hd__and2b_1                                                                                                         │ 28                        │
│ sky130_fd_sc_hd__and3_1                                                                                                          │ 60                        │
│ sky130_fd_sc_hd__and3_2                                                                                                          │ 1                         │
│ sky130_fd_sc_hd__and3_4                                                                                                          │ 4                         │
│ sky130_fd_sc_hd__and3b_1                                                                                                         │ 2                         │
│ sky130_fd_sc_hd__and4_1                                                                                                          │ 12                        │
│ sky130_fd_sc_hd__and4b_1                                                                                                         │ 1                         │
│ sky130_fd_sc_hd__and4bb_1                                                                                                        │ 5                         │
│ sky130_fd_sc_hd__buf_1                                                                                                           │ 11                        │
│ sky130_fd_sc_hd__buf_2                                                                                                           │ 57                        │
│ sky130_fd_sc_hd__buf_4                                                                                                           │ 10                        │
│ sky130_fd_sc_hd__buf_6                                                                                                           │ 7                         │
│ sky130_fd_sc_hd__buf_8                                                                                                           │ 5                         │
│ sky130_fd_sc_hd__clkbuf_1                                                                                                        │ 24                        │
│ sky130_fd_sc_hd__clkbuf_16                                                                                                       │ 5                         │
│ sky130_fd_sc_hd__clkbuf_2                                                                                                        │ 17                        │
│ sky130_fd_sc_hd__clkbuf_4                                                                                                        │ 10                        │
│ sky130_fd_sc_hd__clkinv_4                                                                                                        │ 2                         │
│ sky130_fd_sc_hd__decap_3                                                                                                         │ 266                       │
│ sky130_fd_sc_hd__decap_4                                                                                                         │ 142                       │
│ sky130_fd_sc_hd__decap_6                                                                                                         │ 142                       │
│ sky130_fd_sc_hd__decap_8                                                                                                         │ 195                       │
│ sky130_fd_sc_hd__dfxtp_1                                                                                                         │ 48                        │
│ sky130_fd_sc_hd__dfxtp_2                                                                                                         │ 2                         │
│ sky130_fd_sc_hd__diode_2                                                                                                         │ 518                       │
│ sky130_fd_sc_hd__dlygate4sd1_1                                                                                                   │ 5                         │
│ sky130_fd_sc_hd__dlygate4sd3_1                                                                                                   │ 14                        │
│ sky130_fd_sc_hd__dlymetal6s2s_1                                                                                                  │ 9                         │
│ sky130_fd_sc_hd__fill_1                                                                                                          │ 410                       │
│ sky130_fd_sc_hd__fill_2                                                                                                          │ 188                       │
│ sky130_fd_sc_hd__inv_2                                                                                                           │ 8                         │
│ sky130_fd_sc_hd__inv_6                                                                                                           │ 1                         │
│ sky130_fd_sc_hd__inv_8                                                                                                           │ 1                         │
│ sky130_fd_sc_hd__mux2_1                                                                                                          │ 3                         │
│ sky130_fd_sc_hd__nand2_1                                                                                                         │ 56                        │
│ sky130_fd_sc_hd__nand2_2                                                                                                         │ 1                         │
│ sky130_fd_sc_hd__nand2_4                                                                                                         │ 1                         │
│ sky130_fd_sc_hd__nand2_8                                                                                                         │ 1                         │
│ sky130_fd_sc_hd__nand2b_1                                                                                                        │ 13                        │
│ sky130_fd_sc_hd__nand2b_4                                                                                                        │ 2                         │
│ sky130_fd_sc_hd__nand3_1                                                                                                         │ 37                        │
│ sky130_fd_sc_hd__nand3_2                                                                                                         │ 6                         │
│ sky130_fd_sc_hd__nand3_4                                                                                                         │ 2                         │
│ sky130_fd_sc_hd__nand3b_1                                                                                                        │ 1                         │
│ sky130_fd_sc_hd__nand4_1                                                                                                         │ 1                         │
│ sky130_fd_sc_hd__nor2_1                                                                                                          │ 70                        │
│ sky130_fd_sc_hd__nor2_2                                                                                                          │ 1                         │
│ sky130_fd_sc_hd__nor3_1                                                                                                          │ 30                        │
│ sky130_fd_sc_hd__nor4_1                                                                                                          │ 1                         │
│ sky130_fd_sc_hd__o2111ai_1                                                                                                       │ 1                         │
│ sky130_fd_sc_hd__o211a_1                                                                                                         │ 67                        │
│ sky130_fd_sc_hd__o211ai_1                                                                                                        │ 18                        │
│ sky130_fd_sc_hd__o211ai_2                                                                                                        │ 5                         │
│ sky130_fd_sc_hd__o211ai_4                                                                                                        │ 1                         │
│ sky130_fd_sc_hd__o21a_1                                                                                                          │ 19                        │
│ sky130_fd_sc_hd__o21ai_1                                                                                                         │ 41                        │
│ sky130_fd_sc_hd__o21ba_1                                                                                                         │ 3                         │
│ sky130_fd_sc_hd__o21bai_1                                                                                                        │ 13                        │
│ sky130_fd_sc_hd__o221a_1                                                                                                         │ 8                         │
│ sky130_fd_sc_hd__o22a_1                                                                                                          │ 1                         │
│ sky130_fd_sc_hd__o2bb2a_1                                                                                                        │ 3                         │
│ sky130_fd_sc_hd__o2bb2a_2                                                                                                        │ 1                         │
│ sky130_fd_sc_hd__o31a_1                                                                                                          │ 1                         │
│ sky130_fd_sc_hd__o31ai_2                                                                                                         │ 1                         │
│ sky130_fd_sc_hd__o41ai_1                                                                                                         │ 1                         │
│ sky130_fd_sc_hd__or2_1                                                                                                           │ 46                        │
│ sky130_fd_sc_hd__or2_4                                                                                                           │ 2                         │
│ sky130_fd_sc_hd__or3_1                                                                                                           │ 29                        │
│ sky130_fd_sc_hd__or3_4                                                                                                           │ 9                         │
│ sky130_fd_sc_hd__or3b_1                                                                                                          │ 14                        │
│ sky130_fd_sc_hd__or3b_4                                                                                                          │ 3                         │
│ sky130_fd_sc_hd__or4bb_1                                                                                                         │ 2                         │
│ sky130_fd_sc_hd__or4bb_4                                                                                                         │ 1                         │
│ sky130_fd_sc_hd__tapvpwrvgnd_1                                                                                                   │ 324                       │
│ sky130_fd_sc_hd__xnor2_1                                                                                                         │ 76                        │
│ sky130_fd_sc_hd__xnor2_2                                                                                                         │ 6                         │
│ sky130_fd_sc_hd__xnor2_4                                                                                                         │ 3                         │
│ sky130_fd_sc_hd__xor2_1                                                                                                          │ 23                        │
│ sky130_fd_sc_hd__xor2_2                                                                                                          │ 4                         │
└──────────────────────────────────────────────────────────────────────────────────────────────────────────────────────────────────┴───────────────────────────┘
