Clock: aclk
Sources: aclk 
Generated: no
Virtual: yes
Propagated: no
Period: 12.000000

===========================================================================
report_clock_properties
============================================================================
Clock                   Period          Waveform
----------------------------------------------------
aclk                 12.000000    0.000000  6.000000

===========================================================================
report_clock_latency
============================================================================
Clock aclk
rise -> rise
    min     max
0.000000 0.000000 source latency
0.471298         network latency _2103_/CLK
        0.493534 network latency _2077_/CLK
---------------
0.471298 0.493534 latency
        0.022236 skew

fall -> fall
    min     max
0.000000 0.000000 source latency
0.411481         network latency _2103_/CLK
        0.429633 network latency _2077_/CLK
---------------
0.411481 0.429633 latency
        0.018152 skew



===========================================================================
report_clock_min_period
============================================================================
aclk period_min = 6.89 fmax = 145.22
