
===========================================================================
report_checks -unconstrained
===========================================================================
======================= nom_ff_n40C_1v95 Corner ===================================

Startpoint: rst (input port clocked by clk)
Endpoint: _13387_ (recovery check against rising-edge clock clk)
Path Group: asynchronous
Path Type: max

Fanout         Cap        Slew       Delay        Time   Description
---------------------------------------------------------------------------------------------
                                  0.000000    0.000000   clock clk (rise edge)
                                  0.000000    0.000000   clock network delay (propagated)
                                  2.000000    2.000000 v input external delay
     1    0.002896    0.004861    0.002362    2.002362 v rst (in)
                                                         rst (net)
                      0.004861    0.000000    2.002362 v input33/A (sky130_fd_sc_hd__buf_4)
     4    0.081654    0.078444    0.130920    2.133281 v input33/X (sky130_fd_sc_hd__buf_4)
                                                         net33 (net)
                      0.080043    0.008861    2.142143 v fanout395/A (sky130_fd_sc_hd__buf_4)
     6    0.085021    0.081903    0.156653    2.298796 v fanout395/X (sky130_fd_sc_hd__buf_4)
                                                         net395 (net)
                      0.084291    0.010943    2.309739 v fanout392/A (sky130_fd_sc_hd__clkbuf_8)
    10    0.083899    0.074816    0.150877    2.460616 v fanout392/X (sky130_fd_sc_hd__clkbuf_8)
                                                         net392 (net)
                      0.079813    0.014969    2.475584 v _13323_/A (sky130_fd_sc_hd__inv_2)
     1    0.004470    0.030477    0.048388    2.523972 ^ _13323_/Y (sky130_fd_sc_hd__inv_2)
                                                         _00097_ (net)
                      0.030477    0.000058    2.524029 ^ _13387_/RESET_B (sky130_fd_sc_hd__dfrtp_1)
                                              2.524029   data arrival time

                                 10.000000   10.000000   clock clk (rise edge)
                                  0.000000   10.000000   clock source latency
     1    0.059176    0.200990    0.141624   10.141624 ^ clk (in)
                                                         clk (net)
                      0.201128    0.000000   10.141624 ^ clkbuf_0_clk/A (sky130_fd_sc_hd__clkbuf_16)
     8    0.181732    0.149812    0.204789   10.346414 ^ clkbuf_0_clk/X (sky130_fd_sc_hd__clkbuf_16)
                                                         clknet_0_clk (net)
                      0.149949    0.003758   10.350172 ^ clkbuf_3_0__f_clk/A (sky130_fd_sc_hd__clkbuf_16)
     9    0.038745    0.045883    0.124639   10.474811 ^ clkbuf_3_0__f_clk/X (sky130_fd_sc_hd__clkbuf_16)
                                                         clknet_3_0__leaf_clk (net)
                      0.045955    0.001646   10.476457 ^ _13387_/CLK (sky130_fd_sc_hd__dfrtp_1)
                                 -0.250000   10.226457   clock uncertainty
                                  0.000000   10.226457   clock reconvergence pessimism
                                  0.145996   10.372453   library recovery time
                                             10.372453   data required time
---------------------------------------------------------------------------------------------
                                             10.372453   data required time
                                             -2.524029   data arrival time
---------------------------------------------------------------------------------------------
                                              7.848423   slack (MET)


Startpoint: in3[7] (input port clocked by clk)
Endpoint: _13400_ (rising edge-triggered flip-flop clocked by clk)
Path Group: clk
Path Type: max

Fanout         Cap        Slew       Delay        Time   Description
---------------------------------------------------------------------------------------------
                                  0.000000    0.000000   clock clk (rise edge)
                                  0.000000    0.000000   clock network delay (propagated)
                                  2.000000    2.000000 ^ input external delay
     1    0.003033    0.014748    0.007851    2.007851 ^ in3[7] (in)
                                                         in3[7] (net)
                      0.014753    0.000000    2.007851 ^ input32/A (sky130_fd_sc_hd__clkbuf_4)
     7    0.088216    0.201252    0.200348    2.208199 ^ input32/X (sky130_fd_sc_hd__clkbuf_4)
                                                         net32 (net)
                      0.201317    0.003005    2.211204 ^ fanout401/A (sky130_fd_sc_hd__buf_2)
     8    0.044131    0.163311    0.190387    2.401591 ^ fanout401/X (sky130_fd_sc_hd__buf_2)
                                                         net401 (net)
                      0.163314    0.000561    2.402152 ^ fanout400/A (sky130_fd_sc_hd__clkbuf_4)
    10    0.051536    0.121633    0.183829    2.585982 ^ fanout400/X (sky130_fd_sc_hd__clkbuf_4)
                                                         net400 (net)
                      0.121636    0.000552    2.586533 ^ _10589_/A (sky130_fd_sc_hd__and2_4)
    10    0.051753    0.116961    0.168573    2.755106 ^ _10589_/X (sky130_fd_sc_hd__and2_4)
                                                         _03426_ (net)
                      0.117003    0.001835    2.756942 ^ _10955_/A (sky130_fd_sc_hd__xnor2_1)
     2    0.008284    0.157647    0.110170    2.867112 ^ _10955_/Y (sky130_fd_sc_hd__xnor2_1)
                                                         _03826_ (net)
                      0.157647    0.000224    2.867337 ^ _10957_/B (sky130_fd_sc_hd__xor2_1)
     2    0.012111    0.200570    0.182245    3.049582 ^ _10957_/X (sky130_fd_sc_hd__xor2_1)
                                                         _03829_ (net)
                      0.200571    0.000410    3.049992 ^ _10958_/B (sky130_fd_sc_hd__xor2_1)
     3    0.012205    0.201750    0.181944    3.231936 ^ _10958_/X (sky130_fd_sc_hd__xor2_1)
                                                         _03830_ (net)
                      0.201751    0.000422    3.232358 ^ _10960_/C (sky130_fd_sc_hd__nand3_1)
     2    0.007783    0.072554    0.080443    3.312801 v _10960_/Y (sky130_fd_sc_hd__nand3_1)
                                                         _03832_ (net)
                      0.072555    0.000159    3.312961 v _10962_/A2 (sky130_fd_sc_hd__a211o_1)
     3    0.012686    0.064285    0.229159    3.542120 v _10962_/X (sky130_fd_sc_hd__a211o_1)
                                                         _03834_ (net)
                      0.064288    0.000531    3.542651 v _10964_/A2 (sky130_fd_sc_hd__a21o_1)
     2    0.008910    0.042252    0.141879    3.684530 v _10964_/X (sky130_fd_sc_hd__a21o_1)
                                                         _03836_ (net)
                      0.042252    0.000244    3.684774 v _10966_/A2 (sky130_fd_sc_hd__a211o_1)
     3    0.015990    0.073827    0.228475    3.913249 v _10966_/X (sky130_fd_sc_hd__a211o_1)
                                                         _03838_ (net)
                      0.073835    0.000821    3.914070 v _10968_/A2 (sky130_fd_sc_hd__a21o_1)
     2    0.008629    0.041368    0.144295    4.058365 v _10968_/X (sky130_fd_sc_hd__a21o_1)
                                                         _03841_ (net)
                      0.041368    0.000216    4.058581 v _10970_/A2 (sky130_fd_sc_hd__a211o_1)
     3    0.017249    0.077506    0.231844    4.290425 v _10970_/X (sky130_fd_sc_hd__a211o_1)
                                                         _03843_ (net)
                      0.077515    0.000867    4.291292 v _10972_/A2 (sky130_fd_sc_hd__a21o_1)
     2    0.007941    0.039196    0.143427    4.434719 v _10972_/X (sky130_fd_sc_hd__a21o_1)
                                                         _03845_ (net)
                      0.039197    0.000221    4.434940 v _10974_/A2 (sky130_fd_sc_hd__a211o_1)
     3    0.012379    0.063412    0.217192    4.652132 v _10974_/X (sky130_fd_sc_hd__a211o_1)
                                                         _03847_ (net)
                      0.063413    0.000376    4.652508 v _10976_/A2 (sky130_fd_sc_hd__a21o_1)
     2    0.007424    0.037584    0.136940    4.789448 v _10976_/X (sky130_fd_sc_hd__a21o_1)
                                                         _03849_ (net)
                      0.037584    0.000153    4.789601 v _10978_/A2 (sky130_fd_sc_hd__a211o_1)
     3    0.012489    0.063690    0.217037    5.006638 v _10978_/X (sky130_fd_sc_hd__a211o_1)
                                                         _03852_ (net)
                      0.063690    0.000198    5.006835 v _10980_/A2 (sky130_fd_sc_hd__a21o_1)
     3    0.011244    0.047720    0.148877    5.155712 v _10980_/X (sky130_fd_sc_hd__a21o_1)
                                                         _03854_ (net)
                      0.047720    0.000249    5.155961 v _10981_/C1 (sky130_fd_sc_hd__o211a_1)
     4    0.012739    0.056670    0.097919    5.253881 v _10981_/X (sky130_fd_sc_hd__o211a_1)
                                                         _03855_ (net)
                      0.056671    0.000388    5.254269 v _11129_/A (sky130_fd_sc_hd__or4_4)
     2    0.008503    0.063355    0.332085    5.586353 v _11129_/X (sky130_fd_sc_hd__or4_4)
                                                         _04017_ (net)
                      0.063355    0.000239    5.586593 v _11383_/A3 (sky130_fd_sc_hd__o311a_4)
     2    0.029777    0.065699    0.235396    5.821989 v _11383_/X (sky130_fd_sc_hd__o311a_4)
                                                         _04294_ (net)
                      0.065792    0.002140    5.824129 v _11384_/A (sky130_fd_sc_hd__nor2_8)
     3    0.023941    0.089768    0.111402    5.935531 ^ _11384_/Y (sky130_fd_sc_hd__nor2_8)
                                                         _04295_ (net)
                      0.089771    0.000602    5.936132 ^ _11590_/A3 (sky130_fd_sc_hd__o31ai_4)
     2    0.012080    0.074949    0.044939    5.981071 v _11590_/Y (sky130_fd_sc_hd__o31ai_4)
                                                         _04520_ (net)
                      0.074950    0.000573    5.981644 v rebuffer44/A (sky130_fd_sc_hd__clkbuf_1)
     1    0.004478    0.025111    0.078735    6.060380 v rebuffer44/X (sky130_fd_sc_hd__clkbuf_1)
                                                         net744 (net)
                      0.025111    0.000130    6.060510 v _11591_/B (sky130_fd_sc_hd__xor2_1)
     1    0.002463    0.046602    0.080791    6.141301 v _11591_/X (sky130_fd_sc_hd__xor2_1)
                                                         _00017_ (net)
                      0.046602    0.000049    6.141350 v _13400_/D (sky130_fd_sc_hd__dfrtp_1)
                                              6.141350   data arrival time

                                 10.000000   10.000000   clock clk (rise edge)
                                  0.000000   10.000000   clock source latency
     1    0.059176    0.200990    0.141624   10.141624 ^ clk (in)
                                                         clk (net)
                      0.201128    0.000000   10.141624 ^ clkbuf_0_clk/A (sky130_fd_sc_hd__clkbuf_16)
     8    0.181732    0.149812    0.204789   10.346414 ^ clkbuf_0_clk/X (sky130_fd_sc_hd__clkbuf_16)
                                                         clknet_0_clk (net)
                      0.149964    0.003951   10.350365 ^ clkbuf_3_1__f_clk/A (sky130_fd_sc_hd__clkbuf_16)
     9    0.046721    0.051246    0.128036   10.478400 ^ clkbuf_3_1__f_clk/X (sky130_fd_sc_hd__clkbuf_16)
                                                         clknet_3_1__leaf_clk (net)
                      0.052024    0.004923   10.483324 ^ _13400_/CLK (sky130_fd_sc_hd__dfrtp_1)
                                 -0.250000   10.233324   clock uncertainty
                                  0.000000   10.233324   clock reconvergence pessimism
                                 -0.075728   10.157596   library setup time
                                             10.157596   data required time
---------------------------------------------------------------------------------------------
                                             10.157596   data required time
                                             -6.141350   data arrival time
---------------------------------------------------------------------------------------------
                                              4.016246   slack (MET)




===========================================================================
report_checks --slack_max -0.01
============================================================================
======================= nom_ff_n40C_1v95 Corner ===================================

No paths found.


===========================================================================
 report_check_types -max_slew -max_cap -max_fanout -violators
============================================================================
======================= nom_ff_n40C_1v95 Corner ===================================

max fanout

Pin                                   Limit Fanout  Slack
---------------------------------------------------------
input89/X                                10     12     -2 (VIOLATED)
clkbuf_3_4__f_clk/X                      10     11        (VIOLATED)



===========================================================================
report_parasitic_annotation -report_unannotated
============================================================================
Found 7 unannotated drivers.
 clkload0/Y
 clkload1/Y
 clkload2/Y
 clkload3/X
 clkload4/Y
 clkload5/Y
 clkload6/X
Found 0 partially unannotated drivers.

===========================================================================
max slew violation count 0
max fanout violation count 2
max cap violation count 0
============================================================================

===========================================================================
check_setup -verbose -unconstrained_endpoints -multiple_clock -no_clock -no_input_delay -loops -generated_clocks
===========================================================================
