Clock: clk
Sources: clk 
Generated: no
Virtual: yes
Propagated: no
Period: 10.000000

===========================================================================
report_clock_properties
============================================================================
Clock                   Period          Waveform
----------------------------------------------------
clk                  10.000000    0.000000  5.000000

===========================================================================
report_clock_latency
============================================================================
Clock clk
rise -> rise
    min     max
0.000000 0.000000 source latency
0.474231         network latency _13357_/CLK
        0.493668 network latency _13416_/CLK
---------------
0.474231 0.493668 latency
        0.019437 skew

fall -> fall
    min     max
0.000000 0.000000 source latency
0.380297         network latency _13357_/CLK
        0.397334 network latency _13416_/CLK
---------------
0.380297 0.397334 latency
        0.017037 skew



===========================================================================
report_clock_min_period
============================================================================
clk period_min = 0.00 fmax = inf
