┏━━━━━━━━━━━━━━━━━━━━━━┳━━━━━━━━━━┳━━━━━━━━━━┳━━━━━━━━━━┳━━━━━━━━━━┳━━━━━━━━━━━┳━━━━━━━━━━┳━━━━━━━━━━━┳━━━━━━━━━━┳━━━━━━━━━━━┳━━━━━━━━━━┳━━━━━━━━━━━┳━━━━━━━━━━┓
┃                      ┃ Hold     ┃ Reg to   ┃          ┃          ┃ of which  ┃ Setup    ┃           ┃          ┃           ┃ of which ┃           ┃          ┃
┃                      ┃ Worst    ┃ Reg      ┃          ┃ Hold Vio ┃ reg to    ┃ Worst    ┃ Reg to    ┃ Setup    ┃ Setup Vio ┃ reg to   ┃ Max Cap   ┃ Max Slew ┃
┃ Corner/Group         ┃ Slack    ┃ Paths    ┃ Hold TNS ┃ Count    ┃ reg       ┃ Slack    ┃ Reg Paths ┃ TNS      ┃ Count     ┃ reg      ┃ Violatio… ┃ Violati… ┃
┡━━━━━━━━━━━━━━━━━━━━━━╇━━━━━━━━━━╇━━━━━━━━━━╇━━━━━━━━━━╇━━━━━━━━━━╇━━━━━━━━━━━╇━━━━━━━━━━╇━━━━━━━━━━━╇━━━━━━━━━━╇━━━━━━━━━━━╇━━━━━━━━━━╇━━━━━━━━━━━╇━━━━━━━━━━┩
│ Overall              │ 0.3536   │ N/A      │ 0.0000   │ 0        │ 0         │ -3.8447  │ N/A       │ -107.56… │ 148       │ 0        │ 0         │ 26       │
│ nom_tt_025C_1v80     │ 1.0006   │ N/A      │ 0.0000   │ 0        │ 0         │ 1.8394   │ N/A       │ 0.0000   │ 0         │ 0        │ 0         │ 0        │
│ nom_ss_100C_1v60     │ 0.3720   │ N/A      │ 0.0000   │ 0        │ 0         │ -3.7060  │ N/A       │ -101.36… │ 49        │ 0        │ 0         │ 24       │
│ nom_ff_n40C_1v95     │ 1.2589   │ N/A      │ 0.0000   │ 0        │ 0         │ 4.0162   │ N/A       │ 0.0000   │ 0         │ 0        │ 0         │ 0        │
│ min_tt_025C_1v80     │ 1.0176   │ N/A      │ 0.0000   │ 0        │ 0         │ 1.9080   │ N/A       │ 0.0000   │ 0         │ 0        │ 0         │ 0        │
│ min_ss_100C_1v60     │ 0.3974   │ N/A      │ 0.0000   │ 0        │ 0         │ -3.5613  │ N/A       │ -96.0032 │ 49        │ 0        │ 0         │ 20       │
│ min_ff_n40C_1v95     │ 1.2691   │ N/A      │ 0.0000   │ 0        │ 0         │ 4.0614   │ N/A       │ 0.0000   │ 0         │ 0        │ 0         │ 0        │
│ max_tt_025C_1v80     │ 0.9899   │ N/A      │ 0.0000   │ 0        │ 0         │ 1.7682   │ N/A       │ 0.0000   │ 0         │ 0        │ 0         │ 0        │
│ max_ss_100C_1v60     │ 0.3536   │ N/A      │ 0.0000   │ 0        │ 0         │ -3.8447  │ N/A       │ -107.56… │ 50        │ 0        │ 0         │ 26       │
│ max_ff_n40C_1v95     │ 1.2527   │ N/A      │ 0.0000   │ 0        │ 0         │ 3.9746   │ N/A       │ 0.0000   │ 0         │ 0        │ 0         │ 0        │
└──────────────────────┴──────────┴──────────┴──────────┴──────────┴───────────┴──────────┴───────────┴──────────┴───────────┴──────────┴───────────┴──────────┘
