Clock: clk
Sources: clk 
Generated: no
Virtual: yes
Propagated: no
Period: 10.000000

===========================================================================
report_clock_properties
============================================================================
Clock                   Period          Waveform
----------------------------------------------------
clk                  10.000000    0.000000  5.000000

===========================================================================
report_clock_latency
============================================================================
Clock clk
rise -> rise
    min     max
0.000000 0.000000 source latency
0.688367         network latency _13385_/CLK
        0.711107 network latency _13369_/CLK
---------------
0.688367 0.711107 latency
        0.022740 skew

fall -> fall
    min     max
0.000000 0.000000 source latency
0.340204         network latency _13385_/CLK
        0.361751 network latency _13369_/CLK
---------------
0.340204 0.361751 latency
        0.021547 skew



===========================================================================
report_clock_min_period
============================================================================
clk period_min = 0.00 fmax = inf
