
===========================================================================
 report_power
============================================================================
======================= nom_tt_025C_1v80 Corner ===================================

Group                    Internal    Switching      Leakage        Total
                            Power        Power        Power        Power (Watts)
------------------------------------------------------------------------
Sequential           9.844988e-04 3.481527e-04 6.721477e-10 1.332652e-03   2.6%
Combinational        2.697048e-02 2.308146e-02 2.857528e-08 5.005197e-02  97.4%
Clock                0.000000e+00 0.000000e+00 8.877685e-10 8.877685e-10   0.0%
Macro                0.000000e+00 0.000000e+00 0.000000e+00 0.000000e+00   0.0%
Pad                  0.000000e+00 0.000000e+00 0.000000e+00 0.000000e+00   0.0%
------------------------------------------------------------------------
Total                2.795498e-02 2.342961e-02 3.013521e-08 5.138462e-02 100.0%
                            54.4%        45.6%         0.0%
Writing metric power__internal__total: 0.027954980731010437
Writing metric power__switching__total: 0.023429611697793007
Writing metric power__leakage__total: 3.013520810668524e-8
Writing metric power__total: 0.05138462036848068

