Clock: aclk
Sources: aclk 
Generated: no
Virtual: yes
Propagated: no
Period: 20.000000

===========================================================================
report_clock_properties
============================================================================
Clock                   Period          Waveform
----------------------------------------------------
aclk                 20.000000    0.000000 10.000000

===========================================================================
report_clock_latency
============================================================================
Clock aclk
rise -> rise
    min     max
0.000000 0.000000 source latency
0.469792         network latency _2099_/CLK
        0.492926 network latency _2089_/CLK
---------------
0.469792 0.492926 latency
        0.023135 skew

fall -> fall
    min     max
0.000000 0.000000 source latency
0.409351         network latency _2099_/CLK
        0.426851 network latency _2089_/CLK
---------------
0.409351 0.426851 latency
        0.017500 skew



===========================================================================
report_clock_min_period
============================================================================
aclk period_min = 7.85 fmax = 127.40
