
===========================================================================
report_checks -unconstrained
===========================================================================
======================= nom_tt_025C_1v80 Corner ===================================

Startpoint: _2088_ (rising edge-triggered flip-flop clocked by aclk)
Endpoint: _2120_ (rising edge-triggered flip-flop clocked by aclk)
Path Group: aclk
Path Type: max

Fanout         Cap        Slew       Delay        Time   Description
---------------------------------------------------------------------------------------------
                                  0.000000    0.000000   clock aclk (rise edge)
                                  0.000000    0.000000   clock source latency
     2    0.026846    0.125939    0.088036    0.088036 ^ aclk (in)
                                                         aclk (net)
                      0.126001    0.000000    0.088036 ^ clkbuf_0_aclk/A (sky130_fd_sc_hd__clkbuf_16)
     9    0.059734    0.077821    0.185342    0.273378 ^ clkbuf_0_aclk/X (sky130_fd_sc_hd__clkbuf_16)
                                                         clknet_0_aclk (net)
                      0.077879    0.001914    0.275292 ^ clkbuf_2_0__f_aclk/A (sky130_fd_sc_hd__clkbuf_16)
    37    0.095768    0.112506    0.191353    0.466645 ^ clkbuf_2_0__f_aclk/X (sky130_fd_sc_hd__clkbuf_16)
                                                         clknet_2_0__leaf_aclk (net)
                      0.113290    0.007555    0.474200 ^ _2088_/CLK (sky130_fd_sc_hd__dfxtp_2)
     2    0.011150    0.066843    0.361072    0.835272 ^ _2088_/Q (sky130_fd_sc_hd__dfxtp_2)
                                                         internal_rssi[7] (net)
                      0.066843    0.000219    0.835491 ^ rebuffer2/A (sky130_fd_sc_hd__clkbuf_2)
     3    0.022701    0.128888    0.172180    1.007671 ^ rebuffer2/X (sky130_fd_sc_hd__clkbuf_2)
                                                         net138 (net)
                      0.128927    0.001833    1.009504 ^ fanout92/A (sky130_fd_sc_hd__buf_6)
    15    0.055835    0.116987    0.180906    1.190409 ^ fanout92/X (sky130_fd_sc_hd__buf_6)
                                                         net92 (net)
                      0.116995    0.000819    1.191228 ^ fanout89/A (sky130_fd_sc_hd__buf_4)
    21    0.061235    0.172509    0.232685    1.423913 ^ fanout89/X (sky130_fd_sc_hd__buf_4)
                                                         net89 (net)
                      0.172510    0.000852    1.424765 ^ _1354_/A (sky130_fd_sc_hd__and3_1)
     3    0.009295    0.105887    0.220929    1.645694 ^ _1354_/X (sky130_fd_sc_hd__and3_1)
                                                         _0490_ (net)
                      0.105887    0.000218    1.645913 ^ _1356_/A_N (sky130_fd_sc_hd__nand2b_4)
     3    0.033612    0.118140    0.193068    1.838980 ^ _1356_/Y (sky130_fd_sc_hd__nand2b_4)
                                                         _0492_ (net)
                      0.118187    0.000683    1.839663 ^ _1404_/A (sky130_fd_sc_hd__xor2_2)
     7    0.034325    0.428036    0.376086    2.215749 ^ _1404_/X (sky130_fd_sc_hd__xor2_2)
                                                         _0539_ (net)
                      0.428038    0.000819    2.216568 ^ fanout68/A (sky130_fd_sc_hd__buf_2)
     9    0.036663    0.182444    0.300329    2.516897 ^ fanout68/X (sky130_fd_sc_hd__buf_2)
                                                         net68 (net)
                      0.182470    0.002202    2.519099 ^ fanout67/A (sky130_fd_sc_hd__clkbuf_4)
    10    0.045592    0.144623    0.256872    2.775971 ^ fanout67/X (sky130_fd_sc_hd__clkbuf_4)
                                                         net67 (net)
                      0.144663    0.002310    2.778281 ^ _1569_/B1 (sky130_fd_sc_hd__a21o_1)
     2    0.004711    0.052818    0.112025    2.890306 ^ _1569_/X (sky130_fd_sc_hd__a21o_1)
                                                         _0700_ (net)
                      0.052818    0.000124    2.890430 ^ _1572_/A2 (sky130_fd_sc_hd__a21oi_1)
     3    0.008298    0.074916    0.089865    2.980295 v _1572_/Y (sky130_fd_sc_hd__a21oi_1)
                                                         _0703_ (net)
                      0.074916    0.000198    2.980494 v _1573_/C (sky130_fd_sc_hd__or3_4)
     2    0.005110    0.066886    0.334049    3.314543 v _1573_/X (sky130_fd_sc_hd__or3_4)
                                                         _0704_ (net)
                      0.066886    0.000127    3.314670 v _1577_/A2 (sky130_fd_sc_hd__a21o_1)
     3    0.008262    0.056903    0.206044    3.520714 v _1577_/X (sky130_fd_sc_hd__a21o_1)
                                                         _0708_ (net)
                      0.056903    0.000191    3.520904 v _1578_/C (sky130_fd_sc_hd__and3_1)
     2    0.005247    0.047192    0.191467    3.712371 v _1578_/X (sky130_fd_sc_hd__and3_1)
                                                         _0709_ (net)
                      0.047192    0.000079    3.712450 v _1581_/A (sky130_fd_sc_hd__or3_4)
     5    0.018157    0.089132    0.418331    4.130781 v _1581_/X (sky130_fd_sc_hd__or3_4)
                                                         _0712_ (net)
                      0.089132    0.000395    4.131176 v _1583_/A (sky130_fd_sc_hd__and3_1)
     3    0.007544    0.057643    0.181231    4.312408 v _1583_/X (sky130_fd_sc_hd__and3_1)
                                                         _0714_ (net)
                      0.057643    0.000226    4.312634 v _1589_/A (sky130_fd_sc_hd__or3_4)
     2    0.004729    0.065810    0.383201    4.695834 v _1589_/X (sky130_fd_sc_hd__or3_4)
                                                         _0719_ (net)
                      0.065810    0.000137    4.695971 v _1590_/B (sky130_fd_sc_hd__or3_4)
     1    0.008872    0.072729    0.380279    5.076250 v _1590_/X (sky130_fd_sc_hd__or3_4)
                                                         _0720_ (net)
                      0.072729    0.000262    5.076512 v _1593_/A1 (sky130_fd_sc_hd__o211ai_4)
     5    0.036569    0.325353    0.327493    5.404006 ^ _1593_/Y (sky130_fd_sc_hd__o211ai_4)
                                                         _0723_ (net)
                      0.325405    0.003157    5.407162 ^ _1850_/A2 (sky130_fd_sc_hd__a211oi_4)
     4    0.021128    0.103629    0.142959    5.550121 v _1850_/Y (sky130_fd_sc_hd__a211oi_4)
                                                         _0972_ (net)
                      0.103633    0.001165    5.551286 v _1993_/A3 (sky130_fd_sc_hd__o31a_1)
     2    0.011640    0.085131    0.299905    5.851191 v _1993_/X (sky130_fd_sc_hd__o31a_1)
                                                         _0125_ (net)
                      0.085133    0.000550    5.851741 v _1994_/A (sky130_fd_sc_hd__or2_4)
     5    0.017119    0.064527    0.287765    6.139506 v _1994_/X (sky130_fd_sc_hd__or2_4)
                                                         _0126_ (net)
                      0.064527    0.000737    6.140243 v _2052_/A3 (sky130_fd_sc_hd__a311o_1)
     3    0.010653    0.090461    0.396991    6.537234 v _2052_/X (sky130_fd_sc_hd__a311o_1)
                                                         _0182_ (net)
                      0.090461    0.000371    6.537605 v _2068_/A1 (sky130_fd_sc_hd__a31o_1)
     1    0.002584    0.035708    0.185691    6.723296 v _2068_/X (sky130_fd_sc_hd__a31o_1)
                                                         _0197_ (net)
                      0.035708    0.000074    6.723370 v _2069_/B2 (sky130_fd_sc_hd__o221a_1)
     1    0.002084    0.041029    0.191002    6.914372 v _2069_/X (sky130_fd_sc_hd__o221a_1)
                                                         _0048_ (net)
                      0.041029    0.000041    6.914413 v _2120_/D (sky130_fd_sc_hd__dfxtp_1)
                                              6.914413   data arrival time

                                 12.000000   12.000000   clock aclk (rise edge)
                                  0.000000   12.000000   clock source latency
     2    0.026846    0.125939    0.088036   12.088036 ^ aclk (in)
                                                         aclk (net)
                      0.126001    0.000000   12.088036 ^ clkbuf_0_aclk/A (sky130_fd_sc_hd__clkbuf_16)
     9    0.059734    0.077821    0.185342   12.273378 ^ clkbuf_0_aclk/X (sky130_fd_sc_hd__clkbuf_16)
                                                         clknet_0_aclk (net)
                      0.077877    0.001874   12.275252 ^ clkbuf_2_3__f_aclk/A (sky130_fd_sc_hd__clkbuf_16)
    25    0.082659    0.099237    0.184333   12.459585 ^ clkbuf_2_3__f_aclk/X (sky130_fd_sc_hd__clkbuf_16)
                                                         clknet_2_3__leaf_aclk (net)
                      0.099581    0.004293   12.463878 ^ _2120_/CLK (sky130_fd_sc_hd__dfxtp_1)
                                 -0.250000   12.213878   clock uncertainty
                                  0.000000   12.213878   clock reconvergence pessimism
                                 -0.096040   12.117837   library setup time
                                             12.117837   data required time
---------------------------------------------------------------------------------------------
                                             12.117837   data required time
                                             -6.914413   data arrival time
---------------------------------------------------------------------------------------------
                                              5.203424   slack (MET)




===========================================================================
report_checks --slack_max -0.01
============================================================================
======================= nom_tt_025C_1v80 Corner ===================================

No paths found.


===========================================================================
 report_check_types -max_slew -max_cap -max_fanout -violators
============================================================================
======================= nom_tt_025C_1v80 Corner ===================================

max fanout

Pin                                   Limit Fanout  Slack
---------------------------------------------------------
clkbuf_2_0__f_aclk/X                     10     37    -27 (VIOLATED)
clkbuf_2_1__f_aclk/X                     10     27    -17 (VIOLATED)
clkbuf_2_3__f_aclk/X                     10     25    -15 (VIOLATED)
clkbuf_2_2__f_aclk/X                     10     21    -11 (VIOLATED)
fanout116/X                              10     21    -11 (VIOLATED)
fanout122/X                              10     21    -11 (VIOLATED)
fanout124/X                              10     21    -11 (VIOLATED)
fanout125/X                              10     21    -11 (VIOLATED)
fanout127/X                              10     21    -11 (VIOLATED)
fanout129/X                              10     21    -11 (VIOLATED)
fanout131/X                              10     21    -11 (VIOLATED)
fanout133/X                              10     21    -11 (VIOLATED)
fanout134/X                              10     21    -11 (VIOLATED)
fanout135/X                              10     21    -11 (VIOLATED)
fanout57/X                               10     21    -11 (VIOLATED)
fanout62/X                               10     21    -11 (VIOLATED)
fanout63/X                               10     21    -11 (VIOLATED)
fanout73/X                               10     21    -11 (VIOLATED)
fanout79/X                               10     21    -11 (VIOLATED)
fanout80/X                               10     21    -11 (VIOLATED)
fanout82/X                               10     21    -11 (VIOLATED)
fanout83/X                               10     21    -11 (VIOLATED)
fanout84/X                               10     21    -11 (VIOLATED)
fanout87/X                               10     21    -11 (VIOLATED)
fanout89/X                               10     21    -11 (VIOLATED)
fanout91/X                               10     21    -11 (VIOLATED)
fanout97/X                               10     21    -11 (VIOLATED)
_1558_/Y                                 10     19     -9 (VIOLATED)
fanout121/X                              10     19     -9 (VIOLATED)
fanout58/X                               10     19     -9 (VIOLATED)
fanout61/X                               10     19     -9 (VIOLATED)
fanout119/X                              10     17     -7 (VIOLATED)
fanout136/X                              10     17     -7 (VIOLATED)
fanout94/X                               10     17     -7 (VIOLATED)
_1225_/X                                 10     15     -5 (VIOLATED)
fanout106/X                              10     15     -5 (VIOLATED)
fanout126/X                              10     15     -5 (VIOLATED)
fanout92/X                               10     15     -5 (VIOLATED)
_1523_/Y                                 10     13     -3 (VIOLATED)
fanout64/X                               10     13     -3 (VIOLATED)
fanout78/X                               10     13     -3 (VIOLATED)
fanout85/X                               10     13     -3 (VIOLATED)
_1074_/Y                                 10     11        (VIOLATED)
fanout74/X                               10     11        (VIOLATED)
fanout77/X                               10     11        (VIOLATED)
fanout86/X                               10     11        (VIOLATED)



===========================================================================
report_parasitic_annotation -report_unannotated
============================================================================
Found 3 unannotated drivers.
 clkload0/Y
 clkload1/Y
 clkload2/Y
Found 0 partially unannotated drivers.

===========================================================================
max slew violation count 0
max fanout violation count 46
max cap violation count 0
============================================================================

===========================================================================
check_setup -verbose -unconstrained_endpoints -multiple_clock -no_clock -no_input_delay -loops -generated_clocks
===========================================================================
