Clock: aclk
Sources: aclk 
Generated: no
Virtual: yes
Propagated: no
Period: 12.000000

===========================================================================
report_clock_properties
============================================================================
Clock                   Period          Waveform
----------------------------------------------------
aclk                 12.000000    0.000000  6.000000

===========================================================================
report_clock_latency
============================================================================
Clock aclk
rise -> rise
    min     max
0.000000 0.000000 source latency
0.460415         network latency _2103_/CLK
        0.476377 network latency _2077_/CLK
---------------
0.460415 0.476377 latency
        0.015962 skew

fall -> fall
    min     max
0.000000 0.000000 source latency
0.403832         network latency _2103_/CLK
        0.416586 network latency _2077_/CLK
---------------
0.403832 0.416586 latency
        0.012755 skew



===========================================================================
report_clock_min_period
============================================================================
aclk period_min = 6.80 fmax = 147.13
