
===========================================================================
 report_power
============================================================================
======================= nom_tt_025C_1v80 Corner ===================================

Group                    Internal    Switching      Leakage        Total
                            Power        Power        Power        Power (Watts)
------------------------------------------------------------------------
Sequential           1.745408e-04 8.491555e-06 4.095453e-10 1.830328e-04  23.8%
Combinational        1.690888e-04 2.261861e-04 4.983959e-09 3.952798e-04  51.3%
Clock                8.139874e-05 1.107670e-04 2.493229e-09 1.921682e-04  24.9%
Macro                0.000000e+00 0.000000e+00 0.000000e+00 0.000000e+00   0.0%
Pad                  0.000000e+00 0.000000e+00 0.000000e+00 0.000000e+00   0.0%
------------------------------------------------------------------------
Total                4.250285e-04 3.454445e-04 7.886747e-09 7.704809e-04 100.0%
                            55.2%        44.8%         0.0%

