                                                                     Buffers by Cell Master                                                                     
┏━━━━━━━━━━━━━━━━━━━━━━━━━━━━━━━━━━━━━━━━━━━━━━━━━━━━━━━━━━━━━━━━━━━━━━━━━━━━━━━━━━━━━━━━━━━━━━━━━━━━━━━━━━━━━━━━━━━━━━━━━━━━━━━━━━━┳━━━━━━━━━━━━━━━━━━━━━━━━━━┓
┃ Buffer                                                                                                                            ┃ Count                    ┃
┡━━━━━━━━━━━━━━━━━━━━━━━━━━━━━━━━━━━━━━━━━━━━━━━━━━━━━━━━━━━━━━━━━━━━━━━━━━━━━━━━━━━━━━━━━━━━━━━━━━━━━━━━━━━━━━━━━━━━━━━━━━━━━━━━━━━╇━━━━━━━━━━━━━━━━━━━━━━━━━━┩
│ sky130_fd_sc_hd__buf_1                                                                                                            │ 132                      │
│ sky130_fd_sc_hd__buf_12                                                                                                           │ 3                        │
│ sky130_fd_sc_hd__buf_2                                                                                                            │ 291                      │
│ sky130_fd_sc_hd__buf_4                                                                                                            │ 25                       │
│ sky130_fd_sc_hd__buf_6                                                                                                            │ 28                       │
│ sky130_fd_sc_hd__buf_8                                                                                                            │ 19                       │
│ sky130_fd_sc_hd__clkbuf_1                                                                                                         │ 27                       │
│ sky130_fd_sc_hd__clkbuf_16                                                                                                        │ 9                        │
│ sky130_fd_sc_hd__clkbuf_2                                                                                                         │ 124                      │
│ sky130_fd_sc_hd__clkbuf_4                                                                                                         │ 74                       │
│ sky130_fd_sc_hd__clkbuf_8                                                                                                         │ 6                        │
│ sky130_fd_sc_hd__clkdlybuf4s18_2                                                                                                  │ 1                        │
│ sky130_fd_sc_hd__dlygate4sd1_1                                                                                                    │ 41                       │
│ sky130_fd_sc_hd__dlymetal6s2s_1                                                                                                   │ 72                       │
│ sky130_fd_sc_hd__dlymetal6s4s_1                                                                                                   │ 8                        │
└───────────────────────────────────────────────────────────────────────────────────────────────────────────────────────────────────┴──────────────────────────┘
