Clock: aclk
Sources: aclk 
Generated: no
Virtual: yes
Propagated: no
Period: 12.000000

===========================================================================
report_clock_properties
============================================================================
Clock                   Period          Waveform
----------------------------------------------------
aclk                 12.000000    0.000000  6.000000

===========================================================================
report_clock_latency
============================================================================
Clock aclk
rise -> rise
    min     max
0.000000 0.000000 source latency
0.319985         network latency _2103_/CLK
        0.333269 network latency _2077_/CLK
---------------
0.319985 0.333269 latency
        0.013284 skew

fall -> fall
    min     max
0.000000 0.000000 source latency
0.276718         network latency _2103_/CLK
        0.287430 network latency _2077_/CLK
---------------
0.276718 0.287430 latency
        0.010712 skew



===========================================================================
report_clock_min_period
============================================================================
aclk period_min = 4.40 fmax = 227.15
