Clock: aclk
Sources: aclk 
Generated: no
Virtual: yes
Propagated: no
Period: 10.000000

===========================================================================
report_clock_properties
============================================================================
Clock                   Period          Waveform
----------------------------------------------------
aclk                 10.000000    0.000000  5.000000

===========================================================================
report_clock_latency
============================================================================
Clock aclk
rise -> rise
    min     max
0.000000 0.000000 source latency
0.393740         network latency _1289_/CLK
        0.398863 network latency _1275_/CLK
---------------
0.393740 0.398863 latency
        0.005123 skew

fall -> fall
    min     max
0.000000 0.000000 source latency
0.361005         network latency _1289_/CLK
        0.365164 network latency _1275_/CLK
---------------
0.361005 0.365164 latency
        0.004160 skew



===========================================================================
report_clock_min_period
============================================================================
aclk period_min = 4.29 fmax = 233.09
