Clock: clk
Sources: clk 
Generated: no
Virtual: yes
Propagated: no
Period: 10.000000

===========================================================================
report_clock_properties
============================================================================
Clock                   Period          Waveform
----------------------------------------------------
clk                  10.000000    0.000000  5.000000

===========================================================================
report_clock_latency
============================================================================
Clock clk
rise -> rise
    min     max
0.000000 0.000000 source latency
0.529170         network latency _13357_/CLK
        0.543767 network latency _13416_/CLK
---------------
0.529170 0.543767 latency
        0.014597 skew

fall -> fall
    min     max
0.000000 0.000000 source latency
0.446695         network latency _13357_/CLK
        0.459145 network latency _13416_/CLK
---------------
0.446695 0.459145 latency
        0.012450 skew



===========================================================================
report_clock_min_period
============================================================================
clk period_min = 0.00 fmax = inf
