Clock: aclk
Sources: aclk 
Generated: no
Virtual: yes
Propagated: no
Period: 10.000000

===========================================================================
report_clock_properties
============================================================================
Clock                   Period          Waveform
----------------------------------------------------
aclk                 10.000000    0.000000  5.000000

===========================================================================
report_clock_latency
============================================================================
Clock aclk
rise -> rise
    min     max
0.000000 0.000000 source latency
0.384262         network latency _1289_/CLK
        0.388273 network latency _1275_/CLK
---------------
0.384262 0.388273 latency
        0.004010 skew

fall -> fall
    min     max
0.000000 0.000000 source latency
0.354639         network latency _1289_/CLK
        0.357779 network latency _1275_/CLK
---------------
0.354639 0.357779 latency
        0.003140 skew



===========================================================================
report_clock_min_period
============================================================================
aclk period_min = 4.24 fmax = 236.00
