
===========================================================================
report_checks -unconstrained
===========================================================================
======================= min_ss_100C_1v60 Corner ===================================

Startpoint: s_axis_tdata[15] (input port clocked by aclk)
Endpoint: _1317_ (rising edge-triggered flip-flop clocked by aclk)
Path Group: aclk
Path Type: max

Fanout         Cap        Slew       Delay        Time   Description
---------------------------------------------------------------------------------------------
                                  0.000000    0.000000   clock aclk (rise edge)
                                  0.000000    0.000000   clock network delay (propagated)
                                  2.000000    2.000000 ^ input external delay
     1    0.002703    0.031617    0.015258    2.015259 ^ s_axis_tdata[15] (in)
                                                         s_axis_tdata[15] (net)
                      0.031617    0.000000    2.015259 ^ input9/A (sky130_fd_sc_hd__buf_1)
     4    0.015140    0.294289    0.293305    2.308563 ^ input9/X (sky130_fd_sc_hd__buf_1)
                                                         net9 (net)
                      0.294289    0.000267    2.308830 ^ fanout75/A (sky130_fd_sc_hd__buf_4)
    10    0.033212    0.161731    0.377306    2.686136 ^ fanout75/X (sky130_fd_sc_hd__buf_4)
                                                         net75 (net)
                      0.161731    0.000562    2.686698 ^ _1004_/A2 (sky130_fd_sc_hd__a21oi_1)
     3    0.007410    0.175464    0.218989    2.905687 v _1004_/Y (sky130_fd_sc_hd__a21oi_1)
                                                         _0382_ (net)
                      0.175464    0.000040    2.905728 v _1006_/B (sky130_fd_sc_hd__or3_1)
     2    0.008071    0.189398    0.909393    3.815121 v _1006_/X (sky130_fd_sc_hd__or3_1)
                                                         _0384_ (net)
                      0.189398    0.000075    3.815196 v _1009_/A1 (sky130_fd_sc_hd__a211o_1)
     3    0.009666    0.146037    0.604489    4.419685 v _1009_/X (sky130_fd_sc_hd__a211o_1)
                                                         _0387_ (net)
                      0.146037    0.000102    4.419787 v _1055_/A2 (sky130_fd_sc_hd__a21bo_1)
     2    0.010124    0.120316    0.429530    4.849318 v _1055_/X (sky130_fd_sc_hd__a21bo_1)
                                                         _0432_ (net)
                      0.120316    0.000182    4.849500 v _1057_/B1 (sky130_fd_sc_hd__a21o_1)
     3    0.008042    0.100931    0.339684    5.189183 v _1057_/X (sky130_fd_sc_hd__a21o_1)
                                                         _0434_ (net)
                      0.100931    0.000122    5.189306 v _1058_/C (sky130_fd_sc_hd__and3_1)
     2    0.007845    0.111615    0.420689    5.609994 v _1058_/X (sky130_fd_sc_hd__and3_1)
                                                         _0435_ (net)
                      0.111615    0.000078    5.610072 v _1062_/A1 (sky130_fd_sc_hd__o211a_1)
     3    0.006771    0.109540    0.459789    6.069861 v _1062_/X (sky130_fd_sc_hd__o211a_1)
                                                         _0439_ (net)
                      0.109540    0.000021    6.069882 v _1064_/C (sky130_fd_sc_hd__or3_1)
     2    0.004271    0.157790    0.755309    6.825191 v _1064_/X (sky130_fd_sc_hd__or3_1)
                                                         _0441_ (net)
                      0.157790    0.000034    6.825225 v _1067_/A (sky130_fd_sc_hd__and3_1)
     3    0.007631    0.109854    0.376042    7.201267 v _1067_/X (sky130_fd_sc_hd__and3_1)
                                                         _0444_ (net)
                      0.109854    0.000065    7.201332 v _1069_/A_N (sky130_fd_sc_hd__and2b_1)
     3    0.010297    0.171587    0.463549    7.664880 ^ _1069_/X (sky130_fd_sc_hd__and2b_1)
                                                         _0446_ (net)
                      0.171587    0.000036    7.664917 ^ _1141_/A1 (sky130_fd_sc_hd__a31o_1)
     2    0.008873    0.163976    0.377326    8.042243 ^ _1141_/X (sky130_fd_sc_hd__a31o_1)
                                                         _0516_ (net)
                      0.163976    0.000131    8.042374 ^ _1145_/A2 (sky130_fd_sc_hd__a21oi_1)
     4    0.011556    0.233906    0.267615    8.309988 v _1145_/Y (sky130_fd_sc_hd__a21oi_1)
                                                         _0519_ (net)
                      0.233906    0.000183    8.310171 v _1201_/A1 (sky130_fd_sc_hd__a211o_1)
     5    0.014298    0.180145    0.666272    8.976443 v _1201_/X (sky130_fd_sc_hd__a211o_1)
                                                         _0574_ (net)
                      0.180145    0.000312    8.976755 v _1250_/A2 (sky130_fd_sc_hd__a311o_1)
     2    0.006078    0.123684    0.664816    9.641570 v _1250_/X (sky130_fd_sc_hd__a311o_1)
                                                         _0621_ (net)
                      0.123684    0.000078    9.641648 v _1260_/A2 (sky130_fd_sc_hd__a31o_1)
     1    0.002667    0.064609    0.385696   10.027345 v _1260_/X (sky130_fd_sc_hd__a31o_1)
                                                         _0630_ (net)
                      0.064609    0.000023   10.027368 v _1261_/B1 (sky130_fd_sc_hd__o211a_1)
     1    0.002423    0.069628    0.216297   10.243665 v _1261_/X (sky130_fd_sc_hd__o211a_1)
                                                         _0047_ (net)
                      0.069628    0.000017   10.243682 v _1317_/D (sky130_fd_sc_hd__dfxtp_1)
                                             10.243682   data arrival time

                                 10.000000   10.000000   clock aclk (rise edge)
                                  0.000000   10.000000   clock source latency
     1    0.019305    0.145077    0.098841   10.098841 ^ aclk (in)
                                                         aclk (net)
                      0.145083    0.000000   10.098841 ^ clkbuf_0_aclk/A (sky130_fd_sc_hd__clkbuf_16)
     4    0.044131    0.099358    0.289348   10.388189 ^ clkbuf_0_aclk/X (sky130_fd_sc_hd__clkbuf_16)
                                                         clknet_0_aclk (net)
                      0.099363    0.000732   10.388921 ^ clkbuf_2_0__f_aclk/A (sky130_fd_sc_hd__clkbuf_16)
    14    0.040708    0.095351    0.264253   10.653173 ^ clkbuf_2_0__f_aclk/X (sky130_fd_sc_hd__clkbuf_16)
                                                         clknet_2_0__leaf_aclk (net)
                      0.095357    0.000843   10.654016 ^ _1317_/CLK (sky130_fd_sc_hd__dfxtp_1)
                                 -0.250000   10.404016   clock uncertainty
                                  0.000000   10.404016   clock reconvergence pessimism
                                 -0.261995   10.142022   library setup time
                                             10.142022   data required time
---------------------------------------------------------------------------------------------
                                             10.142022   data required time
                                            -10.243682   data arrival time
---------------------------------------------------------------------------------------------
                                             -0.101660   slack (VIOLATED)




===========================================================================
report_checks --slack_max -0.01
============================================================================
======================= min_ss_100C_1v60 Corner ===================================

Startpoint: s_axis_tdata[15] (input port clocked by aclk)
Endpoint: _1317_ (rising edge-triggered flip-flop clocked by aclk)
Path Group: aclk
Path Type: max

Fanout         Cap        Slew       Delay        Time   Description
---------------------------------------------------------------------------------------------
                                  0.000000    0.000000   clock aclk (rise edge)
                                  0.000000    0.000000   clock network delay (propagated)
                                  2.000000    2.000000 ^ input external delay
     1    0.002703    0.031617    0.015258    2.015259 ^ s_axis_tdata[15] (in)
                                                         s_axis_tdata[15] (net)
                      0.031617    0.000000    2.015259 ^ input9/A (sky130_fd_sc_hd__buf_1)
     4    0.015140    0.294289    0.293305    2.308563 ^ input9/X (sky130_fd_sc_hd__buf_1)
                                                         net9 (net)
                      0.294289    0.000267    2.308830 ^ fanout75/A (sky130_fd_sc_hd__buf_4)
    10    0.033212    0.161731    0.377306    2.686136 ^ fanout75/X (sky130_fd_sc_hd__buf_4)
                                                         net75 (net)
                      0.161731    0.000562    2.686698 ^ _1004_/A2 (sky130_fd_sc_hd__a21oi_1)
     3    0.007410    0.175464    0.218989    2.905687 v _1004_/Y (sky130_fd_sc_hd__a21oi_1)
                                                         _0382_ (net)
                      0.175464    0.000040    2.905728 v _1006_/B (sky130_fd_sc_hd__or3_1)
     2    0.008071    0.189398    0.909393    3.815121 v _1006_/X (sky130_fd_sc_hd__or3_1)
                                                         _0384_ (net)
                      0.189398    0.000075    3.815196 v _1009_/A1 (sky130_fd_sc_hd__a211o_1)
     3    0.009666    0.146037    0.604489    4.419685 v _1009_/X (sky130_fd_sc_hd__a211o_1)
                                                         _0387_ (net)
                      0.146037    0.000102    4.419787 v _1055_/A2 (sky130_fd_sc_hd__a21bo_1)
     2    0.010124    0.120316    0.429530    4.849318 v _1055_/X (sky130_fd_sc_hd__a21bo_1)
                                                         _0432_ (net)
                      0.120316    0.000182    4.849500 v _1057_/B1 (sky130_fd_sc_hd__a21o_1)
     3    0.008042    0.100931    0.339684    5.189183 v _1057_/X (sky130_fd_sc_hd__a21o_1)
                                                         _0434_ (net)
                      0.100931    0.000122    5.189306 v _1058_/C (sky130_fd_sc_hd__and3_1)
     2    0.007845    0.111615    0.420689    5.609994 v _1058_/X (sky130_fd_sc_hd__and3_1)
                                                         _0435_ (net)
                      0.111615    0.000078    5.610072 v _1062_/A1 (sky130_fd_sc_hd__o211a_1)
     3    0.006771    0.109540    0.459789    6.069861 v _1062_/X (sky130_fd_sc_hd__o211a_1)
                                                         _0439_ (net)
                      0.109540    0.000021    6.069882 v _1064_/C (sky130_fd_sc_hd__or3_1)
     2    0.004271    0.157790    0.755309    6.825191 v _1064_/X (sky130_fd_sc_hd__or3_1)
                                                         _0441_ (net)
                      0.157790    0.000034    6.825225 v _1067_/A (sky130_fd_sc_hd__and3_1)
     3    0.007631    0.109854    0.376042    7.201267 v _1067_/X (sky130_fd_sc_hd__and3_1)
                                                         _0444_ (net)
                      0.109854    0.000065    7.201332 v _1069_/A_N (sky130_fd_sc_hd__and2b_1)
     3    0.010297    0.171587    0.463549    7.664880 ^ _1069_/X (sky130_fd_sc_hd__and2b_1)
                                                         _0446_ (net)
                      0.171587    0.000036    7.664917 ^ _1141_/A1 (sky130_fd_sc_hd__a31o_1)
     2    0.008873    0.163976    0.377326    8.042243 ^ _1141_/X (sky130_fd_sc_hd__a31o_1)
                                                         _0516_ (net)
                      0.163976    0.000131    8.042374 ^ _1145_/A2 (sky130_fd_sc_hd__a21oi_1)
     4    0.011556    0.233906    0.267615    8.309988 v _1145_/Y (sky130_fd_sc_hd__a21oi_1)
                                                         _0519_ (net)
                      0.233906    0.000183    8.310171 v _1201_/A1 (sky130_fd_sc_hd__a211o_1)
     5    0.014298    0.180145    0.666272    8.976443 v _1201_/X (sky130_fd_sc_hd__a211o_1)
                                                         _0574_ (net)
                      0.180145    0.000312    8.976755 v _1250_/A2 (sky130_fd_sc_hd__a311o_1)
     2    0.006078    0.123684    0.664816    9.641570 v _1250_/X (sky130_fd_sc_hd__a311o_1)
                                                         _0621_ (net)
                      0.123684    0.000078    9.641648 v _1260_/A2 (sky130_fd_sc_hd__a31o_1)
     1    0.002667    0.064609    0.385696   10.027345 v _1260_/X (sky130_fd_sc_hd__a31o_1)
                                                         _0630_ (net)
                      0.064609    0.000023   10.027368 v _1261_/B1 (sky130_fd_sc_hd__o211a_1)
     1    0.002423    0.069628    0.216297   10.243665 v _1261_/X (sky130_fd_sc_hd__o211a_1)
                                                         _0047_ (net)
                      0.069628    0.000017   10.243682 v _1317_/D (sky130_fd_sc_hd__dfxtp_1)
                                             10.243682   data arrival time

                                 10.000000   10.000000   clock aclk (rise edge)
                                  0.000000   10.000000   clock source latency
     1    0.019305    0.145077    0.098841   10.098841 ^ aclk (in)
                                                         aclk (net)
                      0.145083    0.000000   10.098841 ^ clkbuf_0_aclk/A (sky130_fd_sc_hd__clkbuf_16)
     4    0.044131    0.099358    0.289348   10.388189 ^ clkbuf_0_aclk/X (sky130_fd_sc_hd__clkbuf_16)
                                                         clknet_0_aclk (net)
                      0.099363    0.000732   10.388921 ^ clkbuf_2_0__f_aclk/A (sky130_fd_sc_hd__clkbuf_16)
    14    0.040708    0.095351    0.264253   10.653173 ^ clkbuf_2_0__f_aclk/X (sky130_fd_sc_hd__clkbuf_16)
                                                         clknet_2_0__leaf_aclk (net)
                      0.095357    0.000843   10.654016 ^ _1317_/CLK (sky130_fd_sc_hd__dfxtp_1)
                                 -0.250000   10.404016   clock uncertainty
                                  0.000000   10.404016   clock reconvergence pessimism
                                 -0.261995   10.142022   library setup time
                                             10.142022   data required time
---------------------------------------------------------------------------------------------
                                             10.142022   data required time
                                            -10.243682   data arrival time
---------------------------------------------------------------------------------------------
                                             -0.101660   slack (VIOLATED)




===========================================================================
 report_check_types -max_slew -max_cap -max_fanout -violators
============================================================================
======================= min_ss_100C_1v60 Corner ===================================

max fanout

Pin                                   Limit Fanout  Slack
---------------------------------------------------------
clkbuf_2_0__f_aclk/X                     10     14     -4 (VIOLATED)
clkbuf_2_2__f_aclk/X                     10     14     -4 (VIOLATED)
clkbuf_2_3__f_aclk/X                     10     14     -4 (VIOLATED)
clkbuf_2_1__f_aclk/X                     10     12     -2 (VIOLATED)



===========================================================================
report_parasitic_annotation -report_unannotated
============================================================================
Found 2 unannotated drivers.
 clkload0/Y
 clkload1/X
Found 0 partially unannotated drivers.

===========================================================================
max slew violation count 0
max fanout violation count 4
max cap violation count 0
============================================================================

===========================================================================
check_setup -verbose -unconstrained_endpoints -multiple_clock -no_clock -no_input_delay -loops -generated_clocks
===========================================================================
