Clock: aclk
Sources: aclk 
Generated: no
Virtual: yes
Propagated: no
Period: 10.000000

===========================================================================
report_clock_properties
============================================================================
Clock                   Period          Waveform
----------------------------------------------------
aclk                 10.000000    0.000000  5.000000

===========================================================================
report_clock_latency
============================================================================
Clock aclk
rise -> rise
    min     max
0.000000 0.000000 source latency
0.652114         network latency _1289_/CLK
        0.657373 network latency _1275_/CLK
---------------
0.652114 0.657373 latency
        0.005259 skew

fall -> fall
    min     max
0.000000 0.000000 source latency
0.626759         network latency _1287_/CLK
        0.631922 network latency _1275_/CLK
---------------
0.626759 0.631922 latency
        0.005163 skew



===========================================================================
report_clock_min_period
============================================================================
aclk period_min = 7.86 fmax = 127.27
