
 /----------------------------------------------------------------------------\
 |  yosys -- Yosys Open SYnthesis Suite                                       |
 |  Copyright (C) 2012 - 2024  Claire Xenia Wolf <claire@yosyshq.com>         |
 |  Distributed under an ISC-like license, type "license" to see terms        |
 \----------------------------------------------------------------------------/
 Yosys 0.46 (git sha1 e97731b9dda91fa5fa53ed87df7c34163ba59a41, clang++ 17.0.6 -fPIC -O3)
Loaded SDC plugin

1. Executing Liberty frontend: /home/default/.volare/volare/sky130/versions/0fe599b2afb6708d281543108caf8310912f54af/sky130A/libs.ref/sky130_fd_sc_hd/lib/sky130_fd_sc_hd__tt_025C_1v80.lib
Imported 428 cell types from liberty file.
[INFO] Using SDC file '/mnt/c/Users/Default.DESKTOP-A45I1O9/akularanjith-akularanjith--ECE510-2026-SPRING/codefest/cf07/runs/RUN_2026-05-13_16-13-14/06-yosys-synthesis/synthesis.abc.sdc' for ABC…

2. Executing Verilog-2005 frontend: /mnt/c/Users/Default.DESKTOP-A45I1O9/akularanjith-akularanjith--ECE510-2026-SPRING/codefest/cf07/hdl/synth_top.sv
Parsing SystemVerilog input from `/mnt/c/Users/Default.DESKTOP-A45I1O9/akularanjith-akularanjith--ECE510-2026-SPRING/codefest/cf07/hdl/synth_top.sv' to AST representation.
Storing AST representation for module `$abstract\crossbar_mac'.
Successfully finished Verilog frontend.

3. Executing HIERARCHY pass (managing design hierarchy).

4. Executing AST frontend in derive mode using pre-parsed AST for module `\crossbar_mac'.
Generating RTLIL representation for module `\crossbar_mac'.

4.1. Analyzing design hierarchy..
Top module:  \crossbar_mac

4.2. Analyzing design hierarchy..
Top module:  \crossbar_mac
Removing unused module `$abstract\crossbar_mac'.
Removed 1 unused modules.
Renaming module crossbar_mac to crossbar_mac.

5. Generating Graphviz representation of design.
Writing dot description to `/mnt/c/Users/Default.DESKTOP-A45I1O9/akularanjith-akularanjith--ECE510-2026-SPRING/codefest/cf07/runs/RUN_2026-05-13_16-13-14/06-yosys-synthesis/hierarchy.dot'.
Dumping module crossbar_mac to page 1.

6. Executing TRIBUF pass.

7. Executing HIERARCHY pass (managing design hierarchy).

7.1. Analyzing design hierarchy..
Top module:  \crossbar_mac

7.2. Analyzing design hierarchy..
Top module:  \crossbar_mac
Removed 0 unused modules.

8. Executing PROC_CLEAN pass (remove empty switches from decision trees).
Cleaned up 0 empty switches.

9. Executing PROC_RMDEAD pass (remove dead branches from decision trees).
Marked 1 switch rules as full_case in process $proc$/mnt/c/Users/Default.DESKTOP-A45I1O9/akularanjith-akularanjith--ECE510-2026-SPRING/codefest/cf07/hdl/synth_top.sv:11$1 in module crossbar_mac.
Removed a total of 0 dead cases.

10. Executing PROC_PRUNE pass (remove redundant assignments in processes).
Removed 4 redundant assignments.
Promoted 0 assignments to connections.

11. Executing PROC_INIT pass (extract init attributes).

12. Executing PROC_ARST pass (detect async resets in processes).
Found async reset \rst in `\crossbar_mac.$proc$/mnt/c/Users/Default.DESKTOP-A45I1O9/akularanjith-akularanjith--ECE510-2026-SPRING/codefest/cf07/hdl/synth_top.sv:11$1'.

13. Executing PROC_ROM pass (convert switches to ROMs).
Converted 0 switches.

14. Executing PROC_MUX pass (convert decision trees to multiplexers).
Creating decoders for process `\crossbar_mac.$proc$/mnt/c/Users/Default.DESKTOP-A45I1O9/akularanjith-akularanjith--ECE510-2026-SPRING/codefest/cf07/hdl/synth_top.sv:11$1'.
     1/4: $0\out3[15:0]
     2/4: $0\out2[15:0]
     3/4: $0\out1[15:0]
     4/4: $0\out0[15:0]

15. Executing PROC_DLATCH pass (convert process syncs to latches).

16. Executing PROC_DFF pass (convert process syncs to FFs).
Creating register for signal `\crossbar_mac.\out0' using process `\crossbar_mac.$proc$/mnt/c/Users/Default.DESKTOP-A45I1O9/akularanjith-akularanjith--ECE510-2026-SPRING/codefest/cf07/hdl/synth_top.sv:11$1'.
  created $adff cell `$procdff$32' with positive edge clock and positive level reset.
Creating register for signal `\crossbar_mac.\out1' using process `\crossbar_mac.$proc$/mnt/c/Users/Default.DESKTOP-A45I1O9/akularanjith-akularanjith--ECE510-2026-SPRING/codefest/cf07/hdl/synth_top.sv:11$1'.
  created $adff cell `$procdff$35' with positive edge clock and positive level reset.
Creating register for signal `\crossbar_mac.\out2' using process `\crossbar_mac.$proc$/mnt/c/Users/Default.DESKTOP-A45I1O9/akularanjith-akularanjith--ECE510-2026-SPRING/codefest/cf07/hdl/synth_top.sv:11$1'.
  created $adff cell `$procdff$38' with positive edge clock and positive level reset.
Creating register for signal `\crossbar_mac.\out3' using process `\crossbar_mac.$proc$/mnt/c/Users/Default.DESKTOP-A45I1O9/akularanjith-akularanjith--ECE510-2026-SPRING/codefest/cf07/hdl/synth_top.sv:11$1'.
  created $adff cell `$procdff$41' with positive edge clock and positive level reset.

17. Executing PROC_MEMWR pass (convert process memory writes to cells).

18. Executing PROC_CLEAN pass (remove empty switches from decision trees).
Removing empty process `crossbar_mac.$proc$/mnt/c/Users/Default.DESKTOP-A45I1O9/akularanjith-akularanjith--ECE510-2026-SPRING/codefest/cf07/hdl/synth_top.sv:11$1'.
Cleaned up 0 empty switches.

19. Executing CHECK pass (checking for obvious problems).
Checking module crossbar_mac...
Found and reported 0 problems.

20. Executing OPT_EXPR pass (perform const folding).
Optimizing module crossbar_mac.
<suppressed ~4 debug messages>

21. Executing FLATTEN pass (flatten design).

22. Executing OPT_EXPR pass (perform const folding).
Optimizing module crossbar_mac.

23. Executing OPT_CLEAN pass (remove unused cells and wires).
Finding unused cells or wires in module \crossbar_mac..
Removed 0 unused cells and 8 unused wires.
<suppressed ~1 debug messages>

24. Executing OPT_EXPR pass (perform const folding).
Optimizing module crossbar_mac.

25. Executing OPT_MERGE pass (detect identical cells).
Finding identical cells in module `\crossbar_mac'.
Removed a total of 0 cells.

26. Executing OPT_MUXTREE pass (detect dead branches in mux trees).
Running muxtree optimizer on module \crossbar_mac..
  Creating internal representation of mux trees.
  No muxes found in this module.
Removed 0 multiplexer ports.

27. Executing OPT_REDUCE pass (consolidate $*mux and $reduce_* inputs).
  Optimizing cells in module \crossbar_mac.
Performed a total of 0 changes.

28. Executing OPT_MERGE pass (detect identical cells).
Finding identical cells in module `\crossbar_mac'.
Removed a total of 0 cells.

29. Executing OPT_DFF pass (perform DFF optimizations).

30. Executing OPT_CLEAN pass (remove unused cells and wires).
Finding unused cells or wires in module \crossbar_mac..

31. Executing OPT_EXPR pass (perform const folding).
Optimizing module crossbar_mac.

32. Executing FSM pass (extract and optimize FSM).

32.1. Executing FSM_DETECT pass (finding FSMs in design).

32.2. Executing FSM_EXTRACT pass (extracting FSM from design).

32.3. Executing FSM_OPT pass (simple optimizations of FSMs).

32.4. Executing OPT_CLEAN pass (remove unused cells and wires).
Finding unused cells or wires in module \crossbar_mac..

32.5. Executing FSM_OPT pass (simple optimizations of FSMs).

32.6. Executing FSM_RECODE pass (re-assigning FSM state encoding).

32.7. Executing FSM_INFO pass (dumping all available information on FSM cells).

32.8. Executing FSM_MAP pass (mapping FSMs to basic logic).

33. Executing OPT_EXPR pass (perform const folding).
Optimizing module crossbar_mac.

34. Executing OPT_MERGE pass (detect identical cells).
Finding identical cells in module `\crossbar_mac'.
Removed a total of 0 cells.

35. Executing OPT_MUXTREE pass (detect dead branches in mux trees).
Running muxtree optimizer on module \crossbar_mac..
  Creating internal representation of mux trees.
  No muxes found in this module.
Removed 0 multiplexer ports.

36. Executing OPT_REDUCE pass (consolidate $*mux and $reduce_* inputs).
  Optimizing cells in module \crossbar_mac.
Performed a total of 0 changes.

37. Executing OPT_MERGE pass (detect identical cells).
Finding identical cells in module `\crossbar_mac'.
Removed a total of 0 cells.

38. Executing OPT_DFF pass (perform DFF optimizations).

39. Executing OPT_CLEAN pass (remove unused cells and wires).
Finding unused cells or wires in module \crossbar_mac..

40. Executing OPT_EXPR pass (perform const folding).
Optimizing module crossbar_mac.

41. Executing WREDUCE pass (reducing word size of cells).

42. Executing PEEPOPT pass (run peephole optimizers).

43. Executing OPT_CLEAN pass (remove unused cells and wires).
Finding unused cells or wires in module \crossbar_mac..

44. Executing ALUMACC pass (create $alu and $macc cells).
Extracting $alu and $macc cells in module crossbar_mac:
  creating $macc model for $add$/mnt/c/Users/Default.DESKTOP-A45I1O9/akularanjith-akularanjith--ECE510-2026-SPRING/codefest/cf07/hdl/synth_top.sv:16$4 ($add).
  creating $macc model for $add$/mnt/c/Users/Default.DESKTOP-A45I1O9/akularanjith-akularanjith--ECE510-2026-SPRING/codefest/cf07/hdl/synth_top.sv:16$6 ($add).
  creating $macc model for $add$/mnt/c/Users/Default.DESKTOP-A45I1O9/akularanjith-akularanjith--ECE510-2026-SPRING/codefest/cf07/hdl/synth_top.sv:16$8 ($add).
  creating $macc model for $add$/mnt/c/Users/Default.DESKTOP-A45I1O9/akularanjith-akularanjith--ECE510-2026-SPRING/codefest/cf07/hdl/synth_top.sv:17$11 ($add).
  creating $macc model for $add$/mnt/c/Users/Default.DESKTOP-A45I1O9/akularanjith-akularanjith--ECE510-2026-SPRING/codefest/cf07/hdl/synth_top.sv:17$13 ($add).
  creating $macc model for $add$/mnt/c/Users/Default.DESKTOP-A45I1O9/akularanjith-akularanjith--ECE510-2026-SPRING/codefest/cf07/hdl/synth_top.sv:17$15 ($add).
  creating $macc model for $add$/mnt/c/Users/Default.DESKTOP-A45I1O9/akularanjith-akularanjith--ECE510-2026-SPRING/codefest/cf07/hdl/synth_top.sv:18$18 ($add).
  creating $macc model for $add$/mnt/c/Users/Default.DESKTOP-A45I1O9/akularanjith-akularanjith--ECE510-2026-SPRING/codefest/cf07/hdl/synth_top.sv:18$20 ($add).
  creating $macc model for $add$/mnt/c/Users/Default.DESKTOP-A45I1O9/akularanjith-akularanjith--ECE510-2026-SPRING/codefest/cf07/hdl/synth_top.sv:18$22 ($add).
  creating $macc model for $add$/mnt/c/Users/Default.DESKTOP-A45I1O9/akularanjith-akularanjith--ECE510-2026-SPRING/codefest/cf07/hdl/synth_top.sv:19$25 ($add).
  creating $macc model for $add$/mnt/c/Users/Default.DESKTOP-A45I1O9/akularanjith-akularanjith--ECE510-2026-SPRING/codefest/cf07/hdl/synth_top.sv:19$27 ($add).
  creating $macc model for $add$/mnt/c/Users/Default.DESKTOP-A45I1O9/akularanjith-akularanjith--ECE510-2026-SPRING/codefest/cf07/hdl/synth_top.sv:19$29 ($add).
  creating $macc model for $mul$/mnt/c/Users/Default.DESKTOP-A45I1O9/akularanjith-akularanjith--ECE510-2026-SPRING/codefest/cf07/hdl/synth_top.sv:16$2 ($mul).
  creating $macc model for $mul$/mnt/c/Users/Default.DESKTOP-A45I1O9/akularanjith-akularanjith--ECE510-2026-SPRING/codefest/cf07/hdl/synth_top.sv:16$3 ($mul).
  creating $macc model for $mul$/mnt/c/Users/Default.DESKTOP-A45I1O9/akularanjith-akularanjith--ECE510-2026-SPRING/codefest/cf07/hdl/synth_top.sv:16$5 ($mul).
  creating $macc model for $mul$/mnt/c/Users/Default.DESKTOP-A45I1O9/akularanjith-akularanjith--ECE510-2026-SPRING/codefest/cf07/hdl/synth_top.sv:16$7 ($mul).
  creating $macc model for $mul$/mnt/c/Users/Default.DESKTOP-A45I1O9/akularanjith-akularanjith--ECE510-2026-SPRING/codefest/cf07/hdl/synth_top.sv:17$10 ($mul).
  creating $macc model for $mul$/mnt/c/Users/Default.DESKTOP-A45I1O9/akularanjith-akularanjith--ECE510-2026-SPRING/codefest/cf07/hdl/synth_top.sv:17$12 ($mul).
  creating $macc model for $mul$/mnt/c/Users/Default.DESKTOP-A45I1O9/akularanjith-akularanjith--ECE510-2026-SPRING/codefest/cf07/hdl/synth_top.sv:17$14 ($mul).
  creating $macc model for $mul$/mnt/c/Users/Default.DESKTOP-A45I1O9/akularanjith-akularanjith--ECE510-2026-SPRING/codefest/cf07/hdl/synth_top.sv:17$9 ($mul).
  creating $macc model for $mul$/mnt/c/Users/Default.DESKTOP-A45I1O9/akularanjith-akularanjith--ECE510-2026-SPRING/codefest/cf07/hdl/synth_top.sv:18$16 ($mul).
  creating $macc model for $mul$/mnt/c/Users/Default.DESKTOP-A45I1O9/akularanjith-akularanjith--ECE510-2026-SPRING/codefest/cf07/hdl/synth_top.sv:18$17 ($mul).
  creating $macc model for $mul$/mnt/c/Users/Default.DESKTOP-A45I1O9/akularanjith-akularanjith--ECE510-2026-SPRING/codefest/cf07/hdl/synth_top.sv:18$19 ($mul).
  creating $macc model for $mul$/mnt/c/Users/Default.DESKTOP-A45I1O9/akularanjith-akularanjith--ECE510-2026-SPRING/codefest/cf07/hdl/synth_top.sv:18$21 ($mul).
  creating $macc model for $mul$/mnt/c/Users/Default.DESKTOP-A45I1O9/akularanjith-akularanjith--ECE510-2026-SPRING/codefest/cf07/hdl/synth_top.sv:19$23 ($mul).
  creating $macc model for $mul$/mnt/c/Users/Default.DESKTOP-A45I1O9/akularanjith-akularanjith--ECE510-2026-SPRING/codefest/cf07/hdl/synth_top.sv:19$24 ($mul).
  creating $macc model for $mul$/mnt/c/Users/Default.DESKTOP-A45I1O9/akularanjith-akularanjith--ECE510-2026-SPRING/codefest/cf07/hdl/synth_top.sv:19$26 ($mul).
  creating $macc model for $mul$/mnt/c/Users/Default.DESKTOP-A45I1O9/akularanjith-akularanjith--ECE510-2026-SPRING/codefest/cf07/hdl/synth_top.sv:19$28 ($mul).
  merging $macc model for $add$/mnt/c/Users/Default.DESKTOP-A45I1O9/akularanjith-akularanjith--ECE510-2026-SPRING/codefest/cf07/hdl/synth_top.sv:19$27 into $add$/mnt/c/Users/Default.DESKTOP-A45I1O9/akularanjith-akularanjith--ECE510-2026-SPRING/codefest/cf07/hdl/synth_top.sv:19$29.
  merging $macc model for $add$/mnt/c/Users/Default.DESKTOP-A45I1O9/akularanjith-akularanjith--ECE510-2026-SPRING/codefest/cf07/hdl/synth_top.sv:19$25 into $add$/mnt/c/Users/Default.DESKTOP-A45I1O9/akularanjith-akularanjith--ECE510-2026-SPRING/codefest/cf07/hdl/synth_top.sv:19$29.
  merging $macc model for $mul$/mnt/c/Users/Default.DESKTOP-A45I1O9/akularanjith-akularanjith--ECE510-2026-SPRING/codefest/cf07/hdl/synth_top.sv:19$23 into $add$/mnt/c/Users/Default.DESKTOP-A45I1O9/akularanjith-akularanjith--ECE510-2026-SPRING/codefest/cf07/hdl/synth_top.sv:19$29.
  merging $macc model for $mul$/mnt/c/Users/Default.DESKTOP-A45I1O9/akularanjith-akularanjith--ECE510-2026-SPRING/codefest/cf07/hdl/synth_top.sv:19$28 into $add$/mnt/c/Users/Default.DESKTOP-A45I1O9/akularanjith-akularanjith--ECE510-2026-SPRING/codefest/cf07/hdl/synth_top.sv:19$29.
  merging $macc model for $mul$/mnt/c/Users/Default.DESKTOP-A45I1O9/akularanjith-akularanjith--ECE510-2026-SPRING/codefest/cf07/hdl/synth_top.sv:19$26 into $add$/mnt/c/Users/Default.DESKTOP-A45I1O9/akularanjith-akularanjith--ECE510-2026-SPRING/codefest/cf07/hdl/synth_top.sv:19$29.
  merging $macc model for $mul$/mnt/c/Users/Default.DESKTOP-A45I1O9/akularanjith-akularanjith--ECE510-2026-SPRING/codefest/cf07/hdl/synth_top.sv:19$24 into $add$/mnt/c/Users/Default.DESKTOP-A45I1O9/akularanjith-akularanjith--ECE510-2026-SPRING/codefest/cf07/hdl/synth_top.sv:19$29.
  merging $macc model for $add$/mnt/c/Users/Default.DESKTOP-A45I1O9/akularanjith-akularanjith--ECE510-2026-SPRING/codefest/cf07/hdl/synth_top.sv:18$20 into $add$/mnt/c/Users/Default.DESKTOP-A45I1O9/akularanjith-akularanjith--ECE510-2026-SPRING/codefest/cf07/hdl/synth_top.sv:18$22.
  merging $macc model for $add$/mnt/c/Users/Default.DESKTOP-A45I1O9/akularanjith-akularanjith--ECE510-2026-SPRING/codefest/cf07/hdl/synth_top.sv:18$18 into $add$/mnt/c/Users/Default.DESKTOP-A45I1O9/akularanjith-akularanjith--ECE510-2026-SPRING/codefest/cf07/hdl/synth_top.sv:18$22.
  merging $macc model for $mul$/mnt/c/Users/Default.DESKTOP-A45I1O9/akularanjith-akularanjith--ECE510-2026-SPRING/codefest/cf07/hdl/synth_top.sv:18$16 into $add$/mnt/c/Users/Default.DESKTOP-A45I1O9/akularanjith-akularanjith--ECE510-2026-SPRING/codefest/cf07/hdl/synth_top.sv:18$22.
  merging $macc model for $mul$/mnt/c/Users/Default.DESKTOP-A45I1O9/akularanjith-akularanjith--ECE510-2026-SPRING/codefest/cf07/hdl/synth_top.sv:18$21 into $add$/mnt/c/Users/Default.DESKTOP-A45I1O9/akularanjith-akularanjith--ECE510-2026-SPRING/codefest/cf07/hdl/synth_top.sv:18$22.
  merging $macc model for $mul$/mnt/c/Users/Default.DESKTOP-A45I1O9/akularanjith-akularanjith--ECE510-2026-SPRING/codefest/cf07/hdl/synth_top.sv:18$19 into $add$/mnt/c/Users/Default.DESKTOP-A45I1O9/akularanjith-akularanjith--ECE510-2026-SPRING/codefest/cf07/hdl/synth_top.sv:18$22.
  merging $macc model for $mul$/mnt/c/Users/Default.DESKTOP-A45I1O9/akularanjith-akularanjith--ECE510-2026-SPRING/codefest/cf07/hdl/synth_top.sv:18$17 into $add$/mnt/c/Users/Default.DESKTOP-A45I1O9/akularanjith-akularanjith--ECE510-2026-SPRING/codefest/cf07/hdl/synth_top.sv:18$22.
  merging $macc model for $add$/mnt/c/Users/Default.DESKTOP-A45I1O9/akularanjith-akularanjith--ECE510-2026-SPRING/codefest/cf07/hdl/synth_top.sv:17$13 into $add$/mnt/c/Users/Default.DESKTOP-A45I1O9/akularanjith-akularanjith--ECE510-2026-SPRING/codefest/cf07/hdl/synth_top.sv:17$15.
  merging $macc model for $add$/mnt/c/Users/Default.DESKTOP-A45I1O9/akularanjith-akularanjith--ECE510-2026-SPRING/codefest/cf07/hdl/synth_top.sv:17$11 into $add$/mnt/c/Users/Default.DESKTOP-A45I1O9/akularanjith-akularanjith--ECE510-2026-SPRING/codefest/cf07/hdl/synth_top.sv:17$15.
  merging $macc model for $mul$/mnt/c/Users/Default.DESKTOP-A45I1O9/akularanjith-akularanjith--ECE510-2026-SPRING/codefest/cf07/hdl/synth_top.sv:17$9 into $add$/mnt/c/Users/Default.DESKTOP-A45I1O9/akularanjith-akularanjith--ECE510-2026-SPRING/codefest/cf07/hdl/synth_top.sv:17$15.
  merging $macc model for $mul$/mnt/c/Users/Default.DESKTOP-A45I1O9/akularanjith-akularanjith--ECE510-2026-SPRING/codefest/cf07/hdl/synth_top.sv:17$14 into $add$/mnt/c/Users/Default.DESKTOP-A45I1O9/akularanjith-akularanjith--ECE510-2026-SPRING/codefest/cf07/hdl/synth_top.sv:17$15.
  merging $macc model for $mul$/mnt/c/Users/Default.DESKTOP-A45I1O9/akularanjith-akularanjith--ECE510-2026-SPRING/codefest/cf07/hdl/synth_top.sv:17$12 into $add$/mnt/c/Users/Default.DESKTOP-A45I1O9/akularanjith-akularanjith--ECE510-2026-SPRING/codefest/cf07/hdl/synth_top.sv:17$15.
  merging $macc model for $mul$/mnt/c/Users/Default.DESKTOP-A45I1O9/akularanjith-akularanjith--ECE510-2026-SPRING/codefest/cf07/hdl/synth_top.sv:17$10 into $add$/mnt/c/Users/Default.DESKTOP-A45I1O9/akularanjith-akularanjith--ECE510-2026-SPRING/codefest/cf07/hdl/synth_top.sv:17$15.
  merging $macc model for $add$/mnt/c/Users/Default.DESKTOP-A45I1O9/akularanjith-akularanjith--ECE510-2026-SPRING/codefest/cf07/hdl/synth_top.sv:16$6 into $add$/mnt/c/Users/Default.DESKTOP-A45I1O9/akularanjith-akularanjith--ECE510-2026-SPRING/codefest/cf07/hdl/synth_top.sv:16$8.
  merging $macc model for $add$/mnt/c/Users/Default.DESKTOP-A45I1O9/akularanjith-akularanjith--ECE510-2026-SPRING/codefest/cf07/hdl/synth_top.sv:16$4 into $add$/mnt/c/Users/Default.DESKTOP-A45I1O9/akularanjith-akularanjith--ECE510-2026-SPRING/codefest/cf07/hdl/synth_top.sv:16$8.
  merging $macc model for $mul$/mnt/c/Users/Default.DESKTOP-A45I1O9/akularanjith-akularanjith--ECE510-2026-SPRING/codefest/cf07/hdl/synth_top.sv:16$2 into $add$/mnt/c/Users/Default.DESKTOP-A45I1O9/akularanjith-akularanjith--ECE510-2026-SPRING/codefest/cf07/hdl/synth_top.sv:16$8.
  merging $macc model for $mul$/mnt/c/Users/Default.DESKTOP-A45I1O9/akularanjith-akularanjith--ECE510-2026-SPRING/codefest/cf07/hdl/synth_top.sv:16$7 into $add$/mnt/c/Users/Default.DESKTOP-A45I1O9/akularanjith-akularanjith--ECE510-2026-SPRING/codefest/cf07/hdl/synth_top.sv:16$8.
  merging $macc model for $mul$/mnt/c/Users/Default.DESKTOP-A45I1O9/akularanjith-akularanjith--ECE510-2026-SPRING/codefest/cf07/hdl/synth_top.sv:16$5 into $add$/mnt/c/Users/Default.DESKTOP-A45I1O9/akularanjith-akularanjith--ECE510-2026-SPRING/codefest/cf07/hdl/synth_top.sv:16$8.
  merging $macc model for $mul$/mnt/c/Users/Default.DESKTOP-A45I1O9/akularanjith-akularanjith--ECE510-2026-SPRING/codefest/cf07/hdl/synth_top.sv:16$3 into $add$/mnt/c/Users/Default.DESKTOP-A45I1O9/akularanjith-akularanjith--ECE510-2026-SPRING/codefest/cf07/hdl/synth_top.sv:16$8.
  creating $macc cell for $add$/mnt/c/Users/Default.DESKTOP-A45I1O9/akularanjith-akularanjith--ECE510-2026-SPRING/codefest/cf07/hdl/synth_top.sv:19$29: $auto$alumacc.cc:365:replace_macc$42
  creating $macc cell for $add$/mnt/c/Users/Default.DESKTOP-A45I1O9/akularanjith-akularanjith--ECE510-2026-SPRING/codefest/cf07/hdl/synth_top.sv:16$8: $auto$alumacc.cc:365:replace_macc$43
  creating $macc cell for $add$/mnt/c/Users/Default.DESKTOP-A45I1O9/akularanjith-akularanjith--ECE510-2026-SPRING/codefest/cf07/hdl/synth_top.sv:18$22: $auto$alumacc.cc:365:replace_macc$44
  creating $macc cell for $add$/mnt/c/Users/Default.DESKTOP-A45I1O9/akularanjith-akularanjith--ECE510-2026-SPRING/codefest/cf07/hdl/synth_top.sv:17$15: $auto$alumacc.cc:365:replace_macc$45
  created 0 $alu and 4 $macc cells.

45. Executing SHARE pass (SAT-based resource sharing).
Found 16 cells in module crossbar_mac that may be considered for resource sharing.
  Analyzing resource sharing options for $mul$/mnt/c/Users/Default.DESKTOP-A45I1O9/akularanjith-akularanjith--ECE510-2026-SPRING/codefest/cf07/hdl/synth_top.sv:19$28 ($mul):
    Found cell that is never activated: $mul$/mnt/c/Users/Default.DESKTOP-A45I1O9/akularanjith-akularanjith--ECE510-2026-SPRING/codefest/cf07/hdl/synth_top.sv:19$28
    Cell is never active. Sharing is pointless, we simply remove it.
  Analyzing resource sharing options for $mul$/mnt/c/Users/Default.DESKTOP-A45I1O9/akularanjith-akularanjith--ECE510-2026-SPRING/codefest/cf07/hdl/synth_top.sv:19$26 ($mul):
    Found cell that is never activated: $add$/mnt/c/Users/Default.DESKTOP-A45I1O9/akularanjith-akularanjith--ECE510-2026-SPRING/codefest/cf07/hdl/synth_top.sv:19$27
    Found cell that is never activated: $mul$/mnt/c/Users/Default.DESKTOP-A45I1O9/akularanjith-akularanjith--ECE510-2026-SPRING/codefest/cf07/hdl/synth_top.sv:19$26
    Cell is never active. Sharing is pointless, we simply remove it.
  Analyzing resource sharing options for $mul$/mnt/c/Users/Default.DESKTOP-A45I1O9/akularanjith-akularanjith--ECE510-2026-SPRING/codefest/cf07/hdl/synth_top.sv:19$24 ($mul):
    Found cell that is never activated: $add$/mnt/c/Users/Default.DESKTOP-A45I1O9/akularanjith-akularanjith--ECE510-2026-SPRING/codefest/cf07/hdl/synth_top.sv:19$25
    Found cell that is never activated: $mul$/mnt/c/Users/Default.DESKTOP-A45I1O9/akularanjith-akularanjith--ECE510-2026-SPRING/codefest/cf07/hdl/synth_top.sv:19$24
    Cell is never active. Sharing is pointless, we simply remove it.
  Analyzing resource sharing options for $mul$/mnt/c/Users/Default.DESKTOP-A45I1O9/akularanjith-akularanjith--ECE510-2026-SPRING/codefest/cf07/hdl/synth_top.sv:19$23 ($mul):
    Found cell that is never activated: $mul$/mnt/c/Users/Default.DESKTOP-A45I1O9/akularanjith-akularanjith--ECE510-2026-SPRING/codefest/cf07/hdl/synth_top.sv:19$23
    Cell is never active. Sharing is pointless, we simply remove it.
  Analyzing resource sharing options for $mul$/mnt/c/Users/Default.DESKTOP-A45I1O9/akularanjith-akularanjith--ECE510-2026-SPRING/codefest/cf07/hdl/synth_top.sv:18$21 ($mul):
    Found cell that is never activated: $mul$/mnt/c/Users/Default.DESKTOP-A45I1O9/akularanjith-akularanjith--ECE510-2026-SPRING/codefest/cf07/hdl/synth_top.sv:18$21
    Cell is never active. Sharing is pointless, we simply remove it.
  Analyzing resource sharing options for $mul$/mnt/c/Users/Default.DESKTOP-A45I1O9/akularanjith-akularanjith--ECE510-2026-SPRING/codefest/cf07/hdl/synth_top.sv:18$19 ($mul):
    Found cell that is never activated: $add$/mnt/c/Users/Default.DESKTOP-A45I1O9/akularanjith-akularanjith--ECE510-2026-SPRING/codefest/cf07/hdl/synth_top.sv:18$20
    Found cell that is never activated: $mul$/mnt/c/Users/Default.DESKTOP-A45I1O9/akularanjith-akularanjith--ECE510-2026-SPRING/codefest/cf07/hdl/synth_top.sv:18$19
    Cell is never active. Sharing is pointless, we simply remove it.
  Analyzing resource sharing options for $mul$/mnt/c/Users/Default.DESKTOP-A45I1O9/akularanjith-akularanjith--ECE510-2026-SPRING/codefest/cf07/hdl/synth_top.sv:18$17 ($mul):
    Found cell that is never activated: $add$/mnt/c/Users/Default.DESKTOP-A45I1O9/akularanjith-akularanjith--ECE510-2026-SPRING/codefest/cf07/hdl/synth_top.sv:18$18
    Found cell that is never activated: $mul$/mnt/c/Users/Default.DESKTOP-A45I1O9/akularanjith-akularanjith--ECE510-2026-SPRING/codefest/cf07/hdl/synth_top.sv:18$17
    Cell is never active. Sharing is pointless, we simply remove it.
  Analyzing resource sharing options for $mul$/mnt/c/Users/Default.DESKTOP-A45I1O9/akularanjith-akularanjith--ECE510-2026-SPRING/codefest/cf07/hdl/synth_top.sv:18$16 ($mul):
    Found cell that is never activated: $mul$/mnt/c/Users/Default.DESKTOP-A45I1O9/akularanjith-akularanjith--ECE510-2026-SPRING/codefest/cf07/hdl/synth_top.sv:18$16
    Cell is never active. Sharing is pointless, we simply remove it.
  Analyzing resource sharing options for $mul$/mnt/c/Users/Default.DESKTOP-A45I1O9/akularanjith-akularanjith--ECE510-2026-SPRING/codefest/cf07/hdl/synth_top.sv:17$9 ($mul):
    Found cell that is never activated: $add$/mnt/c/Users/Default.DESKTOP-A45I1O9/akularanjith-akularanjith--ECE510-2026-SPRING/codefest/cf07/hdl/synth_top.sv:17$13
    Found cell that is never activated: $add$/mnt/c/Users/Default.DESKTOP-A45I1O9/akularanjith-akularanjith--ECE510-2026-SPRING/codefest/cf07/hdl/synth_top.sv:17$11
    Found cell that is never activated: $mul$/mnt/c/Users/Default.DESKTOP-A45I1O9/akularanjith-akularanjith--ECE510-2026-SPRING/codefest/cf07/hdl/synth_top.sv:17$9
    Cell is never active. Sharing is pointless, we simply remove it.
  Analyzing resource sharing options for $mul$/mnt/c/Users/Default.DESKTOP-A45I1O9/akularanjith-akularanjith--ECE510-2026-SPRING/codefest/cf07/hdl/synth_top.sv:17$14 ($mul):
    Found cell that is never activated: $mul$/mnt/c/Users/Default.DESKTOP-A45I1O9/akularanjith-akularanjith--ECE510-2026-SPRING/codefest/cf07/hdl/synth_top.sv:17$14
    Cell is never active. Sharing is pointless, we simply remove it.
  Analyzing resource sharing options for $mul$/mnt/c/Users/Default.DESKTOP-A45I1O9/akularanjith-akularanjith--ECE510-2026-SPRING/codefest/cf07/hdl/synth_top.sv:17$12 ($mul):
    Found cell that is never activated: $mul$/mnt/c/Users/Default.DESKTOP-A45I1O9/akularanjith-akularanjith--ECE510-2026-SPRING/codefest/cf07/hdl/synth_top.sv:17$12
    Cell is never active. Sharing is pointless, we simply remove it.
  Analyzing resource sharing options for $mul$/mnt/c/Users/Default.DESKTOP-A45I1O9/akularanjith-akularanjith--ECE510-2026-SPRING/codefest/cf07/hdl/synth_top.sv:17$10 ($mul):
    Found cell that is never activated: $mul$/mnt/c/Users/Default.DESKTOP-A45I1O9/akularanjith-akularanjith--ECE510-2026-SPRING/codefest/cf07/hdl/synth_top.sv:17$10
    Cell is never active. Sharing is pointless, we simply remove it.
  Analyzing resource sharing options for $mul$/mnt/c/Users/Default.DESKTOP-A45I1O9/akularanjith-akularanjith--ECE510-2026-SPRING/codefest/cf07/hdl/synth_top.sv:16$7 ($mul):
    Found cell that is never activated: $mul$/mnt/c/Users/Default.DESKTOP-A45I1O9/akularanjith-akularanjith--ECE510-2026-SPRING/codefest/cf07/hdl/synth_top.sv:16$7
    Cell is never active. Sharing is pointless, we simply remove it.
  Analyzing resource sharing options for $mul$/mnt/c/Users/Default.DESKTOP-A45I1O9/akularanjith-akularanjith--ECE510-2026-SPRING/codefest/cf07/hdl/synth_top.sv:16$5 ($mul):
    Found cell that is never activated: $add$/mnt/c/Users/Default.DESKTOP-A45I1O9/akularanjith-akularanjith--ECE510-2026-SPRING/codefest/cf07/hdl/synth_top.sv:16$6
    Found cell that is never activated: $mul$/mnt/c/Users/Default.DESKTOP-A45I1O9/akularanjith-akularanjith--ECE510-2026-SPRING/codefest/cf07/hdl/synth_top.sv:16$5
    Cell is never active. Sharing is pointless, we simply remove it.
  Analyzing resource sharing options for $mul$/mnt/c/Users/Default.DESKTOP-A45I1O9/akularanjith-akularanjith--ECE510-2026-SPRING/codefest/cf07/hdl/synth_top.sv:16$3 ($mul):
    Found cell that is never activated: $add$/mnt/c/Users/Default.DESKTOP-A45I1O9/akularanjith-akularanjith--ECE510-2026-SPRING/codefest/cf07/hdl/synth_top.sv:16$4
    Found cell that is never activated: $mul$/mnt/c/Users/Default.DESKTOP-A45I1O9/akularanjith-akularanjith--ECE510-2026-SPRING/codefest/cf07/hdl/synth_top.sv:16$3
    Cell is never active. Sharing is pointless, we simply remove it.
  Analyzing resource sharing options for $mul$/mnt/c/Users/Default.DESKTOP-A45I1O9/akularanjith-akularanjith--ECE510-2026-SPRING/codefest/cf07/hdl/synth_top.sv:16$2 ($mul):
    Found cell that is never activated: $mul$/mnt/c/Users/Default.DESKTOP-A45I1O9/akularanjith-akularanjith--ECE510-2026-SPRING/codefest/cf07/hdl/synth_top.sv:16$2
    Cell is never active. Sharing is pointless, we simply remove it.
Removing 24 cells in module crossbar_mac:
  Removing cell $mul$/mnt/c/Users/Default.DESKTOP-A45I1O9/akularanjith-akularanjith--ECE510-2026-SPRING/codefest/cf07/hdl/synth_top.sv:16$2 ($mul).
  Removing cell $mul$/mnt/c/Users/Default.DESKTOP-A45I1O9/akularanjith-akularanjith--ECE510-2026-SPRING/codefest/cf07/hdl/synth_top.sv:16$3 ($mul).
  Removing cell $add$/mnt/c/Users/Default.DESKTOP-A45I1O9/akularanjith-akularanjith--ECE510-2026-SPRING/codefest/cf07/hdl/synth_top.sv:16$4 ($add).
  Removing cell $mul$/mnt/c/Users/Default.DESKTOP-A45I1O9/akularanjith-akularanjith--ECE510-2026-SPRING/codefest/cf07/hdl/synth_top.sv:16$5 ($mul).
  Removing cell $add$/mnt/c/Users/Default.DESKTOP-A45I1O9/akularanjith-akularanjith--ECE510-2026-SPRING/codefest/cf07/hdl/synth_top.sv:16$6 ($add).
  Removing cell $mul$/mnt/c/Users/Default.DESKTOP-A45I1O9/akularanjith-akularanjith--ECE510-2026-SPRING/codefest/cf07/hdl/synth_top.sv:16$7 ($mul).
  Removing cell $mul$/mnt/c/Users/Default.DESKTOP-A45I1O9/akularanjith-akularanjith--ECE510-2026-SPRING/codefest/cf07/hdl/synth_top.sv:17$10 ($mul).
  Removing cell $mul$/mnt/c/Users/Default.DESKTOP-A45I1O9/akularanjith-akularanjith--ECE510-2026-SPRING/codefest/cf07/hdl/synth_top.sv:17$12 ($mul).
  Removing cell $mul$/mnt/c/Users/Default.DESKTOP-A45I1O9/akularanjith-akularanjith--ECE510-2026-SPRING/codefest/cf07/hdl/synth_top.sv:17$14 ($mul).
  Removing cell $mul$/mnt/c/Users/Default.DESKTOP-A45I1O9/akularanjith-akularanjith--ECE510-2026-SPRING/codefest/cf07/hdl/synth_top.sv:17$9 ($mul).
  Removing cell $add$/mnt/c/Users/Default.DESKTOP-A45I1O9/akularanjith-akularanjith--ECE510-2026-SPRING/codefest/cf07/hdl/synth_top.sv:17$11 ($add).
  Removing cell $add$/mnt/c/Users/Default.DESKTOP-A45I1O9/akularanjith-akularanjith--ECE510-2026-SPRING/codefest/cf07/hdl/synth_top.sv:17$13 ($add).
  Removing cell $mul$/mnt/c/Users/Default.DESKTOP-A45I1O9/akularanjith-akularanjith--ECE510-2026-SPRING/codefest/cf07/hdl/synth_top.sv:18$16 ($mul).
  Removing cell $mul$/mnt/c/Users/Default.DESKTOP-A45I1O9/akularanjith-akularanjith--ECE510-2026-SPRING/codefest/cf07/hdl/synth_top.sv:18$17 ($mul).
  Removing cell $add$/mnt/c/Users/Default.DESKTOP-A45I1O9/akularanjith-akularanjith--ECE510-2026-SPRING/codefest/cf07/hdl/synth_top.sv:18$18 ($add).
  Removing cell $mul$/mnt/c/Users/Default.DESKTOP-A45I1O9/akularanjith-akularanjith--ECE510-2026-SPRING/codefest/cf07/hdl/synth_top.sv:18$19 ($mul).
  Removing cell $add$/mnt/c/Users/Default.DESKTOP-A45I1O9/akularanjith-akularanjith--ECE510-2026-SPRING/codefest/cf07/hdl/synth_top.sv:18$20 ($add).
  Removing cell $mul$/mnt/c/Users/Default.DESKTOP-A45I1O9/akularanjith-akularanjith--ECE510-2026-SPRING/codefest/cf07/hdl/synth_top.sv:18$21 ($mul).
  Removing cell $mul$/mnt/c/Users/Default.DESKTOP-A45I1O9/akularanjith-akularanjith--ECE510-2026-SPRING/codefest/cf07/hdl/synth_top.sv:19$23 ($mul).
  Removing cell $mul$/mnt/c/Users/Default.DESKTOP-A45I1O9/akularanjith-akularanjith--ECE510-2026-SPRING/codefest/cf07/hdl/synth_top.sv:19$24 ($mul).
  Removing cell $add$/mnt/c/Users/Default.DESKTOP-A45I1O9/akularanjith-akularanjith--ECE510-2026-SPRING/codefest/cf07/hdl/synth_top.sv:19$25 ($add).
  Removing cell $mul$/mnt/c/Users/Default.DESKTOP-A45I1O9/akularanjith-akularanjith--ECE510-2026-SPRING/codefest/cf07/hdl/synth_top.sv:19$26 ($mul).
  Removing cell $add$/mnt/c/Users/Default.DESKTOP-A45I1O9/akularanjith-akularanjith--ECE510-2026-SPRING/codefest/cf07/hdl/synth_top.sv:19$27 ($add).
  Removing cell $mul$/mnt/c/Users/Default.DESKTOP-A45I1O9/akularanjith-akularanjith--ECE510-2026-SPRING/codefest/cf07/hdl/synth_top.sv:19$28 ($mul).

46. Executing OPT_EXPR pass (perform const folding).
Optimizing module crossbar_mac.

47. Executing OPT_MERGE pass (detect identical cells).
Finding identical cells in module `\crossbar_mac'.
Removed a total of 0 cells.

48. Executing OPT_MUXTREE pass (detect dead branches in mux trees).
Running muxtree optimizer on module \crossbar_mac..
  Creating internal representation of mux trees.
  No muxes found in this module.
Removed 0 multiplexer ports.

49. Executing OPT_REDUCE pass (consolidate $*mux and $reduce_* inputs).
  Optimizing cells in module \crossbar_mac.
Performed a total of 0 changes.

50. Executing OPT_MERGE pass (detect identical cells).
Finding identical cells in module `\crossbar_mac'.
Removed a total of 0 cells.

51. Executing OPT_DFF pass (perform DFF optimizations).

52. Executing OPT_CLEAN pass (remove unused cells and wires).
Finding unused cells or wires in module \crossbar_mac..
Removed 0 unused cells and 24 unused wires.
<suppressed ~1 debug messages>

53. Executing OPT_EXPR pass (perform const folding).
Optimizing module crossbar_mac.

54. Rerunning OPT passes. (Maybe there is more to do…)

55. Executing OPT_MUXTREE pass (detect dead branches in mux trees).
Running muxtree optimizer on module \crossbar_mac..
  Creating internal representation of mux trees.
  No muxes found in this module.
Removed 0 multiplexer ports.

56. Executing OPT_REDUCE pass (consolidate $*mux and $reduce_* inputs).
  Optimizing cells in module \crossbar_mac.
Performed a total of 0 changes.

57. Executing OPT_MERGE pass (detect identical cells).
Finding identical cells in module `\crossbar_mac'.
Removed a total of 0 cells.

58. Executing OPT_DFF pass (perform DFF optimizations).

59. Executing OPT_CLEAN pass (remove unused cells and wires).
Finding unused cells or wires in module \crossbar_mac..

60. Executing OPT_EXPR pass (perform const folding).
Optimizing module crossbar_mac.

61. Executing MEMORY pass.

61.1. Executing OPT_MEM pass (optimize memories).
Performed a total of 0 transformations.

61.2. Executing OPT_MEM_PRIORITY pass (removing unnecessary memory write priority relations).
Performed a total of 0 transformations.

61.3. Executing OPT_MEM_FEEDBACK pass (finding memory read-to-write feedback paths).

61.4. Executing MEMORY_BMUX2ROM pass (converting muxes to ROMs).

61.5. Executing MEMORY_DFF pass (merging $dff cells to $memrd).

61.6. Executing OPT_CLEAN pass (remove unused cells and wires).
Finding unused cells or wires in module \crossbar_mac..

61.7. Executing MEMORY_SHARE pass (consolidating $memrd/$memwr cells).

61.8. Executing OPT_MEM_WIDEN pass (optimize memories where all ports are wide).
Performed a total of 0 transformations.

61.9. Executing OPT_CLEAN pass (remove unused cells and wires).
Finding unused cells or wires in module \crossbar_mac..

61.10. Executing MEMORY_COLLECT pass (generating $mem cells).

62. Executing OPT_CLEAN pass (remove unused cells and wires).
Finding unused cells or wires in module \crossbar_mac..

63. Executing OPT_EXPR pass (perform const folding).
Optimizing module crossbar_mac.

64. Executing OPT_MERGE pass (detect identical cells).
Finding identical cells in module `\crossbar_mac'.
Removed a total of 0 cells.

65. Executing OPT_DFF pass (perform DFF optimizations).

66. Executing OPT_CLEAN pass (remove unused cells and wires).
Finding unused cells or wires in module \crossbar_mac..

67. Executing MEMORY_MAP pass (converting memories to logic and flip-flops).

68. Executing OPT_EXPR pass (perform const folding).
Optimizing module crossbar_mac.

69. Executing OPT_MERGE pass (detect identical cells).
Finding identical cells in module `\crossbar_mac'.
Removed a total of 0 cells.

70. Executing OPT_MUXTREE pass (detect dead branches in mux trees).
Running muxtree optimizer on module \crossbar_mac..
  Creating internal representation of mux trees.
  No muxes found in this module.
Removed 0 multiplexer ports.

71. Executing OPT_REDUCE pass (consolidate $*mux and $reduce_* inputs).
  Optimizing cells in module \crossbar_mac.
Performed a total of 0 changes.

72. Executing OPT_MERGE pass (detect identical cells).
Finding identical cells in module `\crossbar_mac'.
Removed a total of 0 cells.

73. Executing OPT_SHARE pass.

74. Executing OPT_DFF pass (perform DFF optimizations).

75. Executing OPT_CLEAN pass (remove unused cells and wires).
Finding unused cells or wires in module \crossbar_mac..

76. Executing OPT_EXPR pass (perform const folding).
Optimizing module crossbar_mac.

77. Executing TECHMAP pass (map to technology primitives).

77.1. Executing Verilog-2005 frontend: /nix/store/9r0bh7sp051dpm8km8bqlb028anpd3v3-yosys/bin/../share/yosys/techmap.v
Parsing Verilog input from `/nix/store/9r0bh7sp051dpm8km8bqlb028anpd3v3-yosys/bin/../share/yosys/techmap.v' to AST representation.
Generating RTLIL representation for module `\_90_simplemap_bool_ops'.
Generating RTLIL representation for module `\_90_simplemap_reduce_ops'.
Generating RTLIL representation for module `\_90_simplemap_logic_ops'.
Generating RTLIL representation for module `\_90_simplemap_compare_ops'.
Generating RTLIL representation for module `\_90_simplemap_various'.
Generating RTLIL representation for module `\_90_simplemap_registers'.
Generating RTLIL representation for module `\_90_shift_ops_shr_shl_sshl_sshr'.
Generating RTLIL representation for module `\_90_shift_shiftx'.
Generating RTLIL representation for module `\_90_fa'.
Generating RTLIL representation for module `\_90_lcu_brent_kung'.
Generating RTLIL representation for module `\_90_alu'.
Generating RTLIL representation for module `\_90_macc'.
Generating RTLIL representation for module `\_90_alumacc'.
Generating RTLIL representation for module `\$__div_mod_u'.
Generating RTLIL representation for module `\$__div_mod_trunc'.
Generating RTLIL representation for module `\_90_div'.
Generating RTLIL representation for module `\_90_mod'.
Generating RTLIL representation for module `\$__div_mod_floor'.
Generating RTLIL representation for module `\_90_divfloor'.
Generating RTLIL representation for module `\_90_modfloor'.
Generating RTLIL representation for module `\_90_pow'.
Generating RTLIL representation for module `\_90_pmux'.
Generating RTLIL representation for module `\_90_demux'.
Generating RTLIL representation for module `\_90_lut'.
Successfully finished Verilog frontend.

77.2. Continuing TECHMAP pass.
Using extmapper maccmap for cells of type $macc.
  add \in0 * \w02 (8x8 bits, signed)
  add \in3 * \w32 (8x8 bits, signed)
  add \in2 * \w22 (8x8 bits, signed)
  add \in1 * \w12 (8x8 bits, signed)
  add \in0 * \w01 (8x8 bits, signed)
  add \in3 * \w31 (8x8 bits, signed)
  add \in2 * \w21 (8x8 bits, signed)
  add \in1 * \w11 (8x8 bits, signed)
  add \in0 * \w00 (8x8 bits, signed)
  add \in3 * \w30 (8x8 bits, signed)
  add \in2 * \w20 (8x8 bits, signed)
  add \in1 * \w10 (8x8 bits, signed)
Using extmapper simplemap for cells of type $adff.
  add \in0 * \w03 (8x8 bits, signed)
  add \in3 * \w33 (8x8 bits, signed)
  add \in2 * \w23 (8x8 bits, signed)
  add \in1 * \w13 (8x8 bits, signed)
Using extmapper simplemap for cells of type $and.
Using extmapper simplemap for cells of type $not.
Using template $paramod\_90_fa\WIDTH=32'00000000000000000000000000010000 for cells of type $fa.
Using template $paramod\_90_fa\WIDTH=32'00000000000000000000000000000001 for cells of type $fa.
Using template $paramod\_90_fa\WIDTH=32'00000000000000000000000000001111 for cells of type $fa.
Using template $paramod$6df0329addda9228fcc2546de2aaf14ad26c98e1\_90_alu for cells of type $alu.
Using extmapper simplemap for cells of type $or.
Using extmapper simplemap for cells of type $xor.
Using template $paramod\_90_lcu_brent_kung\WIDTH=32'00000000000000000000000000010000 for cells of type $lcu.
Using extmapper simplemap for cells of type $pos.
Using extmapper simplemap for cells of type $mux.
No more expansions possible.
<suppressed ~1510 debug messages>

78. Executing OPT_EXPR pass (perform const folding).
Optimizing module crossbar_mac.
<suppressed ~3712 debug messages>

79. Executing OPT_MERGE pass (detect identical cells).
Finding identical cells in module `\crossbar_mac'.
<suppressed ~4884 debug messages>
Removed a total of 1628 cells.

80. Executing OPT_DFF pass (perform DFF optimizations).

81. Executing OPT_CLEAN pass (remove unused cells and wires).
Finding unused cells or wires in module \crossbar_mac..
Removed 288 unused cells and 1536 unused wires.
<suppressed ~289 debug messages>

82. Executing OPT_EXPR pass (perform const folding).
Optimizing module crossbar_mac.

83. Executing OPT_MERGE pass (detect identical cells).
Finding identical cells in module `\crossbar_mac'.
Removed a total of 0 cells.

84. Executing OPT_DFF pass (perform DFF optimizations).

85. Executing OPT_CLEAN pass (remove unused cells and wires).
Finding unused cells or wires in module \crossbar_mac..

86. Executing ABC pass (technology mapping using ABC).

86.1. Extracting gate netlist of module `\crossbar_mac' to `<abc-temp-dir>/input.blif'..
Extracted 7688 gates and 7848 wires to a netlist network with 160 inputs and 64 outputs.

86.1.1. Executing ABC.
Running ABC command: "/nix/store/6l3aj1gi4lja8z5s4lan2k2cfz9mqkrz-yosys-abc/bin/abc" -s -f <abc-temp-dir>/abc.script 2>&1
ABC: ABC command line: "source <abc-temp-dir>/abc.script".
ABC: 
ABC: + read_blif <abc-temp-dir>/input.blif 
ABC: + read_library <abc-temp-dir>/stdcells.genlib 
ABC: Entered genlib library with 13 gates from file "<abc-temp-dir>/stdcells.genlib".
ABC: + strash 
ABC: + dretime 
ABC: + map 
ABC: + write_blif <abc-temp-dir>/output.blif 

86.1.2. Re-integrating ABC results.
ABC RESULTS:               MUX cells:        4
ABC RESULTS:               NOT cells:      140
ABC RESULTS:             ORNOT cells:      144
ABC RESULTS:               AND cells:      840
ABC RESULTS:              NAND cells:      356
ABC RESULTS:                OR cells:      864
ABC RESULTS:               NOR cells:      288
ABC RESULTS:            ANDNOT cells:     2424
ABC RESULTS:               XOR cells:     2036
ABC RESULTS:              XNOR cells:      700
ABC RESULTS:        internal signals:     7624
ABC RESULTS:           input signals:      160
ABC RESULTS:          output signals:       64
Removing temp directory.

87. Executing OPT pass (performing simple optimizations).

87.1. Executing OPT_EXPR pass (perform const folding).
Optimizing module crossbar_mac.

87.2. Executing OPT_MERGE pass (detect identical cells).
Finding identical cells in module `\crossbar_mac'.
Removed a total of 0 cells.

87.3. Executing OPT_DFF pass (perform DFF optimizations).

87.4. Executing OPT_CLEAN pass (remove unused cells and wires).
Finding unused cells or wires in module \crossbar_mac..
Removed 0 unused cells and 1164 unused wires.
<suppressed ~1 debug messages>

87.5. Finished fast OPT passes.

88. Executing HIERARCHY pass (managing design hierarchy).

88.1. Analyzing design hierarchy..
Top module:  \crossbar_mac

88.2. Analyzing design hierarchy..
Top module:  \crossbar_mac
Removed 0 unused modules.

89. Executing CHECK pass (checking for obvious problems).
Checking module crossbar_mac...
Found and reported 0 problems.

90. Printing statistics.

=== crossbar_mac ===

   Number of wires:               7778
   Number of wire bits:           8278
   Number of public wires:          26
   Number of public wire bits:     226
   Number of ports:                 26
   Number of port bits:            226
   Number of memories:               0
   Number of memory bits:            0
   Number of processes:              0
   Number of cells:               7860
     $_ANDNOT_                    2424
     $_AND_                        840
     $_DFF_PP0_                     64
     $_MUX_                          4
     $_NAND_                       356
     $_NOR_                        288
     $_NOT_                        140
     $_ORNOT_                      144
     $_OR_                         864
     $_XNOR_                       700
     $_XOR_                       2036

91. Generating Graphviz representation of design.
Writing dot description to `/mnt/c/Users/Default.DESKTOP-A45I1O9/akularanjith-akularanjith--ECE510-2026-SPRING/codefest/cf07/runs/RUN_2026-05-13_16-13-14/06-yosys-synthesis/primitive_techmap.dot'.
Dumping module crossbar_mac to page 1.

92. Executing OPT pass (performing simple optimizations).

92.1. Executing OPT_EXPR pass (perform const folding).
Optimizing module crossbar_mac.

92.2. Executing OPT_MERGE pass (detect identical cells).
Finding identical cells in module `\crossbar_mac'.
Removed a total of 0 cells.

92.3. Executing OPT_MUXTREE pass (detect dead branches in mux trees).
Running muxtree optimizer on module \crossbar_mac..
  Creating internal representation of mux trees.
  No muxes found in this module.
Removed 0 multiplexer ports.

92.4. Executing OPT_REDUCE pass (consolidate $*mux and $reduce_* inputs).
  Optimizing cells in module \crossbar_mac.
Performed a total of 0 changes.

92.5. Executing OPT_MERGE pass (detect identical cells).
Finding identical cells in module `\crossbar_mac'.
Removed a total of 0 cells.

92.6. Executing OPT_DFF pass (perform DFF optimizations).

92.7. Executing OPT_CLEAN pass (remove unused cells and wires).
Finding unused cells or wires in module \crossbar_mac..

92.8. Executing OPT_EXPR pass (perform const folding).
Optimizing module crossbar_mac.

92.9. Finished OPT passes. (There is nothing left to do.)

93. Executing OPT_CLEAN pass (remove unused cells and wires).
Finding unused cells or wires in module \crossbar_mac..
{
   "creator": "Yosys 0.46 (git sha1 e97731b9dda91fa5fa53ed87df7c34163ba59a41, clang++ 17.0.6 -fPIC -O3)",
   "invocation": "stat -json -liberty /mnt/c/Users/Default.DESKTOP-A45I1O9/akularanjith-akularanjith--ECE510-2026-SPRING/codefest/cf07/runs/RUN_2026-05-13_16-13-14/tmp/6dc5a306fdfe4f1688f57cbfc6d7364a.lib ",
   "modules": {
      "\\crossbar_mac": {
         "num_wires":         7778,
         "num_wire_bits":     8278,
         "num_pub_wires":     26,
         "num_pub_wire_bits": 226,
         "num_ports":         26,
         "num_port_bits":     226,
         "num_memories":      0,
         "num_memory_bits":   0,
         "num_processes":     0,
         "num_cells":         7860,
         "num_cells_by_type": {
            "$_ANDNOT_": 2424,
            "$_AND_": 840,
            "$_DFF_PP0_": 64,
            "$_MUX_": 4,
            "$_NAND_": 356,
            "$_NOR_": 288,
            "$_NOT_": 140,
            "$_ORNOT_": 144,
            "$_OR_": 864,
            "$_XNOR_": 700,
            "$_XOR_": 2036
         }
      }
   },
      "design": {
         "num_wires":         7778,
         "num_wire_bits":     8278,
         "num_pub_wires":     26,
         "num_pub_wire_bits": 226,
         "num_ports":         26,
         "num_port_bits":     226,
         "num_memories":      0,
         "num_memory_bits":   0,
         "num_processes":     0,
         "num_cells":         7860,
         "num_cells_by_type": {
            "$_ANDNOT_": 2424,
            "$_AND_": 840,
            "$_DFF_PP0_": 64,
            "$_MUX_": 4,
            "$_NAND_": 356,
            "$_NOR_": 288,
            "$_NOT_": 140,
            "$_ORNOT_": 144,
            "$_OR_": 864,
            "$_XNOR_": 700,
            "$_XOR_": 2036
         }
      }
}

94. Printing statistics.

=== crossbar_mac ===

   Number of wires:               7778
   Number of wire bits:           8278
   Number of public wires:          26
   Number of public wire bits:     226
   Number of ports:                 26
   Number of port bits:            226
   Number of memories:               0
   Number of memory bits:            0
   Number of processes:              0
   Number of cells:               7860
     $_ANDNOT_                    2424
     $_AND_                        840
     $_DFF_PP0_                     64
     $_MUX_                          4
     $_NAND_                       356
     $_NOR_                        288
     $_NOT_                        140
     $_ORNOT_                      144
     $_OR_                         864
     $_XNOR_                       700
     $_XOR_                       2036

   Area for cell type $_NOT_ is unknown!
   Area for cell type $_AND_ is unknown!
   Area for cell type $_NAND_ is unknown!
   Area for cell type $_OR_ is unknown!
   Area for cell type $_NOR_ is unknown!
   Area for cell type $_XOR_ is unknown!
   Area for cell type $_XNOR_ is unknown!
   Area for cell type $_ANDNOT_ is unknown!
   Area for cell type $_ORNOT_ is unknown!
   Area for cell type $_MUX_ is unknown!
   Area for cell type $_DFF_PP0_ is unknown!

[INFO] Applying tri-state buffer mapping from '/home/default/.volare/volare/sky130/versions/0fe599b2afb6708d281543108caf8310912f54af/sky130A/libs.tech/openlane/sky130_fd_sc_hd/tribuff_map.v'…

95. Executing TECHMAP pass (map to technology primitives).

95.1. Executing Verilog-2005 frontend: /home/default/.volare/volare/sky130/versions/0fe599b2afb6708d281543108caf8310912f54af/sky130A/libs.tech/openlane/sky130_fd_sc_hd/tribuff_map.v
Parsing Verilog input from `/home/default/.volare/volare/sky130/versions/0fe599b2afb6708d281543108caf8310912f54af/sky130A/libs.tech/openlane/sky130_fd_sc_hd/tribuff_map.v' to AST representation.
Generating RTLIL representation for module `\$_TBUF_'.
Successfully finished Verilog frontend.

95.2. Continuing TECHMAP pass.
No more expansions possible.
<suppressed ~3 debug messages>

96. Executing SIMPLEMAP pass (map simple cells to gate primitives).
[INFO] Applying latch mapping from '/home/default/.volare/volare/sky130/versions/0fe599b2afb6708d281543108caf8310912f54af/sky130A/libs.tech/openlane/sky130_fd_sc_hd/latch_map.v'…

97. Executing TECHMAP pass (map to technology primitives).

97.1. Executing Verilog-2005 frontend: /home/default/.volare/volare/sky130/versions/0fe599b2afb6708d281543108caf8310912f54af/sky130A/libs.tech/openlane/sky130_fd_sc_hd/latch_map.v
Parsing Verilog input from `/home/default/.volare/volare/sky130/versions/0fe599b2afb6708d281543108caf8310912f54af/sky130A/libs.tech/openlane/sky130_fd_sc_hd/latch_map.v' to AST representation.
Generating RTLIL representation for module `\$_DLATCH_P_'.
Generating RTLIL representation for module `\$_DLATCH_N_'.
Successfully finished Verilog frontend.

97.2. Continuing TECHMAP pass.
No more expansions possible.
<suppressed ~4 debug messages>

98. Executing SIMPLEMAP pass (map simple cells to gate primitives).

99. Executing DFFLIBMAP pass (mapping DFF cells to sequential cells from liberty file).
  cell sky130_fd_sc_hd__dfxtp_2 (noninv, pins=3, area=21.27) is a direct match for cell type $_DFF_P_.
  cell sky130_fd_sc_hd__dfrtp_2 (noninv, pins=4, area=26.28) is a direct match for cell type $_DFF_PN0_.
  cell sky130_fd_sc_hd__dfstp_2 (noninv, pins=4, area=26.28) is a direct match for cell type $_DFF_PN1_.
  cell sky130_fd_sc_hd__dfbbn_2 (noninv, pins=6, area=35.03) is a direct match for cell type $_DFFSR_NNN_.
  final dff cell mappings:
    unmapped dff cell: $_DFF_N_
    \sky130_fd_sc_hd__dfxtp_2 _DFF_P_ (.CLK( C), .D( D), .Q( Q));
    unmapped dff cell: $_DFF_NN0_
    unmapped dff cell: $_DFF_NN1_
    unmapped dff cell: $_DFF_NP0_
    unmapped dff cell: $_DFF_NP1_
    \sky130_fd_sc_hd__dfrtp_2 _DFF_PN0_ (.CLK( C), .D( D), .Q( Q), .RESET_B( R));
    \sky130_fd_sc_hd__dfstp_2 _DFF_PN1_ (.CLK( C), .D( D), .Q( Q), .SET_B( R));
    unmapped dff cell: $_DFF_PP0_
    unmapped dff cell: $_DFF_PP1_
    \sky130_fd_sc_hd__dfbbn_2 _DFFSR_NNN_ (.CLK_N( C), .D( D), .Q( Q), .Q_N(~Q), .RESET_B( R), .SET_B( S));
    unmapped dff cell: $_DFFSR_NNP_
    unmapped dff cell: $_DFFSR_NPN_
    unmapped dff cell: $_DFFSR_NPP_
    unmapped dff cell: $_DFFSR_PNN_
    unmapped dff cell: $_DFFSR_PNP_
    unmapped dff cell: $_DFFSR_PPN_
    unmapped dff cell: $_DFFSR_PPP_

99.1. Executing DFFLEGALIZE pass (convert FFs to types supported by the target).
Mapping DFF cells in module `\crossbar_mac':
  mapped 64 $_DFF_PN0_ cells to \sky130_fd_sc_hd__dfrtp_2 cells.
{
   "creator": "Yosys 0.46 (git sha1 e97731b9dda91fa5fa53ed87df7c34163ba59a41, clang++ 17.0.6 -fPIC -O3)",
   "invocation": "stat -json -liberty /mnt/c/Users/Default.DESKTOP-A45I1O9/akularanjith-akularanjith--ECE510-2026-SPRING/codefest/cf07/runs/RUN_2026-05-13_16-13-14/tmp/6dc5a306fdfe4f1688f57cbfc6d7364a.lib ",
   "modules": {
      "\\crossbar_mac": {
         "num_wires":         7842,
         "num_wire_bits":     8342,
         "num_pub_wires":     26,
         "num_pub_wire_bits": 226,
         "num_ports":         26,
         "num_port_bits":     226,
         "num_memories":      0,
         "num_memory_bits":   0,
         "num_processes":     0,
         "num_cells":         7924,
         "area":              1681.612800,
         "num_cells_by_type": {
            "$_ANDNOT_": 2424,
            "$_AND_": 840,
            "$_MUX_": 4,
            "$_NAND_": 356,
            "$_NOR_": 288,
            "$_NOT_": 204,
            "$_ORNOT_": 144,
            "$_OR_": 864,
            "$_XNOR_": 700,
            "$_XOR_": 2036,
            "sky130_fd_sc_hd__dfrtp_2": 64
         }
      }
   },
      "design": {
         "num_wires":         7842,
         "num_wire_bits":     8342,
         "num_pub_wires":     26,
         "num_pub_wire_bits": 226,
         "num_ports":         26,
         "num_port_bits":     226,
         "num_memories":      0,
         "num_memory_bits":   0,
         "num_processes":     0,
         "num_cells":         7924,
         "area":              1681.612800,
         "num_cells_by_type": {
            "$_ANDNOT_": 2424,
            "$_AND_": 840,
            "$_MUX_": 4,
            "$_NAND_": 356,
            "$_NOR_": 288,
            "$_NOT_": 204,
            "$_ORNOT_": 144,
            "$_OR_": 864,
            "$_XNOR_": 700,
            "$_XOR_": 2036,
            "sky130_fd_sc_hd__dfrtp_2": 64
         }
      }
}

100. Printing statistics.

=== crossbar_mac ===

   Number of wires:               7842
   Number of wire bits:           8342
   Number of public wires:          26
   Number of public wire bits:     226
   Number of ports:                 26
   Number of port bits:            226
   Number of memories:               0
   Number of memory bits:            0
   Number of processes:              0
   Number of cells:               7924
     $_ANDNOT_                    2424
     $_AND_                        840
     $_MUX_                          4
     $_NAND_                       356
     $_NOR_                        288
     $_NOT_                        204
     $_ORNOT_                      144
     $_OR_                         864
     $_XNOR_                       700
     $_XOR_                       2036
     sky130_fd_sc_hd__dfrtp_2       64

   Area for cell type $_NOT_ is unknown!
   Area for cell type $_AND_ is unknown!
   Area for cell type $_NAND_ is unknown!
   Area for cell type $_OR_ is unknown!
   Area for cell type $_NOR_ is unknown!
   Area for cell type $_XOR_ is unknown!
   Area for cell type $_XNOR_ is unknown!
   Area for cell type $_ANDNOT_ is unknown!
   Area for cell type $_ORNOT_ is unknown!
   Area for cell type $_MUX_ is unknown!

   Chip area for module '\crossbar_mac': 1681.612800
     of which used for sequential elements: 1681.612800 (100.00%)

[INFO] Using generated ABC script '/mnt/c/Users/Default.DESKTOP-A45I1O9/akularanjith-akularanjith--ECE510-2026-SPRING/codefest/cf07/runs/RUN_2026-05-13_16-13-14/06-yosys-synthesis/AREA_0.abc'…

101. Executing ABC pass (technology mapping using ABC).

101.1. Extracting gate netlist of module `\crossbar_mac' to `/tmp/yosys-abc-rYPSr7/input.blif'..
Extracted 7860 gates and 8021 wires to a netlist network with 161 inputs and 128 outputs.

101.1.1. Executing ABC.
Running ABC command: "/nix/store/6l3aj1gi4lja8z5s4lan2k2cfz9mqkrz-yosys-abc/bin/abc" -s -f /tmp/yosys-abc-rYPSr7/abc.script 2>&1
ABC: ABC command line: "source /tmp/yosys-abc-rYPSr7/abc.script".
ABC: 
ABC: + read_blif /tmp/yosys-abc-rYPSr7/input.blif 
ABC: + read_lib -w /mnt/c/Users/Default.DESKTOP-A45I1O9/akularanjith-akularanjith--ECE510-2026-SPRING/codefest/cf07/runs/RUN_2026-05-13_16-13-14/tmp/6dc5a306fdfe4f1688f57cbfc6d7364a.lib 
ABC: Parsing finished successfully.  Parsing time =     0.12 sec
ABC: Scl_LibertyReadGenlib() skipped sequential cell "sky130_fd_sc_hd__dfbbn_2".
ABC: Scl_LibertyReadGenlib() skipped sequential cell "sky130_fd_sc_hd__dfrbp_2".
ABC: Scl_LibertyReadGenlib() skipped sequential cell "sky130_fd_sc_hd__dfrtp_2".
ABC: Scl_LibertyReadGenlib() skipped sequential cell "sky130_fd_sc_hd__dfrtp_4".
ABC: Scl_LibertyReadGenlib() skipped sequential cell "sky130_fd_sc_hd__dfsbp_2".
ABC: Scl_LibertyReadGenlib() skipped sequential cell "sky130_fd_sc_hd__dfstp_2".
ABC: Scl_LibertyReadGenlib() skipped sequential cell "sky130_fd_sc_hd__dfstp_4".
ABC: Scl_LibertyReadGenlib() skipped sequential cell "sky130_fd_sc_hd__dfxbp_2".
ABC: Scl_LibertyReadGenlib() skipped sequential cell "sky130_fd_sc_hd__dfxtp_2".
ABC: Scl_LibertyReadGenlib() skipped sequential cell "sky130_fd_sc_hd__dfxtp_4".
ABC: Scl_LibertyReadGenlib() skipped sequential cell "sky130_fd_sc_hd__dlxtn_1".
ABC: Scl_LibertyReadGenlib() skipped sequential cell "sky130_fd_sc_hd__dlxtn_2".
ABC: Scl_LibertyReadGenlib() skipped sequential cell "sky130_fd_sc_hd__dlxtn_4".
ABC: Scl_LibertyReadGenlib() skipped sequential cell "sky130_fd_sc_hd__dlxtp_1".
ABC: Scl_LibertyReadGenlib() skipped three-state cell "sky130_fd_sc_hd__ebufn_2".
ABC: Scl_LibertyReadGenlib() skipped three-state cell "sky130_fd_sc_hd__ebufn_4".
ABC: Scl_LibertyReadGenlib() skipped three-state cell "sky130_fd_sc_hd__ebufn_8".
ABC: Library "sky130_fd_sc_hd__tt_025C_1v80" from "/mnt/c/Users/Default.DESKTOP-A45I1O9/akularanjith-akularanjith--ECE510-2026-SPRING/codefest/cf07/runs/RUN_2026-05-13_16-13-14/tmp/6dc5a306fdfe4f1688f57cbfc6d7364a.lib" has 175 cells (17 skipped: 14 seq; 3 tri-state; 0 no func; 0 dont_use).  Time =     0.16 sec
ABC: Memory =    9.54 MB. Time =     0.16 sec
ABC: Warning: Detected 2 multi-output gates (for example, "sky130_fd_sc_hd__fa_1").
ABC: + read_constr -v /mnt/c/Users/Default.DESKTOP-A45I1O9/akularanjith-akularanjith--ECE510-2026-SPRING/codefest/cf07/runs/RUN_2026-05-13_16-13-14/06-yosys-synthesis/synthesis.abc.sdc 
ABC: Setting driving cell to be "sky130_fd_sc_hd__inv_2/Y".
ABC: Setting output load to be 33.442001.
ABC: + source /mnt/c/Users/Default.DESKTOP-A45I1O9/akularanjith-akularanjith--ECE510-2026-SPRING/codefest/cf07/runs/RUN_2026-05-13_16-13-14/06-yosys-synthesis/AREA_0.abc 
ABC: Error: The network is combinational.
ABC: Cannot find the default PI driving cell (sky130_fd_sc_hd__inv_2/Y) in the library.
ABC: WireLoad = "none"  Gates =   6677 (  2.6 %)   Cap = 10.7 ff (  1.8 %)   Area =    68475.67 ( 94.4 %)   Delay =  6929.37 ps  (  2.2 %)               
ABC: Path  0 --      60 : 0   51 pi                        A =   0.00  Df =   0.0   -0.0 ps  S =   0.0 ps  Cin =  0.0 ff  Cout = 151.2 ff  Cmax =   0.0 ff  G =    0  
ABC: Path  1 --    1101 : 3    6 sky130_fd_sc_hd__and3_2   A =   7.51  Df = 224.1   -9.8 ps  S = 106.8 ps  Cin =  1.5 ff  Cout =  16.7 ff  Cmax = 309.5 ff  G = 1072  
ABC: Path  2 --    1105 : 4    2 sky130_fd_sc_hd__or4_2    A =   8.76  Df = 858.1 -502.8 ps  S = 117.6 ps  Cin =  1.5 ff  Cout =   7.0 ff  Cmax = 310.4 ff  G =  452  
ABC: Path  3 --    1108 : 3    3 sky130_fd_sc_hd__a21o_2   A =   8.76  Df =1111.2 -494.9 ps  S =  61.1 ps  Cin =  2.4 ff  Cout =   9.5 ff  Cmax = 309.5 ff  G =  390  
ABC: Path  4 --    1114 : 3    2 sky130_fd_sc_hd__a21o_2   A =   8.76  Df =1330.1 -226.8 ps  S =  49.2 ps  Cin =  2.4 ff  Cout =   6.9 ff  Cmax = 309.5 ff  G =  284  
ABC: Path  5 --    1119 : 3    3 sky130_fd_sc_hd__a21o_2   A =   8.76  Df =1528.7 -198.0 ps  S =  57.6 ps  Cin =  2.4 ff  Cout =   8.7 ff  Cmax = 309.5 ff  G =  354  
ABC: Path  6 --    1122 : 3    2 sky130_fd_sc_hd__a21o_2   A =   8.76  Df =1746.6 -191.1 ps  S =  49.6 ps  Cin =  2.4 ff  Cout =   7.0 ff  Cmax = 309.5 ff  G =  286  
ABC: Path  7 --    1124 : 4    3 sky130_fd_sc_hd__a211o_2  A =  10.01  Df =2086.8 -343.3 ps  S =  60.7 ps  Cin =  2.4 ff  Cout =   7.5 ff  Cmax = 325.0 ff  G =  308  
ABC: Path  8 --    1125 : 4    2 sky130_fd_sc_hd__and4bb_2 A =  12.51  Df =2330.6 -207.5 ps  S =  76.8 ps  Cin =  1.5 ff  Cout =   7.1 ff  Cmax = 270.1 ff  G =  448  
ABC: Path  9 --    1128 : 4    3 sky130_fd_sc_hd__a211o_2  A =  10.01  Df =2662.1 -286.2 ps  S =  69.0 ps  Cin =  2.4 ff  Cout =  10.8 ff  Cmax = 325.0 ff  G =  442  
ABC: Path 10 --    1131 : 3    4 sky130_fd_sc_hd__and3_2   A =   7.51  Df =2894.9 -141.7 ps  S =  96.3 ps  Cin =  1.5 ff  Cout =  14.3 ff  Cmax = 309.5 ff  G =  905  
ABC: Path 11 --    1133 : 4    4 sky130_fd_sc_hd__a211o_2  A =  10.01  Df =3240.1 -275.8 ps  S =  76.0 ps  Cin =  2.4 ff  Cout =  13.2 ff  Cmax = 325.0 ff  G =  543  
ABC: Path 12 --    1138 : 3    2 sky130_fd_sc_hd__a21o_2   A =   8.76  Df =3446.6 -188.0 ps  S =  50.3 ps  Cin =  2.4 ff  Cout =   7.0 ff  Cmax = 309.5 ff  G =  286  
ABC: Path 13 --    1141 : 4    2 sky130_fd_sc_hd__a211o_2  A =  10.01  Df =3783.0 -319.4 ps  S =  58.2 ps  Cin =  2.4 ff  Cout =   6.6 ff  Cmax = 325.0 ff  G =  270  
ABC: Path 14 --    1142 : 3    4 sky130_fd_sc_hd__and3_2   A =   7.51  Df =4024.9 -240.3 ps  S =  96.9 ps  Cin =  1.5 ff  Cout =  14.4 ff  Cmax = 309.5 ff  G =  905  
ABC: Path 15 --    1145 : 4    3 sky130_fd_sc_hd__o211a_2  A =  10.01  Df =4309.0 -150.2 ps  S =  85.0 ps  Cin =  2.4 ff  Cout =  10.9 ff  Cmax = 268.3 ff  G =  429  
ABC: Path 16 --    1147 : 3    2 sky130_fd_sc_hd__or3_2    A =   7.51  Df =4734.1  -99.9 ps  S =  88.9 ps  Cin =  1.5 ff  Cout =   6.1 ff  Cmax = 310.4 ff  G =  391  
ABC: Path 17 --    1149 : 3    3 sky130_fd_sc_hd__and3_2   A =   7.51  Df =4957.3 -137.0 ps  S =  65.8 ps  Cin =  1.5 ff  Cout =   7.6 ff  Cmax = 309.5 ff  G =  492  
ABC: Path 18 --    1151 : 2    3 sky130_fd_sc_hd__or2_2    A =   6.26  Df =5297.2 -298.6 ps  S =  95.6 ps  Cin =  1.5 ff  Cout =  16.5 ff  Cmax = 299.4 ff  G = 1091  
ABC: Path 19 --    1448 : 4    3 sky130_fd_sc_hd__o31ai_2  A =  12.51  Df =5735.6 -303.5 ps  S = 430.8 ps  Cin =  4.4 ff  Cout =  18.6 ff  Cmax =  80.6 ff  G =  406  
ABC: Path 20 --    1705 : 5    3 sky130_fd_sc_hd__a221oi_2 A =  15.01  Df =5892.5  -70.0 ps  S = 382.6 ps  Cin =  4.5 ff  Cout =  15.7 ff  Cmax =  96.1 ff  G =  333  
ABC: Path 21 --    1913 : 5    2 sky130_fd_sc_hd__o311a_2  A =  11.26  Df =6319.9 -232.6 ps  S =  81.8 ps  Cin =  2.4 ff  Cout =  11.1 ff  Cmax = 293.9 ff  G =  449  
ABC: Path 22 --    1915 : 3    1 sky130_fd_sc_hd__o21a_2   A =   8.76  Df =6538.2 -310.9 ps  S =  63.1 ps  Cin =  2.4 ff  Cout =   9.0 ff  Cmax = 294.8 ff  G =  364  
ABC: Path 23 --    1963 : 2    1 sky130_fd_sc_hd__xnor2_2  A =  16.27  Df =6929.4 -471.0 ps  S = 453.8 ps  Cin =  8.5 ff  Cout =  33.4 ff  Cmax = 121.8 ff  G =  394  
ABC: Start-point = pi59 (\in0 [7]).  End-point = po14 ($auto$maccmap.cc:240:synth$653.Y [15]).
ABC: netlist                       : i/o =  161/  128  lat =    0  nd =  6677  edge =  17362  area =68490.23  delay =23.00  lev = 23
ABC: + write_blif /tmp/yosys-abc-rYPSr7/output.blif 

101.1.2. Re-integrating ABC results.
ABC RESULTS:   sky130_fd_sc_hd__o32ai_2 cells:        1
ABC RESULTS:   sky130_fd_sc_hd__a2bb2oi_2 cells:        1
ABC RESULTS:   sky130_fd_sc_hd__and3b_2 cells:        1
ABC RESULTS:   sky130_fd_sc_hd__a311o_2 cells:        1
ABC RESULTS:   sky130_fd_sc_hd__a221oi_2 cells:        1
ABC RESULTS:   sky130_fd_sc_hd__a2111o_2 cells:        2
ABC RESULTS:   sky130_fd_sc_hd__o31a_2 cells:        5
ABC RESULTS:   sky130_fd_sc_hd__nor3b_2 cells:        3
ABC RESULTS:   sky130_fd_sc_hd__o2111ai_2 cells:        1
ABC RESULTS:   sky130_fd_sc_hd__or4_2 cells:        5
ABC RESULTS:   sky130_fd_sc_hd__o2bb2ai_2 cells:        5
ABC RESULTS:   sky130_fd_sc_hd__o22ai_2 cells:        7
ABC RESULTS:   sky130_fd_sc_hd__a41o_2 cells:        4
ABC RESULTS:   sky130_fd_sc_hd__o41a_2 cells:        4
ABC RESULTS:   sky130_fd_sc_hd__nand3b_2 cells:       12
ABC RESULTS:   sky130_fd_sc_hd__o2111a_2 cells:        3
ABC RESULTS:   sky130_fd_sc_hd__or4b_2 cells:        5
ABC RESULTS:   sky130_fd_sc_hd__a31oi_2 cells:        8
ABC RESULTS:   sky130_fd_sc_hd__nand4_2 cells:       42
ABC RESULTS:   sky130_fd_sc_hd__nor4_2 cells:       10
ABC RESULTS:   sky130_fd_sc_hd__o22a_2 cells:       20
ABC RESULTS:   sky130_fd_sc_hd__a211oi_2 cells:       37
ABC RESULTS:   sky130_fd_sc_hd__or4bb_2 cells:        4
ABC RESULTS:   sky130_fd_sc_hd__o211ai_2 cells:       69
ABC RESULTS:   sky130_fd_sc_hd__o32a_2 cells:        4
ABC RESULTS:   sky130_fd_sc_hd__and4bb_2 cells:       22
ABC RESULTS:   sky130_fd_sc_hd__o31ai_2 cells:       10
ABC RESULTS:   sky130_fd_sc_hd__a22o_2 cells:      154
ABC RESULTS:   sky130_fd_sc_hd__a32o_2 cells:       21
ABC RESULTS:   sky130_fd_sc_hd__a211o_2 cells:       69
ABC RESULTS:   sky130_fd_sc_hd__and4_2 cells:      232
ABC RESULTS:   sky130_fd_sc_hd__and4b_2 cells:       20
ABC RESULTS:   sky130_fd_sc_hd__o2bb2a_2 cells:       57
ABC RESULTS:   sky130_fd_sc_hd__a22oi_2 cells:      126
ABC RESULTS:   sky130_fd_sc_hd__o21bai_2 cells:       68
ABC RESULTS:   sky130_fd_sc_hd__o211a_2 cells:       46
ABC RESULTS:   sky130_fd_sc_hd__nand3_2 cells:      187
ABC RESULTS:   sky130_fd_sc_hd__a2bb2o_2 cells:       25
ABC RESULTS:   sky130_fd_sc_hd__and2_2 cells:      215
ABC RESULTS:   sky130_fd_sc_hd__or2_2 cells:      246
ABC RESULTS:   sky130_fd_sc_hd__and3_2 cells:      213
ABC RESULTS:   sky130_fd_sc_hd__nor2_2 cells:      419
ABC RESULTS:   sky130_fd_sc_hd__nor3_2 cells:       49
ABC RESULTS:   sky130_fd_sc_hd__or3_2 cells:      123
ABC RESULTS:   sky130_fd_sc_hd__o21ba_2 cells:       74
ABC RESULTS:   sky130_fd_sc_hd__or3b_2 cells:       19
ABC RESULTS:   sky130_fd_sc_hd__nand2b_2 cells:      184
ABC RESULTS:   sky130_fd_sc_hd__nand2_2 cells:      563
ABC RESULTS:   sky130_fd_sc_hd__o311a_2 cells:        4
ABC RESULTS:   sky130_fd_sc_hd__o21ai_2 cells:      186
ABC RESULTS:   sky130_fd_sc_hd__a21bo_2 cells:      107
ABC RESULTS:   sky130_fd_sc_hd__o221a_2 cells:        2
ABC RESULTS:   sky130_fd_sc_hd__a21boi_2 cells:       35
ABC RESULTS:   sky130_fd_sc_hd__xor2_2 cells:      455
ABC RESULTS:   sky130_fd_sc_hd__a21o_2 cells:      309
ABC RESULTS:   sky130_fd_sc_hd__and2b_2 cells:      346
ABC RESULTS:   sky130_fd_sc_hd__mux2_1 cells:       19
ABC RESULTS:   sky130_fd_sc_hd__o21a_2 cells:      122
ABC RESULTS:   sky130_fd_sc_hd__a31o_2 cells:       93
ABC RESULTS:   sky130_fd_sc_hd__a21oi_2 cells:      366
ABC RESULTS:   sky130_fd_sc_hd__xnor2_2 cells:     1063
ABC RESULTS:   sky130_fd_sc_hd__inv_2 cells:      173
ABC RESULTS:        internal signals:     7732
ABC RESULTS:           input signals:      161
ABC RESULTS:          output signals:      128
Removing temp directory.

102. Executing SETUNDEF pass (replace undef values with defined constants).

103. Executing HILOMAP pass (mapping to constant drivers).

104. Executing SPLITNETS pass (splitting up multi-bit signals).

105. Executing OPT_CLEAN pass (remove unused cells and wires).
Finding unused cells or wires in module \crossbar_mac..
Removed 0 unused cells and 8277 unused wires.
<suppressed ~1 debug messages>

106. Executing INSBUF pass (insert buffer cells for connected wires).

107. Executing CHECK pass (checking for obvious problems).
Checking module crossbar_mac...
Found and reported 0 problems.
{
   "creator": "Yosys 0.46 (git sha1 e97731b9dda91fa5fa53ed87df7c34163ba59a41, clang++ 17.0.6 -fPIC -O3)",
   "invocation": "stat -json -liberty /mnt/c/Users/Default.DESKTOP-A45I1O9/akularanjith-akularanjith--ECE510-2026-SPRING/codefest/cf07/runs/RUN_2026-05-13_16-13-14/tmp/6dc5a306fdfe4f1688f57cbfc6d7364a.lib ",
   "modules": {
      "\\crossbar_mac": {
         "num_wires":         6703,
         "num_wire_bits":     6903,
         "num_pub_wires":     26,
         "num_pub_wire_bits": 226,
         "num_ports":         26,
         "num_port_bits":     226,
         "num_memories":      0,
         "num_memory_bits":   0,
         "num_processes":     0,
         "num_cells":         6741,
         "area":              70157.286400,
         "num_cells_by_type": {
            "sky130_fd_sc_hd__a2111o_2": 2,
            "sky130_fd_sc_hd__a211o_2": 69,
            "sky130_fd_sc_hd__a211oi_2": 37,
            "sky130_fd_sc_hd__a21bo_2": 107,
            "sky130_fd_sc_hd__a21boi_2": 35,
            "sky130_fd_sc_hd__a21o_2": 309,
            "sky130_fd_sc_hd__a21oi_2": 366,
            "sky130_fd_sc_hd__a221oi_2": 1,
            "sky130_fd_sc_hd__a22o_2": 154,
            "sky130_fd_sc_hd__a22oi_2": 126,
            "sky130_fd_sc_hd__a2bb2o_2": 25,
            "sky130_fd_sc_hd__a2bb2oi_2": 1,
            "sky130_fd_sc_hd__a311o_2": 1,
            "sky130_fd_sc_hd__a31o_2": 93,
            "sky130_fd_sc_hd__a31oi_2": 8,
            "sky130_fd_sc_hd__a32o_2": 21,
            "sky130_fd_sc_hd__a41o_2": 4,
            "sky130_fd_sc_hd__and2_2": 215,
            "sky130_fd_sc_hd__and2b_2": 346,
            "sky130_fd_sc_hd__and3_2": 213,
            "sky130_fd_sc_hd__and3b_2": 1,
            "sky130_fd_sc_hd__and4_2": 232,
            "sky130_fd_sc_hd__and4b_2": 20,
            "sky130_fd_sc_hd__and4bb_2": 22,
            "sky130_fd_sc_hd__dfrtp_2": 64,
            "sky130_fd_sc_hd__inv_2": 173,
            "sky130_fd_sc_hd__mux2_1": 19,
            "sky130_fd_sc_hd__nand2_2": 563,
            "sky130_fd_sc_hd__nand2b_2": 184,
            "sky130_fd_sc_hd__nand3_2": 187,
            "sky130_fd_sc_hd__nand3b_2": 12,
            "sky130_fd_sc_hd__nand4_2": 42,
            "sky130_fd_sc_hd__nor2_2": 419,
            "sky130_fd_sc_hd__nor3_2": 49,
            "sky130_fd_sc_hd__nor3b_2": 3,
            "sky130_fd_sc_hd__nor4_2": 10,
            "sky130_fd_sc_hd__o2111a_2": 3,
            "sky130_fd_sc_hd__o2111ai_2": 1,
            "sky130_fd_sc_hd__o211a_2": 46,
            "sky130_fd_sc_hd__o211ai_2": 69,
            "sky130_fd_sc_hd__o21a_2": 122,
            "sky130_fd_sc_hd__o21ai_2": 186,
            "sky130_fd_sc_hd__o21ba_2": 74,
            "sky130_fd_sc_hd__o21bai_2": 68,
            "sky130_fd_sc_hd__o221a_2": 2,
            "sky130_fd_sc_hd__o22a_2": 20,
            "sky130_fd_sc_hd__o22ai_2": 7,
            "sky130_fd_sc_hd__o2bb2a_2": 57,
            "sky130_fd_sc_hd__o2bb2ai_2": 5,
            "sky130_fd_sc_hd__o311a_2": 4,
            "sky130_fd_sc_hd__o31a_2": 5,
            "sky130_fd_sc_hd__o31ai_2": 10,
            "sky130_fd_sc_hd__o32a_2": 4,
            "sky130_fd_sc_hd__o32ai_2": 1,
            "sky130_fd_sc_hd__o41a_2": 4,
            "sky130_fd_sc_hd__or2_2": 246,
            "sky130_fd_sc_hd__or3_2": 123,
            "sky130_fd_sc_hd__or3b_2": 19,
            "sky130_fd_sc_hd__or4_2": 5,
            "sky130_fd_sc_hd__or4b_2": 5,
            "sky130_fd_sc_hd__or4bb_2": 4,
            "sky130_fd_sc_hd__xnor2_2": 1063,
            "sky130_fd_sc_hd__xor2_2": 455
         }
      }
   },
      "design": {
         "num_wires":         6703,
         "num_wire_bits":     6903,
         "num_pub_wires":     26,
         "num_pub_wire_bits": 226,
         "num_ports":         26,
         "num_port_bits":     226,
         "num_memories":      0,
         "num_memory_bits":   0,
         "num_processes":     0,
         "num_cells":         6741,
         "area":              70157.286400,
         "num_cells_by_type": {
            "sky130_fd_sc_hd__a2111o_2": 2,
            "sky130_fd_sc_hd__a211o_2": 69,
            "sky130_fd_sc_hd__a211oi_2": 37,
            "sky130_fd_sc_hd__a21bo_2": 107,
            "sky130_fd_sc_hd__a21boi_2": 35,
            "sky130_fd_sc_hd__a21o_2": 309,
            "sky130_fd_sc_hd__a21oi_2": 366,
            "sky130_fd_sc_hd__a221oi_2": 1,
            "sky130_fd_sc_hd__a22o_2": 154,
            "sky130_fd_sc_hd__a22oi_2": 126,
            "sky130_fd_sc_hd__a2bb2o_2": 25,
            "sky130_fd_sc_hd__a2bb2oi_2": 1,
            "sky130_fd_sc_hd__a311o_2": 1,
            "sky130_fd_sc_hd__a31o_2": 93,
            "sky130_fd_sc_hd__a31oi_2": 8,
            "sky130_fd_sc_hd__a32o_2": 21,
            "sky130_fd_sc_hd__a41o_2": 4,
            "sky130_fd_sc_hd__and2_2": 215,
            "sky130_fd_sc_hd__and2b_2": 346,
            "sky130_fd_sc_hd__and3_2": 213,
            "sky130_fd_sc_hd__and3b_2": 1,
            "sky130_fd_sc_hd__and4_2": 232,
            "sky130_fd_sc_hd__and4b_2": 20,
            "sky130_fd_sc_hd__and4bb_2": 22,
            "sky130_fd_sc_hd__dfrtp_2": 64,
            "sky130_fd_sc_hd__inv_2": 173,
            "sky130_fd_sc_hd__mux2_1": 19,
            "sky130_fd_sc_hd__nand2_2": 563,
            "sky130_fd_sc_hd__nand2b_2": 184,
            "sky130_fd_sc_hd__nand3_2": 187,
            "sky130_fd_sc_hd__nand3b_2": 12,
            "sky130_fd_sc_hd__nand4_2": 42,
            "sky130_fd_sc_hd__nor2_2": 419,
            "sky130_fd_sc_hd__nor3_2": 49,
            "sky130_fd_sc_hd__nor3b_2": 3,
            "sky130_fd_sc_hd__nor4_2": 10,
            "sky130_fd_sc_hd__o2111a_2": 3,
            "sky130_fd_sc_hd__o2111ai_2": 1,
            "sky130_fd_sc_hd__o211a_2": 46,
            "sky130_fd_sc_hd__o211ai_2": 69,
            "sky130_fd_sc_hd__o21a_2": 122,
            "sky130_fd_sc_hd__o21ai_2": 186,
            "sky130_fd_sc_hd__o21ba_2": 74,
            "sky130_fd_sc_hd__o21bai_2": 68,
            "sky130_fd_sc_hd__o221a_2": 2,
            "sky130_fd_sc_hd__o22a_2": 20,
            "sky130_fd_sc_hd__o22ai_2": 7,
            "sky130_fd_sc_hd__o2bb2a_2": 57,
            "sky130_fd_sc_hd__o2bb2ai_2": 5,
            "sky130_fd_sc_hd__o311a_2": 4,
            "sky130_fd_sc_hd__o31a_2": 5,
            "sky130_fd_sc_hd__o31ai_2": 10,
            "sky130_fd_sc_hd__o32a_2": 4,
            "sky130_fd_sc_hd__o32ai_2": 1,
            "sky130_fd_sc_hd__o41a_2": 4,
            "sky130_fd_sc_hd__or2_2": 246,
            "sky130_fd_sc_hd__or3_2": 123,
            "sky130_fd_sc_hd__or3b_2": 19,
            "sky130_fd_sc_hd__or4_2": 5,
            "sky130_fd_sc_hd__or4b_2": 5,
            "sky130_fd_sc_hd__or4bb_2": 4,
            "sky130_fd_sc_hd__xnor2_2": 1063,
            "sky130_fd_sc_hd__xor2_2": 455
         }
      }
}

108. Printing statistics.

=== crossbar_mac ===

   Number of wires:               6703
   Number of wire bits:           6903
   Number of public wires:          26
   Number of public wire bits:     226
   Number of ports:                 26
   Number of port bits:            226
   Number of memories:               0
   Number of memory bits:            0
   Number of processes:              0
   Number of cells:               6741
     sky130_fd_sc_hd__a2111o_2       2
     sky130_fd_sc_hd__a211o_2       69
     sky130_fd_sc_hd__a211oi_2      37
     sky130_fd_sc_hd__a21bo_2      107
     sky130_fd_sc_hd__a21boi_2      35
     sky130_fd_sc_hd__a21o_2       309
     sky130_fd_sc_hd__a21oi_2      366
     sky130_fd_sc_hd__a221oi_2       1
     sky130_fd_sc_hd__a22o_2       154
     sky130_fd_sc_hd__a22oi_2      126
     sky130_fd_sc_hd__a2bb2o_2      25
     sky130_fd_sc_hd__a2bb2oi_2      1
     sky130_fd_sc_hd__a311o_2        1
     sky130_fd_sc_hd__a31o_2        93
     sky130_fd_sc_hd__a31oi_2        8
     sky130_fd_sc_hd__a32o_2        21
     sky130_fd_sc_hd__a41o_2         4
     sky130_fd_sc_hd__and2_2       215
     sky130_fd_sc_hd__and2b_2      346
     sky130_fd_sc_hd__and3_2       213
     sky130_fd_sc_hd__and3b_2        1
     sky130_fd_sc_hd__and4_2       232
     sky130_fd_sc_hd__and4b_2       20
     sky130_fd_sc_hd__and4bb_2      22
     sky130_fd_sc_hd__dfrtp_2       64
     sky130_fd_sc_hd__inv_2        173
     sky130_fd_sc_hd__mux2_1        19
     sky130_fd_sc_hd__nand2_2      563
     sky130_fd_sc_hd__nand2b_2     184
     sky130_fd_sc_hd__nand3_2      187
     sky130_fd_sc_hd__nand3b_2      12
     sky130_fd_sc_hd__nand4_2       42
     sky130_fd_sc_hd__nor2_2       419
     sky130_fd_sc_hd__nor3_2        49
     sky130_fd_sc_hd__nor3b_2        3
     sky130_fd_sc_hd__nor4_2        10
     sky130_fd_sc_hd__o2111a_2       3
     sky130_fd_sc_hd__o2111ai_2      1
     sky130_fd_sc_hd__o211a_2       46
     sky130_fd_sc_hd__o211ai_2      69
     sky130_fd_sc_hd__o21a_2       122
     sky130_fd_sc_hd__o21ai_2      186
     sky130_fd_sc_hd__o21ba_2       74
     sky130_fd_sc_hd__o21bai_2      68
     sky130_fd_sc_hd__o221a_2        2
     sky130_fd_sc_hd__o22a_2        20
     sky130_fd_sc_hd__o22ai_2        7
     sky130_fd_sc_hd__o2bb2a_2      57
     sky130_fd_sc_hd__o2bb2ai_2      5
     sky130_fd_sc_hd__o311a_2        4
     sky130_fd_sc_hd__o31a_2         5
     sky130_fd_sc_hd__o31ai_2       10
     sky130_fd_sc_hd__o32a_2         4
     sky130_fd_sc_hd__o32ai_2        1
     sky130_fd_sc_hd__o41a_2         4
     sky130_fd_sc_hd__or2_2        246
     sky130_fd_sc_hd__or3_2        123
     sky130_fd_sc_hd__or3b_2        19
     sky130_fd_sc_hd__or4_2          5
     sky130_fd_sc_hd__or4b_2         5
     sky130_fd_sc_hd__or4bb_2        4
     sky130_fd_sc_hd__xnor2_2     1063
     sky130_fd_sc_hd__xor2_2       455

   Chip area for module '\crossbar_mac': 70157.286400
     of which used for sequential elements: 1681.612800 (2.40%)

109. Executing Verilog backend.
Dumping module `\crossbar_mac'.

110. Executing JSON backend.
