
===========================================================================
report_checks -unconstrained
===========================================================================
======================= max_ff_n40C_1v95 Corner ===================================

Startpoint: m_axis_tready (input port clocked by aclk)
Endpoint: s_axis_tready (output port clocked by aclk)
Path Group: aclk
Path Type: max

Fanout         Cap        Slew       Delay        Time   Description
---------------------------------------------------------------------------------------------
                                  0.000000    0.000000   clock aclk (rise edge)
                                  0.000000    0.000000   clock network delay (propagated)
                                  2.400000    2.400000 ^ input external delay
     2    0.005370    0.022906    0.013908    2.413908 ^ m_axis_tready (in)
                                                         m_axis_tready (net)
                      0.022909    0.000000    2.413908 ^ input2/A (sky130_fd_sc_hd__clkbuf_2)
     7    0.027779    0.119097    0.124791    2.538698 ^ input2/X (sky130_fd_sc_hd__clkbuf_2)
                                                         net2 (net)
                      0.119166    0.002341    2.541039 ^ _2122_/A (sky130_fd_sc_hd__clkbuf_1)
     1    0.002200    0.028578    0.056901    2.597940 ^ _2122_/X (sky130_fd_sc_hd__clkbuf_1)
                                                         net53 (net)
                      0.028578    0.000158    2.598098 ^ output53/A (sky130_fd_sc_hd__buf_2)
     1    0.034240    0.127831    0.135753    2.733850 ^ output53/X (sky130_fd_sc_hd__buf_2)
                                                         s_axis_tready (net)
                      0.127864    0.001714    2.735564 ^ s_axis_tready (out)
                                              2.735564   data arrival time

                                 12.000000   12.000000   clock aclk (rise edge)
                                  0.000000   12.000000   clock network delay (propagated)
                                 -0.250000   11.750000   clock uncertainty
                                  0.000000   11.750000   clock reconvergence pessimism
                                 -2.400000    9.349999   output external delay
                                              9.349999   data required time
---------------------------------------------------------------------------------------------
                                              9.349999   data required time
                                             -2.735564   data arrival time
---------------------------------------------------------------------------------------------
                                              6.614435   slack (MET)




===========================================================================
report_checks --slack_max -0.01
============================================================================
======================= max_ff_n40C_1v95 Corner ===================================

No paths found.


===========================================================================
 report_check_types -max_slew -max_cap -max_fanout -violators
============================================================================
======================= max_ff_n40C_1v95 Corner ===================================

max fanout

Pin                                   Limit Fanout  Slack
---------------------------------------------------------
clkbuf_2_0__f_aclk/X                     10     37    -27 (VIOLATED)
clkbuf_2_1__f_aclk/X                     10     27    -17 (VIOLATED)
clkbuf_2_3__f_aclk/X                     10     25    -15 (VIOLATED)
clkbuf_2_2__f_aclk/X                     10     21    -11 (VIOLATED)
fanout116/X                              10     21    -11 (VIOLATED)
fanout122/X                              10     21    -11 (VIOLATED)
fanout124/X                              10     21    -11 (VIOLATED)
fanout125/X                              10     21    -11 (VIOLATED)
fanout127/X                              10     21    -11 (VIOLATED)
fanout129/X                              10     21    -11 (VIOLATED)
fanout131/X                              10     21    -11 (VIOLATED)
fanout133/X                              10     21    -11 (VIOLATED)
fanout134/X                              10     21    -11 (VIOLATED)
fanout135/X                              10     21    -11 (VIOLATED)
fanout57/X                               10     21    -11 (VIOLATED)
fanout62/X                               10     21    -11 (VIOLATED)
fanout63/X                               10     21    -11 (VIOLATED)
fanout73/X                               10     21    -11 (VIOLATED)
fanout79/X                               10     21    -11 (VIOLATED)
fanout80/X                               10     21    -11 (VIOLATED)
fanout82/X                               10     21    -11 (VIOLATED)
fanout83/X                               10     21    -11 (VIOLATED)
fanout84/X                               10     21    -11 (VIOLATED)
fanout87/X                               10     21    -11 (VIOLATED)
fanout89/X                               10     21    -11 (VIOLATED)
fanout91/X                               10     21    -11 (VIOLATED)
fanout97/X                               10     21    -11 (VIOLATED)
_1558_/Y                                 10     19     -9 (VIOLATED)
fanout121/X                              10     19     -9 (VIOLATED)
fanout58/X                               10     19     -9 (VIOLATED)
fanout61/X                               10     19     -9 (VIOLATED)
fanout119/X                              10     17     -7 (VIOLATED)
fanout136/X                              10     17     -7 (VIOLATED)
fanout94/X                               10     17     -7 (VIOLATED)
_1225_/X                                 10     15     -5 (VIOLATED)
fanout106/X                              10     15     -5 (VIOLATED)
fanout126/X                              10     15     -5 (VIOLATED)
fanout92/X                               10     15     -5 (VIOLATED)
_1523_/Y                                 10     13     -3 (VIOLATED)
fanout64/X                               10     13     -3 (VIOLATED)
fanout78/X                               10     13     -3 (VIOLATED)
fanout85/X                               10     13     -3 (VIOLATED)
_1074_/Y                                 10     11        (VIOLATED)
fanout74/X                               10     11        (VIOLATED)
fanout77/X                               10     11        (VIOLATED)
fanout86/X                               10     11        (VIOLATED)



===========================================================================
report_parasitic_annotation -report_unannotated
============================================================================
Found 3 unannotated drivers.
 clkload0/Y
 clkload1/Y
 clkload2/Y
Found 0 partially unannotated drivers.

===========================================================================
max slew violation count 0
max fanout violation count 46
max cap violation count 0
============================================================================

===========================================================================
check_setup -verbose -unconstrained_endpoints -multiple_clock -no_clock -no_input_delay -loops -generated_clocks
===========================================================================
