Clock: aclk
Sources: aclk 
Generated: no
Virtual: yes
Propagated: no
Period: 12.000000

===========================================================================
report_clock_properties
============================================================================
Clock                   Period          Waveform
----------------------------------------------------
aclk                 12.000000    0.000000  6.000000

===========================================================================
report_clock_latency
============================================================================
Clock aclk
rise -> rise
    min     max
0.000000 0.000000 source latency
0.328101         network latency _2103_/CLK
        0.347366 network latency _2077_/CLK
---------------
0.328101 0.347366 latency
        0.019265 skew

fall -> fall
    min     max
0.000000 0.000000 source latency
0.282200         network latency _2103_/CLK
        0.298246 network latency _2077_/CLK
---------------
0.282200 0.298246 latency
        0.016045 skew



===========================================================================
report_clock_min_period
============================================================================
aclk period_min = 4.46 fmax = 223.98
