102. Printing statistics.

=== top ===

   Number of wires:                722
   Number of wire bits:            952
   Number of public wires:          14
   Number of public wire bits:      77
   Number of ports:                 10
   Number of port bits:             56
   Number of memories:               0
   Number of memory bits:            0
   Number of processes:              0
   Number of cells:                800
     $_ANDNOT_                     172
     $_AND_                         63
     $_MUX_                        104
     $_NAND_                        43
     $_NOR_                         65
     $_NOT_                          7
     $_ORNOT_                        7
     $_OR_                          83
     $_XNOR_                        74
     $_XOR_                        130
     sky130_fd_sc_hd__dfxtp_2       52

   Area for cell type $_NOT_ is unknown!
   Area for cell type $_AND_ is unknown!
   Area for cell type $_NAND_ is unknown!
   Area for cell type $_OR_ is unknown!
   Area for cell type $_NOR_ is unknown!
   Area for cell type $_XOR_ is unknown!
   Area for cell type $_XNOR_ is unknown!
   Area for cell type $_ANDNOT_ is unknown!
   Area for cell type $_ORNOT_ is unknown!
   Area for cell type $_MUX_ is unknown!

   Chip area for module '\top': 1106.060800
     of which used for sequential elements: 1106.060800 (100.00%)

