96. Printing statistics.

=== top ===

   Number of wires:                618
   Number of wire bits:            848
   Number of public wires:          14
   Number of public wire bits:      77
   Number of ports:                 10
   Number of port bits:             56
   Number of memories:               0
   Number of memory bits:            0
   Number of processes:              0
   Number of cells:                696
     $_ANDNOT_                     172
     $_AND_                         63
     $_NAND_                        43
     $_NOR_                         65
     $_NOT_                          7
     $_ORNOT_                        7
     $_OR_                          83
     $_SDFFE_PN0P_                  52
     $_XNOR_                        74
     $_XOR_                        130

   Area for cell type $_NOT_ is unknown!
   Area for cell type $_AND_ is unknown!
   Area for cell type $_NAND_ is unknown!
   Area for cell type $_OR_ is unknown!
   Area for cell type $_NOR_ is unknown!
   Area for cell type $_XOR_ is unknown!
   Area for cell type $_XNOR_ is unknown!
   Area for cell type $_ANDNOT_ is unknown!
   Area for cell type $_ORNOT_ is unknown!
   Area for cell type $_SDFFE_PN0P_ is unknown!

