
===========================================================================
report_checks -unconstrained
===========================================================================
======================= nom_ss_100C_1v60 Corner ===================================

Startpoint: rst (input port clocked by clk)
Endpoint: _13387_ (recovery check against rising-edge clock clk)
Path Group: asynchronous
Path Type: max

Fanout         Cap        Slew       Delay        Time   Description
---------------------------------------------------------------------------------------------
                                  0.000000    0.000000   clock clk (rise edge)
                                  0.000000    0.000000   clock network delay (propagated)
                                  2.000000    2.000000 v input external delay
     1    0.002913    0.018890    0.009589    2.009589 v rst (in)
                                                         rst (net)
                      0.018890    0.000000    2.009589 v input33/A (sky130_fd_sc_hd__buf_4)
     4    0.081676    0.199028    0.358554    2.368143 v input33/X (sky130_fd_sc_hd__buf_4)
                                                         net33 (net)
                      0.199712    0.008961    2.377104 v fanout395/A (sky130_fd_sc_hd__buf_4)
     6    0.084985    0.209200    0.440682    2.817786 v fanout395/X (sky130_fd_sc_hd__buf_4)
                                                         net395 (net)
                      0.210039    0.011122    2.828908 v fanout392/A (sky130_fd_sc_hd__clkbuf_8)
    10    0.084049    0.171128    0.409678    3.238586 v fanout392/X (sky130_fd_sc_hd__clkbuf_8)
                                                         net392 (net)
                      0.173303    0.015495    3.254081 v _13323_/A (sky130_fd_sc_hd__inv_2)
     1    0.004114    0.062731    0.113155    3.367236 ^ _13323_/Y (sky130_fd_sc_hd__inv_2)
                                                         _00097_ (net)
                      0.062731    0.000053    3.367289 ^ _13387_/RESET_B (sky130_fd_sc_hd__dfrtp_1)
                                              3.367289   data arrival time

                                 10.000000   10.000000   clock clk (rise edge)
                                  0.000000   10.000000   clock source latency
     1    0.059107    0.423982    0.297086   10.297086 ^ clk (in)
                                                         clk (net)
                      0.424046    0.000000   10.297086 ^ clkbuf_0_clk/A (sky130_fd_sc_hd__clkbuf_16)
     8    0.181180    0.289531    0.552742   10.849828 ^ clkbuf_0_clk/X (sky130_fd_sc_hd__clkbuf_16)
                                                         clknet_0_clk (net)
                      0.289600    0.003751   10.853579 ^ clkbuf_3_0__f_clk/A (sky130_fd_sc_hd__clkbuf_16)
     9    0.037337    0.091736    0.343269   11.196848 ^ clkbuf_3_0__f_clk/X (sky130_fd_sc_hd__clkbuf_16)
                                                         clknet_3_0__leaf_clk (net)
                      0.091765    0.001564   11.198412 ^ _13387_/CLK (sky130_fd_sc_hd__dfrtp_1)
                                 -0.250000   10.948412   clock uncertainty
                                  0.000000   10.948412   clock reconvergence pessimism
                                  0.472518   11.420929   library recovery time
                                             11.420929   data required time
---------------------------------------------------------------------------------------------
                                             11.420929   data required time
                                             -3.367289   data arrival time
---------------------------------------------------------------------------------------------
                                              8.053640   slack (MET)


Startpoint: in3[3] (input port clocked by clk)
Endpoint: _13400_ (rising edge-triggered flip-flop clocked by clk)
Path Group: clk
Path Type: max

Fanout         Cap        Slew       Delay        Time   Description
---------------------------------------------------------------------------------------------
                                  0.000000    0.000000   clock clk (rise edge)
                                  0.000000    0.000000   clock network delay (propagated)
                                  2.000000    2.000000 ^ input external delay
     1    0.002818    0.032375    0.015887    2.015887 ^ in3[3] (in)
                                                         in3[3] (net)
                      0.032376    0.000000    2.015887 ^ input28/A (sky130_fd_sc_hd__clkbuf_2)
     3    0.044983    0.382201    0.394585    2.410472 ^ input28/X (sky130_fd_sc_hd__clkbuf_2)
                                                         net28 (net)
                      0.382231    0.002851    2.413324 ^ fanout445/A (sky130_fd_sc_hd__buf_2)
     6    0.055348    0.429564    0.587521    3.000845 ^ fanout445/X (sky130_fd_sc_hd__buf_2)
                                                         net445 (net)
                      0.429571    0.002403    3.003248 ^ fanout443/A (sky130_fd_sc_hd__dlymetal6s2s_1)
     5    0.023361    0.376983    0.519100    3.522348 ^ fanout443/X (sky130_fd_sc_hd__dlymetal6s2s_1)
                                                         net443 (net)
                      0.376983    0.001080    3.523427 ^ fanout442/A (sky130_fd_sc_hd__buf_2)
    10    0.038701    0.306313    0.497103    4.020531 ^ fanout442/X (sky130_fd_sc_hd__buf_2)
                                                         net442 (net)
                      0.306347    0.003377    4.023908 ^ _10753_/B (sky130_fd_sc_hd__and4_1)
     2    0.004519    0.125396    0.472627    4.496535 ^ _10753_/X (sky130_fd_sc_hd__and4_1)
                                                         _03605_ (net)
                      0.125396    0.000082    4.496617 ^ _10755_/A_N (sky130_fd_sc_hd__and2b_1)
     1    0.004659    0.081681    0.397111    4.893728 v _10755_/X (sky130_fd_sc_hd__and2b_1)
                                                         _03607_ (net)
                      0.081681    0.000138    4.893866 v _10757_/A (sky130_fd_sc_hd__xnor2_1)
     2    0.007040    0.322234    0.351818    5.245683 ^ _10757_/Y (sky130_fd_sc_hd__xnor2_1)
                                                         _03610_ (net)
                      0.322234    0.000148    5.245831 ^ _10765_/A (sky130_fd_sc_hd__nand3_1)
     3    0.008556    0.259014    0.333171    5.579002 v _10765_/Y (sky130_fd_sc_hd__nand3_1)
                                                         _03618_ (net)
                      0.259014    0.000193    5.579195 v _10767_/B (sky130_fd_sc_hd__and3_1)
     3    0.015493    0.171036    0.531025    6.110220 v _10767_/X (sky130_fd_sc_hd__and3_1)
                                                         _03621_ (net)
                      0.171036    0.000278    6.110498 v _10770_/A1 (sky130_fd_sc_hd__o211a_1)
     2    0.012052    0.152838    0.530080    6.640578 v _10770_/X (sky130_fd_sc_hd__o211a_1)
                                                         _03624_ (net)
                      0.152838    0.000238    6.640816 v _10804_/B (sky130_fd_sc_hd__nor4_4)
     3    0.010846    0.431069    0.554347    7.195163 ^ _10804_/Y (sky130_fd_sc_hd__nor4_4)
                                                         _03661_ (net)
                      0.431069    0.000188    7.195352 ^ max_cap236/A (sky130_fd_sc_hd__clkbuf_2)
     2    0.008927    0.097151    0.354958    7.550310 ^ max_cap236/X (sky130_fd_sc_hd__clkbuf_2)
                                                         net236 (net)
                      0.097151    0.000228    7.550538 ^ _10808_/A1 (sky130_fd_sc_hd__o211ai_2)
     2    0.012031    0.218596    0.277151    7.827689 v _10808_/Y (sky130_fd_sc_hd__o211ai_2)
                                                         _03666_ (net)
                      0.218596    0.000459    7.828148 v _10809_/C (sky130_fd_sc_hd__and3_4)
     4    0.019244    0.087418    0.435437    8.263586 v _10809_/X (sky130_fd_sc_hd__and3_4)
                                                         _03667_ (net)
                      0.087418    0.000242    8.263827 v _10970_/C1 (sky130_fd_sc_hd__a211o_1)
     3    0.017317    0.202482    0.571707    8.835534 v _10970_/X (sky130_fd_sc_hd__a211o_1)
                                                         _03843_ (net)
                      0.202482    0.000871    8.836406 v _10972_/A2 (sky130_fd_sc_hd__a21o_1)
     2    0.007980    0.100322    0.413722    9.250127 v _10972_/X (sky130_fd_sc_hd__a21o_1)
                                                         _03845_ (net)
                      0.100322    0.000222    9.250349 v _10974_/A2 (sky130_fd_sc_hd__a211o_1)
     3    0.012468    0.172663    0.648869    9.899218 v _10974_/X (sky130_fd_sc_hd__a211o_1)
                                                         _03847_ (net)
                      0.172663    0.000378    9.899596 v _10976_/A2 (sky130_fd_sc_hd__a21o_1)
     2    0.007463    0.096305    0.397264   10.296860 v _10976_/X (sky130_fd_sc_hd__a21o_1)
                                                         _03849_ (net)
                      0.096305    0.000154   10.297013 v _10978_/A2 (sky130_fd_sc_hd__a211o_1)
     3    0.012578    0.173675    0.648466   10.945479 v _10978_/X (sky130_fd_sc_hd__a211o_1)
                                                         _03852_ (net)
                      0.173675    0.000199   10.945679 v _10980_/A2 (sky130_fd_sc_hd__a21o_1)
     3    0.011304    0.127244    0.427231   11.372910 v _10980_/X (sky130_fd_sc_hd__a21o_1)
                                                         _03854_ (net)
                      0.127244    0.000250   11.373159 v _10981_/C1 (sky130_fd_sc_hd__o211a_1)
     4    0.012638    0.158425    0.306587   11.679747 v _10981_/X (sky130_fd_sc_hd__o211a_1)
                                                         _03855_ (net)
                      0.158425    0.000385   11.680132 v _11129_/A (sky130_fd_sc_hd__or4_4)
     2    0.008658    0.169777    1.108494   12.788626 v _11129_/X (sky130_fd_sc_hd__or4_4)
                                                         _04017_ (net)
                      0.169777    0.000245   12.788871 v _11383_/A3 (sky130_fd_sc_hd__o311a_4)
     2    0.029830    0.151305    0.681334   13.470205 v _11383_/X (sky130_fd_sc_hd__o311a_4)
                                                         _04294_ (net)
                      0.151311    0.002150   13.472355 v _11384_/A (sky130_fd_sc_hd__nor2_8)
     3    0.023708    0.188471    0.267772   13.740127 ^ _11384_/Y (sky130_fd_sc_hd__nor2_8)
                                                         _04295_ (net)
                      0.188471    0.000596   13.740723 ^ _11590_/A3 (sky130_fd_sc_hd__o31ai_4)
     2    0.012045    0.159306    0.165979   13.906702 v _11590_/Y (sky130_fd_sc_hd__o31ai_4)
                                                         _04520_ (net)
                      0.159306    0.000570   13.907272 v rebuffer44/A (sky130_fd_sc_hd__clkbuf_1)
     1    0.004582    0.068496    0.218875   14.126147 v rebuffer44/X (sky130_fd_sc_hd__clkbuf_1)
                                                         net744 (net)
                      0.068496    0.000133   14.126280 v _11591_/B (sky130_fd_sc_hd__xor2_1)
     1    0.002242    0.110969    0.255804   14.382085 v _11591_/X (sky130_fd_sc_hd__xor2_1)
                                                         _00017_ (net)
                      0.110969    0.000044   14.382129 v _13400_/D (sky130_fd_sc_hd__dfrtp_1)
                                             14.382129   data arrival time

                                 10.000000   10.000000   clock clk (rise edge)
                                  0.000000   10.000000   clock source latency
     1    0.059107    0.423982    0.297086   10.297086 ^ clk (in)
                                                         clk (net)
                      0.424046    0.000000   10.297086 ^ clkbuf_0_clk/A (sky130_fd_sc_hd__clkbuf_16)
     8    0.181180    0.289531    0.552742   10.849828 ^ clkbuf_0_clk/X (sky130_fd_sc_hd__clkbuf_16)
                                                         clknet_0_clk (net)
                      0.289608    0.003943   10.853770 ^ clkbuf_3_1__f_clk/A (sky130_fd_sc_hd__clkbuf_16)
     9    0.045313    0.101696    0.352628   11.206399 ^ clkbuf_3_1__f_clk/X (sky130_fd_sc_hd__clkbuf_16)
                                                         clknet_3_1__leaf_clk (net)
                      0.102151    0.004774   11.211173 ^ _13400_/CLK (sky130_fd_sc_hd__dfrtp_1)
                                 -0.250000   10.961173   clock uncertainty
                                  0.000000   10.961173   clock reconvergence pessimism
                                 -0.285072   10.676101   library setup time
                                             10.676101   data required time
---------------------------------------------------------------------------------------------
                                             10.676101   data required time
                                            -14.382129   data arrival time
---------------------------------------------------------------------------------------------
                                             -3.706028   slack (VIOLATED)




===========================================================================
report_checks --slack_max -0.01
============================================================================
======================= nom_ss_100C_1v60 Corner ===================================

Startpoint: in3[3] (input port clocked by clk)
Endpoint: _13400_ (rising edge-triggered flip-flop clocked by clk)
Path Group: clk
Path Type: max

Fanout         Cap        Slew       Delay        Time   Description
---------------------------------------------------------------------------------------------
                                  0.000000    0.000000   clock clk (rise edge)
                                  0.000000    0.000000   clock network delay (propagated)
                                  2.000000    2.000000 ^ input external delay
     1    0.002818    0.032375    0.015887    2.015887 ^ in3[3] (in)
                                                         in3[3] (net)
                      0.032376    0.000000    2.015887 ^ input28/A (sky130_fd_sc_hd__clkbuf_2)
     3    0.044983    0.382201    0.394585    2.410472 ^ input28/X (sky130_fd_sc_hd__clkbuf_2)
                                                         net28 (net)
                      0.382231    0.002851    2.413324 ^ fanout445/A (sky130_fd_sc_hd__buf_2)
     6    0.055348    0.429564    0.587521    3.000845 ^ fanout445/X (sky130_fd_sc_hd__buf_2)
                                                         net445 (net)
                      0.429571    0.002403    3.003248 ^ fanout443/A (sky130_fd_sc_hd__dlymetal6s2s_1)
     5    0.023361    0.376983    0.519100    3.522348 ^ fanout443/X (sky130_fd_sc_hd__dlymetal6s2s_1)
                                                         net443 (net)
                      0.376983    0.001080    3.523427 ^ fanout442/A (sky130_fd_sc_hd__buf_2)
    10    0.038701    0.306313    0.497103    4.020531 ^ fanout442/X (sky130_fd_sc_hd__buf_2)
                                                         net442 (net)
                      0.306347    0.003377    4.023908 ^ _10753_/B (sky130_fd_sc_hd__and4_1)
     2    0.004519    0.125396    0.472627    4.496535 ^ _10753_/X (sky130_fd_sc_hd__and4_1)
                                                         _03605_ (net)
                      0.125396    0.000082    4.496617 ^ _10755_/A_N (sky130_fd_sc_hd__and2b_1)
     1    0.004659    0.081681    0.397111    4.893728 v _10755_/X (sky130_fd_sc_hd__and2b_1)
                                                         _03607_ (net)
                      0.081681    0.000138    4.893866 v _10757_/A (sky130_fd_sc_hd__xnor2_1)
     2    0.007040    0.322234    0.351818    5.245683 ^ _10757_/Y (sky130_fd_sc_hd__xnor2_1)
                                                         _03610_ (net)
                      0.322234    0.000148    5.245831 ^ _10765_/A (sky130_fd_sc_hd__nand3_1)
     3    0.008556    0.259014    0.333171    5.579002 v _10765_/Y (sky130_fd_sc_hd__nand3_1)
                                                         _03618_ (net)
                      0.259014    0.000193    5.579195 v _10767_/B (sky130_fd_sc_hd__and3_1)
     3    0.015493    0.171036    0.531025    6.110220 v _10767_/X (sky130_fd_sc_hd__and3_1)
                                                         _03621_ (net)
                      0.171036    0.000278    6.110498 v _10770_/A1 (sky130_fd_sc_hd__o211a_1)
     2    0.012052    0.152838    0.530080    6.640578 v _10770_/X (sky130_fd_sc_hd__o211a_1)
                                                         _03624_ (net)
                      0.152838    0.000238    6.640816 v _10804_/B (sky130_fd_sc_hd__nor4_4)
     3    0.010846    0.431069    0.554347    7.195163 ^ _10804_/Y (sky130_fd_sc_hd__nor4_4)
                                                         _03661_ (net)
                      0.431069    0.000188    7.195352 ^ max_cap236/A (sky130_fd_sc_hd__clkbuf_2)
     2    0.008927    0.097151    0.354958    7.550310 ^ max_cap236/X (sky130_fd_sc_hd__clkbuf_2)
                                                         net236 (net)
                      0.097151    0.000228    7.550538 ^ _10808_/A1 (sky130_fd_sc_hd__o211ai_2)
     2    0.012031    0.218596    0.277151    7.827689 v _10808_/Y (sky130_fd_sc_hd__o211ai_2)
                                                         _03666_ (net)
                      0.218596    0.000459    7.828148 v _10809_/C (sky130_fd_sc_hd__and3_4)
     4    0.019244    0.087418    0.435437    8.263586 v _10809_/X (sky130_fd_sc_hd__and3_4)
                                                         _03667_ (net)
                      0.087418    0.000242    8.263827 v _10970_/C1 (sky130_fd_sc_hd__a211o_1)
     3    0.017317    0.202482    0.571707    8.835534 v _10970_/X (sky130_fd_sc_hd__a211o_1)
                                                         _03843_ (net)
                      0.202482    0.000871    8.836406 v _10972_/A2 (sky130_fd_sc_hd__a21o_1)
     2    0.007980    0.100322    0.413722    9.250127 v _10972_/X (sky130_fd_sc_hd__a21o_1)
                                                         _03845_ (net)
                      0.100322    0.000222    9.250349 v _10974_/A2 (sky130_fd_sc_hd__a211o_1)
     3    0.012468    0.172663    0.648869    9.899218 v _10974_/X (sky130_fd_sc_hd__a211o_1)
                                                         _03847_ (net)
                      0.172663    0.000378    9.899596 v _10976_/A2 (sky130_fd_sc_hd__a21o_1)
     2    0.007463    0.096305    0.397264   10.296860 v _10976_/X (sky130_fd_sc_hd__a21o_1)
                                                         _03849_ (net)
                      0.096305    0.000154   10.297013 v _10978_/A2 (sky130_fd_sc_hd__a211o_1)
     3    0.012578    0.173675    0.648466   10.945479 v _10978_/X (sky130_fd_sc_hd__a211o_1)
                                                         _03852_ (net)
                      0.173675    0.000199   10.945679 v _10980_/A2 (sky130_fd_sc_hd__a21o_1)
     3    0.011304    0.127244    0.427231   11.372910 v _10980_/X (sky130_fd_sc_hd__a21o_1)
                                                         _03854_ (net)
                      0.127244    0.000250   11.373159 v _10981_/C1 (sky130_fd_sc_hd__o211a_1)
     4    0.012638    0.158425    0.306587   11.679747 v _10981_/X (sky130_fd_sc_hd__o211a_1)
                                                         _03855_ (net)
                      0.158425    0.000385   11.680132 v _11129_/A (sky130_fd_sc_hd__or4_4)
     2    0.008658    0.169777    1.108494   12.788626 v _11129_/X (sky130_fd_sc_hd__or4_4)
                                                         _04017_ (net)
                      0.169777    0.000245   12.788871 v _11383_/A3 (sky130_fd_sc_hd__o311a_4)
     2    0.029830    0.151305    0.681334   13.470205 v _11383_/X (sky130_fd_sc_hd__o311a_4)
                                                         _04294_ (net)
                      0.151311    0.002150   13.472355 v _11384_/A (sky130_fd_sc_hd__nor2_8)
     3    0.023708    0.188471    0.267772   13.740127 ^ _11384_/Y (sky130_fd_sc_hd__nor2_8)
                                                         _04295_ (net)
                      0.188471    0.000596   13.740723 ^ _11590_/A3 (sky130_fd_sc_hd__o31ai_4)
     2    0.012045    0.159306    0.165979   13.906702 v _11590_/Y (sky130_fd_sc_hd__o31ai_4)
                                                         _04520_ (net)
                      0.159306    0.000570   13.907272 v rebuffer44/A (sky130_fd_sc_hd__clkbuf_1)
     1    0.004582    0.068496    0.218875   14.126147 v rebuffer44/X (sky130_fd_sc_hd__clkbuf_1)
                                                         net744 (net)
                      0.068496    0.000133   14.126280 v _11591_/B (sky130_fd_sc_hd__xor2_1)
     1    0.002242    0.110969    0.255804   14.382085 v _11591_/X (sky130_fd_sc_hd__xor2_1)
                                                         _00017_ (net)
                      0.110969    0.000044   14.382129 v _13400_/D (sky130_fd_sc_hd__dfrtp_1)
                                             14.382129   data arrival time

                                 10.000000   10.000000   clock clk (rise edge)
                                  0.000000   10.000000   clock source latency
     1    0.059107    0.423982    0.297086   10.297086 ^ clk (in)
                                                         clk (net)
                      0.424046    0.000000   10.297086 ^ clkbuf_0_clk/A (sky130_fd_sc_hd__clkbuf_16)
     8    0.181180    0.289531    0.552742   10.849828 ^ clkbuf_0_clk/X (sky130_fd_sc_hd__clkbuf_16)
                                                         clknet_0_clk (net)
                      0.289608    0.003943   10.853770 ^ clkbuf_3_1__f_clk/A (sky130_fd_sc_hd__clkbuf_16)
     9    0.045313    0.101696    0.352628   11.206399 ^ clkbuf_3_1__f_clk/X (sky130_fd_sc_hd__clkbuf_16)
                                                         clknet_3_1__leaf_clk (net)
                      0.102151    0.004774   11.211173 ^ _13400_/CLK (sky130_fd_sc_hd__dfrtp_1)
                                 -0.250000   10.961173   clock uncertainty
                                  0.000000   10.961173   clock reconvergence pessimism
                                 -0.285072   10.676101   library setup time
                                             10.676101   data required time
---------------------------------------------------------------------------------------------
                                             10.676101   data required time
                                            -14.382129   data arrival time
---------------------------------------------------------------------------------------------
                                             -3.706028   slack (VIOLATED)




===========================================================================
 report_check_types -max_slew -max_cap -max_fanout -violators
============================================================================
======================= nom_ss_100C_1v60 Corner ===================================

max slew

Pin                                        Limit        Slew       Slack
------------------------------------------------------------------------
_06984_/Y                               0.750000    1.094121   -0.344121 (VIOLATED)
_07061_/A                               0.750000    1.094121   -0.344121 (VIOLATED)
_07062_/A1                              0.750000    1.094121   -0.344121 (VIOLATED)
_07202_/A2                              0.750000    1.094121   -0.344121 (VIOLATED)
_07203_/C1                              0.750000    1.094121   -0.344121 (VIOLATED)
_10339_/Y                               0.750000    0.874643   -0.124643 (VIOLATED)
_10342_/B1                              0.750000    0.874643   -0.124643 (VIOLATED)
_10343_/A1                              0.750000    0.874643   -0.124643 (VIOLATED)
_06852_/X                               0.750000    0.803368   -0.053368 (VIOLATED)
_06923_/A                               0.750000    0.803368   -0.053368 (VIOLATED)
_06924_/A                               0.750000    0.803368   -0.053368 (VIOLATED)
_06925_/B1                              0.750000    0.803368   -0.053368 (VIOLATED)
_09189_/Y                               0.750000    0.799869   -0.049869 (VIOLATED)
_09190_/B                               0.750000    0.799869   -0.049869 (VIOLATED)
_09349_/A1                              0.750000    0.799869   -0.049869 (VIOLATED)
_08636_/Y                               0.750000    0.760342   -0.010342 (VIOLATED)
_08713_/A                               0.750000    0.760342   -0.010342 (VIOLATED)
_08714_/A1                              0.750000    0.760342   -0.010342 (VIOLATED)
_08854_/A2                              0.750000    0.760342   -0.010342 (VIOLATED)
_08855_/C1                              0.750000    0.760342   -0.010342 (VIOLATED)
_09185_/Y                               0.750000    0.756445   -0.006445 (VIOLATED)
_09344_/C1                              0.750000    0.756445   -0.006445 (VIOLATED)
_09345_/C1                              0.750000    0.756445   -0.006445 (VIOLATED)
_09346_/A2                              0.750000    0.756445   -0.006445 (VIOLATED)

max fanout

Pin                                   Limit Fanout  Slack
---------------------------------------------------------
input89/X                                10     12     -2 (VIOLATED)
clkbuf_3_4__f_clk/X                      10     11        (VIOLATED)



===========================================================================
report_parasitic_annotation -report_unannotated
============================================================================
Found 7 unannotated drivers.
 clkload0/Y
 clkload1/Y
 clkload2/Y
 clkload3/X
 clkload4/Y
 clkload5/Y
 clkload6/X
Found 0 partially unannotated drivers.

===========================================================================
max slew violation count 24
max fanout violation count 2
max cap violation count 0
============================================================================

===========================================================================
check_setup -verbose -unconstrained_endpoints -multiple_clock -no_clock -no_input_delay -loops -generated_clocks
===========================================================================
