Clock: clk
Sources: clk 
Generated: no
Virtual: yes
Propagated: no
Period: 10.000000

===========================================================================
report_clock_properties
============================================================================
Clock                   Period          Waveform
----------------------------------------------------
clk                  10.000000    0.000000  5.000000

===========================================================================
report_clock_latency
============================================================================
Clock clk
rise -> rise
    min     max
0.000000 0.000000 source latency
1.192787         network latency _13357_/CLK
        1.223631 network latency _13416_/CLK
---------------
1.192787 1.223631 latency
        0.030844 skew

fall -> fall
    min     max
0.000000 0.000000 source latency
0.993930         network latency _13357_/CLK
        1.020792 network latency _13416_/CLK
---------------
0.993930 1.020792 latency
        0.026862 skew



===========================================================================
report_clock_min_period
============================================================================
clk period_min = 0.00 fmax = inf
