┏━━━━━━━┳━━━━━━━━━┳━━━━━━━━━━┳━━━━━━━━━┳━━━━━━━━━━━━━┳━━━━━━━┓
┃ P / R ┃ Partial ┃ Required ┃ Net     ┃ Pin         ┃ Layer ┃
┡━━━━━━━╇━━━━━━━━━╇━━━━━━━━━━╇━━━━━━━━━╇━━━━━━━━━━━━━╇━━━━━━━┩
│ 3.84  │ 1534.64 │ 400.00   │ net441  │ fanout440/A │ met3  │
│ 1.88  │ 751.72  │ 400.00   │ net28   │ fanout449/A │ met1  │
│ 1.79  │ 715.05  │ 400.00   │ net26   │ fanout466/A │ met1  │
│ 1.71  │ 685.15  │ 400.00   │ net10   │ fanout689/A │ met1  │
│ 1.68  │ 673.25  │ 400.00   │ net8    │ fanout292/A │ met1  │
│ 1.66  │ 663.82  │ 400.00   │ net569  │ fanout566/A │ met1  │
│ 1.61  │ 642.97  │ 400.00   │ net15   │ fanout571/A │ met1  │
│ 1.57  │ 627.30  │ 400.00   │ net32   │ fanout401/A │ met3  │
│ 1.57  │ 627.30  │ 400.00   │ net32   │ fanout405/A │ met3  │
│ 1.57  │ 627.30  │ 400.00   │ net32   │ fanout407/A │ met3  │
│ 1.45  │ 578.70  │ 400.00   │ net511  │ fanout506/A │ met1  │
│ 1.38  │ 553.08  │ 400.00   │ net17   │ fanout533/A │ met1  │
│ 1.28  │ 510.19  │ 400.00   │ _02087_ │ _10891_/A   │ met1  │
│ 1.28  │ 510.19  │ 400.00   │ _02087_ │ _12543_/A   │ met1  │
│ 1.19  │ 477.72  │ 400.00   │ _02109_ │ _11393_/A   │ met1  │
│ 1.19  │ 477.72  │ 400.00   │ _02109_ │ _13043_/A   │ met1  │
│ 1.15  │ 461.10  │ 400.00   │ _02098_ │ _08043_/A   │ met1  │
│ 1.15  │ 461.10  │ 400.00   │ _02098_ │ _09691_/A   │ met1  │
│ 1.14  │ 454.28  │ 400.00   │ _02055_ │ _07556_/A   │ met1  │
│ 1.14  │ 454.28  │ 400.00   │ _02055_ │ _09209_/A   │ met1  │
│ 1.13  │ 451.65  │ 400.00   │ net207  │ output207/A │ met1  │
│ 1.10  │ 440.48  │ 400.00   │ _02077_ │ _07709_/B   │ met1  │
│ 1.10  │ 440.48  │ 400.00   │ _02077_ │ _09367_/B   │ met1  │
│ 1.09  │ 434.81  │ 400.00   │ net89   │ _10624_/A   │ met1  │
│ 1.09  │ 434.81  │ 400.00   │ net89   │ _11003_/D   │ met1  │
│ 1.01  │ 403.89  │ 400.00   │ _02109_ │ _08099_/A   │ met1  │
└───────┴─────────┴──────────┴─────────┴─────────────┴───────┘
