┏━━━━━━━━━━━━━━━━━━━━━━┳━━━━━━━━━━┳━━━━━━━━━━┳━━━━━━━━━━┳━━━━━━━━━━┳━━━━━━━━━━━┳━━━━━━━━━━┳━━━━━━━━━━━┳━━━━━━━━━━┳━━━━━━━━━━━┳━━━━━━━━━━┳━━━━━━━━━━━┳━━━━━━━━━━┓
┃                      ┃ Hold     ┃ Reg to   ┃          ┃          ┃ of which  ┃ Setup    ┃           ┃          ┃           ┃ of which ┃           ┃          ┃
┃                      ┃ Worst    ┃ Reg      ┃          ┃ Hold Vio ┃ reg to    ┃ Worst    ┃ Reg to    ┃ Setup    ┃ Setup Vio ┃ reg to   ┃ Max Cap   ┃ Max Slew ┃
┃ Corner/Group         ┃ Slack    ┃ Paths    ┃ Hold TNS ┃ Count    ┃ reg       ┃ Slack    ┃ Reg Paths ┃ TNS      ┃ Count     ┃ reg      ┃ Violatio… ┃ Violati… ┃
┡━━━━━━━━━━━━━━━━━━━━━━╇━━━━━━━━━━╇━━━━━━━━━━╇━━━━━━━━━━╇━━━━━━━━━━╇━━━━━━━━━━━╇━━━━━━━━━━╇━━━━━━━━━━━╇━━━━━━━━━━╇━━━━━━━━━━━╇━━━━━━━━━━╇━━━━━━━━━━━╇━━━━━━━━━━┩
│ Overall              │ 0.1315   │ 0.1315   │ 0.0000   │ 0        │ 0         │ -5.3377  │ -5.3377   │ -61.7838 │ 21        │ 21       │ 3         │ 403      │
│ nom_tt_025C_1v80     │ 0.3474   │ 0.3474   │ 0.0000   │ 0        │ 0         │ 3.7597   │ 3.7597    │ 0.0000   │ 0         │ 0        │ 2         │ 250      │
│ nom_ss_100C_1v60     │ 0.9768   │ 0.9768   │ 0.0000   │ 0        │ 0         │ -5.3377  │ -5.3377   │ -61.7838 │ 21        │ 21       │ 3         │ 403      │
│ nom_ff_n40C_1v95     │ 0.1315   │ 0.1315   │ 0.0000   │ 0        │ 0         │ 6.7614   │ 6.8494    │ 0.0000   │ 0         │ 0        │ 1         │ 137      │
└──────────────────────┴──────────┴──────────┴──────────┴──────────┴───────────┴──────────┴───────────┴──────────┴───────────┴──────────┴───────────┴──────────┘
