Clock: aclk
Sources: aclk 
Generated: no
Virtual: no
Propagated: no
Period: 12.000000

===========================================================================
report_clock_properties
============================================================================
Clock                   Period          Waveform
----------------------------------------------------
aclk                 12.000000    0.000000  6.000000

===========================================================================
report_clock_latency
============================================================================
Clock aclk
rise -> rise
    min     max
0.000000 0.000000 source latency
0.292924         network latency _2072_/CLK
        0.292924 network latency _2072_/CLK
---------------
0.292924 0.292924 latency
        0.000000 skew

fall -> fall
    min     max
0.000000 0.000000 source latency
0.136638         network latency _2072_/CLK
        0.136638 network latency _2072_/CLK
---------------
0.136638 0.136638 latency
        0.000000 skew



===========================================================================
report_clock_min_period
============================================================================
aclk period_min = 8.24 fmax = 121.36
