
===========================================================================
 report_power
============================================================================
======================= nom_tt_025C_1v80 Corner ===================================

Group                    Internal    Switching      Leakage        Total
                            Power        Power        Power        Power (Watts)
------------------------------------------------------------------------
Sequential           1.046527e-04 3.854704e-06 4.088400e-10 1.085079e-04  27.2%
Combinational        9.371779e-05 1.091021e-04 4.674206e-09 2.028246e-04  50.9%
Clock                4.758155e-05 3.947183e-05 4.452666e-10 8.705383e-05  21.9%
Macro                0.000000e+00 0.000000e+00 0.000000e+00 0.000000e+00   0.0%
Pad                  0.000000e+00 0.000000e+00 0.000000e+00 0.000000e+00   0.0%
------------------------------------------------------------------------
Total                2.459520e-04 1.524287e-04 5.528315e-09 3.983862e-04 100.0%
                            61.7%        38.3%         0.0%
Writing metric power__internal__total: 0.00024595201830379665
Writing metric power__switching__total: 0.00015242869267240167
Writing metric power__leakage__total: 5.528314694913661e-9
Writing metric power__total: 0.0003983862407039851

