
===========================================================================
report_checks -unconstrained
===========================================================================
======================= nom_tt_025C_1v80 Corner ===================================

Startpoint: _2088_ (rising edge-triggered flip-flop clocked by aclk)
Endpoint: _2120_ (rising edge-triggered flip-flop clocked by aclk)
Path Group: aclk
Path Type: max

Fanout         Cap        Slew       Delay        Time   Description
---------------------------------------------------------------------------------------------
                                  0.000000    0.000000   clock aclk (rise edge)
                                  0.000000    0.000000   clock source latency
     1    0.018604    0.089496    0.061502    0.061502 ^ aclk (in)
                                                         aclk (net)
                      0.089504    0.000000    0.061502 ^ clkbuf_0_aclk/A (sky130_fd_sc_hd__clkbuf_16)
     4    0.042104    0.061695    0.159805    0.221307 ^ clkbuf_0_aclk/X (sky130_fd_sc_hd__clkbuf_16)
                                                         clknet_0_aclk (net)
                      0.061696    0.000368    0.221675 ^ clkbuf_2_0__f_aclk/A (sky130_fd_sc_hd__clkbuf_16)
    18    0.050171    0.068962    0.155586    0.377261 ^ clkbuf_2_0__f_aclk/X (sky130_fd_sc_hd__clkbuf_16)
                                                         clknet_2_0__leaf_aclk (net)
                      0.068966    0.000579    0.377841 ^ _2088_/CLK (sky130_fd_sc_hd__dfxtp_2)
     2    0.010506    0.063814    0.342561    0.720402 ^ _2088_/Q (sky130_fd_sc_hd__dfxtp_2)
                                                         internal_rssi[7] (net)
                      0.063814    0.000030    0.720432 ^ fanout88/A (sky130_fd_sc_hd__buf_8)
     2    0.009910    0.030432    0.094259    0.814692 ^ fanout88/X (sky130_fd_sc_hd__buf_8)
                                                         net88 (net)
                      0.030432    0.000034    0.814725 ^ fanout86/A (sky130_fd_sc_hd__buf_8)
     5    0.035420    0.067283    0.111870    0.926595 ^ fanout86/X (sky130_fd_sc_hd__buf_8)
                                                         net86 (net)
                      0.067288    0.000662    0.927257 ^ _1270_/A (sky130_fd_sc_hd__nand2_8)
     3    0.020538    0.043846    0.057703    0.984960 v _1270_/Y (sky130_fd_sc_hd__nand2_8)
                                                         _0408_ (net)
                      0.043884    0.000662    0.985622 v fanout78/A (sky130_fd_sc_hd__buf_8)
     6    0.026907    0.034818    0.128185    1.113807 v fanout78/X (sky130_fd_sc_hd__buf_8)
                                                         net78 (net)
                      0.034818    0.000010    1.113817 v fanout77/A (sky130_fd_sc_hd__buf_8)
     5    0.023367    0.032622    0.121600    1.235417 v fanout77/X (sky130_fd_sc_hd__buf_8)
                                                         net77 (net)
                      0.032632    0.000525    1.235942 v fanout75/A (sky130_fd_sc_hd__buf_8)
     5    0.013738    0.027103    0.113759    1.349701 v fanout75/X (sky130_fd_sc_hd__buf_8)
                                                         net75 (net)
                      0.027103    0.000089    1.349790 v _1451_/B (sky130_fd_sc_hd__or3_4)
     3    0.007640    0.071006    0.362884    1.712674 v _1451_/X (sky130_fd_sc_hd__or3_4)
                                                         _0585_ (net)
                      0.071006    0.000012    1.712686 v _1455_/A2 (sky130_fd_sc_hd__a211o_1)
     3    0.006512    0.067082    0.316859    2.029545 v _1455_/X (sky130_fd_sc_hd__a211o_1)
                                                         _0589_ (net)
                      0.067082    0.000011    2.029556 v _1456_/C_N (sky130_fd_sc_hd__or3b_4)
     3    0.006395    0.040978    0.238075    2.267632 ^ _1456_/X (sky130_fd_sc_hd__or3b_4)
                                                         _0590_ (net)
                      0.040978    0.000010    2.267641 ^ rebuffer14/A (sky130_fd_sc_hd__dlymetal6s2s_1)
     1    0.004846    0.077063    0.108555    2.376197 ^ rebuffer14/X (sky130_fd_sc_hd__dlymetal6s2s_1)
                                                         net150 (net)
                      0.077063    0.000005    2.376202 ^ _1461_/A1 (sky130_fd_sc_hd__a21oi_2)
     2    0.004355    0.040889    0.055763    2.431964 v _1461_/Y (sky130_fd_sc_hd__a21oi_2)
                                                         _0595_ (net)
                      0.040889    0.000008    2.431972 v _1462_/A (sky130_fd_sc_hd__or2_4)
     2    0.004809    0.047566    0.241708    2.673680 v _1462_/X (sky130_fd_sc_hd__or2_4)
                                                         _0596_ (net)
                      0.047566    0.000008    2.673687 v _1465_/B (sky130_fd_sc_hd__and2_4)
     2    0.006744    0.032815    0.157433    2.831120 v _1465_/X (sky130_fd_sc_hd__and2_4)
                                                         _0599_ (net)
                      0.032815    0.000013    2.831133 v _1468_/A1 (sky130_fd_sc_hd__o211a_1)
     2    0.005214    0.051102    0.224830    3.055964 v _1468_/X (sky130_fd_sc_hd__o211a_1)
                                                         _0602_ (net)
                      0.051102    0.000015    3.055978 v _1469_/B1 (sky130_fd_sc_hd__a211o_1)
     4    0.010886    0.086679    0.309997    3.365975 v _1469_/X (sky130_fd_sc_hd__a211o_1)
                                                         _0603_ (net)
                      0.086679    0.000020    3.365995 v _1511_/A1 (sky130_fd_sc_hd__a211o_1)
     2    0.006556    0.067400    0.287957    3.653952 v _1511_/X (sky130_fd_sc_hd__a211o_1)
                                                         _0644_ (net)
                      0.067400    0.000021    3.653973 v rebuffer3/A (sky130_fd_sc_hd__buf_6)
     3    0.013081    0.027702    0.128632    3.782605 v rebuffer3/X (sky130_fd_sc_hd__buf_6)
                                                         net139 (net)
                      0.027702    0.000072    3.782677 v _1550_/A (sky130_fd_sc_hd__xor2_2)
     3    0.006804    0.069164    0.167822    3.950499 v _1550_/X (sky130_fd_sc_hd__xor2_2)
                                                         _0682_ (net)
                      0.069164    0.000023    3.950522 v _1589_/B (sky130_fd_sc_hd__or3_4)
     2    0.004158    0.064250    0.366004    4.316526 v _1589_/X (sky130_fd_sc_hd__or3_4)
                                                         _0719_ (net)
                      0.064250    0.000012    4.316538 v _1590_/B (sky130_fd_sc_hd__or3_4)
     1    0.008847    0.074285    0.379714    4.696251 v _1590_/X (sky130_fd_sc_hd__or3_4)
                                                         _0720_ (net)
                      0.074285    0.000015    4.696266 v _1593_/A1 (sky130_fd_sc_hd__o211ai_4)
     5    0.031125    0.291986    0.303903    5.000169 ^ _1593_/Y (sky130_fd_sc_hd__o211ai_4)
                                                         _0723_ (net)
                      0.291986    0.000760    5.000929 ^ _1850_/A2 (sky130_fd_sc_hd__a211oi_4)
     4    0.016249    0.090663    0.128115    5.129044 v _1850_/Y (sky130_fd_sc_hd__a211oi_4)
                                                         _0972_ (net)
                      0.090664    0.000339    5.129383 v _1993_/A3 (sky130_fd_sc_hd__o31a_1)
     2    0.007823    0.070216    0.277556    5.406939 v _1993_/X (sky130_fd_sc_hd__o31a_1)
                                                         _0125_ (net)
                      0.070216    0.000084    5.407023 v _1994_/A (sky130_fd_sc_hd__or2_4)
     5    0.012894    0.057841    0.272939    5.679963 v _1994_/X (sky130_fd_sc_hd__or2_4)
                                                         _0126_ (net)
                      0.057841    0.000092    5.680055 v _2052_/A3 (sky130_fd_sc_hd__a311o_1)
     3    0.008324    0.080463    0.383265    6.063320 v _2052_/X (sky130_fd_sc_hd__a311o_1)
                                                         _0182_ (net)
                      0.080463    0.000042    6.063362 v _2068_/A1 (sky130_fd_sc_hd__a31o_1)
     1    0.002480    0.036425    0.180874    6.244236 v _2068_/X (sky130_fd_sc_hd__a31o_1)
                                                         _0197_ (net)
                      0.036425    0.000004    6.244239 v _2069_/B2 (sky130_fd_sc_hd__o221a_1)
     1    0.001975    0.041462    0.190381    6.434621 v _2069_/X (sky130_fd_sc_hd__o221a_1)
                                                         _0048_ (net)
                      0.041462    0.000002    6.434623 v _2120_/D (sky130_fd_sc_hd__dfxtp_1)
                                              6.434623   data arrival time

                                 12.000000   12.000000   clock aclk (rise edge)
                                  0.000000   12.000000   clock source latency
     1    0.018604    0.089496    0.061502   12.061502 ^ aclk (in)
                                                         aclk (net)
                      0.089504    0.000000   12.061502 ^ clkbuf_0_aclk/A (sky130_fd_sc_hd__clkbuf_16)
     4    0.042104    0.061695    0.159805   12.221306 ^ clkbuf_0_aclk/X (sky130_fd_sc_hd__clkbuf_16)
                                                         clknet_0_aclk (net)
                      0.061696    0.000371   12.221678 ^ clkbuf_2_3__f_aclk/A (sky130_fd_sc_hd__clkbuf_16)
    12    0.052177    0.070845    0.157155   12.378833 ^ clkbuf_2_3__f_aclk/X (sky130_fd_sc_hd__clkbuf_16)
                                                         clknet_2_3__leaf_aclk (net)
                      0.070851    0.000702   12.379534 ^ _2120_/CLK (sky130_fd_sc_hd__dfxtp_1)
                                 -0.250000   12.129534   clock uncertainty
                                  0.000000   12.129534   clock reconvergence pessimism
                                 -0.102940   12.026594   library setup time
                                             12.026594   data required time
---------------------------------------------------------------------------------------------
                                             12.026594   data required time
                                             -6.434623   data arrival time
---------------------------------------------------------------------------------------------
                                              5.591971   slack (MET)




===========================================================================
report_checks --slack_max -0.01
============================================================================
======================= nom_tt_025C_1v80 Corner ===================================

No paths found.


===========================================================================
 report_check_types -max_slew -max_cap -max_fanout -violators
============================================================================
======================= nom_tt_025C_1v80 Corner ===================================

max fanout

Pin                                   Limit Fanout  Slack
---------------------------------------------------------
clkbuf_2_0__f_aclk/X                     10     18     -8 (VIOLATED)
clkbuf_2_1__f_aclk/X                     10     13     -3 (VIOLATED)
clkbuf_2_3__f_aclk/X                     10     12     -2 (VIOLATED)



===========================================================================
report_parasitic_annotation -report_unannotated
============================================================================
Found 3 unannotated drivers.
 clkload0/Y
 clkload1/Y
 clkload2/Y
Found 0 partially unannotated drivers.

===========================================================================
max slew violation count 0
Writing metric design__max_slew_violation__count__corner:nom_tt_025C_1v80: 0
max fanout violation count 3
Writing metric design__max_fanout_violation__count__corner:nom_tt_025C_1v80: 3
max cap violation count 0
Writing metric design__max_cap_violation__count__corner:nom_tt_025C_1v80: 0
============================================================================

===========================================================================
check_setup -verbose -unconstrained_endpoints -multiple_clock -no_clock -no_input_delay -loops -generated_clocks
===========================================================================
