Clock: aclk
Sources: aclk 
Generated: no
Virtual: yes
Propagated: no
Period: 12.000000

===========================================================================
report_clock_properties
============================================================================
Clock                   Period          Waveform
----------------------------------------------------
aclk                 12.000000    0.000000  6.000000

===========================================================================
report_clock_latency
============================================================================
Clock aclk
rise -> rise
    min     max
0.000000 0.000000 source latency
0.377509         network latency _2076_/CLK
        0.380408 network latency _2111_/CLK
---------------
0.377509 0.380408 latency
        0.002899 skew

fall -> fall
    min     max
0.000000 0.000000 source latency
0.350592         network latency _2076_/CLK
        0.352719 network latency _2111_/CLK
---------------
0.350592 0.352719 latency
        0.002127 skew



===========================================================================
report_clock_min_period
============================================================================
aclk period_min = 6.41 fmax = 156.05
