
===========================================================================
 report_power
============================================================================
======================= nom_tt_025C_1v80 Corner ===================================

Group                    Internal    Switching      Leakage        Total
                            Power        Power        Power        Power (Watts)
------------------------------------------------------------------------
Sequential           1.744989e-04 6.428354e-06 4.095453e-10 1.809276e-04  26.4%
Combinational        1.689093e-04 1.878835e-04 4.983959e-09 3.567978e-04  52.1%
Clock                7.976766e-05 6.753775e-05 4.456794e-10 1.473059e-04  21.5%
Macro                0.000000e+00 0.000000e+00 0.000000e+00 0.000000e+00   0.0%
Pad                  0.000000e+00 0.000000e+00 0.000000e+00 0.000000e+00   0.0%
------------------------------------------------------------------------
Total                4.231760e-04 2.618497e-04 5.839186e-09 6.850315e-04 100.0%
                            61.8%        38.2%         0.0%
Writing metric power__internal__total: 0.0004231760394759476
Writing metric power__switching__total: 0.00026184969465248287
Writing metric power__leakage__total: 5.839186023592902e-9
Writing metric power__total: 0.0006850315257906914

