Clock: aclk
Sources: aclk 
Generated: no
Virtual: yes
Propagated: no
Period: 10.000000

===========================================================================
report_clock_properties
============================================================================
Clock                   Period          Waveform
----------------------------------------------------
aclk                 10.000000    0.000000  5.000000

===========================================================================
report_clock_latency
============================================================================
Clock aclk
rise -> rise
    min     max
0.000000 0.000000 source latency
0.348185         network latency _1287_/CLK
        0.350353 network latency _1318_/CLK
---------------
0.348185 0.350353 latency
        0.002168 skew

fall -> fall
    min     max
0.000000 0.000000 source latency
0.331979         network latency _1287_/CLK
        0.333743 network latency _1318_/CLK
---------------
0.331979 0.333743 latency
        0.001764 skew



===========================================================================
report_clock_min_period
============================================================================
aclk period_min = 4.03 fmax = 248.23
