
===========================================================================
 report_power
============================================================================
======================= min_ff_n40C_1v95 Corner ===================================

Group                    Internal    Switching      Leakage        Total
                            Power        Power        Power        Power (Watts)
------------------------------------------------------------------------
Sequential           2.606364e-04 1.808025e-05 7.526757e-10 2.787174e-04  27.9%
Combinational        2.385286e-04 2.899288e-04 4.580476e-09 5.284620e-04  53.0%
Clock                1.068158e-04 8.383890e-05 2.439461e-09 1.906571e-04  19.1%
Macro                0.000000e+00 0.000000e+00 0.000000e+00 0.000000e+00   0.0%
Pad                  0.000000e+00 0.000000e+00 0.000000e+00 0.000000e+00   0.0%
------------------------------------------------------------------------
Total                6.059803e-04 3.918480e-04 7.772617e-09 9.978361e-04 100.0%
                            60.7%        39.3%         0.0%

