Clock: aclk
Sources: aclk 
Generated: no
Virtual: yes
Propagated: no
Period: 20.000000

===========================================================================
report_clock_properties
============================================================================
Clock                   Period          Waveform
----------------------------------------------------
aclk                 20.000000    0.000000 10.000000

===========================================================================
report_clock_latency
============================================================================
Clock aclk
rise -> rise
    min     max
0.000000 0.000000 source latency
0.807347         network latency _2099_/CLK
        0.838821 network latency _2089_/CLK
---------------
0.807347 0.838821 latency
        0.031475 skew

fall -> fall
    min     max
0.000000 0.000000 source latency
0.731945         network latency _2099_/CLK
        0.755748 network latency _2089_/CLK
---------------
0.731945 0.755748 latency
        0.023803 skew



===========================================================================
report_clock_min_period
============================================================================
aclk period_min = 16.10 fmax = 62.11
