
===========================================================================
 report_power
============================================================================
======================= max_ss_100C_1v60 Corner ===================================

Group                    Internal    Switching      Leakage        Total
                            Power        Power        Power        Power (Watts)
------------------------------------------------------------------------
Sequential           8.106323e-05 4.277213e-06 6.961975e-07 8.603665e-05  23.5%
Combinational        7.652096e-05 1.063178e-04 5.121387e-06 1.879601e-04  51.4%
Clock                3.942461e-05 5.249228e-05 1.199049e-07 9.203679e-05  25.1%
Macro                0.000000e+00 0.000000e+00 0.000000e+00 0.000000e+00   0.0%
Pad                  0.000000e+00 0.000000e+00 0.000000e+00 0.000000e+00   0.0%
------------------------------------------------------------------------
Total                1.970087e-04 1.630872e-04 5.937491e-06 3.660334e-04 100.0%
                            53.8%        44.6%         1.6%

