
===========================================================================
report_checks -unconstrained
===========================================================================
======================= nom_tt_025C_1v80 Corner ===================================

Startpoint: _2088_ (rising edge-triggered flip-flop clocked by aclk)
Endpoint: _2120_ (rising edge-triggered flip-flop clocked by aclk)
Path Group: aclk
Path Type: max

Fanout         Cap        Slew       Delay        Time   Description
---------------------------------------------------------------------------------------------
                                  0.000000    0.000000   clock aclk (rise edge)
                                  0.000000    0.000000   clock source latency
    50    0.152256    0.683598    0.473067    0.473067 ^ aclk (in)
                                                         aclk (net)
                      0.683638    0.000000    0.473067 ^ _2088_/CLK (sky130_fd_sc_hd__dfxtp_2)
    54    0.209787    1.038508    1.166601    1.639668 ^ _2088_/Q (sky130_fd_sc_hd__dfxtp_2)
                                                         internal_rssi[7] (net)
                      1.038508    0.002099    1.641767 ^ _1270_/A (sky130_fd_sc_hd__nand2_2)
    63    0.259769    1.052711    1.077259    2.719026 v _1270_/Y (sky130_fd_sc_hd__nand2_2)
                                                         _0408_ (net)
                      1.052740    0.006428    2.725454 v _1563_/A (sky130_fd_sc_hd__or3_2)
     3    0.010050    0.106290    0.817947    3.543401 v _1563_/X (sky130_fd_sc_hd__or3_2)
                                                         _0694_ (net)
                      0.106290    0.000056    3.543457 v _1566_/B1 (sky130_fd_sc_hd__o211a_2)
     2    0.004494    0.045536    0.161638    3.705095 v _1566_/X (sky130_fd_sc_hd__o211a_2)
                                                         _0697_ (net)
                      0.045536    0.000011    3.705106 v _1568_/A (sky130_fd_sc_hd__or3b_2)
     2    0.005995    0.089681    0.476762    4.181868 v _1568_/X (sky130_fd_sc_hd__or3b_2)
                                                         _0699_ (net)
                      0.089681    0.000011    4.181879 v _1571_/A (sky130_fd_sc_hd__and3_2)
     3    0.008476    0.051095    0.206928    4.388806 v _1571_/X (sky130_fd_sc_hd__and3_2)
                                                         _0702_ (net)
                      0.051095    0.000023    4.388829 v _1573_/B (sky130_fd_sc_hd__or3_2)
     2    0.006782    0.093153    0.466917    4.855746 v _1573_/X (sky130_fd_sc_hd__or3_2)
                                                         _0704_ (net)
                      0.093153    0.000006    4.855752 v _1577_/A1 (sky130_fd_sc_hd__a21o_2)
     3    0.008973    0.048813    0.221612    5.077364 v _1577_/X (sky130_fd_sc_hd__a21o_2)
                                                         _0708_ (net)
                      0.048813    0.000032    5.077396 v _1578_/C (sky130_fd_sc_hd__and3_2)
     2    0.006155    0.047371    0.216392    5.293788 v _1578_/X (sky130_fd_sc_hd__and3_2)
                                                         _0709_ (net)
                      0.047371    0.000002    5.293790 v _1581_/A (sky130_fd_sc_hd__or3_2)
     5    0.019225    0.124774    0.546238    5.840029 v _1581_/X (sky130_fd_sc_hd__or3_2)
                                                         _0712_ (net)
                      0.124774    0.000060    5.840088 v _1583_/B (sky130_fd_sc_hd__and3_2)
     3    0.007693    0.050951    0.241446    6.081534 v _1583_/X (sky130_fd_sc_hd__and3_2)
                                                         _0714_ (net)
                      0.050951    0.000009    6.081543 v _1589_/B (sky130_fd_sc_hd__or3_2)
     2    0.003006    0.077255    0.442384    6.523927 v _1589_/X (sky130_fd_sc_hd__or3_2)
                                                         _0719_ (net)
                      0.077255    0.000005    6.523932 v _1590_/C (sky130_fd_sc_hd__or3_2)
     1    0.004301    0.083648    0.422992    6.946925 v _1590_/X (sky130_fd_sc_hd__or3_2)
                                                         _0720_ (net)
                      0.083648    0.000006    6.946930 v _1593_/A2 (sky130_fd_sc_hd__o211ai_2)
     5    0.032531    0.409458    0.366545    7.313476 ^ _1593_/Y (sky130_fd_sc_hd__o211ai_2)
                                                         _0723_ (net)
                      0.409460    0.000734    7.314209 ^ _1850_/A1 (sky130_fd_sc_hd__a211oi_2)
     4    0.022658    0.165180    0.215964    7.530173 v _1850_/Y (sky130_fd_sc_hd__a211oi_2)
                                                         _0972_ (net)
                      0.165180    0.000255    7.530428 v _1993_/A1 (sky130_fd_sc_hd__o31a_2)
     2    0.009453    0.067564    0.407223    7.937651 v _1993_/X (sky130_fd_sc_hd__o31a_2)
                                                         _0125_ (net)
                      0.067564    0.000122    7.937772 v _1994_/B (sky130_fd_sc_hd__or2_2)
     5    0.017105    0.091339    0.331923    8.269695 v _1994_/X (sky130_fd_sc_hd__or2_2)
                                                         _0126_ (net)
                      0.091339    0.000098    8.269794 v _2052_/A2 (sky130_fd_sc_hd__a311o_2)
     3    0.010303    0.074678    0.405487    8.675281 v _2052_/X (sky130_fd_sc_hd__a311o_2)
                                                         _0182_ (net)
                      0.074678    0.000041    8.675322 v _2068_/A2 (sky130_fd_sc_hd__a31o_2)
     1    0.002586    0.038977    0.234201    8.909522 v _2068_/X (sky130_fd_sc_hd__a31o_2)
                                                         _0197_ (net)
                      0.038977    0.000004    8.909526 v _2069_/B2 (sky130_fd_sc_hd__o221a_2)
     1    0.001900    0.040896    0.212410    9.121936 v _2069_/X (sky130_fd_sc_hd__o221a_2)
                                                         _0048_ (net)
                      0.040896    0.000002    9.121937 v _2120_/D (sky130_fd_sc_hd__dfxtp_2)
                                              9.121937   data arrival time

                                 20.000000   20.000000   clock aclk (rise edge)
                                  0.000000   20.000000   clock source latency
    50    0.152256    0.683598    0.471720   20.471722 ^ aclk (in)
                                                         aclk (net)
                      0.683617    0.000000   20.471722 ^ _2120_/CLK (sky130_fd_sc_hd__dfxtp_2)
                                 -0.250000   20.221722   clock uncertainty
                                  0.000000   20.221722   clock reconvergence pessimism
                                  0.011409   20.233131   library setup time
                                             20.233131   data required time
---------------------------------------------------------------------------------------------
                                             20.233131   data required time
                                             -9.121937   data arrival time
---------------------------------------------------------------------------------------------
                                             11.111194   slack (MET)




===========================================================================
report_checks --slack_max -0.01
============================================================================
======================= nom_tt_025C_1v80 Corner ===================================

No paths found.


===========================================================================
 report_check_types -max_slew -max_cap -max_fanout -violators
============================================================================
======================= nom_tt_025C_1v80 Corner ===================================

max slew

Pin                                        Limit        Slew       Slack
------------------------------------------------------------------------
_1766_/A                                0.750000    1.849507   -1.099507 (VIOLATED)
_1767_/B1                               0.750000    1.849507   -1.099507 (VIOLATED)
_1795_/A                                0.750000    1.849506   -1.099506 (VIOLATED)
_1796_/B1                               0.750000    1.849506   -1.099506 (VIOLATED)
_1797_/A1                               0.750000    1.849506   -1.099506 (VIOLATED)
_1829_/A                                0.750000    1.849505   -1.099505 (VIOLATED)
_1830_/B1                               0.750000    1.849505   -1.099505 (VIOLATED)
_1831_/A1                               0.750000    1.849506   -1.099506 (VIOLATED)
_1863_/A                                0.750000    1.849504   -1.099504 (VIOLATED)
_1891_/A                                0.750000    1.849503   -1.099503 (VIOLATED)
_2063_/S                                0.750000    1.849504   -1.099504 (VIOLATED)
_1917_/A                                0.750000    1.849502   -1.099502 (VIOLATED)
_1950_/A                                0.750000    1.849502   -1.099502 (VIOLATED)
_1977_/A                                0.750000    1.849503   -1.099503 (VIOLATED)
_2013_/A                                0.750000    1.849503   -1.099503 (VIOLATED)
_2014_/A                                0.750000    1.849503   -1.099503 (VIOLATED)
_2039_/A                                0.750000    1.849504   -1.099504 (VIOLATED)
_1524_/Y                                0.750000    1.849497   -1.099497 (VIOLATED)
_1573_/A                                0.750000    1.849497   -1.099497 (VIOLATED)
_1574_/B1                               0.750000    1.849497   -1.099497 (VIOLATED)
_1608_/A                                0.750000    1.849497   -1.099497 (VIOLATED)
_1609_/B1                               0.750000    1.849497   -1.099497 (VIOLATED)
_1610_/A1                               0.750000    1.849497   -1.099497 (VIOLATED)
_1638_/A                                0.750000    1.849497   -1.099497 (VIOLATED)
_1639_/B1                               0.750000    1.849497   -1.099497 (VIOLATED)
_1640_/A1                               0.750000    1.849497   -1.099497 (VIOLATED)
_1668_/A                                0.750000    1.849497   -1.099497 (VIOLATED)
_1669_/B1                               0.750000    1.849497   -1.099497 (VIOLATED)
_1670_/A1                               0.750000    1.849497   -1.099497 (VIOLATED)
_1701_/A                                0.750000    1.849497   -1.099497 (VIOLATED)
_1702_/B1                               0.750000    1.849497   -1.099497 (VIOLATED)
_1703_/A1                               0.750000    1.849497   -1.099497 (VIOLATED)
_1731_/A                                0.750000    1.849497   -1.099497 (VIOLATED)
_1732_/B1                               0.750000    1.849497   -1.099497 (VIOLATED)
_1733_/A1                               0.750000    1.849497   -1.099497 (VIOLATED)
_1768_/A1                               0.750000    1.849497   -1.099497 (VIOLATED)
_1888_/A1                               0.750000    1.715616   -0.965616 (VIOLATED)
_1914_/A                                0.750000    1.715616   -0.965616 (VIOLATED)
_1915_/A1                               0.750000    1.715616   -0.965616 (VIOLATED)
_1944_/A                                0.750000    1.715616   -0.965616 (VIOLATED)
_1945_/A                                0.750000    1.715616   -0.965616 (VIOLATED)
_1947_/A1                               0.750000    1.715616   -0.965616 (VIOLATED)
_1762_/B1                               0.750000    1.715614   -0.965614 (VIOLATED)
_1791_/B1                               0.750000    1.715615   -0.965615 (VIOLATED)
_1792_/A1                               0.750000    1.715614   -0.965614 (VIOLATED)
_1824_/A                                0.750000    1.715615   -0.965615 (VIOLATED)
_1825_/B1                               0.750000    1.715615   -0.965615 (VIOLATED)
_1826_/A1                               0.750000    1.715615   -0.965615 (VIOLATED)
_1727_/B1                               0.750000    1.715613   -0.965613 (VIOLATED)
_1763_/A1                               0.750000    1.715613   -0.965613 (VIOLATED)
_2007_/A                                0.750000    1.715614   -0.965614 (VIOLATED)
_2008_/A                                0.750000    1.715614   -0.965614 (VIOLATED)
_2010_/A1                               0.750000    1.715613   -0.965613 (VIOLATED)
_2035_/A                                0.750000    1.715614   -0.965614 (VIOLATED)
_1569_/B1                               0.750000    1.715613   -0.965613 (VIOLATED)
_1605_/A1                               0.750000    1.715613   -0.965613 (VIOLATED)
_1664_/B1                               0.750000    1.715611   -0.965611 (VIOLATED)
_1697_/B1                               0.750000    1.715612   -0.965612 (VIOLATED)
_1665_/A1                               0.750000    1.715610   -0.965610 (VIOLATED)
_1698_/A1                               0.750000    1.715611   -0.965611 (VIOLATED)
_1728_/A1                               0.750000    1.715612   -0.965612 (VIOLATED)
_1535_/B1                               0.750000    1.715611   -0.965611 (VIOLATED)
_1570_/A1                               0.750000    1.715611   -0.965611 (VIOLATED)
_1404_/X                                0.750000    1.715608   -0.965608 (VIOLATED)
_1415_/B1                               0.750000    1.715608   -0.965608 (VIOLATED)
_1457_/B1                               0.750000    1.715608   -0.965608 (VIOLATED)
_1458_/A1                               0.750000    1.715608   -0.965608 (VIOLATED)
_1501_/B1                               0.750000    1.715608   -0.965608 (VIOLATED)
_1502_/A1                               0.750000    1.715608   -0.965608 (VIOLATED)
_1536_/A1                               0.750000    1.715608   -0.965608 (VIOLATED)
_1604_/B1                               0.750000    1.715608   -0.965608 (VIOLATED)
_1634_/B1                               0.750000    1.715608   -0.965608 (VIOLATED)
_1635_/A1                               0.750000    1.715608   -0.965608 (VIOLATED)
_1273_/A                                0.750000    1.390039   -0.640039 (VIOLATED)
_1274_/A                                0.750000    1.390039   -0.640039 (VIOLATED)
_1275_/B1                               0.750000    1.390039   -0.640039 (VIOLATED)
_1319_/A                                0.750000    1.390037   -0.640037 (VIOLATED)
_1320_/B1                               0.750000    1.390037   -0.640037 (VIOLATED)
_1318_/A                                0.750000    1.390036   -0.640036 (VIOLATED)
_1362_/A                                0.750000    1.390034   -0.640034 (VIOLATED)
_1363_/B1                               0.750000    1.390034   -0.640034 (VIOLATED)
_1361_/A                                0.750000    1.390028   -0.640028 (VIOLATED)
_1409_/A                                0.750000    1.390024   -0.640024 (VIOLATED)
_1410_/B1                               0.750000    1.390024   -0.640024 (VIOLATED)
_1408_/A                                0.750000    1.390021   -0.640021 (VIOLATED)
_1452_/B1                               0.750000    1.390016   -0.640016 (VIOLATED)
_1451_/A                                0.750000    1.390015   -0.640015 (VIOLATED)
_1450_/A                                0.750000    1.390010   -0.640010 (VIOLATED)
_2001_/A                                0.750000    1.390009   -0.640009 (VIOLATED)
_2002_/B1                               0.750000    1.390010   -0.640010 (VIOLATED)
_2030_/B                                0.750000    1.390007   -0.640007 (VIOLATED)
_2057_/A2                               0.750000    1.390006   -0.640006 (VIOLATED)
_2058_/A2                               0.750000    1.390006   -0.640006 (VIOLATED)
_1496_/B1                               0.750000    1.390002   -0.640002 (VIOLATED)
_1495_/A                                0.750000    1.390000   -0.640001 (VIOLATED)
_1494_/A                                0.750000    1.389995   -0.639995 (VIOLATED)
_1967_/A                                0.750000    1.389988   -0.639988 (VIOLATED)
_1968_/B1                               0.750000    1.389988   -0.639988 (VIOLATED)
_1938_/A                                0.750000    1.389986   -0.639986 (VIOLATED)
_1939_/B1                               0.750000    1.389986   -0.639986 (VIOLATED)
_1530_/B1                               0.750000    1.389985   -0.639985 (VIOLATED)
_1529_/A                                0.750000    1.389984   -0.639984 (VIOLATED)
_1910_/A                                0.750000    1.389985   -0.639985 (VIOLATED)
_1882_/A                                0.750000    1.389983   -0.639983 (VIOLATED)
_1883_/B1                               0.750000    1.389983   -0.639983 (VIOLATED)
_1853_/A                                0.750000    1.389980   -0.639980 (VIOLATED)
_1854_/A                                0.750000    1.389979   -0.639979 (VIOLATED)
_1855_/B1                               0.750000    1.389979   -0.639979 (VIOLATED)
_1819_/A                                0.750000    1.389974   -0.639974 (VIOLATED)
_1528_/A                                0.750000    1.389973   -0.639973 (VIOLATED)
_1820_/A                                0.750000    1.389973   -0.639973 (VIOLATED)
_1821_/B1                               0.750000    1.389974   -0.639974 (VIOLATED)
_1784_/A                                0.750000    1.389966   -0.639966 (VIOLATED)
_1785_/A                                0.750000    1.389964   -0.639964 (VIOLATED)
_1786_/B1                               0.750000    1.389965   -0.639965 (VIOLATED)
_1564_/B1                               0.750000    1.389959   -0.639959 (VIOLATED)
_1563_/A                                0.750000    1.389958   -0.639958 (VIOLATED)
_1755_/A                                0.750000    1.389957   -0.639957 (VIOLATED)
_1756_/A                                0.750000    1.389955   -0.639955 (VIOLATED)
_1757_/B1                               0.750000    1.389956   -0.639956 (VIOLATED)
_1720_/A                                0.750000    1.389942   -0.639942 (VIOLATED)
_1721_/A                                0.750000    1.389933   -0.639933 (VIOLATED)
_1722_/B1                               0.750000    1.389933   -0.639933 (VIOLATED)
_1562_/A                                0.750000    1.389931   -0.639931 (VIOLATED)
_1690_/A                                0.750000    1.389925   -0.639925 (VIOLATED)
_1598_/A                                0.750000    1.389923   -0.639923 (VIOLATED)
_1599_/B1                               0.750000    1.389924   -0.639924 (VIOLATED)
_1691_/A                                0.750000    1.389923   -0.639923 (VIOLATED)
_1692_/B1                               0.750000    1.389922   -0.639923 (VIOLATED)
_1597_/A                                0.750000    1.389921   -0.639921 (VIOLATED)
_1657_/A                                0.750000    1.389918   -0.639918 (VIOLATED)
_1628_/A                                0.750000    1.389917   -0.639917 (VIOLATED)
_1629_/B1                               0.750000    1.389917   -0.639917 (VIOLATED)
_1658_/A                                0.750000    1.389917   -0.639917 (VIOLATED)
_1659_/B1                               0.750000    1.389916   -0.639916 (VIOLATED)
_1627_/A                                0.750000    1.389915   -0.639915 (VIOLATED)
_1270_/Y                                0.750000    1.389910   -0.639910 (VIOLATED)
_1225_/B                                0.750000    1.152957   -0.402957 (VIOLATED)
_1271_/C                                0.750000    1.152957   -0.402957 (VIOLATED)
_1272_/A2                               0.750000    1.152957   -0.402957 (VIOLATED)
_1316_/C                                0.750000    1.152956   -0.402957 (VIOLATED)
_1317_/A2                               0.750000    1.152956   -0.402957 (VIOLATED)
_1359_/C                                0.750000    1.152953   -0.402953 (VIOLATED)
_1360_/A2                               0.750000    1.152953   -0.402953 (VIOLATED)
_1406_/C                                0.750000    1.152949   -0.402949 (VIOLATED)
_1407_/A2                               0.750000    1.152949   -0.402949 (VIOLATED)
_1448_/C                                0.750000    1.152943   -0.402943 (VIOLATED)
_1449_/A2                               0.750000    1.152943   -0.402943 (VIOLATED)
_1999_/C                                0.750000    1.152941   -0.402941 (VIOLATED)
_1226_/B                                0.750000    1.152939   -0.402939 (VIOLATED)
_1492_/C                                0.750000    1.152937   -0.402937 (VIOLATED)
_1493_/A2                               0.750000    1.152937   -0.402937 (VIOLATED)
_1526_/C                                0.750000    1.152930   -0.402930 (VIOLATED)
_1527_/A2                               0.750000    1.152929   -0.402929 (VIOLATED)
_1560_/C                                0.750000    1.152919   -0.402919 (VIOLATED)
_1561_/A2                               0.750000    1.152918   -0.402918 (VIOLATED)
_1907_/C                                0.750000    1.152913   -0.402913 (VIOLATED)
_1936_/C                                0.750000    1.152914   -0.402914 (VIOLATED)
_1965_/C                                0.750000    1.152914   -0.402914 (VIOLATED)
_1880_/C                                0.750000    1.152913   -0.402913 (VIOLATED)
_1851_/C                                0.750000    1.152913   -0.402913 (VIOLATED)
_1852_/A2                               0.750000    1.152912   -0.402912 (VIOLATED)
_1817_/C                                0.750000    1.152912   -0.402912 (VIOLATED)
_1818_/A2                               0.750000    1.152911   -0.402911 (VIOLATED)
_1782_/C                                0.750000    1.152909   -0.402909 (VIOLATED)
_1783_/A2                               0.750000    1.152909   -0.402909 (VIOLATED)
_1753_/C                                0.750000    1.152907   -0.402907 (VIOLATED)
_1754_/A2                               0.750000    1.152907   -0.402907 (VIOLATED)
_1595_/C                                0.750000    1.152904   -0.402904 (VIOLATED)
_1596_/A2                               0.750000    1.152904   -0.402904 (VIOLATED)
_1147_/A2                               0.750000    1.152903   -0.402903 (VIOLATED)
_1148_/C                                0.750000    1.152903   -0.402903 (VIOLATED)
_1149_/C                                0.750000    1.152903   -0.402903 (VIOLATED)
_1191_/A2                               0.750000    1.152903   -0.402903 (VIOLATED)
_1192_/C                                0.750000    1.152903   -0.402903 (VIOLATED)
_1718_/C                                0.750000    1.152903   -0.402903 (VIOLATED)
_1719_/A2                               0.750000    1.152903   -0.402903 (VIOLATED)
_1126_/A2                               0.750000    1.152902   -0.402902 (VIOLATED)
_1127_/C                                0.750000    1.152902   -0.402902 (VIOLATED)
_1625_/C                                0.750000    1.152902   -0.402902 (VIOLATED)
_1626_/A2                               0.750000    1.152902   -0.402902 (VIOLATED)
_1041_/A                                0.750000    1.152601   -0.402601 (VIOLATED)
_1075_/A2                               0.750000    1.152601   -0.402601 (VIOLATED)
_1076_/C                                0.750000    1.152601   -0.402601 (VIOLATED)
_1079_/A2                               0.750000    1.152601   -0.402601 (VIOLATED)
_1080_/C                                0.750000    1.152601   -0.402601 (VIOLATED)
_1087_/A2                               0.750000    1.152601   -0.402601 (VIOLATED)
_1088_/C                                0.750000    1.152601   -0.402601 (VIOLATED)
_1102_/A2                               0.750000    1.152601   -0.402601 (VIOLATED)
_1103_/C                                0.750000    1.152601   -0.402601 (VIOLATED)
_1655_/C                                0.750000    1.152601   -0.402601 (VIOLATED)
_1656_/A2                               0.750000    1.152601   -0.402601 (VIOLATED)
_1688_/C                                0.750000    1.152601   -0.402601 (VIOLATED)
_1689_/A2                               0.750000    1.152601   -0.402601 (VIOLATED)
_2073_/Q                                0.750000    1.152601   -0.402601 (VIOLATED)
_1859_/A                                0.750000    1.039302   -0.289302 (VIOLATED)
_1887_/A                                0.750000    1.039302   -0.289302 (VIOLATED)
_1973_/A                                0.750000    1.039300   -0.289300 (VIOLATED)
_1568_/B                                0.750000    1.039297   -0.289297 (VIOLATED)
_1534_/B                                0.750000    1.039296   -0.289296 (VIOLATED)
_1761_/B                                0.750000    1.039296   -0.289296 (VIOLATED)
_1790_/B                                0.750000    1.039296   -0.289296 (VIOLATED)
_1405_/Y                                0.750000    1.039295   -0.289295 (VIOLATED)
_1414_/A                                0.750000    1.039295   -0.289295 (VIOLATED)
_1456_/A                                0.750000    1.039295   -0.289295 (VIOLATED)
_1500_/B                                0.750000    1.039295   -0.289295 (VIOLATED)
_1603_/B                                0.750000    1.039295   -0.289295 (VIOLATED)
_1633_/B                                0.750000    1.039295   -0.289295 (VIOLATED)
_1663_/B                                0.750000    1.039295   -0.289295 (VIOLATED)
_1696_/B                                0.750000    1.039295   -0.289295 (VIOLATED)
_1726_/B                                0.750000    1.039295   -0.289295 (VIOLATED)
_2060_/S                                0.750000    1.039295   -0.289295 (VIOLATED)
_1225_/A                                0.750000    1.038849   -0.288850 (VIOLATED)
_1271_/B                                0.750000    1.038850   -0.288850 (VIOLATED)
_1272_/A1                               0.750000    1.038849   -0.288850 (VIOLATED)
_1999_/B                                0.750000    1.038850   -0.288850 (VIOLATED)
_1448_/B                                0.750000    1.038849   -0.288849 (VIOLATED)
_1449_/A1                               0.750000    1.038849   -0.288849 (VIOLATED)
_1317_/A1                               0.750000    1.038849   -0.288849 (VIOLATED)
_1226_/A                                0.750000    1.038848   -0.288848 (VIOLATED)
_1316_/B                                0.750000    1.038848   -0.288848 (VIOLATED)
_1493_/A1                               0.750000    1.038847   -0.288847 (VIOLATED)
_1492_/B                                0.750000    1.038847   -0.288847 (VIOLATED)
_1406_/B                                0.750000    1.038846   -0.288846 (VIOLATED)
_1407_/A1                               0.750000    1.038846   -0.288846 (VIOLATED)
_1360_/A1                               0.750000    1.038845   -0.288845 (VIOLATED)
_1359_/B                                0.750000    1.038845   -0.288845 (VIOLATED)
_1526_/B                                0.750000    1.038842   -0.288842 (VIOLATED)
_1527_/A1                               0.750000    1.038842   -0.288842 (VIOLATED)
_1403_/A                                0.750000    1.038834   -0.288834 (VIOLATED)
_1560_/B                                0.750000    1.038833   -0.288833 (VIOLATED)
_1561_/A1                               0.750000    1.038833   -0.288833 (VIOLATED)
_1311_/A                                0.750000    1.038831   -0.288831 (VIOLATED)
_1312_/B2                               0.750000    1.038831   -0.288831 (VIOLATED)
_1355_/B1                               0.750000    1.038830   -0.288830 (VIOLATED)
_1354_/A                                0.750000    1.038829   -0.288829 (VIOLATED)
_1965_/B                                0.750000    1.038538   -0.288538 (VIOLATED)
_1907_/B                                0.750000    1.038538   -0.288538 (VIOLATED)
_1936_/B                                0.750000    1.038538   -0.288538 (VIOLATED)
_1941_/A1                               0.750000    1.038538   -0.288538 (VIOLATED)
_1880_/B                                0.750000    1.038537   -0.288537 (VIOLATED)
_1851_/B                                0.750000    1.038536   -0.288536 (VIOLATED)
_1484_/B1                               0.750000    1.038535   -0.288535 (VIOLATED)
_1852_/A1                               0.750000    1.038535   -0.288535 (VIOLATED)
_1520_/B2                               0.750000    1.038535   -0.288535 (VIOLATED)
_1439_/A                                0.750000    1.038535   -0.288535 (VIOLATED)
_1817_/B                                0.750000    1.038534   -0.288534 (VIOLATED)
_1818_/A1                               0.750000    1.038534   -0.288534 (VIOLATED)
_1438_/A                                0.750000    1.038530   -0.288530 (VIOLATED)
_1440_/B2                               0.750000    1.038530   -0.288530 (VIOLATED)
_1782_/B                                0.750000    1.038530   -0.288530 (VIOLATED)
_1783_/A1                               0.750000    1.038529   -0.288529 (VIOLATED)
_1753_/B                                0.750000    1.038527   -0.288527 (VIOLATED)
_1754_/A1                               0.750000    1.038526   -0.288526 (VIOLATED)
_1595_/B                                0.750000    1.038525   -0.288525 (VIOLATED)
_1596_/A1                               0.750000    1.038524   -0.288524 (VIOLATED)
_1718_/B                                0.750000    1.038518   -0.288518 (VIOLATED)
_1625_/B                                0.750000    1.038517   -0.288517 (VIOLATED)
_1719_/A1                               0.750000    1.038517   -0.288517 (VIOLATED)
_1626_/A1                               0.750000    1.038517   -0.288517 (VIOLATED)
_1688_/B                                0.750000    1.038512   -0.288512 (VIOLATED)
_1689_/A1                               0.750000    1.038512   -0.288512 (VIOLATED)
_1656_/A1                               0.750000    1.038510   -0.288510 (VIOLATED)
_1655_/B                                0.750000    1.038509   -0.288509 (VIOLATED)
_1071_/A                                0.750000    1.038508   -0.288508 (VIOLATED)
_1270_/A                                0.750000    1.038508   -0.288508 (VIOLATED)
_2088_/Q                                0.750000    1.038508   -0.288508 (VIOLATED)
_1481_/A                                0.750000    0.833615   -0.083615 (VIOLATED)
_1482_/A2                               0.750000    0.833615   -0.083615 (VIOLATED)
_2069_/A2                               0.750000    0.833615   -0.083615 (VIOLATED)
_2029_/A2                               0.750000    0.833614   -0.083614 (VIOLATED)
_2055_/A2                               0.750000    0.833613   -0.083613 (VIOLATED)
_1518_/A2                               0.750000    0.833611   -0.083612 (VIOLATED)
_1997_/B                                0.750000    0.833609   -0.083609 (VIOLATED)
_1588_/A2                               0.750000    0.833607   -0.083607 (VIOLATED)
_1556_/A2                               0.750000    0.833607   -0.083607 (VIOLATED)
_1964_/A2                               0.750000    0.833601   -0.083601 (VIOLATED)
_1935_/A2                               0.750000    0.833599   -0.083599 (VIOLATED)
_1934_/A                                0.750000    0.833598   -0.083598 (VIOLATED)
_1906_/A2                               0.750000    0.833595   -0.083595 (VIOLATED)
_1905_/A                                0.750000    0.833594   -0.083594 (VIOLATED)
_1878_/B                                0.750000    0.833591   -0.083591 (VIOLATED)
_1844_/A2                               0.750000    0.833585   -0.083585 (VIOLATED)
_1815_/B                                0.750000    0.833575   -0.083575 (VIOLATED)
_1781_/A2                               0.750000    0.833571   -0.083571 (VIOLATED)
_1434_/A2                               0.750000    0.833570   -0.083570 (VIOLATED)
_1390_/B                                0.750000    0.833570   -0.083570 (VIOLATED)
_1299_/A2                               0.750000    0.833569   -0.083569 (VIOLATED)
_1342_/A2                               0.750000    0.833568   -0.083568 (VIOLATED)
_1751_/B                                0.750000    0.833567   -0.083567 (VIOLATED)
_1779_/B1                               0.750000    0.833567   -0.083567 (VIOLATED)
_1250_/B                                0.750000    0.833566   -0.083566 (VIOLATED)
_1210_/B                                0.750000    0.833565   -0.083565 (VIOLATED)
_1175_/B1                               0.750000    0.833563   -0.083563 (VIOLATED)
_1176_/A2                               0.750000    0.833563   -0.083563 (VIOLATED)
_1144_/B                                0.750000    0.833562   -0.083562 (VIOLATED)
_1716_/B                                0.750000    0.833561   -0.083561 (VIOLATED)
_1119_/B1                               0.750000    0.833561   -0.083561 (VIOLATED)
_1120_/A2                               0.750000    0.833561   -0.083561 (VIOLATED)
_1100_/B1                               0.750000    0.833560   -0.083560 (VIOLATED)
_1077_/A                                0.750000    0.833559   -0.083559 (VIOLATED)
_1075_/A3                               0.750000    0.833558   -0.083558 (VIOLATED)
_2071_/A1                               0.750000    0.833558   -0.083558 (VIOLATED)
_1073_/X                                0.750000    0.833557   -0.083557 (VIOLATED)
_1086_/A2                               0.750000    0.833557   -0.083557 (VIOLATED)
_1101_/A2                               0.750000    0.833557   -0.083557 (VIOLATED)
_1623_/B                                0.750000    0.833557   -0.083557 (VIOLATED)
_1653_/A                                0.750000    0.833557   -0.083557 (VIOLATED)
_1654_/A2                               0.750000    0.833557   -0.083557 (VIOLATED)
_1686_/B                                0.750000    0.833557   -0.083557 (VIOLATED)
_1251_/C1                               0.750000    0.796080   -0.046080 (VIOLATED)
_1211_/C1                               0.750000    0.796080   -0.046080 (VIOLATED)
_1056_/C1                               0.750000    0.796078   -0.046078 (VIOLATED)
_1070_/C1                               0.750000    0.796078   -0.046078 (VIOLATED)
_1054_/C1                               0.750000    0.796078   -0.046078 (VIOLATED)
_1068_/C1                               0.750000    0.796077   -0.046077 (VIOLATED)
_1052_/C1                               0.750000    0.796076   -0.046077 (VIOLATED)
_1176_/C1                               0.750000    0.796076   -0.046076 (VIOLATED)
_1066_/C1                               0.750000    0.796075   -0.046075 (VIOLATED)
_1050_/C1                               0.750000    0.796074   -0.046074 (VIOLATED)
_1064_/C1                               0.750000    0.796071   -0.046071 (VIOLATED)
_1145_/C1                               0.750000    0.796070   -0.046070 (VIOLATED)
_1120_/C1                               0.750000    0.796068   -0.046068 (VIOLATED)
_1078_/A                                0.750000    0.796056   -0.046056 (VIOLATED)
_1086_/C1                               0.750000    0.796052   -0.046052 (VIOLATED)
_1072_/C1                               0.750000    0.796048   -0.046048 (VIOLATED)
_1058_/C1                               0.750000    0.796044   -0.046044 (VIOLATED)
_1101_/C1                               0.750000    0.796041   -0.046042 (VIOLATED)
_1060_/C1                               0.750000    0.796041   -0.046041 (VIOLATED)
_1040_/B1                               0.750000    0.796038   -0.046038 (VIOLATED)
_1654_/C1                               0.750000    0.796035   -0.046035 (VIOLATED)
_1687_/C1                               0.750000    0.796035   -0.046035 (VIOLATED)
_1062_/C1                               0.750000    0.796035   -0.046035 (VIOLATED)
_1048_/C1                               0.750000    0.796034   -0.046034 (VIOLATED)
_1044_/C1                               0.750000    0.796034   -0.046034 (VIOLATED)
_1046_/C1                               0.750000    0.796034   -0.046034 (VIOLATED)
_1042_/C1                               0.750000    0.796032   -0.046032 (VIOLATED)
_1342_/C1                               0.750000    0.796029   -0.046029 (VIOLATED)
_1299_/C1                               0.750000    0.796029   -0.046029 (VIOLATED)
_1391_/C1                               0.750000    0.796027   -0.046027 (VIOLATED)
_2071_/B1                               0.750000    0.796027   -0.046027 (VIOLATED)
_1434_/C1                               0.750000    0.796026   -0.046026 (VIOLATED)
_1482_/C1                               0.750000    0.796023   -0.046023 (VIOLATED)
_2069_/C1                               0.750000    0.796022   -0.046022 (VIOLATED)
_2029_/C1                               0.750000    0.796022   -0.046022 (VIOLATED)
_2055_/C1                               0.750000    0.796021   -0.046021 (VIOLATED)
_1518_/C1                               0.750000    0.796019   -0.046020 (VIOLATED)
_1624_/C1                               0.750000    0.796018   -0.046018 (VIOLATED)
_1998_/C1                               0.750000    0.796018   -0.046018 (VIOLATED)
_1717_/C1                               0.750000    0.796016   -0.046016 (VIOLATED)
_1588_/C1                               0.750000    0.796016   -0.046016 (VIOLATED)
_1556_/C1                               0.750000    0.796016   -0.046016 (VIOLATED)
_1964_/C1                               0.750000    0.796012   -0.046012 (VIOLATED)
_1935_/C1                               0.750000    0.796011   -0.046011 (VIOLATED)
_1906_/C1                               0.750000    0.796009   -0.046009 (VIOLATED)
_1752_/C1                               0.750000    0.796008   -0.046008 (VIOLATED)
_1879_/C1                               0.750000    0.796007   -0.046007 (VIOLATED)
_1844_/C1                               0.750000    0.796005   -0.046005 (VIOLATED)
_1781_/C1                               0.750000    0.796005   -0.046005 (VIOLATED)
aresetn                                 0.750000    0.796003   -0.046003 (VIOLATED)
_1816_/C1                               0.750000    0.796003   -0.046003 (VIOLATED)

max fanout

Pin                                   Limit Fanout  Slack
---------------------------------------------------------
_1270_/Y                                 10     63    -53 (VIOLATED)
_2073_/Q                                 10     57    -47 (VIOLATED)
_2088_/Q                                 10     54    -44 (VIOLATED)
aclk                                     10     50    -40 (VIOLATED)
aresetn                                  10     50    -40 (VIOLATED)
_1073_/X                                 10     42    -32 (VIOLATED)
_1404_/X                                 10     36    -26 (VIOLATED)
_1524_/Y                                 10     35    -25 (VIOLATED)
_1557_/X                                 10     27    -17 (VIOLATED)
_1074_/Y                                 10     23    -13 (VIOLATED)
_2075_/Q                                 10     19     -9 (VIOLATED)
_2074_/Q                                 10     18     -8 (VIOLATED)
_2078_/Q                                 10     18     -8 (VIOLATED)
_1038_/Y                                 10     17     -7 (VIOLATED)
_2083_/Q                                 10     17     -7 (VIOLATED)
_2084_/Q                                 10     17     -7 (VIOLATED)
_2087_/Q                                 10     17     -7 (VIOLATED)
_1037_/X                                 10     16     -6 (VIOLATED)
_1405_/Y                                 10     16     -6 (VIOLATED)
_2076_/Q                                 10     16     -6 (VIOLATED)
_2077_/Q                                 10     16     -6 (VIOLATED)
_2079_/Q                                 10     16     -6 (VIOLATED)
_2081_/Q                                 10     16     -6 (VIOLATED)
_2082_/Q                                 10     16     -6 (VIOLATED)
_2085_/Q                                 10     15     -5 (VIOLATED)
_2086_/Q                                 10     15     -5 (VIOLATED)

max capacitance

Pin                                        Limit         Cap       Slack
------------------------------------------------------------------------
_1270_/Y                                0.200000    0.279681   -0.079681 (VIOLATED)
_1524_/Y                                0.121775    0.155964   -0.034189 (VIOLATED)
_2073_/Q                                0.200000    0.233100   -0.033100 (VIOLATED)
_1404_/X                                0.130015    0.151701   -0.021686 (VIOLATED)
_2088_/Q                                0.200000    0.209787   -0.009787 (VIOLATED)



===========================================================================
report_parasitic_annotation -report_unannotated
============================================================================
Found 0 unannotated drivers.
Found 0 partially unannotated drivers.

===========================================================================
max slew violation count 361
Writing metric design__max_slew_violation__count__corner:nom_tt_025C_1v80: 361
max fanout violation count 26
Writing metric design__max_fanout_violation__count__corner:nom_tt_025C_1v80: 26
max cap violation count 5
Writing metric design__max_cap_violation__count__corner:nom_tt_025C_1v80: 5
============================================================================

===========================================================================
check_setup -verbose -unconstrained_endpoints -multiple_clock -no_clock -no_input_delay -loops -generated_clocks
===========================================================================
