Clock: aclk
Sources: aclk 
Generated: no
Virtual: yes
Propagated: no
Period: 20.000000

===========================================================================
report_clock_properties
============================================================================
Clock                   Period          Waveform
----------------------------------------------------
aclk                 20.000000    0.000000 10.000000

===========================================================================
report_clock_latency
============================================================================
Clock aclk
rise -> rise
    min     max
0.000000 0.000000 source latency
0.469118         network latency _2111_/CLK
        0.474446 network latency _2096_/CLK
---------------
0.469118 0.474446 latency
        0.005327 skew

fall -> fall
    min     max
0.000000 0.000000 source latency
0.228907         network latency _2111_/CLK
        0.233885 network latency _2096_/CLK
---------------
0.228907 0.233885 latency
        0.004978 skew



===========================================================================
report_clock_min_period
============================================================================
aclk period_min = 8.89 fmax = 112.50
