Clock: aclk
Sources: aclk 
Generated: no
Virtual: yes
Propagated: no
Period: 20.000000

===========================================================================
report_clock_properties
============================================================================
Clock                   Period          Waveform
----------------------------------------------------
aclk                 20.000000    0.000000 10.000000

===========================================================================
report_clock_latency
============================================================================
Clock aclk
rise -> rise
    min     max
0.000000 0.000000 source latency
0.445620         network latency _2099_/CLK
        0.463340 network latency _2092_/CLK
---------------
0.445620 0.463340 latency
        0.017719 skew

fall -> fall
    min     max
0.000000 0.000000 source latency
0.392685         network latency _2099_/CLK
        0.405784 network latency _2092_/CLK
---------------
0.392685 0.405784 latency
        0.013099 skew



===========================================================================
report_clock_min_period
============================================================================
aclk period_min = 7.61 fmax = 131.48
