                                                                       Cells by Function                                                                        
┏━━━━━━━━━━━━━━━━━━━━━━━━━━━━━━━━━━━━━━━━━━━━━━━━━━━━━━━━━━━━━━━━━━━━━━━━━━━━━━━━━━━━━━━━━━━━━━━━━━━━━━━━━━━━━━━━━━━━━━━━━━━━━━━━━┳━━━━━━━━━━━━━━━━━━━━━━━━━━━━┓
┃ Cell Function                                                                                                                   ┃ Count                      ┃
┡━━━━━━━━━━━━━━━━━━━━━━━━━━━━━━━━━━━━━━━━━━━━━━━━━━━━━━━━━━━━━━━━━━━━━━━━━━━━━━━━━━━━━━━━━━━━━━━━━━━━━━━━━━━━━━━━━━━━━━━━━━━━━━━━━╇━━━━━━━━━━━━━━━━━━━━━━━━━━━━┩
│ sky130_ef_sc_hd__decap                                                                                                          │ 440                        │
│ sky130_fd_sc_hd__a211o                                                                                                          │ 6                          │
│ sky130_fd_sc_hd__a211oi                                                                                                         │ 4                          │
│ sky130_fd_sc_hd__a21bo                                                                                                          │ 14                         │
│ sky130_fd_sc_hd__a21boi                                                                                                         │ 3                          │
│ sky130_fd_sc_hd__a21o                                                                                                           │ 37                         │
│ sky130_fd_sc_hd__a21oi                                                                                                          │ 34                         │
│ sky130_fd_sc_hd__a221o                                                                                                          │ 1                          │
│ sky130_fd_sc_hd__a22o                                                                                                           │ 8                          │
│ sky130_fd_sc_hd__a22oi                                                                                                          │ 9                          │
│ sky130_fd_sc_hd__a2bb2o                                                                                                         │ 1                          │
│ sky130_fd_sc_hd__a311o                                                                                                          │ 1                          │
│ sky130_fd_sc_hd__a31o                                                                                                           │ 15                         │
│ sky130_fd_sc_hd__a32o                                                                                                           │ 3                          │
│ sky130_fd_sc_hd__a41o                                                                                                           │ 1                          │
│ sky130_fd_sc_hd__and2                                                                                                           │ 30                         │
│ sky130_fd_sc_hd__and2b                                                                                                          │ 13                         │
│ sky130_fd_sc_hd__and3                                                                                                           │ 25                         │
│ sky130_fd_sc_hd__and3b                                                                                                          │ 2                          │
│ sky130_fd_sc_hd__and4                                                                                                           │ 11                         │
│ sky130_fd_sc_hd__and4b                                                                                                          │ 5                          │
│ sky130_fd_sc_hd__and4bb                                                                                                         │ 1                          │
│ sky130_fd_sc_hd__buf                                                                                                            │ 75                         │
│ sky130_fd_sc_hd__clkbuf                                                                                                         │ 30                         │
│ sky130_fd_sc_hd__clkinv                                                                                                         │ 1                          │
│ sky130_fd_sc_hd__decap                                                                                                          │ 551                        │
│ sky130_fd_sc_hd__dfxtp                                                                                                          │ 52                         │
│ sky130_fd_sc_hd__dlygate4sd3                                                                                                    │ 18                         │
│ sky130_fd_sc_hd__dlymetal6s2s                                                                                                   │ 9                          │
│ sky130_fd_sc_hd__fill                                                                                                           │ 353                        │
│ sky130_fd_sc_hd__inv                                                                                                            │ 10                         │
│ sky130_fd_sc_hd__mux2                                                                                                           │ 3                          │
│ sky130_fd_sc_hd__nand2                                                                                                          │ 68                         │
│ sky130_fd_sc_hd__nand2b                                                                                                         │ 7                          │
│ sky130_fd_sc_hd__nand3                                                                                                          │ 17                         │
│ sky130_fd_sc_hd__nand3b                                                                                                         │ 1                          │
│ sky130_fd_sc_hd__nand4                                                                                                          │ 2                          │
│ sky130_fd_sc_hd__nor2                                                                                                           │ 30                         │
│ sky130_fd_sc_hd__nor3                                                                                                           │ 6                          │
│ sky130_fd_sc_hd__nor3b                                                                                                          │ 1                          │
│ sky130_fd_sc_hd__o2111ai                                                                                                        │ 1                          │
│ sky130_fd_sc_hd__o211a                                                                                                          │ 41                         │
│ sky130_fd_sc_hd__o211ai                                                                                                         │ 4                          │
│ sky130_fd_sc_hd__o21a                                                                                                           │ 11                         │
│ sky130_fd_sc_hd__o21ai                                                                                                          │ 30                         │
│ sky130_fd_sc_hd__o21ba                                                                                                          │ 4                          │
│ sky130_fd_sc_hd__o21bai                                                                                                         │ 7                          │
│ sky130_fd_sc_hd__o221a                                                                                                          │ 9                          │
│ sky130_fd_sc_hd__o2bb2a                                                                                                         │ 6                          │
│ sky130_fd_sc_hd__o311a                                                                                                          │ 2                          │
│ sky130_fd_sc_hd__o31a                                                                                                           │ 2                          │
│ sky130_fd_sc_hd__o41a                                                                                                           │ 3                          │
│ sky130_fd_sc_hd__or2                                                                                                            │ 63                         │
│ sky130_fd_sc_hd__or3                                                                                                            │ 13                         │
│ sky130_fd_sc_hd__or3b                                                                                                           │ 1                          │
│ sky130_fd_sc_hd__or4b                                                                                                           │ 2                          │
│ sky130_fd_sc_hd__tapvpwrvgnd                                                                                                    │ 250                        │
│ sky130_fd_sc_hd__xnor2                                                                                                          │ 43                         │
│ sky130_fd_sc_hd__xor2                                                                                                           │ 24                         │
└─────────────────────────────────────────────────────────────────────────────────────────────────────────────────────────────────┴────────────────────────────┘
