
===========================================================================
 report_power
============================================================================
======================= nom_tt_025C_1v80 Corner ===================================

Group                    Internal    Switching      Leakage        Total
                            Power        Power        Power        Power (Watts)
------------------------------------------------------------------------
Sequential           2.248231e-04 1.332845e-05 4.284348e-10 2.381519e-04  28.7%
Combinational        2.160767e-04 2.221966e-04 2.952349e-09 4.382763e-04  52.8%
Clock                9.320787e-05 6.065533e-05 3.811700e-10 1.538636e-04  18.5%
Macro                0.000000e+00 0.000000e+00 0.000000e+00 0.000000e+00   0.0%
Pad                  0.000000e+00 0.000000e+00 0.000000e+00 0.000000e+00   0.0%
------------------------------------------------------------------------
Total                5.341079e-04 2.961805e-04 3.761956e-09 8.302921e-04 100.0%
                            64.3%        35.7%         0.0%
Writing metric power__internal__total: 0.0005341078503988683
Writing metric power__switching__total: 0.0002961804566439241
Writing metric power__leakage__total: 3.761956079983975e-9
Writing metric power__total: 0.0008302920614369214

