Reading OpenROAD database at '/mnt/c/Users/Default.DESKTOP-A45I1O9/akularanjith-akularanjith--ECE510-2026-SPRING/codefest/cf07/runs/RUN_2026-05-15_20-28-23/23-openroad-globalplacementskipio/crossbar_mac.odb'…
Reading library file at '/home/default/.volare/volare/sky130/versions/0fe599b2afb6708d281543108caf8310912f54af/sky130A/libs.ref/sky130_fd_sc_hd/lib/sky130_fd_sc_hd__tt_025C_1v80.lib'…
Reading design constraints file at '/nix/store/h0ldzjka94yryiq8yxbxmwargpnmwhx6-python3-3.11.9-env/lib/python3.11/site-packages/openlane/scripts/base.sdc'…
[INFO] Using clock clk…
[INFO] Setting output delay to: 2.0
[INFO] Setting input delay to: 2.0
[INFO] Setting load to: 0.033442
[INFO] Setting clock uncertainty to: 0.25
[INFO] Setting clock transition to: 0.1499999999999999944488848768742172978818416595458984375
[INFO] Setting timing derate to: 5%
[INFO] place_pins args: -min_distance 3
Found 0 macro blocks.
[INFO PPL-0010] Tentative 0 to set up sections.
[INFO PPL-0001] Number of slots           474
[INFO PPL-0002] Number of I/O             226
[INFO PPL-0003] Number of I/O w/sink      226
[INFO PPL-0004] Number of I/O w/o sink    0
[INFO PPL-0005] Slots per section         200
[INFO PPL-0006] Slots increase factor     0.01
[INFO PPL-0008] Successfully assigned pins to sections.
[INFO PPL-0012] I/O nets HPWL: 43227.84 um.
Setting global connections for newly added cells…
[INFO] Setting global connections...
Updating metrics…
Cell type report:                       Count       Area
  Fill cell                               274    1028.49
  Tap cell                               1946    2434.84
  Inverter                                173     649.37
  Sequential cell                          64    1681.61
  Multi-Input combinational cell         6504   67826.30
  Total                                  8961   73620.61
Writing OpenROAD database to '/mnt/c/Users/Default.DESKTOP-A45I1O9/akularanjith-akularanjith--ECE510-2026-SPRING/codefest/cf07/runs/RUN_2026-05-15_20-28-23/24-openroad-ioplacement/crossbar_mac.odb'…
Writing netlist to '/mnt/c/Users/Default.DESKTOP-A45I1O9/akularanjith-akularanjith--ECE510-2026-SPRING/codefest/cf07/runs/RUN_2026-05-15_20-28-23/24-openroad-ioplacement/crossbar_mac.nl.v'…
Writing powered netlist to '/mnt/c/Users/Default.DESKTOP-A45I1O9/akularanjith-akularanjith--ECE510-2026-SPRING/codefest/cf07/runs/RUN_2026-05-15_20-28-23/24-openroad-ioplacement/crossbar_mac.pnl.v'…
Writing layout to '/mnt/c/Users/Default.DESKTOP-A45I1O9/akularanjith-akularanjith--ECE510-2026-SPRING/codefest/cf07/runs/RUN_2026-05-15_20-28-23/24-openroad-ioplacement/crossbar_mac.def'…
Writing timing constraints to '/mnt/c/Users/Default.DESKTOP-A45I1O9/akularanjith-akularanjith--ECE510-2026-SPRING/codefest/cf07/runs/RUN_2026-05-15_20-28-23/24-openroad-ioplacement/crossbar_mac.sdc'…
