
===========================================================================
report_checks -unconstrained
===========================================================================
======================= max_ss_100C_1v60 Corner ===================================

Startpoint: s_axis_tdata[15] (input port clocked by aclk)
Endpoint: _1317_ (rising edge-triggered flip-flop clocked by aclk)
Path Group: aclk
Path Type: max

Fanout         Cap        Slew       Delay        Time   Description
---------------------------------------------------------------------------------------------
                                  0.000000    0.000000   clock aclk (rise edge)
                                  0.000000    0.000000   clock network delay (propagated)
                                  2.000000    2.000000 ^ input external delay
     1    0.002787    0.032163    0.015770    2.015770 ^ s_axis_tdata[15] (in)
                                                         s_axis_tdata[15] (net)
                      0.032163    0.000000    2.015770 ^ input9/A (sky130_fd_sc_hd__buf_1)
     4    0.016518    0.319503    0.310944    2.326714 ^ input9/X (sky130_fd_sc_hd__buf_1)
                                                         net9 (net)
                      0.319507    0.000943    2.327657 ^ fanout75/A (sky130_fd_sc_hd__buf_4)
    10    0.035411    0.170699    0.392559    2.720216 ^ fanout75/X (sky130_fd_sc_hd__buf_4)
                                                         net75 (net)
                      0.170758    0.003039    2.723255 ^ _1004_/A2 (sky130_fd_sc_hd__a21oi_1)
     3    0.007745    0.178094    0.226327    2.949582 v _1004_/Y (sky130_fd_sc_hd__a21oi_1)
                                                         _0382_ (net)
                      0.178094    0.000336    2.949919 v _1006_/B (sky130_fd_sc_hd__or3_1)
     2    0.008409    0.193086    0.914695    3.864614 v _1006_/X (sky130_fd_sc_hd__or3_1)
                                                         _0384_ (net)
                      0.193086    0.000462    3.865076 v _1009_/A1 (sky130_fd_sc_hd__a211o_1)
     3    0.010342    0.152524    0.612293    4.477369 v _1009_/X (sky130_fd_sc_hd__a211o_1)
                                                         _0387_ (net)
                      0.152524    0.000566    4.477934 v _1055_/A2 (sky130_fd_sc_hd__a21bo_1)
     2    0.010882    0.126743    0.437852    4.915787 v _1055_/X (sky130_fd_sc_hd__a21bo_1)
                                                         _0432_ (net)
                      0.126744    0.000630    4.916417 v _1057_/B1 (sky130_fd_sc_hd__a21o_1)
     3    0.008439    0.104233    0.345032    5.261449 v _1057_/X (sky130_fd_sc_hd__a21o_1)
                                                         _0434_ (net)
                      0.104235    0.000654    5.262103 v _1058_/C (sky130_fd_sc_hd__and3_1)
     2    0.008109    0.113925    0.424336    5.686439 v _1058_/X (sky130_fd_sc_hd__and3_1)
                                                         _0435_ (net)
                      0.113925    0.000461    5.686900 v _1062_/A1 (sky130_fd_sc_hd__o211a_1)
     3    0.006974    0.107628    0.462370    6.149270 v _1062_/X (sky130_fd_sc_hd__o211a_1)
                                                         _0439_ (net)
                      0.107628    0.000201    6.149470 v _1064_/C (sky130_fd_sc_hd__or3_1)
     2    0.004372    0.155055    0.756611    6.906082 v _1064_/X (sky130_fd_sc_hd__or3_1)
                                                         _0441_ (net)
                      0.155055    0.000277    6.906358 v _1067_/A (sky130_fd_sc_hd__and3_1)
     3    0.007973    0.112786    0.377313    7.283672 v _1067_/X (sky130_fd_sc_hd__and3_1)
                                                         _0444_ (net)
                      0.112786    0.000431    7.284103 v _1069_/A_N (sky130_fd_sc_hd__and2b_1)
     3    0.010490    0.170211    0.466721    7.750824 ^ _1069_/X (sky130_fd_sc_hd__and2b_1)
                                                         _0446_ (net)
                      0.170211    0.000384    7.751208 ^ _1141_/A1 (sky130_fd_sc_hd__a31o_1)
     2    0.009277    0.169809    0.381157    8.132365 ^ _1141_/X (sky130_fd_sc_hd__a31o_1)
                                                         _0516_ (net)
                      0.169809    0.000588    8.132954 ^ _1145_/A2 (sky130_fd_sc_hd__a21oi_1)
     4    0.012253    0.242828    0.277530    8.410483 v _1145_/Y (sky130_fd_sc_hd__a21oi_1)
                                                         _0519_ (net)
                      0.242828    0.000772    8.411255 v _1201_/A1 (sky130_fd_sc_hd__a211o_1)
     5    0.015206    0.186938    0.675442    9.086697 v _1201_/X (sky130_fd_sc_hd__a211o_1)
                                                         _0574_ (net)
                      0.186944    0.001356    9.088054 v _1250_/A2 (sky130_fd_sc_hd__a311o_1)
     2    0.006390    0.126573    0.670902    9.758956 v _1250_/X (sky130_fd_sc_hd__a311o_1)
                                                         _0621_ (net)
                      0.126573    0.000517    9.759473 v _1260_/A2 (sky130_fd_sc_hd__a31o_1)
     1    0.002787    0.065662    0.388329   10.147802 v _1260_/X (sky130_fd_sc_hd__a31o_1)
                                                         _0630_ (net)
                      0.065662    0.000194   10.147996 v _1261_/B1 (sky130_fd_sc_hd__o211a_1)
     1    0.002546    0.068569    0.218146   10.366141 v _1261_/X (sky130_fd_sc_hd__o211a_1)
                                                         _0047_ (net)
                      0.068569    0.000104   10.366245 v _1317_/D (sky130_fd_sc_hd__dfxtp_1)
                                             10.366245   data arrival time

                                 10.000000   10.000000   clock aclk (rise edge)
                                  0.000000   10.000000   clock source latency
     1    0.021227    0.158553    0.108764   10.108764 ^ aclk (in)
                                                         aclk (net)
                      0.158572    0.000000   10.108764 ^ clkbuf_0_aclk/A (sky130_fd_sc_hd__clkbuf_16)
     4    0.046871    0.102968    0.297559   10.406323 ^ clkbuf_0_aclk/X (sky130_fd_sc_hd__clkbuf_16)
                                                         clknet_0_aclk (net)
                      0.103080    0.002880   10.409204 ^ clkbuf_2_0__f_aclk/A (sky130_fd_sc_hd__clkbuf_16)
    14    0.044165    0.099264    0.269130   10.678333 ^ clkbuf_2_0__f_aclk/X (sky130_fd_sc_hd__clkbuf_16)
                                                         clknet_2_0__leaf_aclk (net)
                      0.099492    0.003364   10.681698 ^ _1317_/CLK (sky130_fd_sc_hd__dfxtp_1)
                                 -0.250000   10.431698   clock uncertainty
                                  0.000000   10.431698   clock reconvergence pessimism
                                 -0.260441   10.171257   library setup time
                                             10.171257   data required time
---------------------------------------------------------------------------------------------
                                             10.171257   data required time
                                            -10.366245   data arrival time
---------------------------------------------------------------------------------------------
                                             -0.194988   slack (VIOLATED)




===========================================================================
report_checks --slack_max -0.01
============================================================================
======================= max_ss_100C_1v60 Corner ===================================

Startpoint: s_axis_tdata[15] (input port clocked by aclk)
Endpoint: _1317_ (rising edge-triggered flip-flop clocked by aclk)
Path Group: aclk
Path Type: max

Fanout         Cap        Slew       Delay        Time   Description
---------------------------------------------------------------------------------------------
                                  0.000000    0.000000   clock aclk (rise edge)
                                  0.000000    0.000000   clock network delay (propagated)
                                  2.000000    2.000000 ^ input external delay
     1    0.002787    0.032163    0.015770    2.015770 ^ s_axis_tdata[15] (in)
                                                         s_axis_tdata[15] (net)
                      0.032163    0.000000    2.015770 ^ input9/A (sky130_fd_sc_hd__buf_1)
     4    0.016518    0.319503    0.310944    2.326714 ^ input9/X (sky130_fd_sc_hd__buf_1)
                                                         net9 (net)
                      0.319507    0.000943    2.327657 ^ fanout75/A (sky130_fd_sc_hd__buf_4)
    10    0.035411    0.170699    0.392559    2.720216 ^ fanout75/X (sky130_fd_sc_hd__buf_4)
                                                         net75 (net)
                      0.170758    0.003039    2.723255 ^ _1004_/A2 (sky130_fd_sc_hd__a21oi_1)
     3    0.007745    0.178094    0.226327    2.949582 v _1004_/Y (sky130_fd_sc_hd__a21oi_1)
                                                         _0382_ (net)
                      0.178094    0.000336    2.949919 v _1006_/B (sky130_fd_sc_hd__or3_1)
     2    0.008409    0.193086    0.914695    3.864614 v _1006_/X (sky130_fd_sc_hd__or3_1)
                                                         _0384_ (net)
                      0.193086    0.000462    3.865076 v _1009_/A1 (sky130_fd_sc_hd__a211o_1)
     3    0.010342    0.152524    0.612293    4.477369 v _1009_/X (sky130_fd_sc_hd__a211o_1)
                                                         _0387_ (net)
                      0.152524    0.000566    4.477934 v _1055_/A2 (sky130_fd_sc_hd__a21bo_1)
     2    0.010882    0.126743    0.437852    4.915787 v _1055_/X (sky130_fd_sc_hd__a21bo_1)
                                                         _0432_ (net)
                      0.126744    0.000630    4.916417 v _1057_/B1 (sky130_fd_sc_hd__a21o_1)
     3    0.008439    0.104233    0.345032    5.261449 v _1057_/X (sky130_fd_sc_hd__a21o_1)
                                                         _0434_ (net)
                      0.104235    0.000654    5.262103 v _1058_/C (sky130_fd_sc_hd__and3_1)
     2    0.008109    0.113925    0.424336    5.686439 v _1058_/X (sky130_fd_sc_hd__and3_1)
                                                         _0435_ (net)
                      0.113925    0.000461    5.686900 v _1062_/A1 (sky130_fd_sc_hd__o211a_1)
     3    0.006974    0.107628    0.462370    6.149270 v _1062_/X (sky130_fd_sc_hd__o211a_1)
                                                         _0439_ (net)
                      0.107628    0.000201    6.149470 v _1064_/C (sky130_fd_sc_hd__or3_1)
     2    0.004372    0.155055    0.756611    6.906082 v _1064_/X (sky130_fd_sc_hd__or3_1)
                                                         _0441_ (net)
                      0.155055    0.000277    6.906358 v _1067_/A (sky130_fd_sc_hd__and3_1)
     3    0.007973    0.112786    0.377313    7.283672 v _1067_/X (sky130_fd_sc_hd__and3_1)
                                                         _0444_ (net)
                      0.112786    0.000431    7.284103 v _1069_/A_N (sky130_fd_sc_hd__and2b_1)
     3    0.010490    0.170211    0.466721    7.750824 ^ _1069_/X (sky130_fd_sc_hd__and2b_1)
                                                         _0446_ (net)
                      0.170211    0.000384    7.751208 ^ _1141_/A1 (sky130_fd_sc_hd__a31o_1)
     2    0.009277    0.169809    0.381157    8.132365 ^ _1141_/X (sky130_fd_sc_hd__a31o_1)
                                                         _0516_ (net)
                      0.169809    0.000588    8.132954 ^ _1145_/A2 (sky130_fd_sc_hd__a21oi_1)
     4    0.012253    0.242828    0.277530    8.410483 v _1145_/Y (sky130_fd_sc_hd__a21oi_1)
                                                         _0519_ (net)
                      0.242828    0.000772    8.411255 v _1201_/A1 (sky130_fd_sc_hd__a211o_1)
     5    0.015206    0.186938    0.675442    9.086697 v _1201_/X (sky130_fd_sc_hd__a211o_1)
                                                         _0574_ (net)
                      0.186944    0.001356    9.088054 v _1250_/A2 (sky130_fd_sc_hd__a311o_1)
     2    0.006390    0.126573    0.670902    9.758956 v _1250_/X (sky130_fd_sc_hd__a311o_1)
                                                         _0621_ (net)
                      0.126573    0.000517    9.759473 v _1260_/A2 (sky130_fd_sc_hd__a31o_1)
     1    0.002787    0.065662    0.388329   10.147802 v _1260_/X (sky130_fd_sc_hd__a31o_1)
                                                         _0630_ (net)
                      0.065662    0.000194   10.147996 v _1261_/B1 (sky130_fd_sc_hd__o211a_1)
     1    0.002546    0.068569    0.218146   10.366141 v _1261_/X (sky130_fd_sc_hd__o211a_1)
                                                         _0047_ (net)
                      0.068569    0.000104   10.366245 v _1317_/D (sky130_fd_sc_hd__dfxtp_1)
                                             10.366245   data arrival time

                                 10.000000   10.000000   clock aclk (rise edge)
                                  0.000000   10.000000   clock source latency
     1    0.021227    0.158553    0.108764   10.108764 ^ aclk (in)
                                                         aclk (net)
                      0.158572    0.000000   10.108764 ^ clkbuf_0_aclk/A (sky130_fd_sc_hd__clkbuf_16)
     4    0.046871    0.102968    0.297559   10.406323 ^ clkbuf_0_aclk/X (sky130_fd_sc_hd__clkbuf_16)
                                                         clknet_0_aclk (net)
                      0.103080    0.002880   10.409204 ^ clkbuf_2_0__f_aclk/A (sky130_fd_sc_hd__clkbuf_16)
    14    0.044165    0.099264    0.269130   10.678333 ^ clkbuf_2_0__f_aclk/X (sky130_fd_sc_hd__clkbuf_16)
                                                         clknet_2_0__leaf_aclk (net)
                      0.099492    0.003364   10.681698 ^ _1317_/CLK (sky130_fd_sc_hd__dfxtp_1)
                                 -0.250000   10.431698   clock uncertainty
                                  0.000000   10.431698   clock reconvergence pessimism
                                 -0.260441   10.171257   library setup time
                                             10.171257   data required time
---------------------------------------------------------------------------------------------
                                             10.171257   data required time
                                            -10.366245   data arrival time
---------------------------------------------------------------------------------------------
                                             -0.194988   slack (VIOLATED)




===========================================================================
 report_check_types -max_slew -max_cap -max_fanout -violators
============================================================================
======================= max_ss_100C_1v60 Corner ===================================

max fanout

Pin                                   Limit Fanout  Slack
---------------------------------------------------------
clkbuf_2_0__f_aclk/X                     10     14     -4 (VIOLATED)
clkbuf_2_2__f_aclk/X                     10     14     -4 (VIOLATED)
clkbuf_2_3__f_aclk/X                     10     14     -4 (VIOLATED)
clkbuf_2_1__f_aclk/X                     10     12     -2 (VIOLATED)



===========================================================================
report_parasitic_annotation -report_unannotated
============================================================================
Found 2 unannotated drivers.
 clkload0/Y
 clkload1/X
Found 0 partially unannotated drivers.

===========================================================================
max slew violation count 0
max fanout violation count 4
max cap violation count 0
============================================================================

===========================================================================
check_setup -verbose -unconstrained_endpoints -multiple_clock -no_clock -no_input_delay -loops -generated_clocks
===========================================================================
