
===========================================================================
 report_power
============================================================================
======================= min_ff_n40C_1v95 Corner ===================================

Group                    Internal    Switching      Leakage        Total
                            Power        Power        Power        Power (Watts)
------------------------------------------------------------------------
Sequential           1.108551e-03 6.415006e-05 8.808396e-10 1.172702e-03   2.5%
Combinational        2.132468e-02 2.443419e-02 4.744173e-08 4.575892e-02  96.6%
Clock                2.343573e-04 1.843729e-04 1.569887e-08 4.187458e-04   0.9%
Macro                0.000000e+00 0.000000e+00 0.000000e+00 0.000000e+00   0.0%
Pad                  0.000000e+00 0.000000e+00 0.000000e+00 0.000000e+00   0.0%
------------------------------------------------------------------------
Total                2.266758e-02 2.468271e-02 6.402099e-08 4.735036e-02 100.0%
                            47.9%        52.1%         0.0%

