
===========================================================================
 report_power
============================================================================
======================= nom_tt_025C_1v80 Corner ===================================

Group                    Internal    Switching      Leakage        Total
                            Power        Power        Power        Power (Watts)
------------------------------------------------------------------------
Sequential           2.247566e-04 1.503891e-05 4.284348e-10 2.397959e-04  27.7%
Combinational        2.167145e-04 2.497512e-04 2.952349e-09 4.664687e-04  53.9%
Clock                9.340927e-05 6.563413e-05 3.811700e-10 1.590438e-04  18.4%
Macro                0.000000e+00 0.000000e+00 0.000000e+00 0.000000e+00   0.0%
Pad                  0.000000e+00 0.000000e+00 0.000000e+00 0.000000e+00   0.0%
------------------------------------------------------------------------
Total                5.348807e-04 3.304242e-04 3.761956e-09 8.653086e-04 100.0%
                            61.8%        38.2%         0.0%
Writing metric power__internal__total: 0.0005348806735128164
Writing metric power__switching__total: 0.00033042419818229973
Writing metric power__leakage__total: 3.761956079983975e-9
Writing metric power__total: 0.0008653086260892451

