Clock: clk
Sources: clk 
Generated: no
Virtual: yes
Propagated: no
Period: 10.000000

===========================================================================
report_clock_properties
============================================================================
Clock                   Period          Waveform
----------------------------------------------------
clk                  10.000000    0.000000  5.000000

===========================================================================
report_clock_latency
============================================================================
Clock clk
rise -> rise
    min     max
0.000000 0.000000 source latency
0.692577         network latency _13357_/CLK
        0.715147 network latency _13416_/CLK
---------------
0.692577 0.715147 latency
        0.022569 skew

fall -> fall
    min     max
0.000000 0.000000 source latency
0.550300         network latency _13357_/CLK
        0.569499 network latency _13416_/CLK
---------------
0.550300 0.569499 latency
        0.019198 skew



===========================================================================
report_clock_min_period
============================================================================
clk period_min = 0.00 fmax = inf
