
===========================================================================
report_checks -unconstrained
===========================================================================
======================= nom_ss_100C_1v60 Corner ===================================

Startpoint: _2088_ (rising edge-triggered flip-flop clocked by aclk)
Endpoint: _2120_ (rising edge-triggered flip-flop clocked by aclk)
Path Group: aclk
Path Type: max

Fanout         Cap        Slew       Delay        Time   Description
---------------------------------------------------------------------------------------------
                                  0.000000    0.000000   clock aclk (rise edge)
                                  0.000000    0.000000   clock source latency
     2    0.029275    0.215029    0.149012    0.149012 ^ aclk (in)
                                                         aclk (net)
                      0.215083    0.000000    0.149012 ^ clkbuf_0_aclk/A (sky130_fd_sc_hd__clkbuf_16)
     9    0.057628    0.117332    0.335739    0.484751 ^ clkbuf_0_aclk/X (sky130_fd_sc_hd__clkbuf_16)
                                                         clknet_0_aclk (net)
                      0.117361    0.001708    0.486459 ^ clkbuf_2_0__f_aclk/A (sky130_fd_sc_hd__clkbuf_16)
    37    0.092699    0.165815    0.328150    0.814609 ^ clkbuf_2_0__f_aclk/X (sky130_fd_sc_hd__clkbuf_16)
                                                         clknet_2_0__leaf_aclk (net)
                      0.165915    0.003722    0.818331 ^ _2088_/CLK (sky130_fd_sc_hd__dfxtp_1)
     5    0.026597    0.401000    0.916069    1.734400 ^ _2088_/Q (sky130_fd_sc_hd__dfxtp_1)
                                                         internal_rssi[7] (net)
                      0.401000    0.000607    1.735007 ^ fanout87/A (sky130_fd_sc_hd__buf_2)
    15    0.062314    0.480290    0.630907    2.365914 ^ fanout87/X (sky130_fd_sc_hd__buf_2)
                                                         net87 (net)
                      0.480290    0.000953    2.366867 ^ fanout85/A (sky130_fd_sc_hd__buf_2)
    21    0.056731    0.440021    0.631798    2.998665 ^ fanout85/X (sky130_fd_sc_hd__buf_2)
                                                         net85 (net)
                      0.440078    0.005051    3.003716 ^ _1270_/A (sky130_fd_sc_hd__nand2_1)
     1    0.005813    0.161268    0.267848    3.271564 v _1270_/Y (sky130_fd_sc_hd__nand2_1)
                                                         _0408_ (net)
                      0.161268    0.000232    3.271796 v fanout77/A (sky130_fd_sc_hd__clkbuf_2)
    11    0.049066    0.338980    0.449278    3.721074 v fanout77/X (sky130_fd_sc_hd__clkbuf_2)
                                                         net77 (net)
                      0.338980    0.000957    3.722031 v fanout73/A (sky130_fd_sc_hd__dlymetal6s2s_1)
    11    0.032033    0.311761    0.611673    4.333704 v fanout73/X (sky130_fd_sc_hd__dlymetal6s2s_1)
                                                         net73 (net)
                      0.311761    0.000870    4.334573 v fanout72/A (sky130_fd_sc_hd__buf_2)
    21    0.060231    0.268911    0.540314    4.874887 v fanout72/X (sky130_fd_sc_hd__buf_2)
                                                         net72 (net)
                      0.268939    0.002877    4.877764 v _1563_/A (sky130_fd_sc_hd__or3_1)
     3    0.010506    0.215847    1.028118    5.905882 v _1563_/X (sky130_fd_sc_hd__or3_1)
                                                         _0694_ (net)
                      0.215847    0.000304    5.906186 v _1566_/B1 (sky130_fd_sc_hd__o211a_1)
     2    0.005845    0.098191    0.324347    6.230533 v _1566_/X (sky130_fd_sc_hd__o211a_1)
                                                         _0697_ (net)
                      0.098191    0.000105    6.230638 v _1568_/A (sky130_fd_sc_hd__or3b_1)
     2    0.005016    0.163000    0.899489    7.130127 v _1568_/X (sky130_fd_sc_hd__or3b_1)
                                                         _0699_ (net)
                      0.163000    0.000110    7.130237 v _1571_/A (sky130_fd_sc_hd__and3_1)
     3    0.006831    0.103409    0.371935    7.502172 v _1571_/X (sky130_fd_sc_hd__and3_1)
                                                         _0702_ (net)
                      0.103409    0.000153    7.502325 v _1573_/B (sky130_fd_sc_hd__or3_1)
     2    0.005569    0.165158    0.849277    8.351603 v _1573_/X (sky130_fd_sc_hd__or3_1)
                                                         _0704_ (net)
                      0.165158    0.000137    8.351739 v _1577_/A1 (sky130_fd_sc_hd__a21o_1)
     3    0.007962    0.100231    0.368213    8.719953 v _1577_/X (sky130_fd_sc_hd__a21o_1)
                                                         _0708_ (net)
                      0.100231    0.000170    8.720121 v _1578_/C (sky130_fd_sc_hd__and3_1)
     2    0.004350    0.084511    0.390517    9.110639 v _1578_/X (sky130_fd_sc_hd__and3_1)
                                                         _0709_ (net)
                      0.084511    0.000083    9.110723 v _1581_/A (sky130_fd_sc_hd__or3_2)
     5    0.017741    0.250435    1.261352   10.372074 v _1581_/X (sky130_fd_sc_hd__or3_2)
                                                         _0712_ (net)
                      0.250604    0.000512   10.372585 v _1583_/B (sky130_fd_sc_hd__and3_1)
     3    0.006712    0.102457    0.457087   10.829673 v _1583_/X (sky130_fd_sc_hd__and3_1)
                                                         _0714_ (net)
                      0.102457    0.000099   10.829771 v _1589_/B (sky130_fd_sc_hd__or3_1)
     2    0.004626    0.157272    0.836232   11.666003 v _1589_/X (sky130_fd_sc_hd__or3_1)
                                                         _0719_ (net)
                      0.157272    0.000127   11.666131 v _1590_/C (sky130_fd_sc_hd__or3_1)
     1    0.008497    0.193724    0.830664   12.496795 v _1590_/X (sky130_fd_sc_hd__or3_1)
                                                         _0720_ (net)
                      0.193724    0.000256   12.497051 v _1593_/A2 (sky130_fd_sc_hd__o211ai_4)
     5    0.032690    0.473737    0.506444   13.003494 ^ _1593_/Y (sky130_fd_sc_hd__o211ai_4)
                                                         _0723_ (net)
                      0.473911    0.002535   13.006029 ^ _1850_/A1 (sky130_fd_sc_hd__a211oi_2)
     4    0.018827    0.242114    0.384766   13.390796 v _1850_/Y (sky130_fd_sc_hd__a211oi_2)
                                                         _0972_ (net)
                      0.242114    0.000886   13.391681 v _1993_/A1 (sky130_fd_sc_hd__o31a_1)
     2    0.009185    0.140193    0.686247   14.077928 v _1993_/X (sky130_fd_sc_hd__o31a_1)
                                                         _0125_ (net)
                      0.140193    0.000358   14.078285 v _1994_/B (sky130_fd_sc_hd__or2_1)
     5    0.016897    0.213216    0.623688   14.701973 v _1994_/X (sky130_fd_sc_hd__or2_1)
                                                         _0126_ (net)
                      0.213216    0.000663   14.702637 v _2052_/A2 (sky130_fd_sc_hd__a311o_1)
     3    0.009215    0.153030    0.712586   15.415223 v _2052_/X (sky130_fd_sc_hd__a311o_1)
                                                         _0182_ (net)
                      0.153030    0.000218   15.415442 v _2068_/A2 (sky130_fd_sc_hd__a31o_1)
     1    0.002527    0.063454    0.397144   15.812586 v _2068_/X (sky130_fd_sc_hd__a31o_1)
                                                         _0197_ (net)
                      0.063454    0.000050   15.812635 v _2069_/B2 (sky130_fd_sc_hd__o221a_1)
     1    0.002322    0.086193    0.381798   16.194433 v _2069_/X (sky130_fd_sc_hd__o221a_1)
                                                         _0048_ (net)
                      0.086193    0.000048   16.194481 v _2120_/D (sky130_fd_sc_hd__dfxtp_1)
                                             16.194481   data arrival time

                                 20.000000   20.000000   clock aclk (rise edge)
                                  0.000000   20.000000   clock source latency
     2    0.029275    0.215029    0.149011   20.149012 ^ aclk (in)
                                                         aclk (net)
                      0.215083    0.000000   20.149012 ^ clkbuf_0_aclk/A (sky130_fd_sc_hd__clkbuf_16)
     9    0.057628    0.117332    0.335740   20.484753 ^ clkbuf_0_aclk/X (sky130_fd_sc_hd__clkbuf_16)
                                                         clknet_0_aclk (net)
                      0.117353    0.001524   20.486277 ^ clkbuf_2_3__f_aclk/A (sky130_fd_sc_hd__clkbuf_16)
    27    0.088957    0.160576    0.324308   20.810583 ^ clkbuf_2_3__f_aclk/X (sky130_fd_sc_hd__clkbuf_16)
                                                         clknet_2_3__leaf_aclk (net)
                      0.160664    0.003467   20.814051 ^ _2120_/CLK (sky130_fd_sc_hd__dfxtp_1)
                                 -0.250000   20.564053   clock uncertainty
                                  0.000000   20.564053   clock reconvergence pessimism
                                 -0.251279   20.312773   library setup time
                                             20.312773   data required time
---------------------------------------------------------------------------------------------
                                             20.312773   data required time
                                            -16.194481   data arrival time
---------------------------------------------------------------------------------------------
                                              4.118291   slack (MET)




===========================================================================
report_checks --slack_max -0.01
============================================================================
======================= nom_ss_100C_1v60 Corner ===================================

No paths found.


===========================================================================
 report_check_types -max_slew -max_cap -max_fanout -violators
============================================================================
======================= nom_ss_100C_1v60 Corner ===================================

max fanout

Pin                                   Limit Fanout  Slack
---------------------------------------------------------
clkbuf_2_0__f_aclk/X                     10     37    -27 (VIOLATED)
clkbuf_2_1__f_aclk/X                     10     27    -17 (VIOLATED)
clkbuf_2_3__f_aclk/X                     10     27    -17 (VIOLATED)
fanout111/X                              10     21    -11 (VIOLATED)
fanout113/X                              10     21    -11 (VIOLATED)
fanout122/X                              10     21    -11 (VIOLATED)
fanout124/X                              10     21    -11 (VIOLATED)
fanout125/X                              10     21    -11 (VIOLATED)
fanout127/X                              10     21    -11 (VIOLATED)
fanout129/X                              10     21    -11 (VIOLATED)
fanout133/X                              10     21    -11 (VIOLATED)
fanout135/X                              10     21    -11 (VIOLATED)
fanout136/X                              10     21    -11 (VIOLATED)
fanout57/X                               10     21    -11 (VIOLATED)
fanout61/X                               10     21    -11 (VIOLATED)
fanout62/X                               10     21    -11 (VIOLATED)
fanout63/X                               10     21    -11 (VIOLATED)
fanout67/X                               10     21    -11 (VIOLATED)
fanout72/X                               10     21    -11 (VIOLATED)
fanout76/X                               10     21    -11 (VIOLATED)
fanout78/X                               10     21    -11 (VIOLATED)
fanout79/X                               10     21    -11 (VIOLATED)
fanout80/X                               10     21    -11 (VIOLATED)
fanout81/X                               10     21    -11 (VIOLATED)
fanout83/X                               10     21    -11 (VIOLATED)
fanout85/X                               10     21    -11 (VIOLATED)
fanout86/X                               10     21    -11 (VIOLATED)
fanout88/X                               10     21    -11 (VIOLATED)
fanout90/X                               10     21    -11 (VIOLATED)
fanout96/X                               10     21    -11 (VIOLATED)
_1558_/Y                                 10     19     -9 (VIOLATED)
clkbuf_2_2__f_aclk/X                     10     19     -9 (VIOLATED)
fanout121/X                              10     19     -9 (VIOLATED)
fanout134/X                              10     19     -9 (VIOLATED)
fanout58/X                               10     19     -9 (VIOLATED)
fanout84/X                               10     19     -9 (VIOLATED)
fanout118/X                              10     17     -7 (VIOLATED)
fanout68/X                               10     17     -7 (VIOLATED)
_1225_/X                                 10     15     -5 (VIOLATED)
fanout105/X                              10     15     -5 (VIOLATED)
fanout87/X                               10     15     -5 (VIOLATED)
_1523_/Y                                 10     13     -3 (VIOLATED)
fanout64/X                               10     13     -3 (VIOLATED)
_1074_/Y                                 10     11        (VIOLATED)
fanout123/X                              10     11        (VIOLATED)
fanout126/X                              10     11        (VIOLATED)
fanout73/X                               10     11        (VIOLATED)
fanout77/X                               10     11        (VIOLATED)
fanout82/X                               10     11        (VIOLATED)
fanout91/X                               10     11        (VIOLATED)



===========================================================================
report_parasitic_annotation -report_unannotated
============================================================================
Found 3 unannotated drivers.
 clkload0/Y
 clkload1/Y
 clkload2/Y
Found 0 partially unannotated drivers.

===========================================================================
max slew violation count 0
max fanout violation count 50
max cap violation count 0
============================================================================

===========================================================================
check_setup -verbose -unconstrained_endpoints -multiple_clock -no_clock -no_input_delay -loops -generated_clocks
===========================================================================
