Clock: aclk
Sources: aclk 
Generated: no
Virtual: yes
Propagated: no
Period: 20.000000

===========================================================================
report_clock_properties
============================================================================
Clock                   Period          Waveform
----------------------------------------------------
aclk                 20.000000    0.000000 10.000000

===========================================================================
report_clock_latency
============================================================================
Clock aclk
rise -> rise
    min     max
0.000000 0.000000 source latency
0.791114         network latency _2099_/CLK
        0.818576 network latency _2089_/CLK
---------------
0.791114 0.818576 latency
        0.027462 skew

fall -> fall
    min     max
0.000000 0.000000 source latency
0.720426         network latency _2099_/CLK
        0.740785 network latency _2089_/CLK
---------------
0.720426 0.740785 latency
        0.020360 skew



===========================================================================
report_clock_min_period
============================================================================
aclk period_min = 15.88 fmax = 62.97
