Clock: aclk
Sources: aclk 
Generated: no
Virtual: yes
Propagated: no
Period: 20.000000

===========================================================================
report_clock_properties
============================================================================
Clock                   Period          Waveform
----------------------------------------------------
aclk                 20.000000    0.000000 10.000000

===========================================================================
report_clock_latency
============================================================================
Clock aclk
rise -> rise
    min     max
0.000000 0.000000 source latency
0.378860         network latency _2099_/CLK
        0.383681 network latency _2100_/CLK
---------------
0.378860 0.383681 latency
        0.004821 skew

fall -> fall
    min     max
0.000000 0.000000 source latency
0.350824         network latency _2099_/CLK
        0.354248 network latency _2100_/CLK
---------------
0.350824 0.354248 latency
        0.003424 skew



===========================================================================
report_clock_min_period
============================================================================
aclk period_min = 6.94 fmax = 144.12
