
===========================================================================
report_checks -unconstrained
===========================================================================
======================= max_tt_025C_1v80 Corner ===================================

Startpoint: rst (input port clocked by clk)
Endpoint: _13387_ (recovery check against rising-edge clock clk)
Path Group: asynchronous
Path Type: max

Fanout         Cap        Slew       Delay        Time   Description
---------------------------------------------------------------------------------------------
                                  0.000000    0.000000   clock clk (rise edge)
                                  0.000000    0.000000   clock network delay (propagated)
                                  2.000000    2.000000 v input external delay
     1    0.002910    0.008870    0.004661    2.004661 v rst (in)
                                                         rst (net)
                      0.008877    0.000000    2.004661 v input33/A (sky130_fd_sc_hd__buf_4)
     4    0.086916    0.115682    0.196385    2.201046 v input33/X (sky130_fd_sc_hd__buf_4)
                                                         net33 (net)
                      0.118363    0.013967    2.215013 v fanout395/A (sky130_fd_sc_hd__buf_4)
     6    0.091621    0.122727    0.237898    2.452911 v fanout395/X (sky130_fd_sc_hd__buf_4)
                                                         net395 (net)
                      0.127262    0.018453    2.471365 v fanout392/A (sky130_fd_sc_hd__clkbuf_8)
    10    0.086368    0.100730    0.226356    2.697721 v fanout392/X (sky130_fd_sc_hd__clkbuf_8)
                                                         net392 (net)
                      0.111648    0.025407    2.723127 v _13323_/A (sky130_fd_sc_hd__inv_2)
     1    0.004556    0.042381    0.071732    2.794860 ^ _13323_/Y (sky130_fd_sc_hd__inv_2)
                                                         _00097_ (net)
                      0.042381    0.000118    2.794978 ^ _13387_/RESET_B (sky130_fd_sc_hd__dfrtp_1)
                                              2.794978   data arrival time

                                 10.000000   10.000000   clock clk (rise edge)
                                  0.000000   10.000000   clock source latency
     1    0.061463    0.279389    0.196734   10.196734 ^ clk (in)
                                                         clk (net)
                      0.279577    0.000000   10.196734 ^ clkbuf_0_clk/A (sky130_fd_sc_hd__clkbuf_16)
     8    0.186723    0.199607    0.313331   10.510065 ^ clkbuf_0_clk/X (sky130_fd_sc_hd__clkbuf_16)
                                                         clknet_0_clk (net)
                      0.200170    0.008774   10.518840 ^ clkbuf_3_0__f_clk/A (sky130_fd_sc_hd__clkbuf_16)
     9    0.039610    0.060942    0.192879   10.711719 ^ clkbuf_3_0__f_clk/X (sky130_fd_sc_hd__clkbuf_16)
                                                         clknet_3_0__leaf_clk (net)
                      0.061258    0.003023   10.714743 ^ _13387_/CLK (sky130_fd_sc_hd__dfrtp_1)
                                 -0.250000   10.464743   clock uncertainty
                                  0.000000   10.464743   clock reconvergence pessimism
                                  0.235993   10.700735   library recovery time
                                             10.700735   data required time
---------------------------------------------------------------------------------------------
                                             10.700735   data required time
                                             -2.794978   data arrival time
---------------------------------------------------------------------------------------------
                                              7.905757   slack (MET)


Startpoint: in3[3] (input port clocked by clk)
Endpoint: _13400_ (rising edge-triggered flip-flop clocked by clk)
Path Group: clk
Path Type: max

Fanout         Cap        Slew       Delay        Time   Description
---------------------------------------------------------------------------------------------
                                  0.000000    0.000000   clock clk (rise edge)
                                  0.000000    0.000000   clock network delay (propagated)
                                  2.000000    2.000000 ^ input external delay
     1    0.002874    0.020050    0.010621    2.010621 ^ in3[3] (in)
                                                         in3[3] (net)
                      0.020050    0.000000    2.010621 ^ input28/A (sky130_fd_sc_hd__clkbuf_2)
     3    0.047548    0.259147    0.241299    2.251920 ^ input28/X (sky130_fd_sc_hd__clkbuf_2)
                                                         net28 (net)
                      0.259260    0.004496    2.256416 ^ fanout445/A (sky130_fd_sc_hd__buf_2)
     6    0.058848    0.285811    0.341575    2.597991 ^ fanout445/X (sky130_fd_sc_hd__buf_2)
                                                         net445 (net)
                      0.285918    0.004623    2.602613 ^ fanout443/A (sky130_fd_sc_hd__dlymetal6s2s_1)
     5    0.025185    0.263639    0.300754    2.903367 ^ fanout443/X (sky130_fd_sc_hd__dlymetal6s2s_1)
                                                         net443 (net)
                      0.263675    0.002531    2.905898 ^ fanout442/A (sky130_fd_sc_hd__buf_2)
    10    0.041400    0.204504    0.284773    3.190671 ^ fanout442/X (sky130_fd_sc_hd__buf_2)
                                                         net442 (net)
                      0.204880    0.007206    3.197877 ^ _10753_/B (sky130_fd_sc_hd__and4_1)
     2    0.004712    0.072381    0.228549    3.426426 ^ _10753_/X (sky130_fd_sc_hd__and4_1)
                                                         _03605_ (net)
                      0.072381    0.000212    3.426638 ^ _10755_/A_N (sky130_fd_sc_hd__and2b_1)
     1    0.004739    0.041756    0.185915    3.612553 v _10755_/X (sky130_fd_sc_hd__and2b_1)
                                                         _03607_ (net)
                      0.041758    0.000359    3.612912 v _10757_/A (sky130_fd_sc_hd__xnor2_1)
     2    0.007199    0.200414    0.209254    3.822167 ^ _10757_/Y (sky130_fd_sc_hd__xnor2_1)
                                                         _03610_ (net)
                      0.200464    0.000284    3.822450 ^ _10765_/A (sky130_fd_sc_hd__nand3_1)
     3    0.008739    0.119445    0.147973    3.970424 v _10765_/Y (sky130_fd_sc_hd__nand3_1)
                                                         _03618_ (net)
                      0.119445    0.000468    3.970891 v _10767_/B (sky130_fd_sc_hd__and3_1)
     3    0.015441    0.089938    0.246801    4.217692 v _10767_/X (sky130_fd_sc_hd__and3_1)
                                                         _03621_ (net)
                      0.089944    0.000838    4.218530 v _10769_/B1 (sky130_fd_sc_hd__a211oi_4)
     3    0.016837    0.271426    0.303157    4.521687 ^ _10769_/Y (sky130_fd_sc_hd__a211oi_4)
                                                         _03623_ (net)
                      0.271426    0.000844    4.522531 ^ _10880_/B (sky130_fd_sc_hd__nor2_1)
     2    0.012591    0.102706    0.134785    4.657316 v _10880_/Y (sky130_fd_sc_hd__nor2_1)
                                                         _03744_ (net)
                      0.102711    0.000810    4.658126 v _10911_/A (sky130_fd_sc_hd__xnor2_1)
     2    0.007996    0.216175    0.245971    4.904097 ^ _10911_/Y (sky130_fd_sc_hd__xnor2_1)
                                                         _03778_ (net)
                      0.216176    0.000447    4.904544 ^ _10912_/B (sky130_fd_sc_hd__xor2_1)
     3    0.009101    0.222660    0.248855    5.153399 ^ _10912_/X (sky130_fd_sc_hd__xor2_1)
                                                         _03779_ (net)
                      0.222660    0.000500    5.153899 ^ _10967_/A (sky130_fd_sc_hd__nand3_1)
     2    0.008005    0.118194    0.148161    5.302060 v _10967_/Y (sky130_fd_sc_hd__nand3_1)
                                                         _03840_ (net)
                      0.118194    0.000428    5.302488 v _10970_/A1 (sky130_fd_sc_hd__a211o_1)
     3    0.018101    0.115278    0.353293    5.655780 v _10970_/X (sky130_fd_sc_hd__a211o_1)
                                                         _03843_ (net)
                      0.115297    0.001449    5.657229 v _10972_/A2 (sky130_fd_sc_hd__a21o_1)
     2    0.008049    0.056063    0.223892    5.881121 v _10972_/X (sky130_fd_sc_hd__a21o_1)
                                                         _03845_ (net)
                      0.056067    0.000523    5.881644 v _10974_/A2 (sky130_fd_sc_hd__a211o_1)
     3    0.012543    0.091080    0.341775    6.223419 v _10974_/X (sky130_fd_sc_hd__a211o_1)
                                                         _03847_ (net)
                      0.091086    0.000858    6.224277 v _10976_/A2 (sky130_fd_sc_hd__a21o_1)
     2    0.007481    0.053382    0.211748    6.436025 v _10976_/X (sky130_fd_sc_hd__a21o_1)
                                                         _03849_ (net)
                      0.053384    0.000391    6.436416 v _10978_/A2 (sky130_fd_sc_hd__a211o_1)
     3    0.012840    0.092262    0.342218    6.778634 v _10978_/X (sky130_fd_sc_hd__a211o_1)
                                                         _03852_ (net)
                      0.092262    0.000473    6.779106 v _10980_/A2 (sky130_fd_sc_hd__a21o_1)
     3    0.011679    0.069232    0.229537    7.008644 v _10980_/X (sky130_fd_sc_hd__a21o_1)
                                                         _03854_ (net)
                      0.069233    0.000462    7.009106 v _10981_/C1 (sky130_fd_sc_hd__o211a_1)
     4    0.013126    0.083064    0.159277    7.168384 v _10981_/X (sky130_fd_sc_hd__o211a_1)
                                                         _03855_ (net)
                      0.083072    0.000870    7.169254 v _11129_/A (sky130_fd_sc_hd__or4_4)
     2    0.008724    0.091835    0.554513    7.723767 v _11129_/X (sky130_fd_sc_hd__or4_4)
                                                         _04017_ (net)
                      0.091835    0.000573    7.724339 v _11383_/A3 (sky130_fd_sc_hd__o311a_4)
     2    0.031243    0.089578    0.370727    8.095067 v _11383_/X (sky130_fd_sc_hd__o311a_4)
                                                         _04294_ (net)
                      0.089833    0.003614    8.098681 v _11384_/A (sky130_fd_sc_hd__nor2_8)
     3    0.024112    0.120459    0.159117    8.257798 ^ _11384_/Y (sky130_fd_sc_hd__nor2_8)
                                                         _04295_ (net)
                      0.120483    0.001538    8.259336 ^ _11590_/A3 (sky130_fd_sc_hd__o31ai_4)
     2    0.012816    0.098893    0.080215    8.339552 v _11590_/Y (sky130_fd_sc_hd__o31ai_4)
                                                         _04520_ (net)
                      0.098896    0.001092    8.340644 v rebuffer44/A (sky130_fd_sc_hd__clkbuf_1)
     1    0.004546    0.036019    0.119428    8.460072 v rebuffer44/X (sky130_fd_sc_hd__clkbuf_1)
                                                         net744 (net)
                      0.036022    0.000337    8.460408 v _11591_/B (sky130_fd_sc_hd__xor2_1)
     1    0.002398    0.063612    0.130598    8.591006 v _11591_/X (sky130_fd_sc_hd__xor2_1)
                                                         _00017_ (net)
                      0.063612    0.000108    8.591115 v _13400_/D (sky130_fd_sc_hd__dfrtp_1)
                                              8.591115   data arrival time

                                 10.000000   10.000000   clock clk (rise edge)
                                  0.000000   10.000000   clock source latency
     1    0.061463    0.279389    0.196734   10.196734 ^ clk (in)
                                                         clk (net)
                      0.279577    0.000000   10.196734 ^ clkbuf_0_clk/A (sky130_fd_sc_hd__clkbuf_16)
     8    0.186723    0.199607    0.313331   10.510065 ^ clkbuf_0_clk/X (sky130_fd_sc_hd__clkbuf_16)
                                                         clknet_0_clk (net)
                      0.200200    0.008993   10.519058 ^ clkbuf_3_1__f_clk/A (sky130_fd_sc_hd__clkbuf_16)
     9    0.049075    0.069435    0.197868   10.716927 ^ clkbuf_3_1__f_clk/X (sky130_fd_sc_hd__clkbuf_16)
                                                         clknet_3_1__leaf_clk (net)
                      0.071274    0.008800   10.725726 ^ _13400_/CLK (sky130_fd_sc_hd__dfrtp_1)
                                 -0.250000   10.475726   clock uncertainty
                                  0.000000   10.475726   clock reconvergence pessimism
                                 -0.116370   10.359356   library setup time
                                             10.359356   data required time
---------------------------------------------------------------------------------------------
                                             10.359356   data required time
                                             -8.591115   data arrival time
---------------------------------------------------------------------------------------------
                                              1.768242   slack (MET)




===========================================================================
report_checks --slack_max -0.01
============================================================================
======================= max_tt_025C_1v80 Corner ===================================

No paths found.


===========================================================================
 report_check_types -max_slew -max_cap -max_fanout -violators
============================================================================
======================= max_tt_025C_1v80 Corner ===================================

max fanout

Pin                                   Limit Fanout  Slack
---------------------------------------------------------
input89/X                                10     12     -2 (VIOLATED)
clkbuf_3_4__f_clk/X                      10     11        (VIOLATED)



===========================================================================
report_parasitic_annotation -report_unannotated
============================================================================
Found 7 unannotated drivers.
 clkload0/Y
 clkload1/Y
 clkload2/Y
 clkload3/X
 clkload4/Y
 clkload5/Y
 clkload6/X
Found 0 partially unannotated drivers.

===========================================================================
max slew violation count 0
max fanout violation count 2
max cap violation count 0
============================================================================

===========================================================================
check_setup -verbose -unconstrained_endpoints -multiple_clock -no_clock -no_input_delay -loops -generated_clocks
===========================================================================
