Clock: aclk
Sources: aclk 
Generated: no
Virtual: yes
Propagated: no
Period: 20.000000

===========================================================================
report_clock_properties
============================================================================
Clock                   Period          Waveform
----------------------------------------------------
aclk                 20.000000    0.000000 10.000000

===========================================================================
report_clock_latency
============================================================================
Clock aclk
rise -> rise
    min     max
0.000000 0.000000 source latency
0.767748         network latency _2099_/CLK
        0.792598 network latency _2092_/CLK
---------------
0.767748 0.792598 latency
        0.024850 skew

fall -> fall
    min     max
0.000000 0.000000 source latency
0.704841         network latency _2099_/CLK
        0.723141 network latency _2092_/CLK
---------------
0.704841 0.723141 latency
        0.018300 skew



===========================================================================
report_clock_min_period
============================================================================
aclk period_min = 15.64 fmax = 63.93
