Clock: aclk
Sources: aclk 
Generated: no
Virtual: yes
Propagated: no
Period: 20.000000

===========================================================================
report_clock_properties
============================================================================
Clock                   Period          Waveform
----------------------------------------------------
aclk                 20.000000    0.000000 10.000000

===========================================================================
report_clock_latency
============================================================================
Clock aclk
rise -> rise
    min     max
0.000000 0.000000 source latency
0.327396         network latency _2099_/CLK
        0.345954 network latency _2114_/CLK
---------------
0.327396 0.345954 latency
        0.018558 skew

fall -> fall
    min     max
0.000000 0.000000 source latency
0.281055         network latency _2099_/CLK
        0.295843 network latency _2114_/CLK
---------------
0.281055 0.295843 latency
        0.014788 skew



===========================================================================
report_clock_min_period
============================================================================
aclk period_min = 4.96 fmax = 201.43
