
===========================================================================
report_checks -unconstrained
===========================================================================
======================= nom_tt_025C_1v80 Corner ===================================

Startpoint: _2088_ (rising edge-triggered flip-flop clocked by aclk)
Endpoint: _2120_ (rising edge-triggered flip-flop clocked by aclk)
Path Group: aclk
Path Type: max

Fanout         Cap        Slew       Delay        Time   Description
---------------------------------------------------------------------------------------------
                                  0.000000    0.000000   clock aclk (rise edge)
                                  0.000000    0.000000   clock source latency
    50    0.159533    0.715830    0.495142    0.495142 ^ aclk (in)
                                                         aclk (net)
                      0.715867    0.000000    0.495142 ^ _2088_/CLK (sky130_fd_sc_hd__dfxtp_2)
    54    0.202628    1.003030    1.146167    1.641308 ^ _2088_/Q (sky130_fd_sc_hd__dfxtp_2)
                                                         internal_rssi[7] (net)
                      1.003030    0.002323    1.643631 ^ _1270_/A (sky130_fd_sc_hd__nand2_2)
    63    0.254919    1.031278    1.050997    2.694628 v _1270_/Y (sky130_fd_sc_hd__nand2_2)
                                                         _0408_ (net)
                      1.031367    0.008191    2.702819 v _1563_/A (sky130_fd_sc_hd__or3_2)
     3    0.009647    0.108461    0.809642    3.512461 v _1563_/X (sky130_fd_sc_hd__or3_2)
                                                         _0694_ (net)
                      0.108461    0.000035    3.512496 v _1566_/B1 (sky130_fd_sc_hd__o211a_2)
     2    0.004411    0.045365    0.162395    3.674890 v _1566_/X (sky130_fd_sc_hd__o211a_2)
                                                         _0697_ (net)
                      0.045365    0.000011    3.674901 v _1568_/A (sky130_fd_sc_hd__or3b_2)
     2    0.006194    0.090392    0.477860    4.152761 v _1568_/X (sky130_fd_sc_hd__or3b_2)
                                                         _0699_ (net)
                      0.090392    0.000020    4.152781 v _1571_/A (sky130_fd_sc_hd__and3_2)
     3    0.008123    0.052066    0.206108    4.358889 v _1571_/X (sky130_fd_sc_hd__and3_2)
                                                         _0702_ (net)
                      0.052066    0.000011    4.358900 v _1573_/B (sky130_fd_sc_hd__or3_2)
     2    0.006818    0.093288    0.467398    4.826298 v _1573_/X (sky130_fd_sc_hd__or3_2)
                                                         _0704_ (net)
                      0.093288    0.000006    4.826303 v _1577_/A1 (sky130_fd_sc_hd__a21o_2)
     3    0.009064    0.049058    0.221956    5.048259 v _1577_/X (sky130_fd_sc_hd__a21o_2)
                                                         _0708_ (net)
                      0.049058    0.000037    5.048296 v _1578_/C (sky130_fd_sc_hd__and3_2)
     2    0.006142    0.047346    0.216454    5.264750 v _1578_/X (sky130_fd_sc_hd__and3_2)
                                                         _0709_ (net)
                      0.047346    0.000002    5.264751 v _1581_/A (sky130_fd_sc_hd__or3_2)
     5    0.019270    0.124892    0.546382    5.811133 v _1581_/X (sky130_fd_sc_hd__or3_2)
                                                         _0712_ (net)
                      0.124892    0.000070    5.811203 v _1583_/B (sky130_fd_sc_hd__and3_2)
     3    0.007763    0.051120    0.241736    6.052940 v _1583_/X (sky130_fd_sc_hd__and3_2)
                                                         _0714_ (net)
                      0.051120    0.000015    6.052954 v _1589_/B (sky130_fd_sc_hd__or3_2)
     2    0.002926    0.076858    0.441764    6.494718 v _1589_/X (sky130_fd_sc_hd__or3_2)
                                                         _0719_ (net)
                      0.076858    0.000004    6.494722 v _1590_/C (sky130_fd_sc_hd__or3_2)
     1    0.004220    0.083297    0.422294    6.917016 v _1590_/X (sky130_fd_sc_hd__or3_2)
                                                         _0720_ (net)
                      0.083297    0.000004    6.917020 v _1593_/A2 (sky130_fd_sc_hd__o211ai_2)
     5    0.032385    0.407961    0.365308    7.282328 ^ _1593_/Y (sky130_fd_sc_hd__o211ai_2)
                                                         _0723_ (net)
                      0.407963    0.000737    7.283065 ^ _1850_/A1 (sky130_fd_sc_hd__a211oi_2)
     4    0.024569    0.170881    0.222692    7.505757 v _1850_/Y (sky130_fd_sc_hd__a211oi_2)
                                                         _0972_ (net)
                      0.170881    0.000505    7.506262 v _1993_/A1 (sky130_fd_sc_hd__o31a_2)
     2    0.008655    0.065236    0.405992    7.912254 v _1993_/X (sky130_fd_sc_hd__o31a_2)
                                                         _0125_ (net)
                      0.065236    0.000090    7.912344 v _1994_/B (sky130_fd_sc_hd__or2_2)
     5    0.017116    0.091368    0.331057    8.243401 v _1994_/X (sky130_fd_sc_hd__or2_2)
                                                         _0126_ (net)
                      0.091368    0.000126    8.243527 v _2052_/A2 (sky130_fd_sc_hd__a311o_2)
     3    0.010757    0.076217    0.407484    8.651011 v _2052_/X (sky130_fd_sc_hd__a311o_2)
                                                         _0182_ (net)
                      0.076217    0.000072    8.651083 v _2068_/A2 (sky130_fd_sc_hd__a31o_2)
     1    0.002516    0.039254    0.234490    8.885572 v _2068_/X (sky130_fd_sc_hd__a31o_2)
                                                         _0197_ (net)
                      0.039254    0.000004    8.885576 v _2069_/B2 (sky130_fd_sc_hd__o221a_2)
     1    0.001925    0.041113    0.212651    9.098228 v _2069_/X (sky130_fd_sc_hd__o221a_2)
                                                         _0048_ (net)
                      0.041113    0.000003    9.098230 v _2120_/D (sky130_fd_sc_hd__dfxtp_2)
                                              9.098230   data arrival time

                                 12.000000   12.000000   clock aclk (rise edge)
                                  0.000000   12.000000   clock source latency
    50    0.159533    0.715830    0.493550   12.493549 ^ aclk (in)
                                                         aclk (net)
                      0.715845    0.000000   12.493549 ^ _2120_/CLK (sky130_fd_sc_hd__dfxtp_2)
                                 -0.250000   12.243549   clock uncertainty
                                  0.000000   12.243549   clock reconvergence pessimism
                                  0.014167   12.257717   library setup time
                                             12.257717   data required time
---------------------------------------------------------------------------------------------
                                             12.257717   data required time
                                             -9.098230   data arrival time
---------------------------------------------------------------------------------------------
                                              3.159487   slack (MET)




===========================================================================
report_checks --slack_max -0.01
============================================================================
======================= nom_tt_025C_1v80 Corner ===================================

No paths found.


===========================================================================
 report_check_types -max_slew -max_cap -max_fanout -violators
============================================================================
======================= nom_tt_025C_1v80 Corner ===================================

max slew

Pin                                        Limit        Slew       Slack
------------------------------------------------------------------------
_2063_/S                                0.750000    1.854919   -1.104919 (VIOLATED)
_1766_/A                                0.750000    1.854917   -1.104917 (VIOLATED)
_1863_/A                                0.750000    1.854917   -1.104917 (VIOLATED)
_1731_/A                                0.750000    1.854916   -1.104916 (VIOLATED)
_1767_/B1                               0.750000    1.854917   -1.104917 (VIOLATED)
_1795_/A                                0.750000    1.854918   -1.104918 (VIOLATED)
_1796_/B1                               0.750000    1.854918   -1.104918 (VIOLATED)
_1829_/A                                0.750000    1.854918   -1.104918 (VIOLATED)
_1830_/B1                               0.750000    1.854918   -1.104918 (VIOLATED)
_1891_/A                                0.750000    1.854917   -1.104917 (VIOLATED)
_1732_/B1                               0.750000    1.854916   -1.104916 (VIOLATED)
_1917_/A                                0.750000    1.854917   -1.104917 (VIOLATED)
_1950_/A                                0.750000    1.854918   -1.104918 (VIOLATED)
_1977_/A                                0.750000    1.854918   -1.104918 (VIOLATED)
_2013_/A                                0.750000    1.854918   -1.104918 (VIOLATED)
_2014_/A                                0.750000    1.854918   -1.104918 (VIOLATED)
_2039_/A                                0.750000    1.854919   -1.104919 (VIOLATED)
_1733_/A1                               0.750000    1.854915   -1.104915 (VIOLATED)
_1768_/A1                               0.750000    1.854916   -1.104916 (VIOLATED)
_1797_/A1                               0.750000    1.854917   -1.104917 (VIOLATED)
_1831_/A1                               0.750000    1.854918   -1.104918 (VIOLATED)
_1524_/Y                                0.750000    1.854913   -1.104913 (VIOLATED)
_1573_/A                                0.750000    1.854913   -1.104913 (VIOLATED)
_1574_/B1                               0.750000    1.854913   -1.104913 (VIOLATED)
_1608_/A                                0.750000    1.854913   -1.104913 (VIOLATED)
_1609_/B1                               0.750000    1.854913   -1.104913 (VIOLATED)
_1610_/A1                               0.750000    1.854913   -1.104913 (VIOLATED)
_1638_/A                                0.750000    1.854913   -1.104913 (VIOLATED)
_1639_/B1                               0.750000    1.854913   -1.104913 (VIOLATED)
_1640_/A1                               0.750000    1.854913   -1.104913 (VIOLATED)
_1668_/A                                0.750000    1.854913   -1.104913 (VIOLATED)
_1669_/B1                               0.750000    1.854913   -1.104913 (VIOLATED)
_1670_/A1                               0.750000    1.854913   -1.104913 (VIOLATED)
_1701_/A                                0.750000    1.854913   -1.104913 (VIOLATED)
_1702_/B1                               0.750000    1.854913   -1.104913 (VIOLATED)
_1703_/A1                               0.750000    1.854913   -1.104913 (VIOLATED)
_1791_/B1                               0.750000    1.666909   -0.916909 (VIOLATED)
_1824_/A                                0.750000    1.666909   -0.916909 (VIOLATED)
_1825_/B1                               0.750000    1.666909   -0.916909 (VIOLATED)
_1826_/A1                               0.750000    1.666909   -0.916909 (VIOLATED)
_1762_/B1                               0.750000    1.666908   -0.916908 (VIOLATED)
_1792_/A1                               0.750000    1.666908   -0.916908 (VIOLATED)
_1727_/B1                               0.750000    1.666906   -0.916906 (VIOLATED)
_1763_/A1                               0.750000    1.666907   -0.916907 (VIOLATED)
_1697_/B1                               0.750000    1.666905   -0.916905 (VIOLATED)
_1728_/A1                               0.750000    1.666905   -0.916905 (VIOLATED)
_1664_/B1                               0.750000    1.666904   -0.916904 (VIOLATED)
_1698_/A1                               0.750000    1.666904   -0.916904 (VIOLATED)
_1634_/B1                               0.750000    1.666903   -0.916903 (VIOLATED)
_1665_/A1                               0.750000    1.666903   -0.916903 (VIOLATED)
_1888_/A1                               0.750000    1.666904   -0.916904 (VIOLATED)
_1914_/A                                0.750000    1.666904   -0.916904 (VIOLATED)
_1915_/A1                               0.750000    1.666903   -0.916903 (VIOLATED)
_1944_/A                                0.750000    1.666904   -0.916904 (VIOLATED)
_1945_/A                                0.750000    1.666904   -0.916904 (VIOLATED)
_1569_/B1                               0.750000    1.666903   -0.916903 (VIOLATED)
_1947_/A1                               0.750000    1.666904   -0.916904 (VIOLATED)
_1605_/A1                               0.750000    1.666903   -0.916903 (VIOLATED)
_1535_/B1                               0.750000    1.666901   -0.916901 (VIOLATED)
_1604_/B1                               0.750000    1.666901   -0.916901 (VIOLATED)
_1457_/B1                               0.750000    1.666899   -0.916899 (VIOLATED)
_1501_/B1                               0.750000    1.666900   -0.916900 (VIOLATED)
_1502_/A1                               0.750000    1.666899   -0.916899 (VIOLATED)
_1536_/A1                               0.750000    1.666900   -0.916900 (VIOLATED)
_1570_/A1                               0.750000    1.666901   -0.916901 (VIOLATED)
_1635_/A1                               0.750000    1.666901   -0.916901 (VIOLATED)
_2007_/A                                0.750000    1.666901   -0.916901 (VIOLATED)
_2008_/A                                0.750000    1.666901   -0.916901 (VIOLATED)
_2010_/A1                               0.750000    1.666901   -0.916901 (VIOLATED)
_2035_/A                                0.750000    1.666901   -0.916901 (VIOLATED)
_1404_/X                                0.750000    1.666897   -0.916897 (VIOLATED)
_1415_/B1                               0.750000    1.666897   -0.916897 (VIOLATED)
_1458_/A1                               0.750000    1.666897   -0.916897 (VIOLATED)
_1273_/A                                0.750000    1.366256   -0.616256 (VIOLATED)
_1274_/A                                0.750000    1.366256   -0.616256 (VIOLATED)
_1275_/B1                               0.750000    1.366256   -0.616256 (VIOLATED)
_1319_/A                                0.750000    1.366255   -0.616255 (VIOLATED)
_1320_/B1                               0.750000    1.366254   -0.616254 (VIOLATED)
_1318_/A                                0.750000    1.366253   -0.616253 (VIOLATED)
_1362_/A                                0.750000    1.366251   -0.616251 (VIOLATED)
_1363_/B1                               0.750000    1.366251   -0.616251 (VIOLATED)
_1361_/A                                0.750000    1.366244   -0.616244 (VIOLATED)
_1409_/A                                0.750000    1.366238   -0.616239 (VIOLATED)
_1410_/B1                               0.750000    1.366238   -0.616238 (VIOLATED)
_1408_/A                                0.750000    1.366234   -0.616234 (VIOLATED)
_1452_/B1                               0.750000    1.366229   -0.616229 (VIOLATED)
_1451_/A                                0.750000    1.366228   -0.616228 (VIOLATED)
_1450_/A                                0.750000    1.366220   -0.616220 (VIOLATED)
_1495_/A                                0.750000    1.366213   -0.616213 (VIOLATED)
_1496_/B1                               0.750000    1.366212   -0.616212 (VIOLATED)
_1494_/A                                0.750000    1.366205   -0.616205 (VIOLATED)
_2030_/B                                0.750000    1.366200   -0.616200 (VIOLATED)
_2001_/A                                0.750000    1.366199   -0.616199 (VIOLATED)
_2002_/B1                               0.750000    1.366199   -0.616199 (VIOLATED)
_2057_/A2                               0.750000    1.366199   -0.616199 (VIOLATED)
_2058_/A2                               0.750000    1.366198   -0.616198 (VIOLATED)
_1968_/B1                               0.750000    1.366191   -0.616191 (VIOLATED)
_1967_/A                                0.750000    1.366190   -0.616190 (VIOLATED)
_1529_/A                                0.750000    1.366186   -0.616186 (VIOLATED)
_1530_/B1                               0.750000    1.366186   -0.616186 (VIOLATED)
_1939_/B1                               0.750000    1.366173   -0.616173 (VIOLATED)
_1938_/A                                0.750000    1.366172   -0.616172 (VIOLATED)
_1528_/A                                0.750000    1.366150   -0.616150 (VIOLATED)
_1882_/A                                0.750000    1.366138   -0.616138 (VIOLATED)
_1883_/B1                               0.750000    1.366138   -0.616138 (VIOLATED)
_1910_/A                                0.750000    1.366138   -0.616138 (VIOLATED)
_1564_/B1                               0.750000    1.366138   -0.616138 (VIOLATED)
_1563_/A                                0.750000    1.366136   -0.616136 (VIOLATED)
_1562_/A                                0.750000    1.366130   -0.616130 (VIOLATED)
_1599_/B1                               0.750000    1.366081   -0.616081 (VIOLATED)
_1598_/A                                0.750000    1.366080   -0.616080 (VIOLATED)
_1597_/A                                0.750000    1.366075   -0.616075 (VIOLATED)
_1853_/A                                0.750000    1.366075   -0.616075 (VIOLATED)
_1819_/A                                0.750000    1.366074   -0.616074 (VIOLATED)
_1854_/A                                0.750000    1.366075   -0.616075 (VIOLATED)
_1855_/B1                               0.750000    1.366075   -0.616075 (VIOLATED)
_1784_/A                                0.750000    1.366073   -0.616073 (VIOLATED)
_1820_/A                                0.750000    1.366073   -0.616074 (VIOLATED)
_1821_/B1                               0.750000    1.366074   -0.616074 (VIOLATED)
_1785_/A                                0.750000    1.366072   -0.616072 (VIOLATED)
_1786_/B1                               0.750000    1.366072   -0.616072 (VIOLATED)
_1755_/A                                0.750000    1.366071   -0.616071 (VIOLATED)
_1756_/A                                0.750000    1.366070   -0.616070 (VIOLATED)
_1757_/B1                               0.750000    1.366070   -0.616070 (VIOLATED)
_1628_/A                                0.750000    1.366066   -0.616066 (VIOLATED)
_1629_/B1                               0.750000    1.366066   -0.616066 (VIOLATED)
_1720_/A                                0.750000    1.366066   -0.616066 (VIOLATED)
_1721_/A                                0.750000    1.366065   -0.616065 (VIOLATED)
_1722_/B1                               0.750000    1.366065   -0.616065 (VIOLATED)
_1627_/A                                0.750000    1.366063   -0.616063 (VIOLATED)
_1690_/A                                0.750000    1.366062   -0.616062 (VIOLATED)
_1691_/A                                0.750000    1.366061   -0.616061 (VIOLATED)
_1692_/B1                               0.750000    1.366061   -0.616061 (VIOLATED)
_1657_/A                                0.750000    1.366059   -0.616059 (VIOLATED)
_1658_/A                                0.750000    1.366059   -0.616059 (VIOLATED)
_1659_/B1                               0.750000    1.366060   -0.616060 (VIOLATED)
_1270_/Y                                0.750000    1.366057   -0.616057 (VIOLATED)
_1225_/B                                0.750000    1.122513   -0.372513 (VIOLATED)
_1271_/C                                0.750000    1.122512   -0.372512 (VIOLATED)
_1272_/A2                               0.750000    1.122512   -0.372512 (VIOLATED)
_1316_/C                                0.750000    1.122511   -0.372511 (VIOLATED)
_1317_/A2                               0.750000    1.122511   -0.372511 (VIOLATED)
_1359_/C                                0.750000    1.122506   -0.372506 (VIOLATED)
_1360_/A2                               0.750000    1.122506   -0.372506 (VIOLATED)
_1406_/C                                0.750000    1.122499   -0.372499 (VIOLATED)
_1407_/A2                               0.750000    1.122499   -0.372499 (VIOLATED)
_1448_/C                                0.750000    1.122489   -0.372489 (VIOLATED)
_1449_/A2                               0.750000    1.122489   -0.372489 (VIOLATED)
_1226_/B                                0.750000    1.122482   -0.372483 (VIOLATED)
_1999_/C                                0.750000    1.122483   -0.372483 (VIOLATED)
_1492_/C                                0.750000    1.122480   -0.372480 (VIOLATED)
_1493_/A2                               0.750000    1.122479   -0.372479 (VIOLATED)
_1965_/C                                0.750000    1.122467   -0.372467 (VIOLATED)
_1936_/C                                0.750000    1.122458   -0.372458 (VIOLATED)
_1526_/C                                0.750000    1.122458   -0.372458 (VIOLATED)
_1527_/A2                               0.750000    1.122457   -0.372457 (VIOLATED)
_1907_/C                                0.750000    1.122452   -0.372453 (VIOLATED)
_1880_/C                                0.750000    1.122441   -0.372441 (VIOLATED)
_1560_/C                                0.750000    1.122436   -0.372436 (VIOLATED)
_1561_/A2                               0.750000    1.122435   -0.372435 (VIOLATED)
_1851_/C                                0.750000    1.122426   -0.372426 (VIOLATED)
_1852_/A2                               0.750000    1.122423   -0.372423 (VIOLATED)
_1817_/C                                0.750000    1.122413   -0.372413 (VIOLATED)
_1818_/A2                               0.750000    1.122412   -0.372412 (VIOLATED)
_1782_/C                                0.750000    1.122392   -0.372392 (VIOLATED)
_1783_/A2                               0.750000    1.122393   -0.372393 (VIOLATED)
_1753_/C                                0.750000    1.122388   -0.372388 (VIOLATED)
_1754_/A2                               0.750000    1.122388   -0.372388 (VIOLATED)
_1719_/A2                               0.750000    1.122374   -0.372374 (VIOLATED)
_1718_/C                                0.750000    1.122374   -0.372374 (VIOLATED)
_1191_/A2                               0.750000    1.122370   -0.372370 (VIOLATED)
_1192_/C                                0.750000    1.122370   -0.372370 (VIOLATED)
_1147_/A2                               0.750000    1.122370   -0.372370 (VIOLATED)
_1148_/C                                0.750000    1.122370   -0.372370 (VIOLATED)
_1149_/C                                0.750000    1.122370   -0.372370 (VIOLATED)
_1126_/A2                               0.750000    1.122369   -0.372369 (VIOLATED)
_1127_/C                                0.750000    1.122369   -0.372369 (VIOLATED)
_1041_/A                                0.750000    1.122367   -0.372367 (VIOLATED)
_1075_/A2                               0.750000    1.122367   -0.372367 (VIOLATED)
_1076_/C                                0.750000    1.122367   -0.372367 (VIOLATED)
_1079_/A2                               0.750000    1.122367   -0.372367 (VIOLATED)
_1080_/C                                0.750000    1.122367   -0.372367 (VIOLATED)
_1087_/A2                               0.750000    1.122367   -0.372367 (VIOLATED)
_1088_/C                                0.750000    1.122367   -0.372367 (VIOLATED)
_1102_/A2                               0.750000    1.122367   -0.372367 (VIOLATED)
_1103_/C                                0.750000    1.122367   -0.372367 (VIOLATED)
_1595_/C                                0.750000    1.122367   -0.372367 (VIOLATED)
_1596_/A2                               0.750000    1.122367   -0.372367 (VIOLATED)
_1625_/C                                0.750000    1.122367   -0.372367 (VIOLATED)
_1626_/A2                               0.750000    1.122367   -0.372367 (VIOLATED)
_1655_/C                                0.750000    1.122367   -0.372367 (VIOLATED)
_1656_/A2                               0.750000    1.122367   -0.372367 (VIOLATED)
_1688_/C                                0.750000    1.122367   -0.372367 (VIOLATED)
_1689_/A2                               0.750000    1.122367   -0.372367 (VIOLATED)
_2073_/Q                                0.750000    1.122367   -0.372367 (VIOLATED)
_1859_/A                                0.750000    1.008866   -0.258866 (VIOLATED)
_1887_/A                                0.750000    1.008865   -0.258865 (VIOLATED)
_1726_/B                                0.750000    1.008864   -0.258864 (VIOLATED)
_1761_/B                                0.750000    1.008865   -0.258864 (VIOLATED)
_1790_/B                                0.750000    1.008865   -0.258865 (VIOLATED)
_1568_/B                                0.750000    1.008864   -0.258864 (VIOLATED)
_1696_/B                                0.750000    1.008864   -0.258864 (VIOLATED)
_1973_/A                                0.750000    1.008864   -0.258864 (VIOLATED)
_1633_/B                                0.750000    1.008863   -0.258863 (VIOLATED)
_1663_/B                                0.750000    1.008864   -0.258864 (VIOLATED)
_1534_/B                                0.750000    1.008863   -0.258863 (VIOLATED)
_2060_/S                                0.750000    1.008863   -0.258863 (VIOLATED)
_1500_/B                                0.750000    1.008863   -0.258863 (VIOLATED)
_1603_/B                                0.750000    1.008863   -0.258863 (VIOLATED)
_1405_/Y                                0.750000    1.008861   -0.258861 (VIOLATED)
_1414_/A                                0.750000    1.008861   -0.258861 (VIOLATED)
_1456_/A                                0.750000    1.008861   -0.258861 (VIOLATED)
_1226_/A                                0.750000    1.003069   -0.253069 (VIOLATED)
_1999_/B                                0.750000    1.003069   -0.253069 (VIOLATED)
_1492_/B                                0.750000    1.003069   -0.253069 (VIOLATED)
_1493_/A1                               0.750000    1.003069   -0.253069 (VIOLATED)
_1965_/B                                0.750000    1.003067   -0.253067 (VIOLATED)
_1526_/B                                0.750000    1.003065   -0.253065 (VIOLATED)
_1527_/A1                               0.750000    1.003065   -0.253065 (VIOLATED)
_1936_/B                                0.750000    1.003065   -0.253065 (VIOLATED)
_1907_/B                                0.750000    1.003063   -0.253063 (VIOLATED)
_1941_/A1                               0.750000    1.003063   -0.253063 (VIOLATED)
_1560_/B                                0.750000    1.003059   -0.253059 (VIOLATED)
_1561_/A1                               0.750000    1.003060   -0.253060 (VIOLATED)
_1880_/B                                0.750000    1.003060   -0.253060 (VIOLATED)
_1448_/B                                0.750000    1.003058   -0.253058 (VIOLATED)
_1449_/A1                               0.750000    1.003058   -0.253058 (VIOLATED)
_1225_/A                                0.750000    1.003058   -0.253058 (VIOLATED)
_1271_/B                                0.750000    1.003058   -0.253058 (VIOLATED)
_1272_/A1                               0.750000    1.003058   -0.253058 (VIOLATED)
_1316_/B                                0.750000    1.003057   -0.253057 (VIOLATED)
_1317_/A1                               0.750000    1.003058   -0.253058 (VIOLATED)
_1406_/B                                0.750000    1.003057   -0.253057 (VIOLATED)
_1407_/A1                               0.750000    1.003057   -0.253057 (VIOLATED)
_1851_/B                                0.750000    1.003057   -0.253057 (VIOLATED)
_1852_/A1                               0.750000    1.003056   -0.253056 (VIOLATED)
_1359_/B                                0.750000    1.003055   -0.253055 (VIOLATED)
_1360_/A1                               0.750000    1.003055   -0.253055 (VIOLATED)
_1817_/B                                0.750000    1.003052   -0.253052 (VIOLATED)
_1818_/A1                               0.750000    1.003051   -0.253051 (VIOLATED)
_1403_/A                                0.750000    1.003048   -0.253048 (VIOLATED)
_1311_/A                                0.750000    1.003045   -0.253045 (VIOLATED)
_1312_/B2                               0.750000    1.003045   -0.253045 (VIOLATED)
_1355_/B1                               0.750000    1.003045   -0.253045 (VIOLATED)
_1354_/A                                0.750000    1.003044   -0.253044 (VIOLATED)
_1782_/B                                0.750000    1.003043   -0.253043 (VIOLATED)
_1783_/A1                               0.750000    1.003043   -0.253043 (VIOLATED)
_1753_/B                                0.750000    1.003041   -0.253041 (VIOLATED)
_1754_/A1                               0.750000    1.003041   -0.253041 (VIOLATED)
_1484_/B1                               0.750000    1.003040   -0.253040 (VIOLATED)
_1520_/B2                               0.750000    1.003039   -0.253039 (VIOLATED)
_1439_/A                                0.750000    1.003039   -0.253039 (VIOLATED)
_1438_/A                                0.750000    1.003036   -0.253036 (VIOLATED)
_1440_/B2                               0.750000    1.003036   -0.253036 (VIOLATED)
_1595_/B                                0.750000    1.003034   -0.253034 (VIOLATED)
_1596_/A1                               0.750000    1.003034   -0.253034 (VIOLATED)
_1718_/B                                0.750000    1.003033   -0.253033 (VIOLATED)
_1719_/A1                               0.750000    1.003033   -0.253033 (VIOLATED)
_1625_/B                                0.750000    1.003031   -0.253031 (VIOLATED)
_1626_/A1                               0.750000    1.003031   -0.253031 (VIOLATED)
_1071_/A                                0.750000    1.003030   -0.253030 (VIOLATED)
_1270_/A                                0.750000    1.003030   -0.253030 (VIOLATED)
_1655_/B                                0.750000    1.003030   -0.253030 (VIOLATED)
_1656_/A1                               0.750000    1.003030   -0.253030 (VIOLATED)
_1688_/B                                0.750000    1.003030   -0.253030 (VIOLATED)
_1689_/A1                               0.750000    1.003030   -0.253030 (VIOLATED)
_2088_/Q                                0.750000    1.003030   -0.253030 (VIOLATED)
_1299_/A2                               0.750000    0.860929   -0.110929 (VIOLATED)
_1342_/A2                               0.750000    0.860929   -0.110929 (VIOLATED)
_2069_/A2                               0.750000    0.860927   -0.110927 (VIOLATED)
_2055_/A2                               0.750000    0.860927   -0.110927 (VIOLATED)
_2029_/A2                               0.750000    0.860927   -0.110927 (VIOLATED)
_1390_/B                                0.750000    0.860926   -0.110926 (VIOLATED)
_1434_/A2                               0.750000    0.860926   -0.110926 (VIOLATED)
_1997_/B                                0.750000    0.860926   -0.110926 (VIOLATED)
_1935_/A2                               0.750000    0.860924   -0.110924 (VIOLATED)
_1934_/A                                0.750000    0.860924   -0.110924 (VIOLATED)
_1964_/A2                               0.750000    0.860923   -0.110923 (VIOLATED)
_1481_/A                                0.750000    0.860923   -0.110923 (VIOLATED)
_1482_/A2                               0.750000    0.860922   -0.110922 (VIOLATED)
_1518_/A2                               0.750000    0.860920   -0.110920 (VIOLATED)
_1906_/A2                               0.750000    0.860920   -0.110920 (VIOLATED)
_1905_/A                                0.750000    0.860919   -0.110919 (VIOLATED)
_1878_/B                                0.750000    0.860916   -0.110917 (VIOLATED)
_1556_/A2                               0.750000    0.860915   -0.110915 (VIOLATED)
_1588_/A2                               0.750000    0.860914   -0.110914 (VIOLATED)
_1844_/A2                               0.750000    0.860911   -0.110911 (VIOLATED)
_1779_/B1                               0.750000    0.860905   -0.110905 (VIOLATED)
_1210_/B                                0.750000    0.860897   -0.110897 (VIOLATED)
_1250_/B                                0.750000    0.860897   -0.110897 (VIOLATED)
_1175_/B1                               0.750000    0.860897   -0.110897 (VIOLATED)
_1176_/A2                               0.750000    0.860897   -0.110897 (VIOLATED)
_1144_/B                                0.750000    0.860896   -0.110896 (VIOLATED)
_1815_/B                                0.750000    0.860896   -0.110896 (VIOLATED)
_1781_/A2                               0.750000    0.860896   -0.110896 (VIOLATED)
_1119_/B1                               0.750000    0.860895   -0.110895 (VIOLATED)
_1120_/A2                               0.750000    0.860895   -0.110895 (VIOLATED)
_1100_/B1                               0.750000    0.860894   -0.110894 (VIOLATED)
_1077_/A                                0.750000    0.860894   -0.110894 (VIOLATED)
_1075_/A3                               0.750000    0.860893   -0.110893 (VIOLATED)
_1086_/A2                               0.750000    0.860892   -0.110892 (VIOLATED)
_1751_/B                                0.750000    0.860892   -0.110892 (VIOLATED)
_1101_/A2                               0.750000    0.860891   -0.110891 (VIOLATED)
_1653_/A                                0.750000    0.860891   -0.110891 (VIOLATED)
_1654_/A2                               0.750000    0.860891   -0.110891 (VIOLATED)
_1073_/X                                0.750000    0.860889   -0.110889 (VIOLATED)
_1623_/B                                0.750000    0.860889   -0.110889 (VIOLATED)
_1686_/B                                0.750000    0.860889   -0.110889 (VIOLATED)
_1716_/B                                0.750000    0.860889   -0.110889 (VIOLATED)
_2071_/A1                               0.750000    0.860889   -0.110889 (VIOLATED)
_1251_/C1                               0.750000    0.825669   -0.075669 (VIOLATED)
_1211_/C1                               0.750000    0.825669   -0.075669 (VIOLATED)
_1056_/C1                               0.750000    0.825668   -0.075668 (VIOLATED)
_1054_/C1                               0.750000    0.825668   -0.075668 (VIOLATED)
_1070_/C1                               0.750000    0.825667   -0.075667 (VIOLATED)
_1068_/C1                               0.750000    0.825667   -0.075667 (VIOLATED)
_1052_/C1                               0.750000    0.825666   -0.075666 (VIOLATED)
_1176_/C1                               0.750000    0.825665   -0.075665 (VIOLATED)
_1066_/C1                               0.750000    0.825665   -0.075665 (VIOLATED)
_1050_/C1                               0.750000    0.825664   -0.075664 (VIOLATED)
_1145_/C1                               0.750000    0.825662   -0.075662 (VIOLATED)
_1064_/C1                               0.750000    0.825661   -0.075661 (VIOLATED)
_1120_/C1                               0.750000    0.825657   -0.075658 (VIOLATED)
_1078_/A                                0.750000    0.825646   -0.075646 (VIOLATED)
_1086_/C1                               0.750000    0.825642   -0.075642 (VIOLATED)
_1072_/C1                               0.750000    0.825638   -0.075638 (VIOLATED)
_1299_/C1                               0.750000    0.825636   -0.075636 (VIOLATED)
_1342_/C1                               0.750000    0.825636   -0.075636 (VIOLATED)
_1058_/C1                               0.750000    0.825635   -0.075635 (VIOLATED)
_1391_/C1                               0.750000    0.825634   -0.075634 (VIOLATED)
_1434_/C1                               0.750000    0.825634   -0.075634 (VIOLATED)
_1482_/C1                               0.750000    0.825630   -0.075630 (VIOLATED)
_1101_/C1                               0.750000    0.825629   -0.075629 (VIOLATED)
_1060_/C1                               0.750000    0.825628   -0.075628 (VIOLATED)
_1062_/C1                               0.750000    0.825628   -0.075628 (VIOLATED)
_1518_/C1                               0.750000    0.825628   -0.075628 (VIOLATED)
_2071_/B1                               0.750000    0.825628   -0.075628 (VIOLATED)
_1044_/C1                               0.750000    0.825628   -0.075628 (VIOLATED)
_1048_/C1                               0.750000    0.825628   -0.075628 (VIOLATED)
_1046_/C1                               0.750000    0.825627   -0.075627 (VIOLATED)
_1042_/C1                               0.750000    0.825627   -0.075627 (VIOLATED)
_1687_/C1                               0.750000    0.825626   -0.075626 (VIOLATED)
_1556_/C1                               0.750000    0.825624   -0.075624 (VIOLATED)
_1588_/C1                               0.750000    0.825623   -0.075623 (VIOLATED)
_1040_/B1                               0.750000    0.825623   -0.075623 (VIOLATED)
_2069_/C1                               0.750000    0.825618   -0.075618 (VIOLATED)
_2055_/C1                               0.750000    0.825618   -0.075618 (VIOLATED)
_2029_/C1                               0.750000    0.825618   -0.075618 (VIOLATED)
_1998_/C1                               0.750000    0.825617   -0.075617 (VIOLATED)
_1935_/C1                               0.750000    0.825616   -0.075616 (VIOLATED)
_1654_/C1                               0.750000    0.825615   -0.075615 (VIOLATED)
_1624_/C1                               0.750000    0.825615   -0.075615 (VIOLATED)
_1964_/C1                               0.750000    0.825614   -0.075614 (VIOLATED)
_1717_/C1                               0.750000    0.825612   -0.075612 (VIOLATED)
_1906_/C1                               0.750000    0.825609   -0.075609 (VIOLATED)
_1879_/C1                               0.750000    0.825608   -0.075608 (VIOLATED)
_1752_/C1                               0.750000    0.825607   -0.075607 (VIOLATED)
_1844_/C1                               0.750000    0.825604   -0.075604 (VIOLATED)
_1781_/C1                               0.750000    0.825603   -0.075603 (VIOLATED)
aresetn                                 0.750000    0.825600   -0.075600 (VIOLATED)
_1816_/C1                               0.750000    0.825600   -0.075600 (VIOLATED)

max fanout

Pin                                   Limit Fanout  Slack
---------------------------------------------------------
_1270_/Y                                 10     63    -53 (VIOLATED)
_2073_/Q                                 10     57    -47 (VIOLATED)
_2088_/Q                                 10     54    -44 (VIOLATED)
aclk                                     10     50    -40 (VIOLATED)
aresetn                                  10     50    -40 (VIOLATED)
_1073_/X                                 10     42    -32 (VIOLATED)
_1404_/X                                 10     36    -26 (VIOLATED)
_1524_/Y                                 10     35    -25 (VIOLATED)
_1557_/X                                 10     27    -17 (VIOLATED)
_1074_/Y                                 10     23    -13 (VIOLATED)
_2075_/Q                                 10     19     -9 (VIOLATED)
_2074_/Q                                 10     18     -8 (VIOLATED)
_2078_/Q                                 10     18     -8 (VIOLATED)
_1038_/Y                                 10     17     -7 (VIOLATED)
_2083_/Q                                 10     17     -7 (VIOLATED)
_2084_/Q                                 10     17     -7 (VIOLATED)
_2087_/Q                                 10     17     -7 (VIOLATED)
_1037_/X                                 10     16     -6 (VIOLATED)
_1405_/Y                                 10     16     -6 (VIOLATED)
_2076_/Q                                 10     16     -6 (VIOLATED)
_2077_/Q                                 10     16     -6 (VIOLATED)
_2079_/Q                                 10     16     -6 (VIOLATED)
_2081_/Q                                 10     16     -6 (VIOLATED)
_2082_/Q                                 10     16     -6 (VIOLATED)
_2085_/Q                                 10     15     -5 (VIOLATED)
_2086_/Q                                 10     15     -5 (VIOLATED)

max capacitance

Pin                                        Limit         Cap       Slack
------------------------------------------------------------------------
_1270_/Y                                0.200000    0.274831   -0.074831 (VIOLATED)
_1524_/Y                                0.121775    0.156436   -0.034661 (VIOLATED)
_2073_/Q                                0.200000    0.226872   -0.026872 (VIOLATED)
_1404_/X                                0.130015    0.147250   -0.017235 (VIOLATED)
_2088_/Q                                0.200000    0.202628   -0.002628 (VIOLATED)



===========================================================================
report_parasitic_annotation -report_unannotated
============================================================================
Found 0 unannotated drivers.
Found 0 partially unannotated drivers.

===========================================================================
max slew violation count 361
Writing metric design__max_slew_violation__count__corner:nom_tt_025C_1v80: 361
max fanout violation count 26
Writing metric design__max_fanout_violation__count__corner:nom_tt_025C_1v80: 26
max cap violation count 5
Writing metric design__max_cap_violation__count__corner:nom_tt_025C_1v80: 5
============================================================================

===========================================================================
check_setup -verbose -unconstrained_endpoints -multiple_clock -no_clock -no_input_delay -loops -generated_clocks
===========================================================================
