Clock: aclk
Sources: aclk 
Generated: no
Virtual: yes
Propagated: no
Period: 12.000000

===========================================================================
report_clock_properties
============================================================================
Clock                   Period          Waveform
----------------------------------------------------
aclk                 12.000000    0.000000  6.000000

===========================================================================
report_clock_latency
============================================================================
Clock aclk
rise -> rise
    min     max
0.000000 0.000000 source latency
0.491313         network latency _2111_/CLK
        0.496555 network latency _2096_/CLK
---------------
0.491313 0.496555 latency
        0.005242 skew

fall -> fall
    min     max
0.000000 0.000000 source latency
0.240727         network latency _2111_/CLK
        0.245628 network latency _2096_/CLK
---------------
0.240727 0.245628 latency
        0.004902 skew



===========================================================================
report_clock_min_period
============================================================================
aclk period_min = 8.84 fmax = 113.12
