
===========================================================================
report_checks -unconstrained
===========================================================================
======================= nom_ss_100C_1v60 Corner ===================================

Startpoint: s_axis_tdata[14] (input port clocked by aclk)
Endpoint: _1317_ (rising edge-triggered flip-flop clocked by aclk)
Path Group: aclk
Path Type: max

Fanout         Cap        Slew       Delay        Time   Description
---------------------------------------------------------------------------------------------
                      0.150000    0.000000    0.000000   clock aclk (rise edge)
                                  0.000000    0.000000   clock network delay (ideal)
                                  2.000000    2.000000 ^ input external delay
    17    0.058117    0.419438    0.290211    2.290211 ^ s_axis_tdata[14] (in)
                                                         s_axis_tdata[14] (net)
                      0.419438    0.000000    2.290211 ^ _0967_/B (sky130_fd_sc_hd__nand2_2)
     3    0.009899    0.137824    0.247726    2.537937 v _0967_/Y (sky130_fd_sc_hd__nand2_2)
                                                         _0346_ (net)
                      0.137824    0.000000    2.537937 v _1006_/A (sky130_fd_sc_hd__or3_2)
     2    0.006572    0.194221    1.169610    3.707547 v _1006_/X (sky130_fd_sc_hd__or3_2)
                                                         _0384_ (net)
                      0.194221    0.000000    3.707547 v _1009_/A1 (sky130_fd_sc_hd__a211o_2)
     3    0.008864    0.116459    0.653493    4.361040 v _1009_/X (sky130_fd_sc_hd__a211o_2)
                                                         _0387_ (net)
                      0.116459    0.000000    4.361040 v _1055_/A2 (sky130_fd_sc_hd__a21bo_2)
     2    0.006585    0.080412    0.422785    4.783825 v _1055_/X (sky130_fd_sc_hd__a21bo_2)
                                                         _0432_ (net)
                      0.080412    0.000000    4.783825 v _1057_/B1 (sky130_fd_sc_hd__a21o_2)
     3    0.010401    0.094028    0.384033    5.167858 v _1057_/X (sky130_fd_sc_hd__a21o_2)
                                                         _0434_ (net)
                      0.094028    0.000000    5.167858 v _1058_/C (sky130_fd_sc_hd__and3_2)
     2    0.006439    0.092800    0.468618    5.636476 v _1058_/X (sky130_fd_sc_hd__and3_2)
                                                         _0435_ (net)
                      0.092800    0.000000    5.636476 v _1062_/A1 (sky130_fd_sc_hd__o211a_2)
     3    0.009486    0.103642    0.530677    6.167152 v _1062_/X (sky130_fd_sc_hd__o211a_2)
                                                         _0439_ (net)
                      0.103642    0.000000    6.167152 v _1064_/C (sky130_fd_sc_hd__or3_2)
     2    0.003674    0.171336    0.983216    7.150369 v _1064_/X (sky130_fd_sc_hd__or3_2)
                                                         _0441_ (net)
                      0.171336    0.000000    7.150369 v _1067_/A (sky130_fd_sc_hd__and3_2)
     3    0.007868    0.098787    0.439899    7.590267 v _1067_/X (sky130_fd_sc_hd__and3_2)
                                                         _0444_ (net)
                      0.098787    0.000000    7.590267 v _1069_/A_N (sky130_fd_sc_hd__and2b_2)
     3    0.016448    0.161708    0.511295    8.101562 ^ _1069_/X (sky130_fd_sc_hd__and2b_2)
                                                         _0446_ (net)
                      0.161708    0.000000    8.101562 ^ _1141_/A1 (sky130_fd_sc_hd__a31o_2)
     2    0.013545    0.158173    0.411436    8.512999 ^ _1141_/X (sky130_fd_sc_hd__a31o_2)
                                                         _0516_ (net)
                      0.158173    0.000000    8.512999 ^ _1145_/A2 (sky130_fd_sc_hd__a21oi_2)
     4    0.010630    0.146122    0.180846    8.693845 v _1145_/Y (sky130_fd_sc_hd__a21oi_2)
                                                         _0519_ (net)
                      0.146122    0.000000    8.693845 v _1201_/A1 (sky130_fd_sc_hd__a211o_2)
     5    0.014749    0.145144    0.671874    9.365719 v _1201_/X (sky130_fd_sc_hd__a211o_2)
                                                         _0574_ (net)
                      0.145144    0.000000    9.365719 v _1250_/A2 (sky130_fd_sc_hd__a311o_2)
     2    0.004606    0.104128    0.721327   10.087047 v _1250_/X (sky130_fd_sc_hd__a311o_2)
                                                         _0621_ (net)
                      0.104128    0.000000   10.087047 v _1260_/A2 (sky130_fd_sc_hd__a31o_2)
     1    0.002288    0.061531    0.423362   10.510408 v _1260_/X (sky130_fd_sc_hd__a31o_2)
                                                         _0630_ (net)
                      0.061531    0.000000   10.510408 v _1261_/B1 (sky130_fd_sc_hd__o211a_2)
     1    0.001577    0.063919    0.222826   10.733234 v _1261_/X (sky130_fd_sc_hd__o211a_2)
                                                         _0047_ (net)
                      0.063919    0.000000   10.733234 v _1317_/D (sky130_fd_sc_hd__dfxtp_2)
                                             10.733234   data arrival time

                      0.150000   10.000000   10.000000   clock aclk (rise edge)
                                  0.000000   10.000000   clock network delay (ideal)
                                 -0.250000    9.750000   clock uncertainty
                                  0.000000    9.750000   clock reconvergence pessimism
                                              9.750000 ^ _1317_/CLK (sky130_fd_sc_hd__dfxtp_2)
                                 -0.250195    9.499804   library setup time
                                              9.499804   data required time
---------------------------------------------------------------------------------------------
                                              9.499804   data required time
                                            -10.733234   data arrival time
---------------------------------------------------------------------------------------------
                                             -1.233429   slack (VIOLATED)




===========================================================================
report_checks --slack_max -0.01
============================================================================
======================= nom_ss_100C_1v60 Corner ===================================

Startpoint: s_axis_tdata[14] (input port clocked by aclk)
Endpoint: _1317_ (rising edge-triggered flip-flop clocked by aclk)
Path Group: aclk
Path Type: max

Fanout         Cap        Slew       Delay        Time   Description
---------------------------------------------------------------------------------------------
                      0.150000    0.000000    0.000000   clock aclk (rise edge)
                                  0.000000    0.000000   clock network delay (ideal)
                                  2.000000    2.000000 ^ input external delay
    17    0.058117    0.419438    0.290211    2.290211 ^ s_axis_tdata[14] (in)
                                                         s_axis_tdata[14] (net)
                      0.419438    0.000000    2.290211 ^ _0967_/B (sky130_fd_sc_hd__nand2_2)
     3    0.009899    0.137824    0.247726    2.537937 v _0967_/Y (sky130_fd_sc_hd__nand2_2)
                                                         _0346_ (net)
                      0.137824    0.000000    2.537937 v _1006_/A (sky130_fd_sc_hd__or3_2)
     2    0.006572    0.194221    1.169610    3.707547 v _1006_/X (sky130_fd_sc_hd__or3_2)
                                                         _0384_ (net)
                      0.194221    0.000000    3.707547 v _1009_/A1 (sky130_fd_sc_hd__a211o_2)
     3    0.008864    0.116459    0.653493    4.361040 v _1009_/X (sky130_fd_sc_hd__a211o_2)
                                                         _0387_ (net)
                      0.116459    0.000000    4.361040 v _1055_/A2 (sky130_fd_sc_hd__a21bo_2)
     2    0.006585    0.080412    0.422785    4.783825 v _1055_/X (sky130_fd_sc_hd__a21bo_2)
                                                         _0432_ (net)
                      0.080412    0.000000    4.783825 v _1057_/B1 (sky130_fd_sc_hd__a21o_2)
     3    0.010401    0.094028    0.384033    5.167858 v _1057_/X (sky130_fd_sc_hd__a21o_2)
                                                         _0434_ (net)
                      0.094028    0.000000    5.167858 v _1058_/C (sky130_fd_sc_hd__and3_2)
     2    0.006439    0.092800    0.468618    5.636476 v _1058_/X (sky130_fd_sc_hd__and3_2)
                                                         _0435_ (net)
                      0.092800    0.000000    5.636476 v _1062_/A1 (sky130_fd_sc_hd__o211a_2)
     3    0.009486    0.103642    0.530677    6.167152 v _1062_/X (sky130_fd_sc_hd__o211a_2)
                                                         _0439_ (net)
                      0.103642    0.000000    6.167152 v _1064_/C (sky130_fd_sc_hd__or3_2)
     2    0.003674    0.171336    0.983216    7.150369 v _1064_/X (sky130_fd_sc_hd__or3_2)
                                                         _0441_ (net)
                      0.171336    0.000000    7.150369 v _1067_/A (sky130_fd_sc_hd__and3_2)
     3    0.007868    0.098787    0.439899    7.590267 v _1067_/X (sky130_fd_sc_hd__and3_2)
                                                         _0444_ (net)
                      0.098787    0.000000    7.590267 v _1069_/A_N (sky130_fd_sc_hd__and2b_2)
     3    0.016448    0.161708    0.511295    8.101562 ^ _1069_/X (sky130_fd_sc_hd__and2b_2)
                                                         _0446_ (net)
                      0.161708    0.000000    8.101562 ^ _1141_/A1 (sky130_fd_sc_hd__a31o_2)
     2    0.013545    0.158173    0.411436    8.512999 ^ _1141_/X (sky130_fd_sc_hd__a31o_2)
                                                         _0516_ (net)
                      0.158173    0.000000    8.512999 ^ _1145_/A2 (sky130_fd_sc_hd__a21oi_2)
     4    0.010630    0.146122    0.180846    8.693845 v _1145_/Y (sky130_fd_sc_hd__a21oi_2)
                                                         _0519_ (net)
                      0.146122    0.000000    8.693845 v _1201_/A1 (sky130_fd_sc_hd__a211o_2)
     5    0.014749    0.145144    0.671874    9.365719 v _1201_/X (sky130_fd_sc_hd__a211o_2)
                                                         _0574_ (net)
                      0.145144    0.000000    9.365719 v _1250_/A2 (sky130_fd_sc_hd__a311o_2)
     2    0.004606    0.104128    0.721327   10.087047 v _1250_/X (sky130_fd_sc_hd__a311o_2)
                                                         _0621_ (net)
                      0.104128    0.000000   10.087047 v _1260_/A2 (sky130_fd_sc_hd__a31o_2)
     1    0.002288    0.061531    0.423362   10.510408 v _1260_/X (sky130_fd_sc_hd__a31o_2)
                                                         _0630_ (net)
                      0.061531    0.000000   10.510408 v _1261_/B1 (sky130_fd_sc_hd__o211a_2)
     1    0.001577    0.063919    0.222826   10.733234 v _1261_/X (sky130_fd_sc_hd__o211a_2)
                                                         _0047_ (net)
                      0.063919    0.000000   10.733234 v _1317_/D (sky130_fd_sc_hd__dfxtp_2)
                                             10.733234   data arrival time

                      0.150000   10.000000   10.000000   clock aclk (rise edge)
                                  0.000000   10.000000   clock network delay (ideal)
                                 -0.250000    9.750000   clock uncertainty
                                  0.000000    9.750000   clock reconvergence pessimism
                                              9.750000 ^ _1317_/CLK (sky130_fd_sc_hd__dfxtp_2)
                                 -0.250195    9.499804   library setup time
                                              9.499804   data required time
---------------------------------------------------------------------------------------------
                                              9.499804   data required time
                                            -10.733234   data arrival time
---------------------------------------------------------------------------------------------
                                             -1.233429   slack (VIOLATED)




===========================================================================
 report_check_types -max_slew -max_cap -max_fanout -violators
============================================================================
======================= nom_ss_100C_1v60 Corner ===================================

max slew

Pin                                        Limit        Slew       Slack
------------------------------------------------------------------------
_0637_/X                                0.750000    1.224185   -0.474185 (VIOLATED)
_0645_/B                                0.750000    1.224185   -0.474185 (VIOLATED)
_0652_/B1                               0.750000    1.224185   -0.474185 (VIOLATED)
_0653_/A2                               0.750000    1.224185   -0.474185 (VIOLATED)
_0659_/B1                               0.750000    1.224185   -0.474185 (VIOLATED)
_0660_/A2                               0.750000    1.224185   -0.474185 (VIOLATED)
_0666_/B                                0.750000    1.224185   -0.474185 (VIOLATED)
_0673_/B                                0.750000    1.224185   -0.474185 (VIOLATED)
_0681_/A                                0.750000    1.224185   -0.474185 (VIOLATED)
_0682_/A2                               0.750000    1.224185   -0.474185 (VIOLATED)
_0688_/B                                0.750000    1.224185   -0.474185 (VIOLATED)
_0695_/A                                0.750000    1.224185   -0.474185 (VIOLATED)
_0696_/A2                               0.750000    1.224185   -0.474185 (VIOLATED)
_0701_/B1                               0.750000    1.224185   -0.474185 (VIOLATED)
_0703_/A2                               0.750000    1.224185   -0.474185 (VIOLATED)
_0711_/B                                0.750000    1.224185   -0.474185 (VIOLATED)
_0719_/B                                0.750000    1.224185   -0.474185 (VIOLATED)
_0731_/A2                               0.750000    1.224185   -0.474185 (VIOLATED)
_0735_/B1                               0.750000    1.224185   -0.474185 (VIOLATED)
_0736_/A2                               0.750000    1.224185   -0.474185 (VIOLATED)
_0745_/B                                0.750000    1.224185   -0.474185 (VIOLATED)
_0752_/B                                0.750000    1.224185   -0.474185 (VIOLATED)
_0766_/A2                               0.750000    1.224185   -0.474185 (VIOLATED)
_0770_/B                                0.750000    1.224185   -0.474185 (VIOLATED)
_0781_/B                                0.750000    1.224185   -0.474185 (VIOLATED)
_0786_/A2                               0.750000    1.224185   -0.474185 (VIOLATED)
_0797_/B1                               0.750000    1.224185   -0.474185 (VIOLATED)
_0798_/A2                               0.750000    1.224185   -0.474185 (VIOLATED)
_0803_/A2                               0.750000    1.224185   -0.474185 (VIOLATED)
_0810_/B                                0.750000    1.224185   -0.474185 (VIOLATED)
_0815_/B                                0.750000    1.224185   -0.474185 (VIOLATED)
_0828_/B1                               0.750000    1.224185   -0.474185 (VIOLATED)
_0829_/A2                               0.750000    1.224185   -0.474185 (VIOLATED)
_0833_/A2                               0.750000    1.224185   -0.474185 (VIOLATED)
_0841_/B                                0.750000    1.224185   -0.474185 (VIOLATED)
_0847_/B                                0.750000    1.224185   -0.474185 (VIOLATED)
_0857_/A2                               0.750000    1.224185   -0.474185 (VIOLATED)
_0861_/A2                               0.750000    1.224185   -0.474185 (VIOLATED)
_0868_/B                                0.750000    1.224185   -0.474185 (VIOLATED)
_0875_/A2                               0.750000    1.224185   -0.474185 (VIOLATED)
_0877_/A2                               0.750000    1.224185   -0.474185 (VIOLATED)
_0882_/A2                               0.750000    1.224185   -0.474185 (VIOLATED)
_0891_/B                                0.750000    1.224185   -0.474185 (VIOLATED)
_0906_/B1                               0.750000    1.224185   -0.474185 (VIOLATED)
_0907_/A2                               0.750000    1.224185   -0.474185 (VIOLATED)
_0927_/B1                               0.750000    1.224185   -0.474185 (VIOLATED)
_0928_/A2                               0.750000    1.224185   -0.474185 (VIOLATED)
_0955_/B                                0.750000    1.224185   -0.474185 (VIOLATED)
_0989_/B                                0.750000    1.224185   -0.474185 (VIOLATED)
_1029_/B                                0.750000    1.224185   -0.474185 (VIOLATED)
_1072_/B                                0.750000    1.224185   -0.474185 (VIOLATED)
_1110_/A2                               0.750000    1.224185   -0.474185 (VIOLATED)
_1143_/A2                               0.750000    1.224185   -0.474185 (VIOLATED)
_1144_/A1                               0.750000    1.224185   -0.474185 (VIOLATED)
_1174_/B1                               0.750000    1.224185   -0.474185 (VIOLATED)
_1175_/A2                               0.750000    1.224185   -0.474185 (VIOLATED)
_1204_/B                                0.750000    1.224185   -0.474185 (VIOLATED)
_1233_/A2                               0.750000    1.224185   -0.474185 (VIOLATED)
_1253_/A2                               0.750000    1.224185   -0.474185 (VIOLATED)
_1261_/A2                               0.750000    1.224185   -0.474185 (VIOLATED)
_1267_/A1                               0.750000    1.224185   -0.474185 (VIOLATED)
_0747_/A                                0.750000    1.159906   -0.409906 (VIOLATED)
_0748_/A                                0.750000    1.159906   -0.409906 (VIOLATED)
_0760_/A                                0.750000    1.159906   -0.409906 (VIOLATED)
_0761_/A                                0.750000    1.159906   -0.409906 (VIOLATED)
_0767_/A                                0.750000    1.159906   -0.409906 (VIOLATED)
_0772_/A                                0.750000    1.159906   -0.409906 (VIOLATED)
_0773_/A                                0.750000    1.159906   -0.409906 (VIOLATED)
_0777_/B1                               0.750000    1.159906   -0.409906 (VIOLATED)
_0783_/A                                0.750000    1.159906   -0.409906 (VIOLATED)
_0787_/A                                0.750000    1.159906   -0.409906 (VIOLATED)
_0788_/A                                0.750000    1.159906   -0.409906 (VIOLATED)
_0790_/B1                               0.750000    1.159906   -0.409906 (VIOLATED)
_0799_/A                                0.750000    1.159906   -0.409906 (VIOLATED)
_0804_/A                                0.750000    1.159906   -0.409906 (VIOLATED)
_0805_/A                                0.750000    1.159906   -0.409906 (VIOLATED)
_0807_/B1                               0.750000    1.159906   -0.409906 (VIOLATED)
_0812_/A                                0.750000    1.159906   -0.409906 (VIOLATED)
_0820_/B1                               0.750000    1.159906   -0.409906 (VIOLATED)
_0822_/A                                0.750000    1.159906   -0.409906 (VIOLATED)
_0823_/A                                0.750000    1.159906   -0.409906 (VIOLATED)
_0830_/A                                0.750000    1.159906   -0.409906 (VIOLATED)
_0834_/A                                0.750000    1.159906   -0.409906 (VIOLATED)
_0835_/A                                0.750000    1.159906   -0.409906 (VIOLATED)
_0838_/B1                               0.750000    1.159906   -0.409906 (VIOLATED)
_0843_/A                                0.750000    1.159906   -0.409906 (VIOLATED)
_0849_/B1                               0.750000    1.159906   -0.409906 (VIOLATED)
_0851_/A                                0.750000    1.159906   -0.409906 (VIOLATED)
_0852_/A                                0.750000    1.159906   -0.409906 (VIOLATED)
_0858_/A                                0.750000    1.159906   -0.409906 (VIOLATED)
_0862_/A                                0.750000    1.159906   -0.409906 (VIOLATED)
_0863_/A                                0.750000    1.159906   -0.409906 (VIOLATED)
_0865_/B1                               0.750000    1.159906   -0.409906 (VIOLATED)
_0871_/A                                0.750000    1.159906   -0.409906 (VIOLATED)
_0872_/A                                0.750000    1.159906   -0.409906 (VIOLATED)
_1261_/A1                               0.750000    1.159906   -0.409906 (VIOLATED)
_1317_/Q                                0.750000    1.159906   -0.409906 (VIOLATED)
aresetn                                 0.750000    0.897941   -0.147941 (VIOLATED)
_0641_/C1                               0.750000    0.897941   -0.147941 (VIOLATED)
_0646_/C1                               0.750000    0.897941   -0.147941 (VIOLATED)
_0653_/C1                               0.750000    0.897941   -0.147941 (VIOLATED)
_0660_/C1                               0.750000    0.897941   -0.147941 (VIOLATED)
_0667_/C1                               0.750000    0.897941   -0.147941 (VIOLATED)
_0674_/C1                               0.750000    0.897941   -0.147941 (VIOLATED)
_0682_/C1                               0.750000    0.897941   -0.147941 (VIOLATED)
_0689_/C1                               0.750000    0.897941   -0.147941 (VIOLATED)
_0696_/C1                               0.750000    0.897941   -0.147941 (VIOLATED)
_0703_/C1                               0.750000    0.897941   -0.147941 (VIOLATED)
_0712_/C1                               0.750000    0.897941   -0.147941 (VIOLATED)
_0720_/C1                               0.750000    0.897941   -0.147941 (VIOLATED)
_0731_/C1                               0.750000    0.897941   -0.147941 (VIOLATED)
_0736_/C1                               0.750000    0.897941   -0.147941 (VIOLATED)
_0746_/C1                               0.750000    0.897941   -0.147941 (VIOLATED)
_0753_/C1                               0.750000    0.897941   -0.147941 (VIOLATED)
_0766_/C1                               0.750000    0.897941   -0.147941 (VIOLATED)
_0771_/C1                               0.750000    0.897941   -0.147941 (VIOLATED)
_0782_/C1                               0.750000    0.897941   -0.147941 (VIOLATED)
_0786_/C1                               0.750000    0.897941   -0.147941 (VIOLATED)
_0798_/C1                               0.750000    0.897941   -0.147941 (VIOLATED)
_0803_/C1                               0.750000    0.897941   -0.147941 (VIOLATED)
_0811_/C1                               0.750000    0.897941   -0.147941 (VIOLATED)
_0816_/C1                               0.750000    0.897941   -0.147941 (VIOLATED)
_0829_/C1                               0.750000    0.897941   -0.147941 (VIOLATED)
_0833_/C1                               0.750000    0.897941   -0.147941 (VIOLATED)
_0842_/C1                               0.750000    0.897941   -0.147941 (VIOLATED)
_0848_/C1                               0.750000    0.897941   -0.147941 (VIOLATED)
_0857_/C1                               0.750000    0.897941   -0.147941 (VIOLATED)
_0861_/C1                               0.750000    0.897941   -0.147941 (VIOLATED)
_0869_/C1                               0.750000    0.897941   -0.147941 (VIOLATED)
_0875_/C1                               0.750000    0.897941   -0.147941 (VIOLATED)
_0877_/C1                               0.750000    0.897941   -0.147941 (VIOLATED)
_0882_/C1                               0.750000    0.897941   -0.147941 (VIOLATED)
_0892_/C1                               0.750000    0.897941   -0.147941 (VIOLATED)
_0907_/C1                               0.750000    0.897941   -0.147941 (VIOLATED)
_0928_/C1                               0.750000    0.897941   -0.147941 (VIOLATED)
_0956_/C1                               0.750000    0.897941   -0.147941 (VIOLATED)
_0990_/C1                               0.750000    0.897941   -0.147941 (VIOLATED)
_1030_/C1                               0.750000    0.897941   -0.147941 (VIOLATED)
_1073_/C1                               0.750000    0.897941   -0.147941 (VIOLATED)
_1110_/C1                               0.750000    0.897941   -0.147941 (VIOLATED)
_1143_/B1                               0.750000    0.897941   -0.147941 (VIOLATED)
_1175_/C1                               0.750000    0.897941   -0.147941 (VIOLATED)
_1205_/C1                               0.750000    0.897941   -0.147941 (VIOLATED)
_1233_/C1                               0.750000    0.897941   -0.147941 (VIOLATED)
_1253_/C1                               0.750000    0.897941   -0.147941 (VIOLATED)
_1261_/C1                               0.750000    0.897941   -0.147941 (VIOLATED)
_1263_/A                                0.750000    0.897941   -0.147941 (VIOLATED)
_1265_/A                                0.750000    0.897941   -0.147941 (VIOLATED)
_1267_/B1                               0.750000    0.897941   -0.147941 (VIOLATED)
_1269_/A                                0.750000    0.897941   -0.147941 (VIOLATED)

max fanout

Pin                                   Limit Fanout  Slack
---------------------------------------------------------
_0637_/X                                 10     60    -50 (VIOLATED)
aresetn                                  10     52    -42 (VIOLATED)
_0638_/Y                                 10     36    -26 (VIOLATED)
_1317_/Q                                 10     35    -25 (VIOLATED)
s_axis_tdata[0]                          10     17     -7 (VIOLATED)
s_axis_tdata[14]                         10     17     -7 (VIOLATED)
s_axis_tdata[3]                          10     17     -7 (VIOLATED)
s_axis_tdata[4]                          10     16     -6 (VIOLATED)
s_axis_tdata[8]                          10     16     -6 (VIOLATED)
s_axis_tdata[10]                         10     15     -5 (VIOLATED)
s_axis_tdata[11]                         10     15     -5 (VIOLATED)
s_axis_tdata[12]                         10     15     -5 (VIOLATED)
s_axis_tdata[13]                         10     15     -5 (VIOLATED)
s_axis_tdata[1]                          10     15     -5 (VIOLATED)
s_axis_tdata[5]                          10     15     -5 (VIOLATED)
s_axis_tdata[6]                          10     15     -5 (VIOLATED)
s_axis_tdata[9]                          10     14     -4 (VIOLATED)
s_axis_tdata[15]                         10     13     -3 (VIOLATED)
s_axis_tdata[2]                          10     11        (VIOLATED)



===========================================================================
report_parasitic_annotation -report_unannotated
============================================================================
Found 709 unannotated drivers.
 aclk
 aresetn
 m_axis_tready
 s_axis_tdata[0]
 s_axis_tdata[10]
 s_axis_tdata[11]
 s_axis_tdata[12]
 s_axis_tdata[13]
 s_axis_tdata[14]
 s_axis_tdata[15]
 s_axis_tdata[1]
 s_axis_tdata[2]
 s_axis_tdata[3]
 s_axis_tdata[4]
 s_axis_tdata[5]
 s_axis_tdata[6]
 s_axis_tdata[7]
 s_axis_tdata[8]
 s_axis_tdata[9]
 s_axis_tlast
 s_axis_tvalid
 _0635_/Y
 _0636_/Y
 _0637_/X
 _0638_/Y
 _0639_/X
 _0640_/Y
 _0641_/X
 _0642_/X
 _0643_/X
 _0644_/Y
 _0645_/X
 _0646_/X
 _0647_/Y
 _0648_/X
 _0649_/X
 _0650_/X
 _0651_/Y
 _0652_/Y
 _0653_/X
 _0654_/Y
 _0655_/X
 _0656_/X
 _0657_/X
 _0658_/Y
 _0659_/Y
 _0660_/X
 _0661_/X
 _0662_/Y
 _0663_/Y
 _0664_/X
 _0665_/X
 _0666_/X
 _0667_/X
 _0668_/Y
 _0669_/X
 _0670_/Y
 _0671_/X
 _0672_/Y
 _0673_/X
 _0674_/X
 _0675_/X
 _0676_/X
 _0677_/Y
 _0678_/X
 _0679_/Y
 _0680_/Y
 _0681_/Y
 _0682_/X
 _0683_/Y
 _0684_/X
 _0685_/Y
 _0686_/X
 _0687_/Y
 _0688_/X
 _0689_/X
 _0690_/X
 _0691_/X
 _0692_/Y
 _0693_/X
 _0694_/Y
 _0695_/Y
 _0696_/X
 _0697_/Y
 _0698_/Y
 _0699_/X
 _0700_/Y
 _0701_/Y
 _0702_/X
 _0703_/X
 _0704_/Y
 _0705_/X
 _0706_/Y
 _0707_/X
 _0708_/Y
 _0709_/Y
 _0710_/Y
 _0711_/X
 _0712_/X
 _0713_/X
 _0714_/X
 _0715_/Y
 _0716_/Y
 _0717_/Y
 _0718_/Y
 _0719_/X
 _0720_/X
 _0721_/X
 _0722_/Y
 _0723_/Y
 _0724_/X
 _0725_/Y
 _0726_/X
 _0727_/X
 _0728_/X
 _0729_/Y
 _0730_/X
 _0731_/X
 _0732_/X
 _0733_/X
 _0734_/X
 _0735_/Y
 _0736_/X
 _0737_/X
 _0738_/Y
 _0739_/Y
 _0740_/X
 _0741_/Y
 _0742_/Y
 _0743_/Y
 _0744_/Y
 _0745_/X
 _0746_/X
 _0747_/Y
 _0748_/X
 _0749_/X
 _0750_/X
 _0751_/Y
 _0752_/X
 _0753_/X
 _0754_/X
 _0755_/X
 _0756_/X
 _0757_/X
 _0758_/X
 _0759_/Y
 _0760_/Y
 _0761_/X
 _0762_/Y
 _0763_/Y
 _0764_/X
 _0765_/X
 _0766_/X
 _0767_/X
 _0768_/X
 _0769_/X
 _0770_/X
 _0771_/X
 _0772_/X
 _0773_/Y
 _0774_/Y
 _0775_/Y
 _0776_/X
 _0777_/Y
 _0778_/X
 _0779_/Y
 _0780_/X
 _0781_/X
 _0782_/X
 _0783_/X
 _0784_/Y
 _0785_/X
 _0786_/X
 _0787_/X
 _0788_/Y
 _0789_/Y
 _0790_/X
 _0791_/Y
 _0792_/Y
 _0793_/X
 _0794_/Y
 _0795_/X
 _0796_/X
 _0797_/Y
 _0798_/X
 _0799_/X
 _0800_/Y
 _0801_/Y
 _0802_/X
 _0803_/X
 _0804_/X
 _0805_/Y
 _0806_/Y
 _0807_/X
 _0808_/X
 _0809_/Y
 _0810_/X
 _0811_/X
 _0812_/X
 _0813_/X
 _0814_/X
 _0815_/X
 _0816_/X
 _0817_/X
 _0818_/X
 _0819_/Y
 _0820_/X
 _0821_/X
 _0822_/X
 _0823_/Y
 _0824_/X
 _0825_/X
 _0826_/Y
 _0827_/Y
 _0828_/Y
 _0829_/X
 _0830_/X
 _0831_/Y
 _0832_/X
 _0833_/X
 _0834_/X
 _0835_/Y
 _0836_/Y
 _0837_/Y
 _0838_/X
 _0839_/X
 _0840_/Y
 _0841_/X
 _0842_/X
 _0843_/X
 _0844_/Y
 _0845_/X
 _0846_/Y
 _0847_/X
 _0848_/X
 _0849_/X
 _0850_/X
 _0851_/X
 _0852_/Y
 _0853_/X
 _0854_/Y
 _0855_/X
 _0856_/X
 _0857_/X
 _0858_/X
 _0859_/Y
 _0860_/X
 _0861_/X
 _0862_/Y
 _0863_/X
 _0864_/Y
 _0865_/X
 _0866_/X
 _0867_/Y
 _0868_/X
 _0869_/X
 _0870_/Y
 _0871_/X
 _0872_/Y
 _0873_/Y
 _0874_/X
 _0875_/X
 _0876_/X
 _0877_/X
 _0878_/X
 _0879_/X
 _0880_/Y
 _0881_/X
 _0882_/X
 _0883_/Y
 _0884_/X
 _0885_/Y
 _0886_/Y
 _0887_/Y
 _0888_/X
 _0889_/Y
 _0890_/Y
 _0891_/X
 _0892_/X
 _0893_/Y
 _0894_/X
 _0895_/Y
 _0896_/Y
 _0897_/Y
 _0898_/X
 _0899_/X
 _0900_/Y
 _0901_/X
 _0902_/Y
 _0903_/Y
 _0904_/X
 _0905_/Y
 _0906_/Y
 _0907_/X
 _0908_/Y
 _0909_/X
 _0910_/X
 _0911_/Y
 _0912_/X
 _0913_/Y
 _0914_/X
 _0915_/Y
 _0916_/Y
 _0917_/X
 _0918_/Y
 _0919_/Y
 _0920_/Y
 _0921_/X
 _0922_/X
 _0923_/Y
 _0924_/X
 _0925_/X
 _0926_/Y
 _0927_/Y
 _0928_/X
 _0929_/Y
 _0930_/Y
 _0931_/Y
 _0932_/Y
 _0933_/X
 _0934_/X
 _0935_/Y
 _0936_/Y
 _0937_/X
 _0938_/X
 _0939_/Y
 _0940_/X
 _0941_/X
 _0942_/Y
 _0943_/Y
 _0944_/X
 _0945_/Y
 _0946_/Y
 _0947_/X
 _0948_/X
 _0949_/X
 _0950_/X
 _0951_/Y
 _0952_/Y
 _0953_/X
 _0954_/Y
 _0955_/X
 _0956_/X
 _0957_/X
 _0958_/Y
 _0959_/Y
 _0960_/Y
 _0961_/Y
 _0962_/X
 _0963_/X
 _0964_/X
 _0965_/Y
 _0966_/Y
 _0967_/Y
 _0968_/X
 _0969_/Y
 _0970_/Y
 _0971_/X
 _0972_/Y
 _0973_/Y
 _0974_/Y
 _0975_/X
 _0976_/Y
 _0977_/X
 _0978_/X
 _0979_/Y
 _0980_/X
 _0981_/Y
 _0982_/X
 _0983_/X
 _0984_/Y
 _0985_/Y
 _0986_/Y
 _0987_/Y
 _0988_/Y
 _0989_/X
 _0990_/X
 _0991_/X
 _0992_/X
 _0993_/Y
 _0994_/X
 _0995_/X
 _0996_/X
 _0997_/Y
 _0998_/Y
 _0999_/X
 _1000_/X
 _1001_/Y
 _1002_/Y
 _1003_/Y
 _1004_/Y
 _1005_/X
 _1006_/X
 _1007_/Y
 _1008_/Y
 _1009_/X
 _1010_/Y
 _1011_/X
 _1012_/X
 _1013_/Y
 _1014_/X
 _1015_/X
 _1016_/Y
 _1017_/Y
 _1018_/Y
 _1019_/X
 _1020_/Y
 _1021_/X
 _1022_/Y
 _1023_/Y
 _1024_/X
 _1025_/X
 _1026_/X
 _1027_/X
 _1028_/Y
 _1029_/X
 _1030_/X
 _1031_/Y
 _1032_/X
 _1033_/X
 _1034_/X
 _1035_/X
 _1036_/X
 _1037_/Y
 _1038_/X
 _1039_/Y
 _1040_/Y
 _1041_/X
 _1042_/X
 _1043_/X
 _1044_/X
 _1045_/Y
 _1046_/X
 _1047_/Y
 _1048_/X
 _1049_/Y
 _1050_/Y
 _1051_/Y
 _1052_/X
 _1053_/Y
 _1054_/X
 _1055_/X
 _1056_/Y
 _1057_/X
 _1058_/X
 _1059_/Y
 _1060_/Y
 _1061_/Y
 _1062_/X
 _1063_/Y
 _1064_/X
 _1065_/Y
 _1066_/X
 _1067_/X
 _1068_/X
 _1069_/X
 _1070_/X
 _1071_/X
 _1072_/X
 _1073_/X
 _1074_/X
 _1075_/X
 _1076_/X
 _1077_/Y
 _1078_/X
 _1079_/X
 _1080_/X
 _1081_/Y
 _1082_/Y
 _1083_/X
 _1084_/X
 _1085_/X
 _1086_/X
 _1087_/Y
 _1088_/Y
 _1089_/X
 _1090_/X
 _1091_/Y
 _1092_/Y
 _1093_/X
 _1094_/Y
 _1095_/X
 _1096_/Y
 _1097_/X
 _1098_/Y
 _1099_/X
 _1100_/X
 _1101_/Y
 _1102_/Y
 _1103_/X
 _1104_/X
 _1105_/X
 _1106_/X
 _1107_/Y
 _1108_/Y
 _1109_/X
 _1110_/X
 _1111_/X
 _1112_/X
 _1113_/X
 _1114_/X
 _1115_/X
 _1116_/Y
 _1117_/Y
 _1118_/Y
 _1119_/X
 _1120_/Y
 _1121_/Y
 _1122_/Y
 _1123_/X
 _1124_/X
 _1125_/X
 _1126_/X
 _1127_/Y
 _1128_/X
 _1129_/Y
 _1130_/X
 _1131_/Y
 _1132_/Y
 _1133_/Y
 _1134_/Y
 _1135_/X
 _1136_/Y
 _1137_/Y
 _1138_/X
 _1139_/Y
 _1140_/X
 _1141_/X
 _1142_/Y
 _1143_/Y
 _1144_/Y
 _1145_/Y
 _1146_/X
 _1147_/X
 _1148_/X
 _1149_/X
 _1150_/X
 _1151_/Y
 _1152_/X
 _1153_/Y
 _1154_/X
 _1155_/X
 _1156_/Y
 _1157_/X
 _1158_/X
 _1159_/X
 _1160_/Y
 _1161_/Y
 _1162_/Y
 _1163_/X
 _1164_/Y
 _1165_/X
 _1166_/Y
 _1167_/X
 _1168_/Y
 _1169_/X
 _1170_/X
 _1171_/X
 _1172_/X
 _1173_/X
 _1174_/Y
 _1175_/X
 _1176_/X
 _1177_/Y
 _1178_/Y
 _1179_/Y
 _1180_/Y
 _1181_/Y
 _1182_/Y
 _1183_/X
 _1184_/X
 _1185_/X
 _1186_/Y
 _1187_/Y
 _1188_/Y
 _1189_/X
 _1190_/Y
 _1191_/Y
 _1192_/Y
 _1193_/X
 _1194_/Y
 _1195_/X
 _1196_/Y
 _1197_/X
 _1198_/Y
 _1199_/X
 _1200_/X
 _1201_/X
 _1202_/Y
 _1203_/X
 _1204_/X
 _1205_/X
 _1206_/X
 _1207_/Y
 _1208_/Y
 _1209_/Y
 _1210_/X
 _1211_/Y
 _1212_/Y
 _1213_/X
 _1214_/X
 _1215_/X
 _1216_/Y
 _1217_/X
 _1218_/Y
 _1219_/Y
 _1220_/X
 _1221_/X
 _1222_/Y
 _1223_/X
 _1224_/X
 _1225_/X
 _1226_/X
 _1227_/Y
 _1228_/Y
 _1229_/Y
 _1230_/X
 _1231_/Y
 _1232_/X
 _1233_/X
 _1234_/Y
 _1235_/Y
 _1236_/Y
 _1237_/Y
 _1238_/X
 _1239_/X
 _1240_/Y
 _1241_/X
 _1242_/X
 _1243_/X
 _1244_/Y
 _1245_/Y
 _1246_/Y
 _1247_/X
 _1248_/Y
 _1249_/X
 _1250_/X
 _1251_/Y
 _1252_/X
 _1253_/X
 _1254_/Y
 _1255_/Y
 _1256_/Y
 _1257_/Y
 _1258_/Y
 _1259_/Y
 _1260_/X
 _1261_/X
 _1262_/X
 _1263_/X
 _1264_/X
 _1265_/X
 _1266_/X
 _1267_/X
 _1268_/X
 _1269_/X
 _1270_/Q
 _1271_/Q
 _1272_/Q
 _1273_/Q
 _1274_/Q
 _1275_/Q
 _1276_/Q
 _1277_/Q
 _1278_/Q
 _1279_/Q
 _1280_/Q
 _1281_/Q
 _1282_/Q
 _1283_/Q
 _1284_/Q
 _1285_/Q
 _1286_/Q
 _1287_/Q
 _1288_/Q
 _1289_/Q
 _1290_/Q
 _1291_/Q
 _1292_/Q
 _1293_/Q
 _1294_/Q
 _1295_/Q
 _1296_/Q
 _1297_/Q
 _1298_/Q
 _1299_/Q
 _1300_/Q
 _1301_/Q
 _1302_/Q
 _1303_/Q
 _1304_/Q
 _1305_/Q
 _1306_/Q
 _1307_/Q
 _1308_/Q
 _1309_/Q
 _1310_/Q
 _1311_/Q
 _1312_/Q
 _1313_/Q
 _1314_/Q
 _1315_/Q
 _1316_/Q
 _1317_/Q
 _1318_/Q
 _1319_/Q
 _1320_/Q
 _1321_/Q
 _1322_/X
Found 0 partially unannotated drivers.

===========================================================================
max slew violation count 150
max fanout violation count 19
max cap violation count 0
============================================================================

===========================================================================
check_setup -verbose -unconstrained_endpoints -multiple_clock -no_clock -no_input_delay -loops -generated_clocks
===========================================================================
