Clock: aclk
Sources: aclk 
Generated: no
Virtual: no
Propagated: no
Period: 10.000000

===========================================================================
report_clock_properties
============================================================================
Clock                   Period          Waveform
----------------------------------------------------
aclk                 10.000000    0.000000  5.000000

===========================================================================
report_clock_latency
============================================================================
Clock aclk
rise -> rise
    min     max
0.000000 0.000000 source latency
0.446943         network latency _1270_/CLK
        0.446943 network latency _1270_/CLK
---------------
0.446943 0.446943 latency
        0.000000 skew

fall -> fall
    min     max
0.000000 0.000000 source latency
0.253662         network latency _1270_/CLK
        0.253662 network latency _1270_/CLK
---------------
0.253662 0.253662 latency
        0.000000 skew



===========================================================================
report_clock_min_period
============================================================================
aclk period_min = 7.90 fmax = 126.55
