┏━━━━━━━━━━━━━━━━━━━━━━┳━━━━━━━━━━┳━━━━━━━━━━┳━━━━━━━━━━┳━━━━━━━━━━┳━━━━━━━━━━━┳━━━━━━━━━━┳━━━━━━━━━━━┳━━━━━━━━━━┳━━━━━━━━━━━┳━━━━━━━━━━┳━━━━━━━━━━━┳━━━━━━━━━━┓
┃                      ┃ Hold     ┃ Reg to   ┃          ┃          ┃ of which  ┃ Setup    ┃           ┃          ┃           ┃ of which ┃           ┃          ┃
┃                      ┃ Worst    ┃ Reg      ┃          ┃ Hold Vio ┃ reg to    ┃ Worst    ┃ Reg to    ┃ Setup    ┃ Setup Vio ┃ reg to   ┃ Max Cap   ┃ Max Slew ┃
┃ Corner/Group         ┃ Slack    ┃ Paths    ┃ Hold TNS ┃ Count    ┃ reg       ┃ Slack    ┃ Reg Paths ┃ TNS      ┃ Count     ┃ reg      ┃ Violatio… ┃ Violati… ┃
┡━━━━━━━━━━━━━━━━━━━━━━╇━━━━━━━━━━╇━━━━━━━━━━╇━━━━━━━━━━╇━━━━━━━━━━╇━━━━━━━━━━━╇━━━━━━━━━━╇━━━━━━━━━━━╇━━━━━━━━━━╇━━━━━━━━━━━╇━━━━━━━━━━╇━━━━━━━━━━━╇━━━━━━━━━━┩
│ Overall              │ 0.1075   │ 0.1075   │ 0.0000   │ 0        │ 0         │ -0.1950  │ 1.9553    │ -0.3042  │ 6         │ 0        │ 0         │ 0        │
│ nom_tt_025C_1v80     │ 0.3231   │ 0.3231   │ 0.0000   │ 0        │ 0         │ 3.8765   │ 5.7627    │ 0.0000   │ 0         │ 0        │ 0         │ 0        │
│ nom_ss_100C_1v60     │ 0.9203   │ 0.9203   │ 0.0000   │ 0        │ 0         │ -0.1468  │ 2.0580    │ -0.2079  │ 2         │ 0        │ 0         │ 0        │
│ nom_ff_n40C_1v95     │ 0.1094   │ 0.1094   │ 0.0000   │ 0        │ 0         │ 5.3817   │ N/A       │ 0.0000   │ 0         │ 0        │ 0         │ 0        │
│ min_tt_025C_1v80     │ 0.3206   │ 0.3206   │ 0.0000   │ 0        │ 0         │ 3.9099   │ 5.8058    │ 0.0000   │ 0         │ 0        │ 0         │ 0        │
│ min_ss_100C_1v60     │ 0.9175   │ 0.9175   │ 0.0000   │ 0        │ 0         │ -0.1017  │ 2.1425    │ -0.1174  │ 2         │ 0        │ 0         │ 0        │
│ min_ff_n40C_1v95     │ 0.1075   │ 0.1075   │ 0.0000   │ 0        │ 0         │ 5.4046   │ N/A       │ 0.0000   │ 0         │ 0        │ 0         │ 0        │
│ max_tt_025C_1v80     │ 0.3258   │ 0.3258   │ 0.0000   │ 0        │ 0         │ 3.8430   │ 5.7097    │ 0.0000   │ 0         │ 0        │ 0         │ 0        │
│ max_ss_100C_1v60     │ 0.9245   │ 0.9245   │ 0.0000   │ 0        │ 0         │ -0.1950  │ 1.9553    │ -0.3042  │ 2         │ 0        │ 0         │ 0        │
│ max_ff_n40C_1v95     │ 0.1113   │ 0.1113   │ 0.0000   │ 0        │ 0         │ 5.3595   │ N/A       │ 0.0000   │ 0         │ 0        │ 0         │ 0        │
└──────────────────────┴──────────┴──────────┴──────────┴──────────┴───────────┴──────────┴───────────┴──────────┴───────────┴──────────┴───────────┴──────────┘
