
===========================================================================
report_checks -unconstrained
===========================================================================
======================= min_ss_100C_1v60 Corner ===================================

Startpoint: _2088_ (rising edge-triggered flip-flop clocked by aclk)
Endpoint: _2120_ (rising edge-triggered flip-flop clocked by aclk)
Path Group: aclk
Path Type: max

Fanout         Cap        Slew       Delay        Time   Description
---------------------------------------------------------------------------------------------
                                  0.000000    0.000000   clock aclk (rise edge)
                                  0.000000    0.000000   clock source latency
     2    0.025411    0.187843    0.129378    0.129378 ^ aclk (in)
                                                         aclk (net)
                      0.187861    0.000000    0.129378 ^ clkbuf_0_aclk/A (sky130_fd_sc_hd__clkbuf_16)
     9    0.057765    0.117569    0.323684    0.453062 ^ clkbuf_0_aclk/X (sky130_fd_sc_hd__clkbuf_16)
                                                         clknet_0_aclk (net)
                      0.117577    0.001060    0.454123 ^ clkbuf_2_0__f_aclk/A (sky130_fd_sc_hd__clkbuf_16)
    37    0.090271    0.162406    0.324942    0.779065 ^ clkbuf_2_0__f_aclk/X (sky130_fd_sc_hd__clkbuf_16)
                                                         clknet_2_0__leaf_aclk (net)
                      0.162695    0.004529    0.783594 ^ _2088_/CLK (sky130_fd_sc_hd__dfxtp_2)
     2    0.010801    0.107967    0.729221    1.512815 ^ _2088_/Q (sky130_fd_sc_hd__dfxtp_2)
                                                         internal_rssi[7] (net)
                      0.107967    0.000073    1.512888 ^ rebuffer2/A (sky130_fd_sc_hd__clkbuf_2)
     3    0.021225    0.188990    0.295890    1.808778 ^ rebuffer2/X (sky130_fd_sc_hd__clkbuf_2)
                                                         net138 (net)
                      0.188994    0.001226    1.810004 ^ fanout92/A (sky130_fd_sc_hd__buf_6)
    15    0.052981    0.178292    0.316725    2.126728 ^ fanout92/X (sky130_fd_sc_hd__buf_6)
                                                         net92 (net)
                      0.178292    0.000266    2.126994 ^ fanout89/A (sky130_fd_sc_hd__buf_4)
    21    0.059914    0.271217    0.408453    2.535447 ^ fanout89/X (sky130_fd_sc_hd__buf_4)
                                                         net89 (net)
                      0.271217    0.000291    2.535738 ^ _1354_/A (sky130_fd_sc_hd__and3_1)
     3    0.009087    0.170935    0.430162    2.965900 ^ _1354_/X (sky130_fd_sc_hd__and3_1)
                                                         _0490_ (net)
                      0.170935    0.000087    2.965987 ^ _1356_/A_N (sky130_fd_sc_hd__nand2b_4)
     3    0.033557    0.185099    0.357784    3.323771 ^ _1356_/Y (sky130_fd_sc_hd__nand2b_4)
                                                         _0492_ (net)
                      0.185099    0.000273    3.324044 ^ _1404_/A (sky130_fd_sc_hd__xor2_2)
     7    0.031930    0.629547    0.608420    3.932463 ^ _1404_/X (sky130_fd_sc_hd__xor2_2)
                                                         _0539_ (net)
                      0.629547    0.000421    3.932885 ^ fanout68/A (sky130_fd_sc_hd__buf_2)
     9    0.035071    0.280238    0.577195    4.510079 ^ fanout68/X (sky130_fd_sc_hd__buf_2)
                                                         net68 (net)
                      0.280239    0.001267    4.511346 ^ fanout67/A (sky130_fd_sc_hd__clkbuf_4)
    10    0.043193    0.218862    0.453234    4.964581 ^ fanout67/X (sky130_fd_sc_hd__clkbuf_4)
                                                         net67 (net)
                      0.218867    0.001406    4.965986 ^ _1569_/B1 (sky130_fd_sc_hd__a21o_1)
     2    0.004559    0.085493    0.217654    5.183641 ^ _1569_/X (sky130_fd_sc_hd__a21o_1)
                                                         _0700_ (net)
                      0.085493    0.000044    5.183684 ^ _1572_/A2 (sky130_fd_sc_hd__a21oi_1)
     3    0.008198    0.165816    0.198153    5.381837 v _1572_/Y (sky130_fd_sc_hd__a21oi_1)
                                                         _0703_ (net)
                      0.165816    0.000073    5.381910 v _1573_/C (sky130_fd_sc_hd__or3_4)
     2    0.005095    0.119072    0.681709    6.063619 v _1573_/X (sky130_fd_sc_hd__or3_4)
                                                         _0704_ (net)
                      0.119072    0.000045    6.063664 v _1577_/A2 (sky130_fd_sc_hd__a21o_1)
     3    0.008036    0.100847    0.379282    6.442946 v _1577_/X (sky130_fd_sc_hd__a21o_1)
                                                         _0708_ (net)
                      0.100847    0.000075    6.443021 v _1578_/C (sky130_fd_sc_hd__and3_1)
     2    0.005244    0.094395    0.398635    6.841656 v _1578_/X (sky130_fd_sc_hd__and3_1)
                                                         _0709_ (net)
                      0.094395    0.000018    6.841674 v _1581_/A (sky130_fd_sc_hd__or3_4)
     5    0.017165    0.154051    0.822934    7.664609 v _1581_/X (sky130_fd_sc_hd__or3_4)
                                                         _0712_ (net)
                      0.154051    0.000159    7.664768 v _1583_/A (sky130_fd_sc_hd__and3_1)
     3    0.007378    0.107792    0.372183    8.036951 v _1583_/X (sky130_fd_sc_hd__and3_1)
                                                         _0714_ (net)
                      0.107792    0.000088    8.037039 v _1589_/A (sky130_fd_sc_hd__or3_4)
     2    0.004601    0.117394    0.760613    8.797651 v _1589_/X (sky130_fd_sc_hd__or3_4)
                                                         _0719_ (net)
                      0.117394    0.000055    8.797707 v _1590_/B (sky130_fd_sc_hd__or3_4)
     1    0.008961    0.132470    0.757088    9.554794 v _1590_/X (sky130_fd_sc_hd__or3_4)
                                                         _0720_ (net)
                      0.132470    0.000081    9.554875 v _1593_/A1 (sky130_fd_sc_hd__o211ai_4)
     5    0.035128    0.497890    0.535805   10.090680 ^ _1593_/Y (sky130_fd_sc_hd__o211ai_4)
                                                         _0723_ (net)
                      0.497903    0.002016   10.092697 ^ _1850_/A2 (sky130_fd_sc_hd__a211oi_4)
     4    0.020177    0.170716    0.310325   10.403022 v _1850_/Y (sky130_fd_sc_hd__a211oi_4)
                                                         _0972_ (net)
                      0.170717    0.000751   10.403773 v _1993_/A3 (sky130_fd_sc_hd__o31a_1)
     2    0.010939    0.156501    0.572125   10.975899 v _1993_/X (sky130_fd_sc_hd__o31a_1)
                                                         _0125_ (net)
                      0.156501    0.000323   10.976222 v _1994_/A (sky130_fd_sc_hd__or2_4)
     5    0.016364    0.109643    0.549962   11.526184 v _1994_/X (sky130_fd_sc_hd__or2_4)
                                                         _0126_ (net)
                      0.109643    0.000401   11.526586 v _2052_/A3 (sky130_fd_sc_hd__a311o_1)
     3    0.010310    0.164045    0.740197   12.266783 v _2052_/X (sky130_fd_sc_hd__a311o_1)
                                                         _0182_ (net)
                      0.164045    0.000174   12.266956 v _2068_/A1 (sky130_fd_sc_hd__a31o_1)
     1    0.002593    0.063989    0.355685   12.622642 v _2068_/X (sky130_fd_sc_hd__a31o_1)
                                                         _0197_ (net)
                      0.063989    0.000022   12.622664 v _2069_/B2 (sky130_fd_sc_hd__o221a_1)
     1    0.001997    0.084742    0.377034   12.999699 v _2069_/X (sky130_fd_sc_hd__o221a_1)
                                                         _0048_ (net)
                      0.084742    0.000011   12.999709 v _2120_/D (sky130_fd_sc_hd__dfxtp_1)
                                             12.999709   data arrival time

                                 12.000000   12.000000   clock aclk (rise edge)
                                  0.000000   12.000000   clock source latency
     2    0.025411    0.187843    0.129378   12.129378 ^ aclk (in)
                                                         aclk (net)
                      0.187861    0.000000   12.129378 ^ clkbuf_0_aclk/A (sky130_fd_sc_hd__clkbuf_16)
     9    0.057765    0.117569    0.323684   12.453062 ^ clkbuf_0_aclk/X (sky130_fd_sc_hd__clkbuf_16)
                                                         clknet_0_aclk (net)
                      0.117576    0.000992   12.454054 ^ clkbuf_2_3__f_aclk/A (sky130_fd_sc_hd__clkbuf_16)
    25    0.078496    0.146032    0.313809   12.767863 ^ clkbuf_2_3__f_aclk/X (sky130_fd_sc_hd__clkbuf_16)
                                                         clknet_2_3__leaf_aclk (net)
                      0.146079    0.002488   12.770351 ^ _2120_/CLK (sky130_fd_sc_hd__dfxtp_1)
                                 -0.250000   12.520351   clock uncertainty
                                  0.000000   12.520351   clock reconvergence pessimism
                                 -0.254607   12.265744   library setup time
                                             12.265744   data required time
---------------------------------------------------------------------------------------------
                                             12.265744   data required time
                                            -12.999709   data arrival time
---------------------------------------------------------------------------------------------
                                             -0.733965   slack (VIOLATED)




===========================================================================
report_checks --slack_max -0.01
============================================================================
======================= min_ss_100C_1v60 Corner ===================================

Startpoint: _2088_ (rising edge-triggered flip-flop clocked by aclk)
Endpoint: _2120_ (rising edge-triggered flip-flop clocked by aclk)
Path Group: aclk
Path Type: max

Fanout         Cap        Slew       Delay        Time   Description
---------------------------------------------------------------------------------------------
                                  0.000000    0.000000   clock aclk (rise edge)
                                  0.000000    0.000000   clock source latency
     2    0.025411    0.187843    0.129378    0.129378 ^ aclk (in)
                                                         aclk (net)
                      0.187861    0.000000    0.129378 ^ clkbuf_0_aclk/A (sky130_fd_sc_hd__clkbuf_16)
     9    0.057765    0.117569    0.323684    0.453062 ^ clkbuf_0_aclk/X (sky130_fd_sc_hd__clkbuf_16)
                                                         clknet_0_aclk (net)
                      0.117577    0.001060    0.454123 ^ clkbuf_2_0__f_aclk/A (sky130_fd_sc_hd__clkbuf_16)
    37    0.090271    0.162406    0.324942    0.779065 ^ clkbuf_2_0__f_aclk/X (sky130_fd_sc_hd__clkbuf_16)
                                                         clknet_2_0__leaf_aclk (net)
                      0.162695    0.004529    0.783594 ^ _2088_/CLK (sky130_fd_sc_hd__dfxtp_2)
     2    0.010801    0.107967    0.729221    1.512815 ^ _2088_/Q (sky130_fd_sc_hd__dfxtp_2)
                                                         internal_rssi[7] (net)
                      0.107967    0.000073    1.512888 ^ rebuffer2/A (sky130_fd_sc_hd__clkbuf_2)
     3    0.021225    0.188990    0.295890    1.808778 ^ rebuffer2/X (sky130_fd_sc_hd__clkbuf_2)
                                                         net138 (net)
                      0.188994    0.001226    1.810004 ^ fanout92/A (sky130_fd_sc_hd__buf_6)
    15    0.052981    0.178292    0.316725    2.126728 ^ fanout92/X (sky130_fd_sc_hd__buf_6)
                                                         net92 (net)
                      0.178292    0.000266    2.126994 ^ fanout89/A (sky130_fd_sc_hd__buf_4)
    21    0.059914    0.271217    0.408453    2.535447 ^ fanout89/X (sky130_fd_sc_hd__buf_4)
                                                         net89 (net)
                      0.271217    0.000291    2.535738 ^ _1354_/A (sky130_fd_sc_hd__and3_1)
     3    0.009087    0.170935    0.430162    2.965900 ^ _1354_/X (sky130_fd_sc_hd__and3_1)
                                                         _0490_ (net)
                      0.170935    0.000087    2.965987 ^ _1356_/A_N (sky130_fd_sc_hd__nand2b_4)
     3    0.033557    0.185099    0.357784    3.323771 ^ _1356_/Y (sky130_fd_sc_hd__nand2b_4)
                                                         _0492_ (net)
                      0.185099    0.000273    3.324044 ^ _1404_/A (sky130_fd_sc_hd__xor2_2)
     7    0.031930    0.629547    0.608420    3.932463 ^ _1404_/X (sky130_fd_sc_hd__xor2_2)
                                                         _0539_ (net)
                      0.629547    0.000421    3.932885 ^ fanout68/A (sky130_fd_sc_hd__buf_2)
     9    0.035071    0.280238    0.577195    4.510079 ^ fanout68/X (sky130_fd_sc_hd__buf_2)
                                                         net68 (net)
                      0.280239    0.001267    4.511346 ^ fanout67/A (sky130_fd_sc_hd__clkbuf_4)
    10    0.043193    0.218862    0.453234    4.964581 ^ fanout67/X (sky130_fd_sc_hd__clkbuf_4)
                                                         net67 (net)
                      0.218867    0.001406    4.965986 ^ _1569_/B1 (sky130_fd_sc_hd__a21o_1)
     2    0.004559    0.085493    0.217654    5.183641 ^ _1569_/X (sky130_fd_sc_hd__a21o_1)
                                                         _0700_ (net)
                      0.085493    0.000044    5.183684 ^ _1572_/A2 (sky130_fd_sc_hd__a21oi_1)
     3    0.008198    0.165816    0.198153    5.381837 v _1572_/Y (sky130_fd_sc_hd__a21oi_1)
                                                         _0703_ (net)
                      0.165816    0.000073    5.381910 v _1573_/C (sky130_fd_sc_hd__or3_4)
     2    0.005095    0.119072    0.681709    6.063619 v _1573_/X (sky130_fd_sc_hd__or3_4)
                                                         _0704_ (net)
                      0.119072    0.000045    6.063664 v _1577_/A2 (sky130_fd_sc_hd__a21o_1)
     3    0.008036    0.100847    0.379282    6.442946 v _1577_/X (sky130_fd_sc_hd__a21o_1)
                                                         _0708_ (net)
                      0.100847    0.000075    6.443021 v _1578_/C (sky130_fd_sc_hd__and3_1)
     2    0.005244    0.094395    0.398635    6.841656 v _1578_/X (sky130_fd_sc_hd__and3_1)
                                                         _0709_ (net)
                      0.094395    0.000018    6.841674 v _1581_/A (sky130_fd_sc_hd__or3_4)
     5    0.017165    0.154051    0.822934    7.664609 v _1581_/X (sky130_fd_sc_hd__or3_4)
                                                         _0712_ (net)
                      0.154051    0.000159    7.664768 v _1583_/A (sky130_fd_sc_hd__and3_1)
     3    0.007378    0.107792    0.372183    8.036951 v _1583_/X (sky130_fd_sc_hd__and3_1)
                                                         _0714_ (net)
                      0.107792    0.000088    8.037039 v _1589_/A (sky130_fd_sc_hd__or3_4)
     2    0.004601    0.117394    0.760613    8.797651 v _1589_/X (sky130_fd_sc_hd__or3_4)
                                                         _0719_ (net)
                      0.117394    0.000055    8.797707 v _1590_/B (sky130_fd_sc_hd__or3_4)
     1    0.008961    0.132470    0.757088    9.554794 v _1590_/X (sky130_fd_sc_hd__or3_4)
                                                         _0720_ (net)
                      0.132470    0.000081    9.554875 v _1593_/A1 (sky130_fd_sc_hd__o211ai_4)
     5    0.035128    0.497890    0.535805   10.090680 ^ _1593_/Y (sky130_fd_sc_hd__o211ai_4)
                                                         _0723_ (net)
                      0.497903    0.002016   10.092697 ^ _1850_/A2 (sky130_fd_sc_hd__a211oi_4)
     4    0.020177    0.170716    0.310325   10.403022 v _1850_/Y (sky130_fd_sc_hd__a211oi_4)
                                                         _0972_ (net)
                      0.170717    0.000751   10.403773 v _1993_/A3 (sky130_fd_sc_hd__o31a_1)
     2    0.010939    0.156501    0.572125   10.975899 v _1993_/X (sky130_fd_sc_hd__o31a_1)
                                                         _0125_ (net)
                      0.156501    0.000323   10.976222 v _1994_/A (sky130_fd_sc_hd__or2_4)
     5    0.016364    0.109643    0.549962   11.526184 v _1994_/X (sky130_fd_sc_hd__or2_4)
                                                         _0126_ (net)
                      0.109643    0.000401   11.526586 v _2052_/A3 (sky130_fd_sc_hd__a311o_1)
     3    0.010310    0.164045    0.740197   12.266783 v _2052_/X (sky130_fd_sc_hd__a311o_1)
                                                         _0182_ (net)
                      0.164045    0.000174   12.266956 v _2068_/A1 (sky130_fd_sc_hd__a31o_1)
     1    0.002593    0.063989    0.355685   12.622642 v _2068_/X (sky130_fd_sc_hd__a31o_1)
                                                         _0197_ (net)
                      0.063989    0.000022   12.622664 v _2069_/B2 (sky130_fd_sc_hd__o221a_1)
     1    0.001997    0.084742    0.377034   12.999699 v _2069_/X (sky130_fd_sc_hd__o221a_1)
                                                         _0048_ (net)
                      0.084742    0.000011   12.999709 v _2120_/D (sky130_fd_sc_hd__dfxtp_1)
                                             12.999709   data arrival time

                                 12.000000   12.000000   clock aclk (rise edge)
                                  0.000000   12.000000   clock source latency
     2    0.025411    0.187843    0.129378   12.129378 ^ aclk (in)
                                                         aclk (net)
                      0.187861    0.000000   12.129378 ^ clkbuf_0_aclk/A (sky130_fd_sc_hd__clkbuf_16)
     9    0.057765    0.117569    0.323684   12.453062 ^ clkbuf_0_aclk/X (sky130_fd_sc_hd__clkbuf_16)
                                                         clknet_0_aclk (net)
                      0.117576    0.000992   12.454054 ^ clkbuf_2_3__f_aclk/A (sky130_fd_sc_hd__clkbuf_16)
    25    0.078496    0.146032    0.313809   12.767863 ^ clkbuf_2_3__f_aclk/X (sky130_fd_sc_hd__clkbuf_16)
                                                         clknet_2_3__leaf_aclk (net)
                      0.146079    0.002488   12.770351 ^ _2120_/CLK (sky130_fd_sc_hd__dfxtp_1)
                                 -0.250000   12.520351   clock uncertainty
                                  0.000000   12.520351   clock reconvergence pessimism
                                 -0.254607   12.265744   library setup time
                                             12.265744   data required time
---------------------------------------------------------------------------------------------
                                             12.265744   data required time
                                            -12.999709   data arrival time
---------------------------------------------------------------------------------------------
                                             -0.733965   slack (VIOLATED)




===========================================================================
 report_check_types -max_slew -max_cap -max_fanout -violators
============================================================================
======================= min_ss_100C_1v60 Corner ===================================

max fanout

Pin                                   Limit Fanout  Slack
---------------------------------------------------------
clkbuf_2_0__f_aclk/X                     10     37    -27 (VIOLATED)
clkbuf_2_1__f_aclk/X                     10     27    -17 (VIOLATED)
clkbuf_2_3__f_aclk/X                     10     25    -15 (VIOLATED)
clkbuf_2_2__f_aclk/X                     10     21    -11 (VIOLATED)
fanout116/X                              10     21    -11 (VIOLATED)
fanout122/X                              10     21    -11 (VIOLATED)
fanout124/X                              10     21    -11 (VIOLATED)
fanout125/X                              10     21    -11 (VIOLATED)
fanout127/X                              10     21    -11 (VIOLATED)
fanout129/X                              10     21    -11 (VIOLATED)
fanout131/X                              10     21    -11 (VIOLATED)
fanout133/X                              10     21    -11 (VIOLATED)
fanout134/X                              10     21    -11 (VIOLATED)
fanout135/X                              10     21    -11 (VIOLATED)
fanout57/X                               10     21    -11 (VIOLATED)
fanout62/X                               10     21    -11 (VIOLATED)
fanout63/X                               10     21    -11 (VIOLATED)
fanout73/X                               10     21    -11 (VIOLATED)
fanout79/X                               10     21    -11 (VIOLATED)
fanout80/X                               10     21    -11 (VIOLATED)
fanout82/X                               10     21    -11 (VIOLATED)
fanout83/X                               10     21    -11 (VIOLATED)
fanout84/X                               10     21    -11 (VIOLATED)
fanout87/X                               10     21    -11 (VIOLATED)
fanout89/X                               10     21    -11 (VIOLATED)
fanout91/X                               10     21    -11 (VIOLATED)
fanout97/X                               10     21    -11 (VIOLATED)
_1558_/Y                                 10     19     -9 (VIOLATED)
fanout121/X                              10     19     -9 (VIOLATED)
fanout58/X                               10     19     -9 (VIOLATED)
fanout61/X                               10     19     -9 (VIOLATED)
fanout119/X                              10     17     -7 (VIOLATED)
fanout136/X                              10     17     -7 (VIOLATED)
fanout94/X                               10     17     -7 (VIOLATED)
_1225_/X                                 10     15     -5 (VIOLATED)
fanout106/X                              10     15     -5 (VIOLATED)
fanout126/X                              10     15     -5 (VIOLATED)
fanout92/X                               10     15     -5 (VIOLATED)
_1523_/Y                                 10     13     -3 (VIOLATED)
fanout64/X                               10     13     -3 (VIOLATED)
fanout78/X                               10     13     -3 (VIOLATED)
fanout85/X                               10     13     -3 (VIOLATED)
_1074_/Y                                 10     11        (VIOLATED)
fanout74/X                               10     11        (VIOLATED)
fanout77/X                               10     11        (VIOLATED)
fanout86/X                               10     11        (VIOLATED)



===========================================================================
report_parasitic_annotation -report_unannotated
============================================================================
Found 3 unannotated drivers.
 clkload0/Y
 clkload1/Y
 clkload2/Y
Found 0 partially unannotated drivers.

===========================================================================
max slew violation count 0
max fanout violation count 46
max cap violation count 0
============================================================================

===========================================================================
check_setup -verbose -unconstrained_endpoints -multiple_clock -no_clock -no_input_delay -loops -generated_clocks
===========================================================================
