Clock: aclk
Sources: aclk 
Generated: no
Virtual: yes
Propagated: no
Period: 12.000000

===========================================================================
report_clock_properties
============================================================================
Clock                   Period          Waveform
----------------------------------------------------
aclk                 12.000000    0.000000  6.000000

===========================================================================
report_clock_latency
============================================================================
Clock aclk
rise -> rise
    min     max
0.000000 0.000000 source latency
0.768028         network latency _2103_/CLK
        0.785068 network latency _2077_/CLK
---------------
0.768028 0.785068 latency
        0.017041 skew

fall -> fall
    min     max
0.000000 0.000000 source latency
0.706276         network latency _2103_/CLK
        0.719711 network latency _2077_/CLK
---------------
0.706276 0.719711 latency
        0.013434 skew



===========================================================================
report_clock_min_period
============================================================================
aclk period_min = 12.73 fmax = 78.53
