
===========================================================================
 report_power
============================================================================
======================= min_ss_100C_1v60 Corner ===================================

Group                    Internal    Switching      Leakage        Total
                            Power        Power        Power        Power (Watts)
------------------------------------------------------------------------
Sequential           1.351977e-04 6.304120e-06 6.985114e-07 1.422003e-04  23.5%
Combinational        1.364332e-04 1.723970e-04 5.453475e-06 3.142836e-04  51.9%
Clock                6.597542e-05 8.309145e-05 1.209992e-07 1.491879e-04  24.6%
Macro                0.000000e+00 0.000000e+00 0.000000e+00 0.000000e+00   0.0%
Pad                  0.000000e+00 0.000000e+00 0.000000e+00 0.000000e+00   0.0%
------------------------------------------------------------------------
Total                3.376064e-04 2.617925e-04 6.272986e-06 6.056718e-04 100.0%
                            55.7%        43.2%         1.0%

