Reading OpenROAD database at '/mnt/c/Users/Default.DESKTOP-A45I1O9/akularanjith-akularanjith--ECE510-2026-SPRING/project/m4/synth/runs/RUN_2026-06-05_21-15-13/41-odb-heuristicdiodeinsertion/3-openroad-globalrouting/top.odb'…
Reading library file at '/home/default/.volare/volare/sky130/versions/0fe599b2afb6708d281543108caf8310912f54af/sky130A/libs.ref/sky130_fd_sc_hd/lib/sky130_fd_sc_hd__tt_025C_1v80.lib'…
Reading design constraints file at '/nix/store/h0ldzjka94yryiq8yxbxmwargpnmwhx6-python3-3.11.9-env/lib/python3.11/site-packages/openlane/scripts/base.sdc'…
[INFO] Using clock aclk…
[INFO] Setting output delay to: 2.4
[INFO] Setting input delay to: 2.4
[INFO] Setting load to: 0.033442
[INFO] Setting clock uncertainty to: 0.25
[INFO] Setting clock transition to: 0.1499999999999999944488848768742172978818416595458984375
[INFO] Setting timing derate to: 5%
[INFO ORD-0030] Using 4 thread(s).
[INFO DRT-0149] Reading tech and libs.
[WARNING DRT-0349] LEF58_ENCLOSURE with no CUTCLASS is not supported. Skipping for layer mcon
[WARNING DRT-0349] LEF58_ENCLOSURE with no CUTCLASS is not supported. Skipping for layer mcon
[WARNING DRT-0349] LEF58_ENCLOSURE with no CUTCLASS is not supported. Skipping for layer via
[WARNING DRT-0349] LEF58_ENCLOSURE with no CUTCLASS is not supported. Skipping for layer via
[WARNING DRT-0349] LEF58_ENCLOSURE with no CUTCLASS is not supported. Skipping for layer via2
[WARNING DRT-0349] LEF58_ENCLOSURE with no CUTCLASS is not supported. Skipping for layer via2
[WARNING DRT-0349] LEF58_ENCLOSURE with no CUTCLASS is not supported. Skipping for layer via3
[WARNING DRT-0349] LEF58_ENCLOSURE with no CUTCLASS is not supported. Skipping for layer via3
[WARNING DRT-0349] LEF58_ENCLOSURE with no CUTCLASS is not supported. Skipping for layer via4
[WARNING DRT-0349] LEF58_ENCLOSURE with no CUTCLASS is not supported. Skipping for layer via4

Units:                1000
Number of layers:     13
Number of macros:     441
Number of vias:       28
Number of viarulegen: 25

[INFO DRT-0150] Reading design.

Design:                   top
Die area:                 ( 0 0 ) ( 166910 177630 )
Number of track patterns: 12
Number of DEF vias:       0
Number of components:     2219
Number of terminals:      56
Number of snets:          2
Number of nets:           1280

[INFO DRT-0167] List of default vias:
  Layer via
    default via: M1M2_PR
  Layer via2
    default via: M2M3_PR
  Layer via3
    default via: M3M4_PR
  Layer via4
    default via: M4M5_PR
[INFO DRT-0162] Library cell analysis.
[INFO DRT-0163] Instance analysis.
[INFO DRT-0164] Number of unique instances = 243.
[INFO DRT-0168] Init region query.
[INFO DRT-0024]   Complete FR_MASTERSLICE.
[INFO DRT-0024]   Complete licon.
[INFO DRT-0024]   Complete li1.
[INFO DRT-0024]   Complete mcon.
[INFO DRT-0024]   Complete met1.
[INFO DRT-0024]   Complete via.
[INFO DRT-0024]   Complete met2.
[INFO DRT-0024]   Complete via2.
[INFO DRT-0024]   Complete met3.
[INFO DRT-0024]   Complete via3.
[INFO DRT-0024]   Complete met4.
[INFO DRT-0024]   Complete via4.
[INFO DRT-0024]   Complete met5.
[INFO DRT-0033] FR_MASTERSLICE shape region query size = 0.
[INFO DRT-0033] licon shape region query size = 0.
[INFO DRT-0033] li1 shape region query size = 43026.
[INFO DRT-0033] mcon shape region query size = 0.
[INFO DRT-0033] met1 shape region query size = 5041.
[INFO DRT-0033] via shape region query size = 290.
[INFO DRT-0033] met2 shape region query size = 195.
[INFO DRT-0033] via2 shape region query size = 232.
[INFO DRT-0033] met3 shape region query size = 207.
[INFO DRT-0033] via3 shape region query size = 232.
[INFO DRT-0033] met4 shape region query size = 62.
[INFO DRT-0033] via4 shape region query size = 0.
[INFO DRT-0033] met5 shape region query size = 0.
[INFO DRT-0165] Start pin access.
[INFO DRT-0078]   Complete 862 pins.
[INFO DRT-0079]   Complete 100 unique inst patterns.
[INFO DRT-0079]   Complete 200 unique inst patterns.
[INFO DRT-0081]   Complete 237 unique inst patterns.
[INFO DRT-0084]   Complete 843 groups.
#scanned instances     = 2219
#unique  instances     = 243
#stdCellGenAp          = 6964
#stdCellValidPlanarAp  = 49
#stdCellValidViaAp     = 5292
#stdCellPinNoAp        = 0
#stdCellPinCnt         = 4493
#instTermValidViaApCnt = 0
#macroGenAp            = 0
#macroValidPlanarAp    = 0
#macroValidViaAp       = 0
#macroNoAp             = 0
[INFO DRT-0166] Complete pin access.
[INFO DRT-0267] cpu time = 00:01:13, elapsed time = 00:00:18, memory = 146.59 (MB), peak = 146.16 (MB)

[INFO DRT-0157] Number of guides:     8840

[INFO DRT-0169] Post process guides.
[INFO DRT-0176] GCELLGRID X 0 DO 24 STEP 6900 ;
[INFO DRT-0177] GCELLGRID Y 0 DO 25 STEP 6900 ;
[INFO DRT-0028]   Complete FR_MASTERSLICE.
[INFO DRT-0028]   Complete licon.
[INFO DRT-0028]   Complete li1.
[INFO DRT-0028]   Complete mcon.
[INFO DRT-0028]   Complete met1.
[INFO DRT-0028]   Complete via.
[INFO DRT-0028]   Complete met2.
[INFO DRT-0028]   Complete via2.
[INFO DRT-0028]   Complete met3.
[INFO DRT-0028]   Complete via3.
[INFO DRT-0028]   Complete met4.
[INFO DRT-0028]   Complete via4.
[INFO DRT-0028]   Complete met5.
[INFO DRT-0178] Init guide query.
[INFO DRT-0035]   Complete FR_MASTERSLICE (guide).
[INFO DRT-0035]   Complete licon (guide).
[INFO DRT-0035]   Complete li1 (guide).
[INFO DRT-0035]   Complete mcon (guide).
[INFO DRT-0035]   Complete met1 (guide).
[INFO DRT-0035]   Complete via (guide).
[INFO DRT-0035]   Complete met2 (guide).
[INFO DRT-0035]   Complete via2 (guide).
[INFO DRT-0035]   Complete met3 (guide).
[INFO DRT-0035]   Complete via3 (guide).
[INFO DRT-0035]   Complete met4 (guide).
[INFO DRT-0035]   Complete via4 (guide).
[INFO DRT-0035]   Complete met5 (guide).
[INFO DRT-0036] FR_MASTERSLICE guide region query size = 0.
[INFO DRT-0036] licon guide region query size = 0.
[INFO DRT-0036] li1 guide region query size = 3368.
[INFO DRT-0036] mcon guide region query size = 0.
[INFO DRT-0036] met1 guide region query size = 2436.
[INFO DRT-0036] via guide region query size = 0.
[INFO DRT-0036] met2 guide region query size = 1113.
[INFO DRT-0036] via2 guide region query size = 0.
[INFO DRT-0036] met3 guide region query size = 55.
[INFO DRT-0036] via3 guide region query size = 0.
[INFO DRT-0036] met4 guide region query size = 6.
[INFO DRT-0036] via4 guide region query size = 0.
[INFO DRT-0036] met5 guide region query size = 0.
[INFO DRT-0179] Init gr pin query.
[INFO DRT-0245] skipped writing guide updates to database.
[INFO DRT-0185] Post process initialize RPin region query.
[INFO DRT-0181] Start track assignment.
[INFO DRT-0184] Done with 4487 vertical wires in 1 frboxes and 2491 horizontal wires in 1 frboxes.
[INFO DRT-0186] Done with 294 vertical wires in 1 frboxes and 817 horizontal wires in 1 frboxes.
[INFO DRT-0182] Complete track assignment.
[INFO DRT-0267] cpu time = 00:00:02, elapsed time = 00:00:00, memory = 159.48 (MB), peak = 159.04 (MB)
[INFO DRT-0187] Start routing data preparation.
[INFO DRT-0267] cpu time = 00:00:00, elapsed time = 00:00:00, memory = 160.48 (MB), peak = 160.16 (MB)
[INFO DRT-0194] Start detail routing.
[INFO DRT-0195] Start 0th optimization iteration.
    Completing 10% with 0 violations.
    elapsed time = 00:00:02, memory = 246.14 (MB).
    Completing 20% with 0 violations.
    elapsed time = 00:00:04, memory = 192.32 (MB).
    Completing 30% with 151 violations.
    elapsed time = 00:00:04, memory = 255.73 (MB).
    Completing 40% with 151 violations.
    elapsed time = 00:00:07, memory = 273.45 (MB).
    Completing 50% with 151 violations.
    elapsed time = 00:00:09, memory = 273.45 (MB).
    Completing 60% with 293 violations.
    elapsed time = 00:00:10, memory = 292.72 (MB).
    Completing 70% with 293 violations.
    elapsed time = 00:00:11, memory = 295.21 (MB).
    Completing 80% with 358 violations.
    elapsed time = 00:00:11, memory = 318.12 (MB).
    Completing 90% with 358 violations.
    elapsed time = 00:00:12, memory = 323.93 (MB).
    Completing 100% with 468 violations.
    elapsed time = 00:00:15, memory = 295.21 (MB).
[INFO DRT-0199]   Number of violations = 526.
Viol/Layer         li1   met1   met2   met3
Metal Spacing        6    108      5     14
Recheck              1     48      9      0
Short                0    325     10      0
[INFO DRT-0267] cpu time = 00:00:33, elapsed time = 00:00:15, memory = 618.71 (MB), peak = 618.38 (MB)
Total wire length = 29918 um.
Total wire length on LAYER li1 = 0 um.
Total wire length on LAYER met1 = 16154 um.
Total wire length on LAYER met2 = 12787 um.
Total wire length on LAYER met3 = 795 um.
Total wire length on LAYER met4 = 181 um.
Total wire length on LAYER met5 = 0 um.
Total number of vias = 9512.
Up-via summary (total 9512):

-----------------------
 FR_MASTERSLICE       0
            li1    5005
           met1    4421
           met2      75
           met3      11
           met4       0
-----------------------
                   9512


[INFO DRT-0195] Start 1st optimization iteration.
    Completing 10% with 526 violations.
    elapsed time = 00:00:01, memory = 647.88 (MB).
    Completing 20% with 526 violations.
    elapsed time = 00:00:03, memory = 618.73 (MB).
    Completing 30% with 506 violations.
    elapsed time = 00:00:04, memory = 626.69 (MB).
    Completing 40% with 506 violations.
    elapsed time = 00:00:05, memory = 626.69 (MB).
    Completing 50% with 506 violations.
    elapsed time = 00:00:06, memory = 628.06 (MB).
    Completing 60% with 439 violations.
    elapsed time = 00:00:07, memory = 658.52 (MB).
    Completing 70% with 439 violations.
    elapsed time = 00:00:08, memory = 628.55 (MB).
    Completing 80% with 343 violations.
    elapsed time = 00:00:09, memory = 628.55 (MB).
    Completing 90% with 343 violations.
    elapsed time = 00:00:10, memory = 628.55 (MB).
    Completing 100% with 257 violations.
    elapsed time = 00:00:12, memory = 628.55 (MB).
[INFO DRT-0199]   Number of violations = 257.
Viol/Layer        met1   met2   met3
Metal Spacing       34      5      9
Short              201      8      0
[INFO DRT-0267] cpu time = 00:00:26, elapsed time = 00:00:12, memory = 631.54 (MB), peak = 658.02 (MB)
Total wire length = 29635 um.
Total wire length on LAYER li1 = 0 um.
Total wire length on LAYER met1 = 16038 um.
Total wire length on LAYER met2 = 12630 um.
Total wire length on LAYER met3 = 785 um.
Total wire length on LAYER met4 = 181 um.
Total wire length on LAYER met5 = 0 um.
Total number of vias = 9484.
Up-via summary (total 9484):

-----------------------
 FR_MASTERSLICE       0
            li1    5002
           met1    4402
           met2      71
           met3       9
           met4       0
-----------------------
                   9484


[INFO DRT-0195] Start 2nd optimization iteration.
    Completing 10% with 257 violations.
    elapsed time = 00:00:00, memory = 631.54 (MB).
    Completing 20% with 257 violations.
    elapsed time = 00:00:00, memory = 631.54 (MB).
    Completing 30% with 257 violations.
    elapsed time = 00:00:00, memory = 662.41 (MB).
    Completing 40% with 265 violations.
    elapsed time = 00:00:00, memory = 631.54 (MB).
    Completing 50% with 265 violations.
    elapsed time = 00:00:00, memory = 653.41 (MB).
    Completing 60% with 265 violations.
    elapsed time = 00:00:02, memory = 653.41 (MB).
    Completing 70% with 295 violations.
    elapsed time = 00:00:02, memory = 653.41 (MB).
    Completing 80% with 295 violations.
    elapsed time = 00:00:05, memory = 653.41 (MB).
    Completing 90% with 323 violations.
    elapsed time = 00:00:09, memory = 662.17 (MB).
    Completing 100% with 317 violations.
    elapsed time = 00:00:11, memory = 662.17 (MB).
[INFO DRT-0199]   Number of violations = 317.
Viol/Layer        met1   met2   met3
Metal Spacing       62      9      3
Short              239      4      0
[INFO DRT-0267] cpu time = 00:00:29, elapsed time = 00:00:12, memory = 662.17 (MB), peak = 684.14 (MB)
Total wire length = 29549 um.
Total wire length on LAYER li1 = 0 um.
Total wire length on LAYER met1 = 16023 um.
Total wire length on LAYER met2 = 12564 um.
Total wire length on LAYER met3 = 781 um.
Total wire length on LAYER met4 = 180 um.
Total wire length on LAYER met5 = 0 um.
Total number of vias = 9423.
Up-via summary (total 9423):

-----------------------
 FR_MASTERSLICE       0
            li1    5002
           met1    4342
           met2      70
           met3       9
           met4       0
-----------------------
                   9423


[INFO DRT-0195] Start 3rd optimization iteration.
    Completing 10% with 317 violations.
    elapsed time = 00:00:00, memory = 668.49 (MB).
    Completing 20% with 317 violations.
    elapsed time = 00:00:04, memory = 680.74 (MB).
    Completing 30% with 228 violations.
    elapsed time = 00:00:04, memory = 680.74 (MB).
    Completing 40% with 228 violations.
    elapsed time = 00:00:05, memory = 680.74 (MB).
    Completing 50% with 228 violations.
    elapsed time = 00:00:08, memory = 680.74 (MB).
    Completing 60% with 152 violations.
    elapsed time = 00:00:08, memory = 681.57 (MB).
    Completing 70% with 152 violations.
    elapsed time = 00:00:09, memory = 681.57 (MB).
    Completing 80% with 94 violations.
    elapsed time = 00:00:09, memory = 681.57 (MB).
    Completing 90% with 94 violations.
    elapsed time = 00:00:11, memory = 681.57 (MB).
    Completing 100% with 28 violations.
    elapsed time = 00:00:12, memory = 681.57 (MB).
[INFO DRT-0199]   Number of violations = 28.
Viol/Layer        met1   met2   met3
Metal Spacing        7      2      7
Short               12      0      0
[INFO DRT-0267] cpu time = 00:00:22, elapsed time = 00:00:12, memory = 681.57 (MB), peak = 687.77 (MB)
Total wire length = 29528 um.
Total wire length on LAYER li1 = 0 um.
Total wire length on LAYER met1 = 15588 um.
Total wire length on LAYER met2 = 12640 um.
Total wire length on LAYER met3 = 1143 um.
Total wire length on LAYER met4 = 155 um.
Total wire length on LAYER met5 = 0 um.
Total number of vias = 9656.
Up-via summary (total 9656):

-----------------------
 FR_MASTERSLICE       0
            li1    5002
           met1    4485
           met2     161
           met3       8
           met4       0
-----------------------
                   9656


[INFO DRT-0195] Start 4th optimization iteration.
    Completing 10% with 28 violations.
    elapsed time = 00:00:00, memory = 681.57 (MB).
    Completing 20% with 28 violations.
    elapsed time = 00:00:00, memory = 681.57 (MB).
    Completing 30% with 27 violations.
    elapsed time = 00:00:00, memory = 681.57 (MB).
    Completing 40% with 27 violations.
    elapsed time = 00:00:00, memory = 681.57 (MB).
    Completing 50% with 27 violations.
    elapsed time = 00:00:00, memory = 681.57 (MB).
    Completing 60% with 17 violations.
    elapsed time = 00:00:00, memory = 681.57 (MB).
    Completing 70% with 17 violations.
    elapsed time = 00:00:00, memory = 681.57 (MB).
    Completing 80% with 13 violations.
    elapsed time = 00:00:00, memory = 681.57 (MB).
    Completing 90% with 13 violations.
    elapsed time = 00:00:01, memory = 681.57 (MB).
    Completing 100% with 0 violations.
    elapsed time = 00:00:01, memory = 681.57 (MB).
[INFO DRT-0199]   Number of violations = 0.
[INFO DRT-0267] cpu time = 00:00:04, elapsed time = 00:00:01, memory = 681.57 (MB), peak = 687.77 (MB)
Total wire length = 29511 um.
Total wire length on LAYER li1 = 0 um.
Total wire length on LAYER met1 = 15550 um.
Total wire length on LAYER met2 = 12631 um.
Total wire length on LAYER met3 = 1172 um.
Total wire length on LAYER met4 = 157 um.
Total wire length on LAYER met5 = 0 um.
Total number of vias = 9651.
Up-via summary (total 9651):

-----------------------
 FR_MASTERSLICE       0
            li1    5002
           met1    4478
           met2     161
           met3      10
           met4       0
-----------------------
                   9651


[INFO DRT-0198] Complete detail routing.
Total wire length = 29511 um.
Total wire length on LAYER li1 = 0 um.
Total wire length on LAYER met1 = 15550 um.
Total wire length on LAYER met2 = 12631 um.
Total wire length on LAYER met3 = 1172 um.
Total wire length on LAYER met4 = 157 um.
Total wire length on LAYER met5 = 0 um.
Total number of vias = 9651.
Up-via summary (total 9651):

-----------------------
 FR_MASTERSLICE       0
            li1    5002
           met1    4478
           met2     161
           met3      10
           met4       0
-----------------------
                   9651


[INFO DRT-0267] cpu time = 00:01:55, elapsed time = 00:00:54, memory = 681.57 (MB), peak = 687.77 (MB)

[INFO DRT-0180] Post processing.
Setting global connections for newly added cells…
[INFO] Setting global connections...
Updating metrics…
Cell type report:                       Count       Area
  Fill cell                               114     427.91
  Tap cell                                324     405.39
  Antenna cell                            518    1296.24
  Buffer                                    1       3.75
  Clock buffer                              5     125.12
  Timing Repair Buffer                    168    1098.55
  Inverter                                  9      38.79
  Clock inverter                            3      28.78
  Sequential cell                          50    1003.46
  Multi-Input combinational cell         1027    7533.48
  Total                                  2219   11961.47
Writing OpenROAD database to '/mnt/c/Users/Default.DESKTOP-A45I1O9/akularanjith-akularanjith--ECE510-2026-SPRING/project/m4/synth/runs/RUN_2026-06-05_21-15-13/43-openroad-detailedrouting/top.odb'…
Writing netlist to '/mnt/c/Users/Default.DESKTOP-A45I1O9/akularanjith-akularanjith--ECE510-2026-SPRING/project/m4/synth/runs/RUN_2026-06-05_21-15-13/43-openroad-detailedrouting/top.nl.v'…
Writing powered netlist to '/mnt/c/Users/Default.DESKTOP-A45I1O9/akularanjith-akularanjith--ECE510-2026-SPRING/project/m4/synth/runs/RUN_2026-06-05_21-15-13/43-openroad-detailedrouting/top.pnl.v'…
Writing layout to '/mnt/c/Users/Default.DESKTOP-A45I1O9/akularanjith-akularanjith--ECE510-2026-SPRING/project/m4/synth/runs/RUN_2026-06-05_21-15-13/43-openroad-detailedrouting/top.def'…
Writing timing constraints to '/mnt/c/Users/Default.DESKTOP-A45I1O9/akularanjith-akularanjith--ECE510-2026-SPRING/project/m4/synth/runs/RUN_2026-06-05_21-15-13/43-openroad-detailedrouting/top.sdc'…
