Reading timing models for corner nom_tt_025C_1v80…
Reading timing library for the 'nom_tt_025C_1v80' corner at '/home/default/.volare/volare/sky130/versions/0fe599b2afb6708d281543108caf8310912f54af/sky130A/libs.ref/sky130_fd_sc_hd/lib/sky130_fd_sc_hd__tt_025C_1v80.lib'…
Reading timing models for corner nom_ff_n40C_1v95…
Reading timing library for the 'nom_ff_n40C_1v95' corner at '/home/default/.volare/volare/sky130/versions/0fe599b2afb6708d281543108caf8310912f54af/sky130A/libs.ref/sky130_fd_sc_hd/lib/sky130_fd_sc_hd__ff_n40C_1v95.lib'…
Reading timing models for corner nom_ss_100C_1v60…
Reading timing library for the 'nom_ss_100C_1v60' corner at '/home/default/.volare/volare/sky130/versions/0fe599b2afb6708d281543108caf8310912f54af/sky130A/libs.ref/sky130_fd_sc_hd/lib/sky130_fd_sc_hd__ss_100C_1v60.lib'…
Reading OpenROAD database at '/mnt/c/Users/Default.DESKTOP-A45I1O9/akularanjith-akularanjith--ECE510-2026-SPRING/project/m4/synth/runs/RUN_2026-06-05_21-26-00/27-openroad-globalplacement/top.odb'…
Reading design constraints file at '/nix/store/h0ldzjka94yryiq8yxbxmwargpnmwhx6-python3-3.11.9-env/lib/python3.11/site-packages/openlane/scripts/base.sdc'…
[INFO] Using clock aclk…
[INFO] Setting output delay to: 4.0
[INFO] Setting input delay to: 4.0
[INFO] Setting load to: 0.033442
[INFO] Setting clock uncertainty to: 0.25
[INFO] Setting clock transition to: 0.1499999999999999944488848768742172978818416595458984375
[INFO] Setting timing derate to: 5%
[INFO] Setting RC values…
[INFO RSZ-0027] Inserted 19 input buffers.
[INFO RSZ-0028] Inserted 34 output buffers.
[INFO RSZ-0058] Using max wire length 6335um.
Iteration | Resized | Buffers | Nets repaired | Remaining
---------------------------------------------------------
        0 |       0 |       0 |             0 |      1160
      100 |      97 |       0 |             0 |      1060
      200 |     191 |       2 |             1 |       960
      300 |     287 |       2 |             1 |       860
      400 |     382 |       2 |             1 |       760
      500 |     477 |       2 |             1 |       660
      600 |     575 |       5 |             2 |       560
      700 |     677 |       9 |             4 |       460
      800 |     777 |      15 |            11 |       360
      900 |     874 |      16 |            37 |       260
     1000 |     980 |      24 |            38 |       160
     1100 |    1085 |      31 |            40 |        60
    final |    1172 |      83 |            58 |         0
---------------------------------------------------------
[INFO RSZ-0034] Found 33 slew violations.
[INFO RSZ-0035] Found 25 fanout violations.
[INFO RSZ-0038] Inserted 83 buffers in 58 nets.
[INFO RSZ-0039] Resized 1172 instances.
Placement Analysis
---------------------------------
total displacement       2353.6 u
average displacement        1.4 u
max displacement            8.4 u
original HPWL           22778.7 u
legalized HPWL          24677.6 u
delta HPWL                    8 %

[INFO DPL-0020] Mirrored 543 instances
[INFO DPL-0021] HPWL before           24677.6 u
[INFO DPL-0022] HPWL after            23820.2 u
[INFO DPL-0023] HPWL delta               -3.5 %
[INFO] Setting RC values…
Setting global connections for newly added cells…
[INFO] Setting global connections...
Updating metrics…
Cell type report:                       Count       Area
  Fill cell                               114     427.91
  Tap cell                                324     405.39
  Buffer                                    1       3.75
  Timing Repair Buffer                    136     705.68
  Inverter                                  9      38.79
  Sequential cell                          50    1000.96
  Multi-Input combinational cell         1027    7352.05
  Total                                  1661    9934.53
Writing OpenROAD database to '/mnt/c/Users/Default.DESKTOP-A45I1O9/akularanjith-akularanjith--ECE510-2026-SPRING/project/m4/synth/runs/RUN_2026-06-05_21-26-00/31-openroad-repairdesignpostgpl/top.odb'…
Writing netlist to '/mnt/c/Users/Default.DESKTOP-A45I1O9/akularanjith-akularanjith--ECE510-2026-SPRING/project/m4/synth/runs/RUN_2026-06-05_21-26-00/31-openroad-repairdesignpostgpl/top.nl.v'…
Writing powered netlist to '/mnt/c/Users/Default.DESKTOP-A45I1O9/akularanjith-akularanjith--ECE510-2026-SPRING/project/m4/synth/runs/RUN_2026-06-05_21-26-00/31-openroad-repairdesignpostgpl/top.pnl.v'…
Writing layout to '/mnt/c/Users/Default.DESKTOP-A45I1O9/akularanjith-akularanjith--ECE510-2026-SPRING/project/m4/synth/runs/RUN_2026-06-05_21-26-00/31-openroad-repairdesignpostgpl/top.def'…
Writing timing constraints to '/mnt/c/Users/Default.DESKTOP-A45I1O9/akularanjith-akularanjith--ECE510-2026-SPRING/project/m4/synth/runs/RUN_2026-06-05_21-26-00/31-openroad-repairdesignpostgpl/top.sdc'…
