
===========================================================================
report_checks -unconstrained
===========================================================================
======================= max_ss_100C_1v60 Corner ===================================

Startpoint: rst (input port clocked by clk)
Endpoint: _13387_ (recovery check against rising-edge clock clk)
Path Group: asynchronous
Path Type: max

Fanout         Cap        Slew       Delay        Time   Description
---------------------------------------------------------------------------------------------
                                  0.000000    0.000000   clock clk (rise edge)
                                  0.000000    0.000000   clock network delay (propagated)
                                  2.000000    2.000000 v input external delay
     1    0.002952    0.019039    0.009760    2.009760 v rst (in)
                                                         rst (net)
                      0.019039    0.000000    2.009760 v input33/A (sky130_fd_sc_hd__buf_4)
     4    0.087050    0.211486    0.364578    2.374339 v input33/X (sky130_fd_sc_hd__buf_4)
                                                         net33 (net)
                      0.212890    0.014119    2.388457 v fanout395/A (sky130_fd_sc_hd__buf_4)
     6    0.091756    0.215613    0.452235    2.840692 v fanout395/X (sky130_fd_sc_hd__buf_4)
                                                         net395 (net)
                      0.218127    0.018795    2.859487 v fanout392/A (sky130_fd_sc_hd__clkbuf_8)
    10    0.086608    0.178240    0.410448    3.269935 v fanout392/X (sky130_fd_sc_hd__clkbuf_8)
                                                         net392 (net)
                      0.184477    0.026287    3.296221 v _13323_/A (sky130_fd_sc_hd__inv_2)
     1    0.004189    0.065481    0.117986    3.414207 ^ _13323_/Y (sky130_fd_sc_hd__inv_2)
                                                         _00097_ (net)
                      0.065481    0.000108    3.414315 ^ _13387_/RESET_B (sky130_fd_sc_hd__dfrtp_1)
                                              3.414315   data arrival time

                                 10.000000   10.000000   clock clk (rise edge)
                                  0.000000   10.000000   clock source latency
     1    0.061463    0.440664    0.309593   10.309593 ^ clk (in)
                                                         clk (net)
                      0.440781    0.000000   10.309593 ^ clkbuf_0_clk/A (sky130_fd_sc_hd__clkbuf_16)
     8    0.186723    0.297968    0.560721   10.870315 ^ clkbuf_0_clk/X (sky130_fd_sc_hd__clkbuf_16)
                                                         clknet_0_clk (net)
                      0.298344    0.008793   10.879107 ^ clkbuf_3_0__f_clk/A (sky130_fd_sc_hd__clkbuf_16)
     9    0.038793    0.094113    0.348367   11.227474 ^ clkbuf_3_0__f_clk/X (sky130_fd_sc_hd__clkbuf_16)
                                                         clknet_3_0__leaf_clk (net)
                      0.094230    0.002937   11.230412 ^ _13387_/CLK (sky130_fd_sc_hd__dfrtp_1)
                                 -0.250000   10.980412   clock uncertainty
                                  0.000000   10.980412   clock reconvergence pessimism
                                  0.472321   11.452732   library recovery time
                                             11.452732   data required time
---------------------------------------------------------------------------------------------
                                             11.452732   data required time
                                             -3.414315   data arrival time
---------------------------------------------------------------------------------------------
                                              8.038417   slack (MET)


Startpoint: in3[3] (input port clocked by clk)
Endpoint: _13400_ (rising edge-triggered flip-flop clocked by clk)
Path Group: clk
Path Type: max

Fanout         Cap        Slew       Delay        Time   Description
---------------------------------------------------------------------------------------------
                                  0.000000    0.000000   clock clk (rise edge)
                                  0.000000    0.000000   clock network delay (propagated)
                                  2.000000    2.000000 ^ input external delay
     1    0.002852    0.032592    0.016113    2.016113 ^ in3[3] (in)
                                                         in3[3] (net)
                      0.032592    0.000000    2.016113 ^ input28/A (sky130_fd_sc_hd__clkbuf_2)
     3    0.047547    0.401751    0.407953    2.424065 ^ input28/X (sky130_fd_sc_hd__clkbuf_2)
                                                         net28 (net)
                      0.401823    0.004497    2.428563 ^ fanout445/A (sky130_fd_sc_hd__buf_2)
     6    0.058669    0.454589    0.611025    3.039587 ^ fanout445/X (sky130_fd_sc_hd__buf_2)
                                                         net445 (net)
                      0.454632    0.004600    3.044187 ^ fanout443/A (sky130_fd_sc_hd__dlymetal6s2s_1)
     5    0.024975    0.400382    0.542695    3.586882 ^ fanout443/X (sky130_fd_sc_hd__dlymetal6s2s_1)
                                                         net443 (net)
                      0.400390    0.002511    3.589393 ^ fanout442/A (sky130_fd_sc_hd__buf_2)
    10    0.040957    0.322103    0.516182    4.105575 ^ fanout442/X (sky130_fd_sc_hd__buf_2)
                                                         net442 (net)
                      0.322446    0.007122    4.112697 ^ _10753_/B (sky130_fd_sc_hd__and4_1)
     2    0.004591    0.126383    0.478949    4.591646 ^ _10753_/X (sky130_fd_sc_hd__and4_1)
                                                         _03605_ (net)
                      0.126383    0.000204    4.591850 ^ _10755_/A_N (sky130_fd_sc_hd__and2b_1)
     1    0.004700    0.081962    0.397770    4.989620 v _10755_/X (sky130_fd_sc_hd__and2b_1)
                                                         _03607_ (net)
                      0.081962    0.000356    4.989975 v _10757_/A (sky130_fd_sc_hd__xnor2_1)
     2    0.007178    0.326717    0.355343    5.345319 ^ _10757_/Y (sky130_fd_sc_hd__xnor2_1)
                                                         _03610_ (net)
                      0.326717    0.000283    5.345603 ^ _10765_/A (sky130_fd_sc_hd__nand3_1)
     3    0.008728    0.263187    0.337888    5.683490 v _10765_/Y (sky130_fd_sc_hd__nand3_1)
                                                         _03618_ (net)
                      0.263187    0.000465    5.683955 v _10767_/B (sky130_fd_sc_hd__and3_1)
     3    0.015670    0.172572    0.534026    6.217981 v _10767_/X (sky130_fd_sc_hd__and3_1)
                                                         _03621_ (net)
                      0.172572    0.000731    6.218712 v _10770_/A1 (sky130_fd_sc_hd__o211a_1)
     2    0.012147    0.153856    0.531323    6.750035 v _10770_/X (sky130_fd_sc_hd__o211a_1)
                                                         _03624_ (net)
                      0.153857    0.000524    6.750559 v _10804_/B (sky130_fd_sc_hd__nor4_4)
     3    0.011016    0.434272    0.557224    7.307784 ^ _10804_/Y (sky130_fd_sc_hd__nor4_4)
                                                         _03661_ (net)
                      0.434272    0.000470    7.308254 ^ max_cap236/A (sky130_fd_sc_hd__clkbuf_2)
     2    0.009135    0.098817    0.357272    7.665526 ^ max_cap236/X (sky130_fd_sc_hd__clkbuf_2)
                                                         net236 (net)
                      0.098819    0.000575    7.666101 ^ _10808_/A1 (sky130_fd_sc_hd__o211ai_2)
     2    0.012601    0.225255    0.282816    7.948917 v _10808_/Y (sky130_fd_sc_hd__o211ai_2)
                                                         _03666_ (net)
                      0.225255    0.000765    7.949682 v _10809_/C (sky130_fd_sc_hd__and3_4)
     4    0.019792    0.088951    0.439912    8.389594 v _10809_/X (sky130_fd_sc_hd__and3_4)
                                                         _03667_ (net)
                      0.088953    0.000605    8.390199 v _10970_/C1 (sky130_fd_sc_hd__a211o_1)
     3    0.018187    0.209137    0.578051    8.968250 v _10970_/X (sky130_fd_sc_hd__a211o_1)
                                                         _03843_ (net)
                      0.209142    0.001458    8.969708 v _10972_/A2 (sky130_fd_sc_hd__a21o_1)
     2    0.008140    0.101675    0.417564    9.387273 v _10972_/X (sky130_fd_sc_hd__a21o_1)
                                                         _03845_ (net)
                      0.101675    0.000530    9.387803 v _10974_/A2 (sky130_fd_sc_hd__a211o_1)
     3    0.012645    0.174689    0.650731   10.038534 v _10974_/X (sky130_fd_sc_hd__a211o_1)
                                                         _03847_ (net)
                      0.174691    0.000865   10.039399 v _10976_/A2 (sky130_fd_sc_hd__a21o_1)
     2    0.007572    0.097237    0.398796   10.438194 v _10976_/X (sky130_fd_sc_hd__a21o_1)
                                                         _03849_ (net)
                      0.097237    0.000397   10.438592 v _10978_/A2 (sky130_fd_sc_hd__a211o_1)
     3    0.012942    0.175609    0.652102   11.090693 v _10978_/X (sky130_fd_sc_hd__a211o_1)
                                                         _03852_ (net)
                      0.175609    0.000477   11.091170 v _10980_/A2 (sky130_fd_sc_hd__a21o_1)
     3    0.011786    0.131344    0.431547   11.522717 v _10980_/X (sky130_fd_sc_hd__a21o_1)
                                                         _03854_ (net)
                      0.131344    0.000467   11.523185 v _10981_/C1 (sky130_fd_sc_hd__o211a_1)
     4    0.013123    0.162198    0.311954   11.835138 v _10981_/X (sky130_fd_sc_hd__o211a_1)
                                                         _03855_ (net)
                      0.162200    0.000871   11.836010 v _11129_/A (sky130_fd_sc_hd__or4_4)
     2    0.008889    0.170429    1.111292   12.947302 v _11129_/X (sky130_fd_sc_hd__or4_4)
                                                         _04017_ (net)
                      0.170429    0.000586   12.947888 v _11383_/A3 (sky130_fd_sc_hd__o311a_4)
     2    0.031444    0.154793    0.684991   13.632879 v _11383_/X (sky130_fd_sc_hd__o311a_4)
                                                         _04294_ (net)
                      0.154978    0.003654   13.636533 v _11384_/A (sky130_fd_sc_hd__nor2_8)
     3    0.023983    0.189986    0.270019   13.906552 ^ _11384_/Y (sky130_fd_sc_hd__nor2_8)
                                                         _04295_ (net)
                      0.189997    0.001530   13.908082 ^ _11590_/A3 (sky130_fd_sc_hd__o31ai_4)
     2    0.012840    0.164381    0.169097   14.077179 v _11590_/Y (sky130_fd_sc_hd__o31ai_4)
                                                         _04520_ (net)
                      0.164381    0.001094   14.078273 v rebuffer44/A (sky130_fd_sc_hd__clkbuf_1)
     1    0.004619    0.068908    0.221501   14.299774 v rebuffer44/X (sky130_fd_sc_hd__clkbuf_1)
                                                         net744 (net)
                      0.068909    0.000343   14.300117 v _11591_/B (sky130_fd_sc_hd__xor2_1)
     1    0.002287    0.111905    0.256391   14.556508 v _11591_/X (sky130_fd_sc_hd__xor2_1)
                                                         _00017_ (net)
                      0.111905    0.000103   14.556611 v _13400_/D (sky130_fd_sc_hd__dfrtp_1)
                                             14.556611   data arrival time

                                 10.000000   10.000000   clock clk (rise edge)
                                  0.000000   10.000000   clock source latency
     1    0.061463    0.440664    0.309593   10.309593 ^ clk (in)
                                                         clk (net)
                      0.440781    0.000000   10.309593 ^ clkbuf_0_clk/A (sky130_fd_sc_hd__clkbuf_16)
     8    0.186723    0.297968    0.560721   10.870315 ^ clkbuf_0_clk/X (sky130_fd_sc_hd__clkbuf_16)
                                                         clknet_0_clk (net)
                      0.298364    0.009012   10.879327 ^ clkbuf_3_1__f_clk/A (sky130_fd_sc_hd__clkbuf_16)
     9    0.048258    0.105358    0.358080   11.237407 ^ clkbuf_3_1__f_clk/X (sky130_fd_sc_hd__clkbuf_16)
                                                         clknet_3_1__leaf_clk (net)
                      0.106965    0.008698   11.246105 ^ _13400_/CLK (sky130_fd_sc_hd__dfrtp_1)
                                 -0.250000   10.996105   clock uncertainty
                                  0.000000   10.996105   clock reconvergence pessimism
                                 -0.284178   10.711926   library setup time
                                             10.711926   data required time
---------------------------------------------------------------------------------------------
                                             10.711926   data required time
                                            -14.556611   data arrival time
---------------------------------------------------------------------------------------------
                                             -3.844685   slack (VIOLATED)




===========================================================================
report_checks --slack_max -0.01
============================================================================
======================= max_ss_100C_1v60 Corner ===================================

Startpoint: in3[3] (input port clocked by clk)
Endpoint: _13400_ (rising edge-triggered flip-flop clocked by clk)
Path Group: clk
Path Type: max

Fanout         Cap        Slew       Delay        Time   Description
---------------------------------------------------------------------------------------------
                                  0.000000    0.000000   clock clk (rise edge)
                                  0.000000    0.000000   clock network delay (propagated)
                                  2.000000    2.000000 ^ input external delay
     1    0.002852    0.032592    0.016113    2.016113 ^ in3[3] (in)
                                                         in3[3] (net)
                      0.032592    0.000000    2.016113 ^ input28/A (sky130_fd_sc_hd__clkbuf_2)
     3    0.047547    0.401751    0.407953    2.424065 ^ input28/X (sky130_fd_sc_hd__clkbuf_2)
                                                         net28 (net)
                      0.401823    0.004497    2.428563 ^ fanout445/A (sky130_fd_sc_hd__buf_2)
     6    0.058669    0.454589    0.611025    3.039587 ^ fanout445/X (sky130_fd_sc_hd__buf_2)
                                                         net445 (net)
                      0.454632    0.004600    3.044187 ^ fanout443/A (sky130_fd_sc_hd__dlymetal6s2s_1)
     5    0.024975    0.400382    0.542695    3.586882 ^ fanout443/X (sky130_fd_sc_hd__dlymetal6s2s_1)
                                                         net443 (net)
                      0.400390    0.002511    3.589393 ^ fanout442/A (sky130_fd_sc_hd__buf_2)
    10    0.040957    0.322103    0.516182    4.105575 ^ fanout442/X (sky130_fd_sc_hd__buf_2)
                                                         net442 (net)
                      0.322446    0.007122    4.112697 ^ _10753_/B (sky130_fd_sc_hd__and4_1)
     2    0.004591    0.126383    0.478949    4.591646 ^ _10753_/X (sky130_fd_sc_hd__and4_1)
                                                         _03605_ (net)
                      0.126383    0.000204    4.591850 ^ _10755_/A_N (sky130_fd_sc_hd__and2b_1)
     1    0.004700    0.081962    0.397770    4.989620 v _10755_/X (sky130_fd_sc_hd__and2b_1)
                                                         _03607_ (net)
                      0.081962    0.000356    4.989975 v _10757_/A (sky130_fd_sc_hd__xnor2_1)
     2    0.007178    0.326717    0.355343    5.345319 ^ _10757_/Y (sky130_fd_sc_hd__xnor2_1)
                                                         _03610_ (net)
                      0.326717    0.000283    5.345603 ^ _10765_/A (sky130_fd_sc_hd__nand3_1)
     3    0.008728    0.263187    0.337888    5.683490 v _10765_/Y (sky130_fd_sc_hd__nand3_1)
                                                         _03618_ (net)
                      0.263187    0.000465    5.683955 v _10767_/B (sky130_fd_sc_hd__and3_1)
     3    0.015670    0.172572    0.534026    6.217981 v _10767_/X (sky130_fd_sc_hd__and3_1)
                                                         _03621_ (net)
                      0.172572    0.000731    6.218712 v _10770_/A1 (sky130_fd_sc_hd__o211a_1)
     2    0.012147    0.153856    0.531323    6.750035 v _10770_/X (sky130_fd_sc_hd__o211a_1)
                                                         _03624_ (net)
                      0.153857    0.000524    6.750559 v _10804_/B (sky130_fd_sc_hd__nor4_4)
     3    0.011016    0.434272    0.557224    7.307784 ^ _10804_/Y (sky130_fd_sc_hd__nor4_4)
                                                         _03661_ (net)
                      0.434272    0.000470    7.308254 ^ max_cap236/A (sky130_fd_sc_hd__clkbuf_2)
     2    0.009135    0.098817    0.357272    7.665526 ^ max_cap236/X (sky130_fd_sc_hd__clkbuf_2)
                                                         net236 (net)
                      0.098819    0.000575    7.666101 ^ _10808_/A1 (sky130_fd_sc_hd__o211ai_2)
     2    0.012601    0.225255    0.282816    7.948917 v _10808_/Y (sky130_fd_sc_hd__o211ai_2)
                                                         _03666_ (net)
                      0.225255    0.000765    7.949682 v _10809_/C (sky130_fd_sc_hd__and3_4)
     4    0.019792    0.088951    0.439912    8.389594 v _10809_/X (sky130_fd_sc_hd__and3_4)
                                                         _03667_ (net)
                      0.088953    0.000605    8.390199 v _10970_/C1 (sky130_fd_sc_hd__a211o_1)
     3    0.018187    0.209137    0.578051    8.968250 v _10970_/X (sky130_fd_sc_hd__a211o_1)
                                                         _03843_ (net)
                      0.209142    0.001458    8.969708 v _10972_/A2 (sky130_fd_sc_hd__a21o_1)
     2    0.008140    0.101675    0.417564    9.387273 v _10972_/X (sky130_fd_sc_hd__a21o_1)
                                                         _03845_ (net)
                      0.101675    0.000530    9.387803 v _10974_/A2 (sky130_fd_sc_hd__a211o_1)
     3    0.012645    0.174689    0.650731   10.038534 v _10974_/X (sky130_fd_sc_hd__a211o_1)
                                                         _03847_ (net)
                      0.174691    0.000865   10.039399 v _10976_/A2 (sky130_fd_sc_hd__a21o_1)
     2    0.007572    0.097237    0.398796   10.438194 v _10976_/X (sky130_fd_sc_hd__a21o_1)
                                                         _03849_ (net)
                      0.097237    0.000397   10.438592 v _10978_/A2 (sky130_fd_sc_hd__a211o_1)
     3    0.012942    0.175609    0.652102   11.090693 v _10978_/X (sky130_fd_sc_hd__a211o_1)
                                                         _03852_ (net)
                      0.175609    0.000477   11.091170 v _10980_/A2 (sky130_fd_sc_hd__a21o_1)
     3    0.011786    0.131344    0.431547   11.522717 v _10980_/X (sky130_fd_sc_hd__a21o_1)
                                                         _03854_ (net)
                      0.131344    0.000467   11.523185 v _10981_/C1 (sky130_fd_sc_hd__o211a_1)
     4    0.013123    0.162198    0.311954   11.835138 v _10981_/X (sky130_fd_sc_hd__o211a_1)
                                                         _03855_ (net)
                      0.162200    0.000871   11.836010 v _11129_/A (sky130_fd_sc_hd__or4_4)
     2    0.008889    0.170429    1.111292   12.947302 v _11129_/X (sky130_fd_sc_hd__or4_4)
                                                         _04017_ (net)
                      0.170429    0.000586   12.947888 v _11383_/A3 (sky130_fd_sc_hd__o311a_4)
     2    0.031444    0.154793    0.684991   13.632879 v _11383_/X (sky130_fd_sc_hd__o311a_4)
                                                         _04294_ (net)
                      0.154978    0.003654   13.636533 v _11384_/A (sky130_fd_sc_hd__nor2_8)
     3    0.023983    0.189986    0.270019   13.906552 ^ _11384_/Y (sky130_fd_sc_hd__nor2_8)
                                                         _04295_ (net)
                      0.189997    0.001530   13.908082 ^ _11590_/A3 (sky130_fd_sc_hd__o31ai_4)
     2    0.012840    0.164381    0.169097   14.077179 v _11590_/Y (sky130_fd_sc_hd__o31ai_4)
                                                         _04520_ (net)
                      0.164381    0.001094   14.078273 v rebuffer44/A (sky130_fd_sc_hd__clkbuf_1)
     1    0.004619    0.068908    0.221501   14.299774 v rebuffer44/X (sky130_fd_sc_hd__clkbuf_1)
                                                         net744 (net)
                      0.068909    0.000343   14.300117 v _11591_/B (sky130_fd_sc_hd__xor2_1)
     1    0.002287    0.111905    0.256391   14.556508 v _11591_/X (sky130_fd_sc_hd__xor2_1)
                                                         _00017_ (net)
                      0.111905    0.000103   14.556611 v _13400_/D (sky130_fd_sc_hd__dfrtp_1)
                                             14.556611   data arrival time

                                 10.000000   10.000000   clock clk (rise edge)
                                  0.000000   10.000000   clock source latency
     1    0.061463    0.440664    0.309593   10.309593 ^ clk (in)
                                                         clk (net)
                      0.440781    0.000000   10.309593 ^ clkbuf_0_clk/A (sky130_fd_sc_hd__clkbuf_16)
     8    0.186723    0.297968    0.560721   10.870315 ^ clkbuf_0_clk/X (sky130_fd_sc_hd__clkbuf_16)
                                                         clknet_0_clk (net)
                      0.298364    0.009012   10.879327 ^ clkbuf_3_1__f_clk/A (sky130_fd_sc_hd__clkbuf_16)
     9    0.048258    0.105358    0.358080   11.237407 ^ clkbuf_3_1__f_clk/X (sky130_fd_sc_hd__clkbuf_16)
                                                         clknet_3_1__leaf_clk (net)
                      0.106965    0.008698   11.246105 ^ _13400_/CLK (sky130_fd_sc_hd__dfrtp_1)
                                 -0.250000   10.996105   clock uncertainty
                                  0.000000   10.996105   clock reconvergence pessimism
                                 -0.284178   10.711926   library setup time
                                             10.711926   data required time
---------------------------------------------------------------------------------------------
                                             10.711926   data required time
                                            -14.556611   data arrival time
---------------------------------------------------------------------------------------------
                                             -3.844685   slack (VIOLATED)




===========================================================================
 report_check_types -max_slew -max_cap -max_fanout -violators
============================================================================
======================= max_ss_100C_1v60 Corner ===================================

max slew

Pin                                        Limit        Slew       Slack
------------------------------------------------------------------------
_07203_/C1                              0.750000    1.113216   -0.363216 (VIOLATED)
_07062_/A1                              0.750000    1.113214   -0.363214 (VIOLATED)
_07061_/A                               0.750000    1.113214   -0.363214 (VIOLATED)
_07202_/A2                              0.750000    1.113213   -0.363213 (VIOLATED)
_06984_/Y                               0.750000    1.113208   -0.363208 (VIOLATED)
_10342_/B1                              0.750000    0.885809   -0.135809 (VIOLATED)
_10343_/A1                              0.750000    0.885808   -0.135808 (VIOLATED)
_10339_/Y                               0.750000    0.885807   -0.135807 (VIOLATED)
_06925_/B1                              0.750000    0.811330   -0.061330 (VIOLATED)
_06924_/A                               0.750000    0.811329   -0.061329 (VIOLATED)
_06923_/A                               0.750000    0.811329   -0.061329 (VIOLATED)
_06852_/X                               0.750000    0.811327   -0.061327 (VIOLATED)
_09190_/B                               0.750000    0.802682   -0.052682 (VIOLATED)
_09349_/A1                              0.750000    0.802679   -0.052680 (VIOLATED)
_09189_/Y                               0.750000    0.802677   -0.052677 (VIOLATED)
_08713_/A                               0.750000    0.772256   -0.022256 (VIOLATED)
_08855_/C1                              0.750000    0.772255   -0.022255 (VIOLATED)
_08854_/A2                              0.750000    0.772255   -0.022255 (VIOLATED)
_08714_/A1                              0.750000    0.772255   -0.022255 (VIOLATED)
_08636_/Y                               0.750000    0.772252   -0.022252 (VIOLATED)
_10828_/B1                              0.750000    0.759529   -0.009529 (VIOLATED)
_10827_/A                               0.750000    0.759528   -0.009528 (VIOLATED)
_10658_/Y                               0.750000    0.759513   -0.009513 (VIOLATED)
_11996_/B                               0.750000    0.754807   -0.004807 (VIOLATED)
_11968_/Y                               0.750000    0.754805   -0.004805 (VIOLATED)
_11997_/A2                              0.750000    0.754805   -0.004805 (VIOLATED)

max fanout

Pin                                   Limit Fanout  Slack
---------------------------------------------------------
input89/X                                10     12     -2 (VIOLATED)
clkbuf_3_4__f_clk/X                      10     11        (VIOLATED)



===========================================================================
report_parasitic_annotation -report_unannotated
============================================================================
Found 7 unannotated drivers.
 clkload0/Y
 clkload1/Y
 clkload2/Y
 clkload3/X
 clkload4/Y
 clkload5/Y
 clkload6/X
Found 0 partially unannotated drivers.

===========================================================================
max slew violation count 26
max fanout violation count 2
max cap violation count 0
============================================================================

===========================================================================
check_setup -verbose -unconstrained_endpoints -multiple_clock -no_clock -no_input_delay -loops -generated_clocks
===========================================================================
