
===========================================================================
 report_power
============================================================================
======================= max_ss_100C_1v60 Corner ===================================

Group                    Internal    Switching      Leakage        Total
                            Power        Power        Power        Power (Watts)
------------------------------------------------------------------------
Sequential           7.105052e-04 4.653938e-05 1.203039e-06 7.582476e-04   2.2%
Combinational        1.570573e-02 1.701658e-02 3.377303e-05 3.275609e-02  96.9%
Clock                1.676531e-04 1.320781e-04 2.401492e-07 2.999713e-04   0.9%
Macro                0.000000e+00 0.000000e+00 0.000000e+00 0.000000e+00   0.0%
Pad                  0.000000e+00 0.000000e+00 0.000000e+00 0.000000e+00   0.0%
------------------------------------------------------------------------
Total                1.658395e-02 1.719520e-02 3.521609e-05 3.381436e-02 100.0%
                            49.0%        50.9%         0.1%

