Clock: aclk
Sources: aclk 
Generated: no
Virtual: yes
Propagated: no
Period: 20.000000

===========================================================================
report_clock_properties
============================================================================
Clock                   Period          Waveform
----------------------------------------------------
aclk                 20.000000    0.000000 10.000000

===========================================================================
report_clock_latency
============================================================================
Clock aclk
rise -> rise
    min     max
0.000000 0.000000 source latency
0.410955         network latency _2099_/CLK
        0.424938 network latency _2089_/CLK
---------------
0.410955 0.424938 latency
        0.013983 skew

fall -> fall
    min     max
0.000000 0.000000 source latency
0.372955         network latency _2099_/CLK
        0.383360 network latency _2089_/CLK
---------------
0.372955 0.383360 latency
        0.010405 skew



===========================================================================
report_clock_min_period
============================================================================
aclk period_min = 7.36 fmax = 135.82
