
===========================================================================
 report_power
============================================================================
======================= nom_tt_025C_1v80 Corner ===================================

Group                    Internal    Switching      Leakage        Total
                            Power        Power        Power        Power (Watts)
------------------------------------------------------------------------
Sequential           1.046395e-04 4.368951e-06 4.088400e-10 1.090088e-04  25.0%
Combinational        9.546924e-05 1.280226e-04 4.773563e-09 2.234966e-04  51.2%
Clock                4.823686e-05 5.596450e-05 4.484663e-10 1.042018e-04  23.9%
Macro                0.000000e+00 0.000000e+00 0.000000e+00 0.000000e+00   0.0%
Pad                  0.000000e+00 0.000000e+00 0.000000e+00 0.000000e+00   0.0%
------------------------------------------------------------------------
Total                2.483458e-04 1.883560e-04 5.630877e-09 4.367074e-04 100.0%
                            56.9%        43.1%         0.0%
Writing metric power__internal__total: 0.0002483457501512021
Writing metric power__switching__total: 0.00018835601804312319
Writing metric power__leakage__total: 5.630877097928533e-9
Writing metric power__total: 0.0004367073706816882

