
===========================================================================
 report_power
============================================================================
======================= nom_tt_025C_1v80 Corner ===================================

Group                    Internal    Switching      Leakage        Total
                            Power        Power        Power        Power (Watts)
------------------------------------------------------------------------
Sequential           2.296994e-04 4.598793e-05 4.475637e-10 2.756878e-04  34.2%
Combinational        2.956207e-04 2.346172e-04 2.431531e-09 5.302404e-04  65.8%
Clock                0.000000e+00 0.000000e+00 3.110437e-10 3.110437e-10   0.0%
Macro                0.000000e+00 0.000000e+00 0.000000e+00 0.000000e+00   0.0%
Pad                  0.000000e+00 0.000000e+00 0.000000e+00 0.000000e+00   0.0%
------------------------------------------------------------------------
Total                5.253201e-04 2.806050e-04 3.190141e-09 8.059283e-04 100.0%
                            65.2%        34.8%         0.0%
Writing metric power__internal__total: 0.0005253200652077794
Writing metric power__switching__total: 0.00028060501790605485
Writing metric power__leakage__total: 3.190141484310516e-9
Writing metric power__total: 0.000805928313639015

