Clock: aclk
Sources: aclk 
Generated: no
Virtual: yes
Propagated: no
Period: 10.000000

===========================================================================
report_clock_properties
============================================================================
Clock                   Period          Waveform
----------------------------------------------------
aclk                 10.000000    0.000000  5.000000

===========================================================================
report_clock_latency
============================================================================
Clock aclk
rise -> rise
    min     max
0.000000 0.000000 source latency
0.376754         network latency _1287_/CLK
        0.380195 network latency _1275_/CLK
---------------
0.376754 0.380195 latency
        0.003441 skew

fall -> fall
    min     max
0.000000 0.000000 source latency
0.349708         network latency _1287_/CLK
        0.352381 network latency _1275_/CLK
---------------
0.349708 0.352381 latency
        0.002673 skew



===========================================================================
report_clock_min_period
============================================================================
aclk period_min = 4.19 fmax = 238.42
