                                                                       Cells by Function                                                                        
┏━━━━━━━━━━━━━━━━━━━━━━━━━━━━━━━━━━━━━━━━━━━━━━━━━━━━━━━━━━━━━━━━━━━━━━━━━━━━━━━━━━━━━━━━━━━━━━━━━━━━━━━━━━━━━━━━━━━━━━━━━━━━━━━━━┳━━━━━━━━━━━━━━━━━━━━━━━━━━━━┓
┃ Cell Function                                                                                                                   ┃ Count                      ┃
┡━━━━━━━━━━━━━━━━━━━━━━━━━━━━━━━━━━━━━━━━━━━━━━━━━━━━━━━━━━━━━━━━━━━━━━━━━━━━━━━━━━━━━━━━━━━━━━━━━━━━━━━━━━━━━━━━━━━━━━━━━━━━━━━━━╇━━━━━━━━━━━━━━━━━━━━━━━━━━━━┩
│ sky130_ef_sc_hd__decap                                                                                                          │ 3235                       │
│ sky130_fd_sc_hd__a2111o                                                                                                         │ 2                          │
│ sky130_fd_sc_hd__a211o                                                                                                          │ 69                         │
│ sky130_fd_sc_hd__a211oi                                                                                                         │ 37                         │
│ sky130_fd_sc_hd__a21bo                                                                                                          │ 107                        │
│ sky130_fd_sc_hd__a21boi                                                                                                         │ 35                         │
│ sky130_fd_sc_hd__a21o                                                                                                           │ 309                        │
│ sky130_fd_sc_hd__a21oi                                                                                                          │ 366                        │
│ sky130_fd_sc_hd__a221oi                                                                                                         │ 1                          │
│ sky130_fd_sc_hd__a22o                                                                                                           │ 154                        │
│ sky130_fd_sc_hd__a22oi                                                                                                          │ 126                        │
│ sky130_fd_sc_hd__a2bb2o                                                                                                         │ 25                         │
│ sky130_fd_sc_hd__a2bb2oi                                                                                                        │ 1                          │
│ sky130_fd_sc_hd__a311o                                                                                                          │ 1                          │
│ sky130_fd_sc_hd__a31o                                                                                                           │ 93                         │
│ sky130_fd_sc_hd__a31oi                                                                                                          │ 8                          │
│ sky130_fd_sc_hd__a32o                                                                                                           │ 21                         │
│ sky130_fd_sc_hd__a41o                                                                                                           │ 4                          │
│ sky130_fd_sc_hd__and2                                                                                                           │ 215                        │
│ sky130_fd_sc_hd__and2b                                                                                                          │ 346                        │
│ sky130_fd_sc_hd__and3                                                                                                           │ 213                        │
│ sky130_fd_sc_hd__and3b                                                                                                          │ 1                          │
│ sky130_fd_sc_hd__and4                                                                                                           │ 232                        │
│ sky130_fd_sc_hd__and4b                                                                                                          │ 20                         │
│ sky130_fd_sc_hd__and4bb                                                                                                         │ 22                         │
│ sky130_fd_sc_hd__buf                                                                                                            │ 498                        │
│ sky130_fd_sc_hd__bufinv                                                                                                         │ 1                          │
│ sky130_fd_sc_hd__clkbuf                                                                                                         │ 240                        │
│ sky130_fd_sc_hd__clkdlybuf4s18                                                                                                  │ 1                          │
│ sky130_fd_sc_hd__clkinv                                                                                                         │ 6                          │
│ sky130_fd_sc_hd__clkinvlp                                                                                                       │ 2                          │
│ sky130_fd_sc_hd__decap                                                                                                          │ 3929                       │
│ sky130_fd_sc_hd__dfrtp                                                                                                          │ 64                         │
│ sky130_fd_sc_hd__diode                                                                                                          │ 33                         │
│ sky130_fd_sc_hd__dlygate4sd1                                                                                                    │ 41                         │
│ sky130_fd_sc_hd__dlymetal6s2s                                                                                                   │ 72                         │
│ sky130_fd_sc_hd__dlymetal6s4s                                                                                                   │ 8                          │
│ sky130_fd_sc_hd__fill                                                                                                           │ 3093                       │
│ sky130_fd_sc_hd__inv                                                                                                            │ 169                        │
│ sky130_fd_sc_hd__mux2                                                                                                           │ 19                         │
│ sky130_fd_sc_hd__nand2                                                                                                          │ 563                        │
│ sky130_fd_sc_hd__nand2b                                                                                                         │ 184                        │
│ sky130_fd_sc_hd__nand3                                                                                                          │ 187                        │
│ sky130_fd_sc_hd__nand3b                                                                                                         │ 12                         │
│ sky130_fd_sc_hd__nand4                                                                                                          │ 42                         │
│ sky130_fd_sc_hd__nor2                                                                                                           │ 419                        │
│ sky130_fd_sc_hd__nor3                                                                                                           │ 49                         │
│ sky130_fd_sc_hd__nor3b                                                                                                          │ 3                          │
│ sky130_fd_sc_hd__nor4                                                                                                           │ 10                         │
│ sky130_fd_sc_hd__o2111a                                                                                                         │ 3                          │
│ sky130_fd_sc_hd__o2111ai                                                                                                        │ 1                          │
│ sky130_fd_sc_hd__o211a                                                                                                          │ 46                         │
│ sky130_fd_sc_hd__o211ai                                                                                                         │ 69                         │
│ sky130_fd_sc_hd__o21a                                                                                                           │ 122                        │
│ sky130_fd_sc_hd__o21ai                                                                                                          │ 186                        │
│ sky130_fd_sc_hd__o21ba                                                                                                          │ 74                         │
│ sky130_fd_sc_hd__o21bai                                                                                                         │ 68                         │
│ sky130_fd_sc_hd__o221a                                                                                                          │ 2                          │
│ sky130_fd_sc_hd__o22a                                                                                                           │ 20                         │
│ sky130_fd_sc_hd__o22ai                                                                                                          │ 7                          │
│ sky130_fd_sc_hd__o2bb2a                                                                                                         │ 57                         │
│ sky130_fd_sc_hd__o2bb2ai                                                                                                        │ 5                          │
│ sky130_fd_sc_hd__o311a                                                                                                          │ 4                          │
│ sky130_fd_sc_hd__o31a                                                                                                           │ 5                          │
│ sky130_fd_sc_hd__o31ai                                                                                                          │ 10                         │
│ sky130_fd_sc_hd__o32a                                                                                                           │ 4                          │
│ sky130_fd_sc_hd__o32ai                                                                                                          │ 1                          │
│ sky130_fd_sc_hd__o41a                                                                                                           │ 4                          │
│ sky130_fd_sc_hd__or2                                                                                                            │ 246                        │
│ sky130_fd_sc_hd__or3                                                                                                            │ 123                        │
│ sky130_fd_sc_hd__or3b                                                                                                           │ 19                         │
│ sky130_fd_sc_hd__or4                                                                                                            │ 5                          │
│ sky130_fd_sc_hd__or4b                                                                                                           │ 5                          │
│ sky130_fd_sc_hd__or4bb                                                                                                          │ 4                          │
│ sky130_fd_sc_hd__tapvpwrvgnd                                                                                                    │ 1946                       │
│ sky130_fd_sc_hd__xnor2                                                                                                          │ 1063                       │
│ sky130_fd_sc_hd__xor2                                                                                                           │ 455                        │
└─────────────────────────────────────────────────────────────────────────────────────────────────────────────────────────────────┴────────────────────────────┘
