                                                                        Cells by Master                                                                         
┏━━━━━━━━━━━━━━━━━━━━━━━━━━━━━━━━━━━━━━━━━━━━━━━━━━━━━━━━━━━━━━━━━━━━━━━━━━━━━━━━━━━━━━━━━━━━━━━━━━━━━━━━━━━━━━━━━━━━━━━━━━━━━━━━━━━┳━━━━━━━━━━━━━━━━━━━━━━━━━━┓
┃ Cell                                                                                                                              ┃ Count                    ┃
┡━━━━━━━━━━━━━━━━━━━━━━━━━━━━━━━━━━━━━━━━━━━━━━━━━━━━━━━━━━━━━━━━━━━━━━━━━━━━━━━━━━━━━━━━━━━━━━━━━━━━━━━━━━━━━━━━━━━━━━━━━━━━━━━━━━━╇━━━━━━━━━━━━━━━━━━━━━━━━━━┩
│ sky130_ef_sc_hd__decap_12                                                                                                         │ 3235                     │
│ sky130_fd_sc_hd__a2111o_1                                                                                                         │ 2                        │
│ sky130_fd_sc_hd__a211o_1                                                                                                          │ 51                       │
│ sky130_fd_sc_hd__a211o_4                                                                                                          │ 18                       │
│ sky130_fd_sc_hd__a211oi_1                                                                                                         │ 1                        │
│ sky130_fd_sc_hd__a211oi_2                                                                                                         │ 9                        │
│ sky130_fd_sc_hd__a211oi_4                                                                                                         │ 27                       │
│ sky130_fd_sc_hd__a21bo_1                                                                                                          │ 107                      │
│ sky130_fd_sc_hd__a21boi_1                                                                                                         │ 18                       │
│ sky130_fd_sc_hd__a21boi_2                                                                                                         │ 17                       │
│ sky130_fd_sc_hd__a21o_1                                                                                                           │ 307                      │
│ sky130_fd_sc_hd__a21o_2                                                                                                           │ 2                        │
│ sky130_fd_sc_hd__a21oi_1                                                                                                          │ 319                      │
│ sky130_fd_sc_hd__a21oi_2                                                                                                          │ 37                       │
│ sky130_fd_sc_hd__a21oi_4                                                                                                          │ 10                       │
│ sky130_fd_sc_hd__a221oi_4                                                                                                         │ 1                        │
│ sky130_fd_sc_hd__a22o_1                                                                                                           │ 153                      │
│ sky130_fd_sc_hd__a22o_2                                                                                                           │ 1                        │
│ sky130_fd_sc_hd__a22oi_1                                                                                                          │ 99                       │
│ sky130_fd_sc_hd__a22oi_2                                                                                                          │ 27                       │
│ sky130_fd_sc_hd__a2bb2o_1                                                                                                         │ 24                       │
│ sky130_fd_sc_hd__a2bb2o_4                                                                                                         │ 1                        │
│ sky130_fd_sc_hd__a2bb2oi_1                                                                                                        │ 1                        │
│ sky130_fd_sc_hd__a311o_1                                                                                                          │ 1                        │
│ sky130_fd_sc_hd__a31o_1                                                                                                           │ 93                       │
│ sky130_fd_sc_hd__a31oi_1                                                                                                          │ 8                        │
│ sky130_fd_sc_hd__a32o_1                                                                                                           │ 21                       │
│ sky130_fd_sc_hd__a41o_1                                                                                                           │ 4                        │
│ sky130_fd_sc_hd__and2_1                                                                                                           │ 204                      │
│ sky130_fd_sc_hd__and2_2                                                                                                           │ 5                        │
│ sky130_fd_sc_hd__and2_4                                                                                                           │ 6                        │
│ sky130_fd_sc_hd__and2b_1                                                                                                          │ 344                      │
│ sky130_fd_sc_hd__and2b_2                                                                                                          │ 2                        │
│ sky130_fd_sc_hd__and3_1                                                                                                           │ 186                      │
│ sky130_fd_sc_hd__and3_2                                                                                                           │ 3                        │
│ sky130_fd_sc_hd__and3_4                                                                                                           │ 24                       │
│ sky130_fd_sc_hd__and3b_1                                                                                                          │ 1                        │
│ sky130_fd_sc_hd__and4_1                                                                                                           │ 231                      │
│ sky130_fd_sc_hd__and4_2                                                                                                           │ 1                        │
│ sky130_fd_sc_hd__and4b_1                                                                                                          │ 19                       │
│ sky130_fd_sc_hd__and4b_2                                                                                                          │ 1                        │
│ sky130_fd_sc_hd__and4bb_1                                                                                                         │ 22                       │
│ sky130_fd_sc_hd__buf_1                                                                                                            │ 132                      │
│ sky130_fd_sc_hd__buf_12                                                                                                           │ 3                        │
│ sky130_fd_sc_hd__buf_2                                                                                                            │ 291                      │
│ sky130_fd_sc_hd__buf_4                                                                                                            │ 25                       │
│ sky130_fd_sc_hd__buf_6                                                                                                            │ 28                       │
│ sky130_fd_sc_hd__buf_8                                                                                                            │ 19                       │
│ sky130_fd_sc_hd__bufinv_16                                                                                                        │ 1                        │
│ sky130_fd_sc_hd__clkbuf_1                                                                                                         │ 27                       │
│ sky130_fd_sc_hd__clkbuf_16                                                                                                        │ 9                        │
│ sky130_fd_sc_hd__clkbuf_2                                                                                                         │ 124                      │
│ sky130_fd_sc_hd__clkbuf_4                                                                                                         │ 74                       │
│ sky130_fd_sc_hd__clkbuf_8                                                                                                         │ 6                        │
│ sky130_fd_sc_hd__clkdlybuf4s18_2                                                                                                  │ 1                        │
│ sky130_fd_sc_hd__clkinv_2                                                                                                         │ 2                        │
│ sky130_fd_sc_hd__clkinv_4                                                                                                         │ 4                        │
│ sky130_fd_sc_hd__clkinvlp_4                                                                                                       │ 2                        │
│ sky130_fd_sc_hd__decap_3                                                                                                          │ 1095                     │
│ sky130_fd_sc_hd__decap_4                                                                                                          │ 950                      │
│ sky130_fd_sc_hd__decap_6                                                                                                          │ 862                      │
│ sky130_fd_sc_hd__decap_8                                                                                                          │ 1022                     │
│ sky130_fd_sc_hd__dfrtp_1                                                                                                          │ 64                       │
│ sky130_fd_sc_hd__diode_2                                                                                                          │ 33                       │
│ sky130_fd_sc_hd__dlygate4sd1_1                                                                                                    │ 41                       │
│ sky130_fd_sc_hd__dlymetal6s2s_1                                                                                                   │ 72                       │
│ sky130_fd_sc_hd__dlymetal6s4s_1                                                                                                   │ 8                        │
│ sky130_fd_sc_hd__fill_1                                                                                                           │ 2049                     │
│ sky130_fd_sc_hd__fill_2                                                                                                           │ 1044                     │
│ sky130_fd_sc_hd__inv_2                                                                                                            │ 164                      │
│ sky130_fd_sc_hd__inv_4                                                                                                            │ 4                        │
│ sky130_fd_sc_hd__inv_6                                                                                                            │ 1                        │
│ sky130_fd_sc_hd__mux2_1                                                                                                           │ 19                       │
│ sky130_fd_sc_hd__nand2_1                                                                                                          │ 541                      │
│ sky130_fd_sc_hd__nand2_2                                                                                                          │ 13                       │
│ sky130_fd_sc_hd__nand2_4                                                                                                          │ 9                        │
│ sky130_fd_sc_hd__nand2b_1                                                                                                         │ 178                      │
│ sky130_fd_sc_hd__nand2b_2                                                                                                         │ 2                        │
│ sky130_fd_sc_hd__nand2b_4                                                                                                         │ 4                        │
│ sky130_fd_sc_hd__nand3_1                                                                                                          │ 151                      │
│ sky130_fd_sc_hd__nand3_2                                                                                                          │ 31                       │
│ sky130_fd_sc_hd__nand3_4                                                                                                          │ 5                        │
│ sky130_fd_sc_hd__nand3b_1                                                                                                         │ 11                       │
│ sky130_fd_sc_hd__nand3b_2                                                                                                         │ 1                        │
│ sky130_fd_sc_hd__nand4_1                                                                                                          │ 37                       │
│ sky130_fd_sc_hd__nand4_2                                                                                                          │ 4                        │
│ sky130_fd_sc_hd__nand4_4                                                                                                          │ 1                        │
│ sky130_fd_sc_hd__nor2_1                                                                                                           │ 407                      │
│ sky130_fd_sc_hd__nor2_2                                                                                                           │ 8                        │
│ sky130_fd_sc_hd__nor2_4                                                                                                           │ 2                        │
│ sky130_fd_sc_hd__nor2_8                                                                                                           │ 2                        │
│ sky130_fd_sc_hd__nor3_1                                                                                                           │ 31                       │
│ sky130_fd_sc_hd__nor3_2                                                                                                           │ 12                       │
│ sky130_fd_sc_hd__nor3_4                                                                                                           │ 6                        │
│ sky130_fd_sc_hd__nor3b_2                                                                                                          │ 2                        │
│ sky130_fd_sc_hd__nor3b_4                                                                                                          │ 1                        │
│ sky130_fd_sc_hd__nor4_1                                                                                                           │ 1                        │
│ sky130_fd_sc_hd__nor4_2                                                                                                           │ 1                        │
│ sky130_fd_sc_hd__nor4_4                                                                                                           │ 8                        │
│ sky130_fd_sc_hd__o2111a_1                                                                                                         │ 3                        │
│ sky130_fd_sc_hd__o2111ai_1                                                                                                        │ 1                        │
│ sky130_fd_sc_hd__o211a_1                                                                                                          │ 30                       │
│ sky130_fd_sc_hd__o211a_4                                                                                                          │ 16                       │
│ sky130_fd_sc_hd__o211ai_1                                                                                                         │ 11                       │
│ sky130_fd_sc_hd__o211ai_2                                                                                                         │ 50                       │
│ sky130_fd_sc_hd__o211ai_4                                                                                                         │ 8                        │
│ sky130_fd_sc_hd__o21a_1                                                                                                           │ 119                      │
│ sky130_fd_sc_hd__o21a_4                                                                                                           │ 3                        │
│ sky130_fd_sc_hd__o21ai_1                                                                                                          │ 153                      │
│ sky130_fd_sc_hd__o21ai_2                                                                                                          │ 26                       │
│ sky130_fd_sc_hd__o21ai_4                                                                                                          │ 7                        │
│ sky130_fd_sc_hd__o21ba_1                                                                                                          │ 70                       │
│ sky130_fd_sc_hd__o21ba_2                                                                                                          │ 1                        │
│ sky130_fd_sc_hd__o21ba_4                                                                                                          │ 3                        │
│ sky130_fd_sc_hd__o21bai_1                                                                                                         │ 57                       │
│ sky130_fd_sc_hd__o21bai_2                                                                                                         │ 8                        │
│ sky130_fd_sc_hd__o21bai_4                                                                                                         │ 3                        │
│ sky130_fd_sc_hd__o221a_1                                                                                                          │ 2                        │
│ sky130_fd_sc_hd__o22a_1                                                                                                           │ 18                       │
│ sky130_fd_sc_hd__o22a_2                                                                                                           │ 1                        │
│ sky130_fd_sc_hd__o22a_4                                                                                                           │ 1                        │
│ sky130_fd_sc_hd__o22ai_1                                                                                                          │ 7                        │
│ sky130_fd_sc_hd__o2bb2a_1                                                                                                         │ 57                       │
│ sky130_fd_sc_hd__o2bb2ai_1                                                                                                        │ 5                        │
│ sky130_fd_sc_hd__o311a_4                                                                                                          │ 4                        │
│ sky130_fd_sc_hd__o31a_1                                                                                                           │ 4                        │
│ sky130_fd_sc_hd__o31a_2                                                                                                           │ 1                        │
│ sky130_fd_sc_hd__o31ai_1                                                                                                          │ 1                        │
│ sky130_fd_sc_hd__o31ai_2                                                                                                          │ 7                        │
│ sky130_fd_sc_hd__o31ai_4                                                                                                          │ 2                        │
│ sky130_fd_sc_hd__o32a_1                                                                                                           │ 1                        │
│ sky130_fd_sc_hd__o32a_2                                                                                                           │ 3                        │
│ sky130_fd_sc_hd__o32ai_4                                                                                                          │ 1                        │
│ sky130_fd_sc_hd__o41a_1                                                                                                           │ 4                        │
│ sky130_fd_sc_hd__or2_1                                                                                                            │ 224                      │
│ sky130_fd_sc_hd__or2_2                                                                                                            │ 10                       │
│ sky130_fd_sc_hd__or2_4                                                                                                            │ 12                       │
│ sky130_fd_sc_hd__or3_1                                                                                                            │ 77                       │
│ sky130_fd_sc_hd__or3_4                                                                                                            │ 46                       │
│ sky130_fd_sc_hd__or3b_1                                                                                                           │ 13                       │
│ sky130_fd_sc_hd__or3b_2                                                                                                           │ 2                        │
│ sky130_fd_sc_hd__or3b_4                                                                                                           │ 4                        │
│ sky130_fd_sc_hd__or4_1                                                                                                            │ 1                        │
│ sky130_fd_sc_hd__or4_2                                                                                                            │ 1                        │
│ sky130_fd_sc_hd__or4_4                                                                                                            │ 3                        │
│ sky130_fd_sc_hd__or4b_1                                                                                                           │ 3                        │
│ sky130_fd_sc_hd__or4b_4                                                                                                           │ 2                        │
│ sky130_fd_sc_hd__or4bb_1                                                                                                          │ 3                        │
│ sky130_fd_sc_hd__or4bb_4                                                                                                          │ 1                        │
│ sky130_fd_sc_hd__tapvpwrvgnd_1                                                                                                    │ 1946                     │
│ sky130_fd_sc_hd__xnor2_1                                                                                                          │ 999                      │
│ sky130_fd_sc_hd__xnor2_2                                                                                                          │ 64                       │
│ sky130_fd_sc_hd__xor2_1                                                                                                           │ 409                      │
│ sky130_fd_sc_hd__xor2_2                                                                                                           │ 46                       │
└───────────────────────────────────────────────────────────────────────────────────────────────────────────────────────────────────┴──────────────────────────┘
