
===========================================================================
report_checks -unconstrained
===========================================================================
======================= max_ff_n40C_1v95 Corner ===================================

Startpoint: rst (input port clocked by clk)
Endpoint: _13387_ (recovery check against rising-edge clock clk)
Path Group: asynchronous
Path Type: max

Fanout         Cap        Slew       Delay        Time   Description
---------------------------------------------------------------------------------------------
                                  0.000000    0.000000   clock clk (rise edge)
                                  0.000000    0.000000   clock network delay (propagated)
                                  2.000000    2.000000 v input external delay
     1    0.002935    0.004908    0.002439    2.002439 v rst (in)
                                                         rst (net)
                      0.004917    0.000000    2.002439 v input33/A (sky130_fd_sc_hd__buf_4)
     4    0.087028    0.083202    0.131446    2.133885 v input33/X (sky130_fd_sc_hd__buf_4)
                                                         net33 (net)
                      0.086970    0.013830    2.147716 v fanout395/A (sky130_fd_sc_hd__buf_4)
     6    0.091792    0.086634    0.157408    2.305124 v fanout395/X (sky130_fd_sc_hd__buf_4)
                                                         net395 (net)
                      0.093397    0.018152    2.323276 v fanout392/A (sky130_fd_sc_hd__clkbuf_8)
    10    0.086458    0.077742    0.149679    2.472955 v fanout392/X (sky130_fd_sc_hd__clkbuf_8)
                                                         net392 (net)
                      0.091572    0.025108    2.498063 v _13323_/A (sky130_fd_sc_hd__inv_2)
     1    0.004545    0.033070    0.052109    2.550172 ^ _13323_/Y (sky130_fd_sc_hd__inv_2)
                                                         _00097_ (net)
                      0.033070    0.000118    2.550290 ^ _13387_/RESET_B (sky130_fd_sc_hd__dfrtp_1)
                                              2.550290   data arrival time

                                 10.000000   10.000000   clock clk (rise edge)
                                  0.000000   10.000000   clock source latency
     1    0.061532    0.208746    0.147908   10.147908 ^ clk (in)
                                                         clk (net)
                      0.209000    0.000000   10.147908 ^ clkbuf_0_clk/A (sky130_fd_sc_hd__clkbuf_16)
     8    0.187275    0.154839    0.203922   10.351830 ^ clkbuf_0_clk/X (sky130_fd_sc_hd__clkbuf_16)
                                                         clknet_0_clk (net)
                      0.155583    0.008786   10.360617 ^ clkbuf_3_0__f_clk/A (sky130_fd_sc_hd__clkbuf_16)
     9    0.040201    0.046877    0.125785   10.486402 ^ clkbuf_3_0__f_clk/X (sky130_fd_sc_hd__clkbuf_16)
                                                         clknet_3_0__leaf_clk (net)
                      0.047286    0.003086   10.489487 ^ _13387_/CLK (sky130_fd_sc_hd__dfrtp_1)
                                 -0.250000   10.239487   clock uncertainty
                                  0.000000   10.239487   clock reconvergence pessimism
                                  0.145711   10.385198   library recovery time
                                             10.385198   data required time
---------------------------------------------------------------------------------------------
                                             10.385198   data required time
                                             -2.550290   data arrival time
---------------------------------------------------------------------------------------------
                                              7.834908   slack (MET)


Startpoint: in3[7] (input port clocked by clk)
Endpoint: _13400_ (rising edge-triggered flip-flop clocked by clk)
Path Group: clk
Path Type: max

Fanout         Cap        Slew       Delay        Time   Description
---------------------------------------------------------------------------------------------
                                  0.000000    0.000000   clock clk (rise edge)
                                  0.000000    0.000000   clock network delay (propagated)
                                  2.000000    2.000000 ^ input external delay
     1    0.003101    0.014997    0.008074    2.008074 ^ in3[7] (in)
                                                         in3[7] (net)
                      0.014999    0.000000    2.008074 ^ input32/A (sky130_fd_sc_hd__clkbuf_4)
     7    0.093144    0.212501    0.204911    2.212985 ^ input32/X (sky130_fd_sc_hd__clkbuf_4)
                                                         net32 (net)
                      0.212816    0.006764    2.219749 ^ fanout401/A (sky130_fd_sc_hd__buf_2)
     8    0.046412    0.171694    0.194717    2.414466 ^ fanout401/X (sky130_fd_sc_hd__buf_2)
                                                         net401 (net)
                      0.171707    0.001273    2.415740 ^ fanout400/A (sky130_fd_sc_hd__clkbuf_4)
    10    0.053444    0.126367    0.186929    2.602668 ^ fanout400/X (sky130_fd_sc_hd__clkbuf_4)
                                                         net400 (net)
                      0.126389    0.001398    2.604066 ^ _10589_/A (sky130_fd_sc_hd__and2_4)
    10    0.053766    0.121666    0.170294    2.774361 ^ _10589_/X (sky130_fd_sc_hd__and2_4)
                                                         _03426_ (net)
                      0.121843    0.003843    2.778203 ^ _10955_/A (sky130_fd_sc_hd__xnor2_1)
     2    0.008457    0.160090    0.111502    2.889705 ^ _10955_/Y (sky130_fd_sc_hd__xnor2_1)
                                                         _03826_ (net)
                      0.160094    0.000571    2.890277 ^ _10957_/B (sky130_fd_sc_hd__xor2_1)
     2    0.012402    0.204462    0.184674    3.074951 ^ _10957_/X (sky130_fd_sc_hd__xor2_1)
                                                         _03829_ (net)
                      0.204470    0.001011    3.075962 ^ _10958_/B (sky130_fd_sc_hd__xor2_1)
     3    0.012579    0.206717    0.185253    3.261215 ^ _10958_/X (sky130_fd_sc_hd__xor2_1)
                                                         _03830_ (net)
                      0.206722    0.000784    3.261999 ^ _10960_/C (sky130_fd_sc_hd__nand3_1)
     2    0.007944    0.074196    0.081528    3.343527 v _10960_/Y (sky130_fd_sc_hd__nand3_1)
                                                         _03832_ (net)
                      0.074200    0.000417    3.343944 v _10962_/A2 (sky130_fd_sc_hd__a211o_1)
     3    0.013148    0.065572    0.230884    3.574828 v _10962_/X (sky130_fd_sc_hd__a211o_1)
                                                         _03834_ (net)
                      0.065586    0.000939    3.575767 v _10964_/A2 (sky130_fd_sc_hd__a21o_1)
     2    0.009164    0.043231    0.142866    3.718632 v _10964_/X (sky130_fd_sc_hd__a21o_1)
                                                         _03836_ (net)
                      0.043238    0.000582    3.719214 v _10966_/A2 (sky130_fd_sc_hd__a211o_1)
     3    0.016535    0.075598    0.230075    3.949289 v _10966_/X (sky130_fd_sc_hd__a211o_1)
                                                         _03838_ (net)
                      0.075625    0.001380    3.950669 v _10968_/A2 (sky130_fd_sc_hd__a21o_1)
     2    0.008891    0.042365    0.145481    4.096149 v _10968_/X (sky130_fd_sc_hd__a21o_1)
                                                         _03841_ (net)
                      0.042372    0.000546    4.096695 v _10970_/A2 (sky130_fd_sc_hd__a211o_1)
     3    0.018119    0.080286    0.234371    4.331066 v _10970_/X (sky130_fd_sc_hd__a211o_1)
                                                         _03843_ (net)
                      0.080315    0.001450    4.332516 v _10972_/A2 (sky130_fd_sc_hd__a21o_1)
     2    0.008101    0.039816    0.144706    4.477222 v _10972_/X (sky130_fd_sc_hd__a21o_1)
                                                         _03845_ (net)
                      0.039823    0.000527    4.477748 v _10974_/A2 (sky130_fd_sc_hd__a211o_1)
     3    0.012556    0.063927    0.217649    4.695397 v _10974_/X (sky130_fd_sc_hd__a211o_1)
                                                         _03847_ (net)
                      0.063939    0.000858    4.696256 v _10976_/A2 (sky130_fd_sc_hd__a21o_1)
     2    0.007533    0.038025    0.137297    4.833553 v _10976_/X (sky130_fd_sc_hd__a21o_1)
                                                         _03849_ (net)
                      0.038029    0.000393    4.833946 v _10978_/A2 (sky130_fd_sc_hd__a211o_1)
     3    0.012853    0.064715    0.218036    5.051982 v _10978_/X (sky130_fd_sc_hd__a211o_1)
                                                         _03852_ (net)
                      0.064717    0.000473    5.052455 v _10980_/A2 (sky130_fd_sc_hd__a21o_1)
     3    0.011726    0.049016    0.150283    5.202738 v _10980_/X (sky130_fd_sc_hd__a21o_1)
                                                         _03854_ (net)
                      0.049019    0.000465    5.203203 v _10981_/C1 (sky130_fd_sc_hd__o211a_1)
     4    0.013224    0.058035    0.099220    5.302423 v _10981_/X (sky130_fd_sc_hd__o211a_1)
                                                         _03855_ (net)
                      0.058048    0.000877    5.303300 v _11129_/A (sky130_fd_sc_hd__or4_4)
     2    0.008734    0.063667    0.332953    5.636253 v _11129_/X (sky130_fd_sc_hd__or4_4)
                                                         _04017_ (net)
                      0.063668    0.000573    5.636826 v _11383_/A3 (sky130_fd_sc_hd__o311a_4)
     2    0.031391    0.067650    0.236705    5.873531 v _11383_/X (sky130_fd_sc_hd__o311a_4)
                                                         _04294_ (net)
                      0.067950    0.003628    5.877159 v _11384_/A (sky130_fd_sc_hd__nor2_8)
     3    0.024216    0.090396    0.112245    5.989403 ^ _11384_/Y (sky130_fd_sc_hd__nor2_8)
                                                         _04295_ (net)
                      0.090476    0.001545    5.990948 ^ _11590_/A3 (sky130_fd_sc_hd__o31ai_4)
     2    0.012875    0.076562    0.045763    6.036711 v _11590_/Y (sky130_fd_sc_hd__o31ai_4)
                                                         _04520_ (net)
                      0.076566    0.001099    6.037810 v rebuffer44/A (sky130_fd_sc_hd__clkbuf_1)
     1    0.004515    0.025276    0.079312    6.117122 v rebuffer44/X (sky130_fd_sc_hd__clkbuf_1)
                                                         net744 (net)
                      0.025280    0.000334    6.117456 v _11591_/B (sky130_fd_sc_hd__xor2_1)
     1    0.002508    0.047013    0.081013    6.198469 v _11591_/X (sky130_fd_sc_hd__xor2_1)
                                                         _00017_ (net)
                      0.047014    0.000114    6.198583 v _13400_/D (sky130_fd_sc_hd__dfrtp_1)
                                              6.198583   data arrival time

                                 10.000000   10.000000   clock clk (rise edge)
                                  0.000000   10.000000   clock source latency
     1    0.061532    0.208746    0.147908   10.147908 ^ clk (in)
                                                         clk (net)
                      0.209000    0.000000   10.147908 ^ clkbuf_0_clk/A (sky130_fd_sc_hd__clkbuf_16)
     8    0.187275    0.154839    0.203922   10.351830 ^ clkbuf_0_clk/X (sky130_fd_sc_hd__clkbuf_16)
                                                         clknet_0_clk (net)
                      0.155624    0.009005   10.360836 ^ clkbuf_3_1__f_clk/A (sky130_fd_sc_hd__clkbuf_16)
     9    0.049666    0.053438    0.129001   10.489837 ^ clkbuf_3_1__f_clk/X (sky130_fd_sc_hd__clkbuf_16)
                                                         clknet_3_1__leaf_clk (net)
                      0.055888    0.008866   10.498703 ^ _13400_/CLK (sky130_fd_sc_hd__dfrtp_1)
                                 -0.250000   10.248703   clock uncertainty
                                  0.000000   10.248703   clock reconvergence pessimism
                                 -0.075502   10.173201   library setup time
                                             10.173201   data required time
---------------------------------------------------------------------------------------------
                                             10.173201   data required time
                                             -6.198583   data arrival time
---------------------------------------------------------------------------------------------
                                              3.974618   slack (MET)




===========================================================================
report_checks --slack_max -0.01
============================================================================
======================= max_ff_n40C_1v95 Corner ===================================

No paths found.


===========================================================================
 report_check_types -max_slew -max_cap -max_fanout -violators
============================================================================
======================= max_ff_n40C_1v95 Corner ===================================

max fanout

Pin                                   Limit Fanout  Slack
---------------------------------------------------------
input89/X                                10     12     -2 (VIOLATED)
clkbuf_3_4__f_clk/X                      10     11        (VIOLATED)



===========================================================================
report_parasitic_annotation -report_unannotated
============================================================================
Found 7 unannotated drivers.
 clkload0/Y
 clkload1/Y
 clkload2/Y
 clkload3/X
 clkload4/Y
 clkload5/Y
 clkload6/X
Found 0 partially unannotated drivers.

===========================================================================
max slew violation count 0
max fanout violation count 2
max cap violation count 0
============================================================================

===========================================================================
check_setup -verbose -unconstrained_endpoints -multiple_clock -no_clock -no_input_delay -loops -generated_clocks
===========================================================================
