Clock: clk
Sources: clk 
Generated: no
Virtual: yes
Propagated: no
Period: 10.000000

===========================================================================
report_clock_properties
============================================================================
Clock                   Period          Waveform
----------------------------------------------------
clk                  10.000000    0.000000  5.000000

===========================================================================
report_clock_latency
============================================================================
Clock clk
rise -> rise
    min     max
0.000000 0.000000 source latency
0.486802         network latency _13357_/CLK
        0.513237 network latency _13416_/CLK
---------------
0.486802 0.513237 latency
        0.026436 skew

fall -> fall
    min     max
0.000000 0.000000 source latency
0.390241         network latency _13357_/CLK
        0.414964 network latency _13416_/CLK
---------------
0.390241 0.414964 latency
        0.024723 skew



===========================================================================
report_clock_min_period
============================================================================
clk period_min = 0.00 fmax = inf
