
===========================================================================
report_checks -unconstrained
===========================================================================
======================= nom_ff_n40C_1v95 Corner ===================================

Startpoint: m_axis_tready (input port clocked by aclk)
Endpoint: s_axis_tready (output port clocked by aclk)
Path Group: aclk
Path Type: max

Fanout         Cap        Slew       Delay        Time   Description
---------------------------------------------------------------------------------------------
                      0.150000    0.000000    0.000000   clock aclk (rise edge)
                                  0.000000    0.000000   clock network delay (ideal)
                                  4.000000    4.000000 ^ input external delay
     7    0.017724    0.065508    0.043438    4.043437 ^ m_axis_tready (in)
                                                         m_axis_tready (net)
                      0.065508    0.000000    4.043437 ^ _2122_/A (sky130_fd_sc_hd__buf_2)
     1    0.033442    0.127370    0.145186    4.188624 ^ _2122_/X (sky130_fd_sc_hd__buf_2)
                                                         s_axis_tready (net)
                      0.127370    0.000000    4.188624 ^ s_axis_tready (out)
                                              4.188624   data arrival time

                      0.150000   20.000000   20.000000   clock aclk (rise edge)
                                  0.000000   20.000000   clock network delay (ideal)
                                 -0.250000   19.750002   clock uncertainty
                                  0.000000   19.750002   clock reconvergence pessimism
                                 -4.000000   15.750001   output external delay
                                             15.750001   data required time
---------------------------------------------------------------------------------------------
                                             15.750001   data required time
                                             -4.188624   data arrival time
---------------------------------------------------------------------------------------------
                                             11.561378   slack (MET)




===========================================================================
report_checks --slack_max -0.01
============================================================================
======================= nom_ff_n40C_1v95 Corner ===================================

No paths found.


===========================================================================
 report_check_types -max_slew -max_cap -max_fanout -violators
============================================================================
======================= nom_ff_n40C_1v95 Corner ===================================

max slew

Pin                                        Limit        Slew       Slack
------------------------------------------------------------------------
_1524_/Y                                0.750000    1.194809   -0.444809 (VIOLATED)
_1573_/A                                0.750000    1.194809   -0.444809 (VIOLATED)
_1574_/B1                               0.750000    1.194809   -0.444809 (VIOLATED)
_1608_/A                                0.750000    1.194809   -0.444809 (VIOLATED)
_1609_/B1                               0.750000    1.194809   -0.444809 (VIOLATED)
_1610_/A1                               0.750000    1.194809   -0.444809 (VIOLATED)
_1638_/A                                0.750000    1.194809   -0.444809 (VIOLATED)
_1639_/B1                               0.750000    1.194809   -0.444809 (VIOLATED)
_1640_/A1                               0.750000    1.194809   -0.444809 (VIOLATED)
_1668_/A                                0.750000    1.194809   -0.444809 (VIOLATED)
_1669_/B1                               0.750000    1.194809   -0.444809 (VIOLATED)
_1670_/A1                               0.750000    1.194809   -0.444809 (VIOLATED)
_1701_/A                                0.750000    1.194809   -0.444809 (VIOLATED)
_1702_/B1                               0.750000    1.194809   -0.444809 (VIOLATED)
_1703_/A1                               0.750000    1.194809   -0.444809 (VIOLATED)
_1731_/A                                0.750000    1.194809   -0.444809 (VIOLATED)
_1732_/B1                               0.750000    1.194809   -0.444809 (VIOLATED)
_1733_/A1                               0.750000    1.194809   -0.444809 (VIOLATED)
_1766_/A                                0.750000    1.194809   -0.444809 (VIOLATED)
_1767_/B1                               0.750000    1.194809   -0.444809 (VIOLATED)
_1768_/A1                               0.750000    1.194809   -0.444809 (VIOLATED)
_1795_/A                                0.750000    1.194809   -0.444809 (VIOLATED)
_1796_/B1                               0.750000    1.194809   -0.444809 (VIOLATED)
_1797_/A1                               0.750000    1.194809   -0.444809 (VIOLATED)
_1829_/A                                0.750000    1.194809   -0.444809 (VIOLATED)
_1830_/B1                               0.750000    1.194809   -0.444809 (VIOLATED)
_1831_/A1                               0.750000    1.194809   -0.444809 (VIOLATED)
_1863_/A                                0.750000    1.194809   -0.444809 (VIOLATED)
_1891_/A                                0.750000    1.194809   -0.444809 (VIOLATED)
_1917_/A                                0.750000    1.194809   -0.444809 (VIOLATED)
_1950_/A                                0.750000    1.194809   -0.444809 (VIOLATED)
_1977_/A                                0.750000    1.194809   -0.444809 (VIOLATED)
_2013_/A                                0.750000    1.194809   -0.444809 (VIOLATED)
_2014_/A                                0.750000    1.194809   -0.444809 (VIOLATED)
_2039_/A                                0.750000    1.194809   -0.444809 (VIOLATED)
_2063_/S                                0.750000    1.194809   -0.444809 (VIOLATED)
_1404_/X                                0.750000    0.967700   -0.217700 (VIOLATED)
_1415_/B1                               0.750000    0.967700   -0.217700 (VIOLATED)
_1457_/B1                               0.750000    0.967700   -0.217700 (VIOLATED)
_1458_/A1                               0.750000    0.967700   -0.217700 (VIOLATED)
_1501_/B1                               0.750000    0.967700   -0.217700 (VIOLATED)
_1502_/A1                               0.750000    0.967700   -0.217700 (VIOLATED)
_1535_/B1                               0.750000    0.967700   -0.217700 (VIOLATED)
_1536_/A1                               0.750000    0.967700   -0.217700 (VIOLATED)
_1569_/B1                               0.750000    0.967700   -0.217700 (VIOLATED)
_1570_/A1                               0.750000    0.967700   -0.217700 (VIOLATED)
_1604_/B1                               0.750000    0.967700   -0.217700 (VIOLATED)
_1605_/A1                               0.750000    0.967700   -0.217700 (VIOLATED)
_1634_/B1                               0.750000    0.967700   -0.217700 (VIOLATED)
_1635_/A1                               0.750000    0.967700   -0.217700 (VIOLATED)
_1664_/B1                               0.750000    0.967700   -0.217700 (VIOLATED)
_1665_/A1                               0.750000    0.967700   -0.217700 (VIOLATED)
_1697_/B1                               0.750000    0.967700   -0.217700 (VIOLATED)
_1698_/A1                               0.750000    0.967700   -0.217700 (VIOLATED)
_1727_/B1                               0.750000    0.967700   -0.217700 (VIOLATED)
_1728_/A1                               0.750000    0.967700   -0.217700 (VIOLATED)
_1762_/B1                               0.750000    0.967700   -0.217700 (VIOLATED)
_1763_/A1                               0.750000    0.967700   -0.217700 (VIOLATED)
_1791_/B1                               0.750000    0.967700   -0.217700 (VIOLATED)
_1792_/A1                               0.750000    0.967700   -0.217700 (VIOLATED)
_1824_/A                                0.750000    0.967700   -0.217700 (VIOLATED)
_1825_/B1                               0.750000    0.967700   -0.217700 (VIOLATED)
_1826_/A1                               0.750000    0.967700   -0.217700 (VIOLATED)
_1888_/A1                               0.750000    0.967700   -0.217700 (VIOLATED)
_1914_/A                                0.750000    0.967700   -0.217700 (VIOLATED)
_1915_/A1                               0.750000    0.967700   -0.217700 (VIOLATED)
_1944_/A                                0.750000    0.967700   -0.217700 (VIOLATED)
_1945_/A                                0.750000    0.967700   -0.217700 (VIOLATED)
_1947_/A1                               0.750000    0.967700   -0.217700 (VIOLATED)
_2007_/A                                0.750000    0.967700   -0.217700 (VIOLATED)
_2008_/A                                0.750000    0.967700   -0.217700 (VIOLATED)
_2010_/A1                               0.750000    0.967700   -0.217700 (VIOLATED)
_2035_/A                                0.750000    0.967700   -0.217700 (VIOLATED)
_1270_/Y                                0.750000    0.901531   -0.151531 (VIOLATED)
_1273_/A                                0.750000    0.901531   -0.151531 (VIOLATED)
_1274_/A                                0.750000    0.901531   -0.151531 (VIOLATED)
_1275_/B1                               0.750000    0.901531   -0.151531 (VIOLATED)
_1318_/A                                0.750000    0.901531   -0.151531 (VIOLATED)
_1319_/A                                0.750000    0.901531   -0.151531 (VIOLATED)
_1320_/B1                               0.750000    0.901531   -0.151531 (VIOLATED)
_1361_/A                                0.750000    0.901531   -0.151531 (VIOLATED)
_1362_/A                                0.750000    0.901531   -0.151531 (VIOLATED)
_1363_/B1                               0.750000    0.901531   -0.151531 (VIOLATED)
_1408_/A                                0.750000    0.901531   -0.151531 (VIOLATED)
_1409_/A                                0.750000    0.901531   -0.151531 (VIOLATED)
_1410_/B1                               0.750000    0.901531   -0.151531 (VIOLATED)
_1450_/A                                0.750000    0.901531   -0.151531 (VIOLATED)
_1451_/A                                0.750000    0.901531   -0.151531 (VIOLATED)
_1452_/B1                               0.750000    0.901531   -0.151531 (VIOLATED)
_1494_/A                                0.750000    0.901531   -0.151531 (VIOLATED)
_1495_/A                                0.750000    0.901531   -0.151531 (VIOLATED)
_1496_/B1                               0.750000    0.901531   -0.151531 (VIOLATED)
_1528_/A                                0.750000    0.901531   -0.151531 (VIOLATED)
_1529_/A                                0.750000    0.901531   -0.151531 (VIOLATED)
_1530_/B1                               0.750000    0.901531   -0.151531 (VIOLATED)
_1562_/A                                0.750000    0.901531   -0.151531 (VIOLATED)
_1563_/A                                0.750000    0.901531   -0.151531 (VIOLATED)
_1564_/B1                               0.750000    0.901531   -0.151531 (VIOLATED)
_1597_/A                                0.750000    0.901531   -0.151531 (VIOLATED)
_1598_/A                                0.750000    0.901531   -0.151531 (VIOLATED)
_1599_/B1                               0.750000    0.901531   -0.151531 (VIOLATED)
_1627_/A                                0.750000    0.901531   -0.151531 (VIOLATED)
_1628_/A                                0.750000    0.901531   -0.151531 (VIOLATED)
_1629_/B1                               0.750000    0.901531   -0.151531 (VIOLATED)
_1657_/A                                0.750000    0.901531   -0.151531 (VIOLATED)
_1658_/A                                0.750000    0.901531   -0.151531 (VIOLATED)
_1659_/B1                               0.750000    0.901531   -0.151531 (VIOLATED)
_1690_/A                                0.750000    0.901531   -0.151531 (VIOLATED)
_1691_/A                                0.750000    0.901531   -0.151531 (VIOLATED)
_1692_/B1                               0.750000    0.901531   -0.151531 (VIOLATED)
_1720_/A                                0.750000    0.901531   -0.151531 (VIOLATED)
_1721_/A                                0.750000    0.901531   -0.151531 (VIOLATED)
_1722_/B1                               0.750000    0.901531   -0.151531 (VIOLATED)
_1755_/A                                0.750000    0.901531   -0.151531 (VIOLATED)
_1756_/A                                0.750000    0.901531   -0.151531 (VIOLATED)
_1757_/B1                               0.750000    0.901531   -0.151531 (VIOLATED)
_1784_/A                                0.750000    0.901531   -0.151531 (VIOLATED)
_1785_/A                                0.750000    0.901531   -0.151531 (VIOLATED)
_1786_/B1                               0.750000    0.901531   -0.151531 (VIOLATED)
_1819_/A                                0.750000    0.901531   -0.151531 (VIOLATED)
_1820_/A                                0.750000    0.901531   -0.151531 (VIOLATED)
_1821_/B1                               0.750000    0.901531   -0.151531 (VIOLATED)
_1853_/A                                0.750000    0.901531   -0.151531 (VIOLATED)
_1854_/A                                0.750000    0.901531   -0.151531 (VIOLATED)
_1855_/B1                               0.750000    0.901531   -0.151531 (VIOLATED)
_1882_/A                                0.750000    0.901531   -0.151531 (VIOLATED)
_1883_/B1                               0.750000    0.901531   -0.151531 (VIOLATED)
_1910_/A                                0.750000    0.901531   -0.151531 (VIOLATED)
_1938_/A                                0.750000    0.901531   -0.151531 (VIOLATED)
_1939_/B1                               0.750000    0.901531   -0.151531 (VIOLATED)
_1967_/A                                0.750000    0.901531   -0.151531 (VIOLATED)
_1968_/B1                               0.750000    0.901531   -0.151531 (VIOLATED)
_2001_/A                                0.750000    0.901531   -0.151531 (VIOLATED)
_2002_/B1                               0.750000    0.901531   -0.151531 (VIOLATED)
_2030_/B                                0.750000    0.901531   -0.151531 (VIOLATED)
_2057_/A2                               0.750000    0.901531   -0.151531 (VIOLATED)
_2058_/A2                               0.750000    0.901531   -0.151531 (VIOLATED)

max fanout

Pin                                   Limit Fanout  Slack
---------------------------------------------------------
_1270_/Y                                 10     63    -53 (VIOLATED)
_2073_/Q                                 10     57    -47 (VIOLATED)
_2088_/Q                                 10     54    -44 (VIOLATED)
aresetn                                  10     50    -40 (VIOLATED)
_1073_/X                                 10     42    -32 (VIOLATED)
_1404_/X                                 10     36    -26 (VIOLATED)
_1524_/Y                                 10     35    -25 (VIOLATED)
_1557_/X                                 10     27    -17 (VIOLATED)
_1074_/Y                                 10     23    -13 (VIOLATED)
_2075_/Q                                 10     19     -9 (VIOLATED)
_2074_/Q                                 10     18     -8 (VIOLATED)
_2078_/Q                                 10     18     -8 (VIOLATED)
_1038_/Y                                 10     17     -7 (VIOLATED)
_2083_/Q                                 10     17     -7 (VIOLATED)
_2084_/Q                                 10     17     -7 (VIOLATED)
_2087_/Q                                 10     17     -7 (VIOLATED)
_1037_/X                                 10     16     -6 (VIOLATED)
_1405_/Y                                 10     16     -6 (VIOLATED)
_2076_/Q                                 10     16     -6 (VIOLATED)
_2077_/Q                                 10     16     -6 (VIOLATED)
_2079_/Q                                 10     16     -6 (VIOLATED)
_2081_/Q                                 10     16     -6 (VIOLATED)
_2082_/Q                                 10     16     -6 (VIOLATED)
_2085_/Q                                 10     15     -5 (VIOLATED)
_2086_/Q                                 10     15     -5 (VIOLATED)

max capacitance

Pin                                        Limit         Cap       Slack
------------------------------------------------------------------------
_1270_/Y                                0.200000    0.239028   -0.039028 (VIOLATED)



===========================================================================
report_parasitic_annotation -report_unannotated
============================================================================
Found 1107 unannotated drivers.
 aclk
 aresetn
 m_axis_tready
 s_axis_tdata[0]
 s_axis_tdata[10]
 s_axis_tdata[11]
 s_axis_tdata[12]
 s_axis_tdata[13]
 s_axis_tdata[14]
 s_axis_tdata[15]
 s_axis_tdata[1]
 s_axis_tdata[2]
 s_axis_tdata[3]
 s_axis_tdata[4]
 s_axis_tdata[5]
 s_axis_tdata[6]
 s_axis_tdata[7]
 s_axis_tdata[8]
 s_axis_tdata[9]
 s_axis_tvalid
 _1036_/Y
 _1037_/X
 _1038_/Y
 _1039_/X
 _1040_/X
 _1041_/X
 _1042_/X
 _1043_/X
 _1044_/X
 _1045_/X
 _1046_/X
 _1047_/X
 _1048_/X
 _1049_/X
 _1050_/X
 _1051_/X
 _1052_/X
 _1053_/X
 _1054_/X
 _1055_/Y
 _1056_/X
 _1057_/X
 _1058_/X
 _1059_/X
 _1060_/X
 _1061_/X
 _1062_/X
 _1063_/X
 _1064_/X
 _1065_/X
 _1066_/X
 _1067_/X
 _1068_/X
 _1069_/X
 _1070_/X
 _1071_/X
 _1072_/X
 _1073_/X
 _1074_/Y
 _1075_/X
 _1076_/X
 _1077_/Y
 _1078_/X
 _1079_/Y
 _1080_/X
 _1081_/X
 _1082_/X
 _1083_/X
 _1084_/Y
 _1085_/X
 _1086_/X
 _1087_/Y
 _1088_/X
 _1089_/X
 _1090_/X
 _1091_/Y
 _1092_/Y
 _1093_/X
 _1094_/Y
 _1095_/Y
 _1096_/Y
 _1097_/X
 _1098_/Y
 _1099_/X
 _1100_/Y
 _1101_/X
 _1102_/Y
 _1103_/X
 _1104_/X
 _1105_/X
 _1106_/X
 _1107_/X
 _1108_/X
 _1109_/X
 _1110_/X
 _1111_/Y
 _1112_/X
 _1113_/Y
 _1114_/Y
 _1115_/Y
 _1116_/X
 _1117_/X
 _1118_/Y
 _1119_/Y
 _1120_/X
 _1121_/Y
 _1122_/X
 _1123_/Y
 _1124_/Y
 _1125_/Y
 _1126_/Y
 _1127_/X
 _1128_/X
 _1129_/X
 _1130_/X
 _1131_/Y
 _1132_/X
 _1133_/Y
 _1134_/X
 _1135_/X
 _1136_/X
 _1137_/Y
 _1138_/X
 _1139_/Y
 _1140_/X
 _1141_/X
 _1142_/Y
 _1143_/Y
 _1144_/X
 _1145_/X
 _1146_/X
 _1147_/Y
 _1148_/X
 _1149_/Y
 _1150_/X
 _1151_/X
 _1152_/Y
 _1153_/X
 _1154_/Y
 _1155_/X
 _1156_/Y
 _1157_/Y
 _1158_/Y
 _1159_/Y
 _1160_/X
 _1161_/Y
 _1162_/X
 _1163_/X
 _1164_/Y
 _1165_/X
 _1166_/Y
 _1167_/Y
 _1168_/X
 _1169_/X
 _1170_/Y
 _1171_/Y
 _1172_/Y
 _1173_/Y
 _1174_/X
 _1175_/Y
 _1176_/X
 _1177_/X
 _1178_/Y
 _1179_/X
 _1180_/X
 _1181_/Y
 _1182_/X
 _1183_/Y
 _1184_/Y
 _1185_/Y
 _1186_/X
 _1187_/X
 _1188_/X
 _1189_/Y
 _1190_/Y
 _1191_/Y
 _1192_/X
 _1193_/Y
 _1194_/X
 _1195_/X
 _1196_/Y
 _1197_/Y
 _1198_/X
 _1199_/X
 _1200_/Y
 _1201_/X
 _1202_/X
 _1203_/Y
 _1204_/Y
 _1205_/Y
 _1206_/X
 _1207_/Y
 _1208_/Y
 _1209_/X
 _1210_/X
 _1211_/X
 _1212_/Y
 _1213_/X
 _1214_/X
 _1215_/X
 _1216_/X
 _1217_/Y
 _1218_/X
 _1219_/X
 _1220_/X
 _1221_/X
 _1222_/Y
 _1223_/Y
 _1224_/Y
 _1225_/X
 _1226_/Y
 _1227_/Y
 _1228_/Y
 _1229_/Y
 _1230_/Y
 _1231_/Y
 _1232_/X
 _1233_/Y
 _1234_/X
 _1235_/X
 _1236_/X
 _1237_/Y
 _1238_/X
 _1239_/Y
 _1240_/X
 _1241_/Y
 _1242_/Y
 _1243_/Y
 _1244_/X
 _1245_/Y
 _1246_/Y
 _1247_/X
 _1248_/Y
 _1249_/X
 _1250_/X
 _1251_/X
 _1252_/X
 _1253_/Y
 _1254_/X
 _1255_/X
 _1256_/X
 _1257_/Y
 _1258_/X
 _1259_/Y
 _1260_/Y
 _1261_/X
 _1262_/Y
 _1263_/Y
 _1264_/X
 _1265_/X
 _1266_/Y
 _1267_/X
 _1268_/X
 _1269_/Y
 _1270_/Y
 _1271_/X
 _1272_/Y
 _1273_/Y
 _1274_/X
 _1275_/Y
 _1276_/Y
 _1277_/Y
 _1278_/X
 _1279_/Y
 _1280_/X
 _1281_/X
 _1282_/Y
 _1283_/X
 _1284_/Y
 _1285_/X
 _1286_/X
 _1287_/Y
 _1288_/Y
 _1289_/X
 _1290_/Y
 _1291_/Y
 _1292_/Y
 _1293_/Y
 _1294_/Y
 _1295_/X
 _1296_/X
 _1297_/Y
 _1298_/X
 _1299_/X
 _1300_/Y
 _1301_/Y
 _1302_/X
 _1303_/Y
 _1304_/Y
 _1305_/Y
 _1306_/X
 _1307_/Y
 _1308_/Y
 _1309_/Y
 _1310_/Y
 _1311_/X
 _1312_/Y
 _1313_/Y
 _1314_/Y
 _1315_/Y
 _1316_/X
 _1317_/Y
 _1318_/Y
 _1319_/X
 _1320_/Y
 _1321_/Y
 _1322_/X
 _1323_/Y
 _1324_/X
 _1325_/X
 _1326_/Y
 _1327_/X
 _1328_/X
 _1329_/Y
 _1330_/Y
 _1331_/Y
 _1332_/X
 _1333_/X
 _1334_/X
 _1335_/Y
 _1336_/X
 _1337_/Y
 _1338_/X
 _1339_/X
 _1340_/Y
 _1341_/X
 _1342_/X
 _1343_/Y
 _1344_/X
 _1345_/X
 _1346_/X
 _1347_/Y
 _1348_/Y
 _1349_/Y
 _1350_/Y
 _1351_/Y
 _1352_/Y
 _1353_/Y
 _1354_/X
 _1355_/X
 _1356_/Y
 _1357_/Y
 _1358_/X
 _1359_/X
 _1360_/Y
 _1361_/Y
 _1362_/X
 _1363_/Y
 _1364_/Y
 _1365_/X
 _1366_/Y
 _1367_/X
 _1368_/X
 _1369_/Y
 _1370_/X
 _1371_/X
 _1372_/Y
 _1373_/Y
 _1374_/Y
 _1375_/Y
 _1376_/X
 _1377_/Y
 _1378_/X
 _1379_/X
 _1380_/X
 _1381_/Y
 _1382_/Y
 _1383_/X
 _1384_/X
 _1385_/X
 _1386_/X
 _1387_/Y
 _1388_/Y
 _1389_/X
 _1390_/X
 _1391_/X
 _1392_/Y
 _1393_/X
 _1394_/X
 _1395_/X
 _1396_/Y
 _1397_/Y
 _1398_/Y
 _1399_/Y
 _1400_/X
 _1401_/Y
 _1402_/Y
 _1403_/Y
 _1404_/X
 _1405_/Y
 _1406_/X
 _1407_/Y
 _1408_/Y
 _1409_/X
 _1410_/Y
 _1411_/X
 _1412_/Y
 _1413_/X
 _1414_/X
 _1415_/X
 _1416_/X
 _1417_/Y
 _1418_/X
 _1419_/X
 _1420_/Y
 _1421_/Y
 _1422_/Y
 _1423_/X
 _1424_/Y
 _1425_/X
 _1426_/Y
 _1427_/X
 _1428_/Y
 _1429_/X
 _1430_/X
 _1431_/Y
 _1432_/Y
 _1433_/X
 _1434_/X
 _1435_/X
 _1436_/X
 _1437_/Y
 _1438_/X
 _1439_/Y
 _1440_/X
 _1441_/X
 _1442_/Y
 _1443_/Y
 _1444_/Y
 _1445_/Y
 _1446_/Y
 _1447_/Y
 _1448_/X
 _1449_/Y
 _1450_/Y
 _1451_/X
 _1452_/Y
 _1453_/X
 _1454_/Y
 _1455_/X
 _1456_/X
 _1457_/X
 _1458_/X
 _1459_/X
 _1460_/Y
 _1461_/Y
 _1462_/X
 _1463_/Y
 _1464_/X
 _1465_/X
 _1466_/Y
 _1467_/Y
 _1468_/X
 _1469_/X
 _1470_/Y
 _1471_/X
 _1472_/Y
 _1473_/Y
 _1474_/Y
 _1475_/Y
 _1476_/X
 _1477_/Y
 _1478_/X
 _1479_/X
 _1480_/Y
 _1481_/Y
 _1482_/X
 _1483_/X
 _1484_/X
 _1485_/X
 _1486_/X
 _1487_/Y
 _1488_/X
 _1489_/Y
 _1490_/Y
 _1491_/X
 _1492_/X
 _1493_/Y
 _1494_/Y
 _1495_/X
 _1496_/Y
 _1497_/X
 _1498_/X
 _1499_/Y
 _1500_/X
 _1501_/X
 _1502_/X
 _1503_/Y
 _1504_/X
 _1505_/X
 _1506_/Y
 _1507_/Y
 _1508_/X
 _1509_/Y
 _1510_/X
 _1511_/X
 _1512_/Y
 _1513_/Y
 _1514_/X
 _1515_/Y
 _1516_/Y
 _1517_/X
 _1518_/X
 _1519_/X
 _1520_/X
 _1521_/Y
 _1522_/Y
 _1523_/Y
 _1524_/Y
 _1525_/X
 _1526_/X
 _1527_/Y
 _1528_/Y
 _1529_/X
 _1530_/Y
 _1531_/X
 _1532_/X
 _1533_/Y
 _1534_/X
 _1535_/X
 _1536_/X
 _1537_/Y
 _1538_/X
 _1539_/Y
 _1540_/X
 _1541_/X
 _1542_/Y
 _1543_/X
 _1544_/Y
 _1545_/X
 _1546_/X
 _1547_/Y
 _1548_/Y
 _1549_/X
 _1550_/X
 _1551_/Y
 _1552_/X
 _1553_/X
 _1554_/Y
 _1555_/X
 _1556_/X
 _1557_/X
 _1558_/Y
 _1559_/X
 _1560_/X
 _1561_/Y
 _1562_/Y
 _1563_/X
 _1564_/Y
 _1565_/X
 _1566_/X
 _1567_/Y
 _1568_/X
 _1569_/X
 _1570_/X
 _1571_/X
 _1572_/Y
 _1573_/X
 _1574_/Y
 _1575_/X
 _1576_/Y
 _1577_/X
 _1578_/X
 _1579_/Y
 _1580_/X
 _1581_/X
 _1582_/Y
 _1583_/X
 _1584_/Y
 _1585_/Y
 _1586_/Y
 _1587_/X
 _1588_/X
 _1589_/X
 _1590_/X
 _1591_/X
 _1592_/X
 _1593_/Y
 _1594_/Y
 _1595_/X
 _1596_/Y
 _1597_/Y
 _1598_/X
 _1599_/Y
 _1600_/X
 _1601_/X
 _1602_/Y
 _1603_/X
 _1604_/X
 _1605_/X
 _1606_/Y
 _1607_/X
 _1608_/X
 _1609_/Y
 _1610_/Y
 _1611_/X
 _1612_/Y
 _1613_/X
 _1614_/Y
 _1615_/X
 _1616_/X
 _1617_/Y
 _1618_/X
 _1619_/X
 _1620_/Y
 _1621_/Y
 _1622_/Y
 _1623_/X
 _1624_/X
 _1625_/X
 _1626_/Y
 _1627_/Y
 _1628_/X
 _1629_/Y
 _1630_/X
 _1631_/X
 _1632_/Y
 _1633_/X
 _1634_/X
 _1635_/X
 _1636_/Y
 _1637_/X
 _1638_/X
 _1639_/Y
 _1640_/Y
 _1641_/X
 _1642_/Y
 _1643_/Y
 _1644_/X
 _1645_/Y
 _1646_/X
 _1647_/Y
 _1648_/X
 _1649_/X
 _1650_/Y
 _1651_/Y
 _1652_/Y
 _1653_/Y
 _1654_/X
 _1655_/X
 _1656_/Y
 _1657_/Y
 _1658_/X
 _1659_/Y
 _1660_/X
 _1661_/X
 _1662_/Y
 _1663_/X
 _1664_/X
 _1665_/X
 _1666_/Y
 _1667_/X
 _1668_/X
 _1669_/Y
 _1670_/Y
 _1671_/X
 _1672_/Y
 _1673_/Y
 _1674_/X
 _1675_/Y
 _1676_/X
 _1677_/Y
 _1678_/Y
 _1679_/X
 _1680_/Y
 _1681_/X
 _1682_/Y
 _1683_/X
 _1684_/X
 _1685_/X
 _1686_/X
 _1687_/X
 _1688_/X
 _1689_/Y
 _1690_/Y
 _1691_/X
 _1692_/Y
 _1693_/X
 _1694_/X
 _1695_/Y
 _1696_/X
 _1697_/X
 _1698_/X
 _1699_/Y
 _1700_/X
 _1701_/X
 _1702_/Y
 _1703_/Y
 _1704_/X
 _1705_/Y
 _1706_/Y
 _1707_/X
 _1708_/X
 _1709_/X
 _1710_/Y
 _1711_/X
 _1712_/Y
 _1713_/Y
 _1714_/X
 _1715_/X
 _1716_/X
 _1717_/X
 _1718_/X
 _1719_/Y
 _1720_/Y
 _1721_/X
 _1722_/Y
 _1723_/X
 _1724_/X
 _1725_/Y
 _1726_/X
 _1727_/X
 _1728_/X
 _1729_/Y
 _1730_/X
 _1731_/X
 _1732_/Y
 _1733_/Y
 _1734_/X
 _1735_/Y
 _1736_/Y
 _1737_/X
 _1738_/X
 _1739_/X
 _1740_/Y
 _1741_/X
 _1742_/X
 _1743_/Y
 _1744_/Y
 _1745_/Y
 _1746_/X
 _1747_/X
 _1748_/Y
 _1749_/X
 _1750_/Y
 _1751_/X
 _1752_/X
 _1753_/X
 _1754_/Y
 _1755_/Y
 _1756_/X
 _1757_/Y
 _1758_/X
 _1759_/X
 _1760_/Y
 _1761_/X
 _1762_/X
 _1763_/X
 _1764_/Y
 _1765_/X
 _1766_/X
 _1767_/Y
 _1768_/Y
 _1769_/X
 _1770_/Y
 _1771_/Y
 _1772_/X
 _1773_/X
 _1774_/X
 _1775_/Y
 _1776_/Y
 _1777_/X
 _1778_/Y
 _1779_/Y
 _1780_/X
 _1781_/X
 _1782_/X
 _1783_/Y
 _1784_/Y
 _1785_/X
 _1786_/Y
 _1787_/X
 _1788_/X
 _1789_/Y
 _1790_/X
 _1791_/X
 _1792_/X
 _1793_/Y
 _1794_/X
 _1795_/X
 _1796_/Y
 _1797_/Y
 _1798_/X
 _1799_/Y
 _1800_/Y
 _1801_/X
 _1802_/Y
 _1803_/X
 _1804_/X
 _1805_/Y
 _1806_/Y
 _1807_/Y
 _1808_/X
 _1809_/Y
 _1810_/Y
 _1811_/Y
 _1812_/Y
 _1813_/Y
 _1814_/X
 _1815_/X
 _1816_/X
 _1817_/X
 _1818_/Y
 _1819_/Y
 _1820_/X
 _1821_/Y
 _1822_/X
 _1823_/Y
 _1824_/Y
 _1825_/X
 _1826_/X
 _1827_/Y
 _1828_/X
 _1829_/X
 _1830_/Y
 _1831_/Y
 _1832_/X
 _1833_/Y
 _1834_/Y
 _1835_/Y
 _1836_/X
 _1837_/X
 _1838_/Y
 _1839_/X
 _1840_/Y
 _1841_/X
 _1842_/Y
 _1843_/X
 _1844_/X
 _1845_/Y
 _1846_/X
 _1847_/Y
 _1848_/X
 _1849_/X
 _1850_/Y
 _1851_/X
 _1852_/Y
 _1853_/Y
 _1854_/X
 _1855_/Y
 _1856_/Y
 _1857_/X
 _1858_/Y
 _1859_/Y
 _1860_/Y
 _1861_/X
 _1862_/Y
 _1863_/Y
 _1864_/Y
 _1865_/Y
 _1866_/Y
 _1867_/X
 _1868_/Y
 _1869_/Y
 _1870_/Y
 _1871_/X
 _1872_/Y
 _1873_/Y
 _1874_/Y
 _1875_/Y
 _1876_/Y
 _1877_/Y
 _1878_/X
 _1879_/X
 _1880_/X
 _1881_/Y
 _1882_/X
 _1883_/Y
 _1884_/Y
 _1885_/X
 _1886_/Y
 _1887_/Y
 _1888_/Y
 _1889_/X
 _1890_/X
 _1891_/Y
 _1892_/Y
 _1893_/Y
 _1894_/X
 _1895_/Y
 _1896_/Y
 _1897_/Y
 _1898_/X
 _1899_/Y
 _1900_/Y
 _1901_/Y
 _1902_/X
 _1903_/Y
 _1904_/Y
 _1905_/Y
 _1906_/X
 _1907_/X
 _1908_/Y
 _1909_/Y
 _1910_/Y
 _1911_/Y
 _1912_/X
 _1913_/X
 _1914_/Y
 _1915_/Y
 _1916_/Y
 _1917_/X
 _1918_/Y
 _1919_/Y
 _1920_/X
 _1921_/Y
 _1922_/Y
 _1923_/Y
 _1924_/X
 _1925_/Y
 _1926_/Y
 _1927_/X
 _1928_/X
 _1929_/Y
 _1930_/Y
 _1931_/Y
 _1932_/Y
 _1933_/Y
 _1934_/Y
 _1935_/X
 _1936_/X
 _1937_/Y
 _1938_/Y
 _1939_/X
 _1940_/Y
 _1941_/X
 _1942_/X
 _1943_/X
 _1944_/X
 _1945_/Y
 _1946_/Y
 _1947_/X
 _1948_/X
 _1949_/Y
 _1950_/Y
 _1951_/Y
 _1952_/X
 _1953_/X
 _1954_/Y
 _1955_/Y
 _1956_/Y
 _1957_/X
 _1958_/Y
 _1959_/Y
 _1960_/X
 _1961_/Y
 _1962_/Y
 _1963_/X
 _1964_/X
 _1965_/X
 _1966_/Y
 _1967_/Y
 _1968_/X
 _1969_/Y
 _1970_/X
 _1971_/X
 _1972_/X
 _1973_/Y
 _1974_/X
 _1975_/Y
 _1976_/X
 _1977_/Y
 _1978_/Y
 _1979_/X
 _1980_/Y
 _1981_/Y
 _1982_/Y
 _1983_/Y
 _1984_/X
 _1985_/X
 _1986_/Y
 _1987_/Y
 _1988_/X
 _1989_/Y
 _1990_/Y
 _1991_/Y
 _1992_/Y
 _1993_/X
 _1994_/X
 _1995_/Y
 _1996_/X
 _1997_/X
 _1998_/X
 _1999_/X
 _2000_/Y
 _2001_/Y
 _2002_/X
 _2003_/Y
 _2004_/X
 _2005_/Y
 _2006_/X
 _2007_/Y
 _2008_/X
 _2009_/X
 _2010_/X
 _2011_/X
 _2012_/Y
 _2013_/Y
 _2014_/X
 _2015_/Y
 _2016_/Y
 _2017_/X
 _2018_/Y
 _2019_/Y
 _2020_/Y
 _2021_/X
 _2022_/X
 _2023_/Y
 _2024_/Y
 _2025_/Y
 _2026_/X
 _2027_/Y
 _2028_/X
 _2029_/X
 _2030_/X
 _2031_/Y
 _2032_/Y
 _2033_/X
 _2034_/Y
 _2035_/Y
 _2036_/X
 _2037_/Y
 _2038_/Y
 _2039_/Y
 _2040_/Y
 _2041_/X
 _2042_/Y
 _2043_/Y
 _2044_/Y
 _2045_/X
 _2046_/X
 _2047_/Y
 _2048_/Y
 _2049_/X
 _2050_/Y
 _2051_/X
 _2052_/X
 _2053_/Y
 _2054_/X
 _2055_/X
 _2056_/X
 _2057_/X
 _2058_/Y
 _2059_/Y
 _2060_/X
 _2061_/Y
 _2062_/Y
 _2063_/X
 _2064_/Y
 _2065_/Y
 _2066_/Y
 _2067_/Y
 _2068_/X
 _2069_/X
 _2070_/X
 _2071_/X
 _2072_/Q
 _2073_/Q
 _2074_/Q
 _2075_/Q
 _2076_/Q
 _2077_/Q
 _2078_/Q
 _2079_/Q
 _2080_/Q
 _2081_/Q
 _2082_/Q
 _2083_/Q
 _2084_/Q
 _2085_/Q
 _2086_/Q
 _2087_/Q
 _2088_/Q
 _2089_/Q
 _2090_/Q
 _2091_/Q
 _2092_/Q
 _2093_/Q
 _2094_/Q
 _2095_/Q
 _2096_/Q
 _2097_/Q
 _2098_/Q
 _2099_/Q
 _2100_/Q
 _2101_/Q
 _2102_/Q
 _2103_/Q
 _2104_/Q
 _2105_/Q
 _2106_/Q
 _2107_/Q
 _2108_/Q
 _2109_/Q
 _2110_/Q
 _2111_/Q
 _2112_/Q
 _2113_/Q
 _2114_/Q
 _2115_/Q
 _2116_/Q
 _2117_/Q
 _2118_/Q
 _2119_/Q
 _2120_/Q
 _2121_/Q
 _2122_/X
Found 0 partially unannotated drivers.

===========================================================================
max slew violation count 137
max fanout violation count 25
max cap violation count 1
============================================================================

===========================================================================
check_setup -verbose -unconstrained_endpoints -multiple_clock -no_clock -no_input_delay -loops -generated_clocks
===========================================================================
