Clock: aclk
Sources: aclk 
Generated: no
Virtual: no
Propagated: no
Period: 20.000000

===========================================================================
report_clock_properties
============================================================================
Clock                   Period          Waveform
----------------------------------------------------
aclk                 20.000000    0.000000 10.000000

===========================================================================
report_clock_latency
============================================================================
Clock aclk
rise -> rise
    min     max
0.000000 0.000000 source latency
0.227687         network latency _2072_/CLK
        0.227687 network latency _2072_/CLK
---------------
0.227687 0.227687 latency
        0.000000 skew

fall -> fall
    min     max
0.000000 0.000000 source latency
0.096795         network latency _2072_/CLK
        0.096795 network latency _2072_/CLK
---------------
0.096795 0.096795 latency
        0.000000 skew



===========================================================================
report_clock_min_period
============================================================================
aclk period_min = 5.15 fmax = 194.15
