#! /usr/bin/vvp
:ivl_version "12.0 (stable)";
:ivl_delay_selection "TYPICAL";
:vpi_time_precision + 0;
:vpi_module "/usr/lib/x86_64-linux-gnu/ivl/system.vpi";
:vpi_module "/usr/lib/x86_64-linux-gnu/ivl/vhdl_sys.vpi";
:vpi_module "/usr/lib/x86_64-linux-gnu/ivl/vhdl_textio.vpi";
:vpi_module "/usr/lib/x86_64-linux-gnu/ivl/v2005_math.vpi";
:vpi_module "/usr/lib/x86_64-linux-gnu/ivl/va_math.vpi";
:vpi_module "/usr/lib/x86_64-linux-gnu/ivl/v2009.vpi";
S_0x64f7b2c66a90 .scope package, "$unit" "$unit" 2 1;
 .timescale 0 0;
S_0x64f7b2c722d0 .scope module, "crossbar_tb" "crossbar_tb" 3 1;
 .timescale 0 0;
v0x64f7b2c98a80_0 .var "clk", 0 0;
v0x64f7b2c98b40_0 .var/s "in0", 7 0;
v0x64f7b2c98c10_0 .var/s "in1", 7 0;
v0x64f7b2c98d10_0 .var/s "in2", 7 0;
v0x64f7b2c98de0_0 .var/s "in3", 7 0;
v0x64f7b2c98e80_0 .net/s "out0", 15 0, v0x64f7b2c97500_0;  1 drivers
v0x64f7b2c98f50_0 .net/s "out1", 15 0, v0x64f7b2c975e0_0;  1 drivers
v0x64f7b2c99020_0 .net/s "out2", 15 0, v0x64f7b2c976c0_0;  1 drivers
v0x64f7b2c990f0_0 .net/s "out3", 15 0, v0x64f7b2c977a0_0;  1 drivers
v0x64f7b2c991c0_0 .var "rst", 0 0;
v0x64f7b2c99290_0 .var/s "w00", 7 0;
v0x64f7b2c99360_0 .var/s "w01", 7 0;
v0x64f7b2c99430_0 .var/s "w02", 7 0;
v0x64f7b2c99500_0 .var/s "w03", 7 0;
v0x64f7b2c995d0_0 .var/s "w10", 7 0;
v0x64f7b2c996a0_0 .var/s "w11", 7 0;
v0x64f7b2c99770_0 .var/s "w12", 7 0;
v0x64f7b2c99840_0 .var/s "w13", 7 0;
v0x64f7b2c99910_0 .var/s "w20", 7 0;
v0x64f7b2c999e0_0 .var/s "w21", 7 0;
v0x64f7b2c99ab0_0 .var/s "w22", 7 0;
v0x64f7b2c99b80_0 .var/s "w23", 7 0;
v0x64f7b2c99c50_0 .var/s "w30", 7 0;
v0x64f7b2c99d20_0 .var/s "w31", 7 0;
v0x64f7b2c99df0_0 .var/s "w32", 7 0;
v0x64f7b2c99ec0_0 .var/s "w33", 7 0;
S_0x64f7b2c72460 .scope module, "dut" "crossbar_mac" 3 14, 4 1 0, S_0x64f7b2c722d0;
 .timescale 0 0;
    .port_info 0 /INPUT 1 "clk";
    .port_info 1 /INPUT 1 "rst";
    .port_info 2 /INPUT 8 "in0";
    .port_info 3 /INPUT 8 "in1";
    .port_info 4 /INPUT 8 "in2";
    .port_info 5 /INPUT 8 "in3";
    .port_info 6 /INPUT 8 "w00";
    .port_info 7 /INPUT 8 "w01";
    .port_info 8 /INPUT 8 "w02";
    .port_info 9 /INPUT 8 "w03";
    .port_info 10 /INPUT 8 "w10";
    .port_info 11 /INPUT 8 "w11";
    .port_info 12 /INPUT 8 "w12";
    .port_info 13 /INPUT 8 "w13";
    .port_info 14 /INPUT 8 "w20";
    .port_info 15 /INPUT 8 "w21";
    .port_info 16 /INPUT 8 "w22";
    .port_info 17 /INPUT 8 "w23";
    .port_info 18 /INPUT 8 "w30";
    .port_info 19 /INPUT 8 "w31";
    .port_info 20 /INPUT 8 "w32";
    .port_info 21 /INPUT 8 "w33";
    .port_info 22 /OUTPUT 16 "out0";
    .port_info 23 /OUTPUT 16 "out1";
    .port_info 24 /OUTPUT 16 "out2";
    .port_info 25 /OUTPUT 16 "out3";
v0x64f7b2c31730_0 .net "clk", 0 0, v0x64f7b2c98a80_0;  1 drivers
v0x64f7b2c97150_0 .net/s "in0", 7 0, v0x64f7b2c98b40_0;  1 drivers
v0x64f7b2c97230_0 .net/s "in1", 7 0, v0x64f7b2c98c10_0;  1 drivers
v0x64f7b2c972f0_0 .net/s "in2", 7 0, v0x64f7b2c98d10_0;  1 drivers
v0x64f7b2c973d0_0 .net/s "in3", 7 0, v0x64f7b2c98de0_0;  1 drivers
v0x64f7b2c97500_0 .var/s "out0", 15 0;
v0x64f7b2c975e0_0 .var/s "out1", 15 0;
v0x64f7b2c976c0_0 .var/s "out2", 15 0;
v0x64f7b2c977a0_0 .var/s "out3", 15 0;
v0x64f7b2c97880_0 .net "rst", 0 0, v0x64f7b2c991c0_0;  1 drivers
v0x64f7b2c97940_0 .net/s "w00", 7 0, v0x64f7b2c99290_0;  1 drivers
v0x64f7b2c97a20_0 .net/s "w01", 7 0, v0x64f7b2c99360_0;  1 drivers
v0x64f7b2c97b00_0 .net/s "w02", 7 0, v0x64f7b2c99430_0;  1 drivers
v0x64f7b2c97be0_0 .net/s "w03", 7 0, v0x64f7b2c99500_0;  1 drivers
v0x64f7b2c97cc0_0 .net/s "w10", 7 0, v0x64f7b2c995d0_0;  1 drivers
v0x64f7b2c97da0_0 .net/s "w11", 7 0, v0x64f7b2c996a0_0;  1 drivers
v0x64f7b2c97e80_0 .net/s "w12", 7 0, v0x64f7b2c99770_0;  1 drivers
v0x64f7b2c97f60_0 .net/s "w13", 7 0, v0x64f7b2c99840_0;  1 drivers
v0x64f7b2c98040_0 .net/s "w20", 7 0, v0x64f7b2c99910_0;  1 drivers
v0x64f7b2c98120_0 .net/s "w21", 7 0, v0x64f7b2c999e0_0;  1 drivers
v0x64f7b2c98200_0 .net/s "w22", 7 0, v0x64f7b2c99ab0_0;  1 drivers
v0x64f7b2c982e0_0 .net/s "w23", 7 0, v0x64f7b2c99b80_0;  1 drivers
v0x64f7b2c983c0_0 .net/s "w30", 7 0, v0x64f7b2c99c50_0;  1 drivers
v0x64f7b2c984a0_0 .net/s "w31", 7 0, v0x64f7b2c99d20_0;  1 drivers
v0x64f7b2c98580_0 .net/s "w32", 7 0, v0x64f7b2c99df0_0;  1 drivers
v0x64f7b2c98660_0 .net/s "w33", 7 0, v0x64f7b2c99ec0_0;  1 drivers
E_0x64f7b2c6dc70 .event posedge, v0x64f7b2c97880_0, v0x64f7b2c31730_0;
    .scope S_0x64f7b2c72460;
T_0 ;
    %wait E_0x64f7b2c6dc70;
    %load/vec4 v0x64f7b2c97880_0;
    %flag_set/vec4 8;
    %jmp/0xz  T_0.0, 8;
    %pushi/vec4 0, 0, 16;
    %assign/vec4 v0x64f7b2c97500_0, 0;
    %pushi/vec4 0, 0, 16;
    %assign/vec4 v0x64f7b2c975e0_0, 0;
    %pushi/vec4 0, 0, 16;
    %assign/vec4 v0x64f7b2c976c0_0, 0;
    %pushi/vec4 0, 0, 16;
    %assign/vec4 v0x64f7b2c977a0_0, 0;
    %jmp T_0.1;
T_0.0 ;
    %load/vec4 v0x64f7b2c97150_0;
    %pad/s 16;
    %load/vec4 v0x64f7b2c97940_0;
    %pad/s 16;
    %mul;
    %load/vec4 v0x64f7b2c97230_0;
    %pad/s 16;
    %load/vec4 v0x64f7b2c97cc0_0;
    %pad/s 16;
    %mul;
    %add;
    %load/vec4 v0x64f7b2c972f0_0;
    %pad/s 16;
    %load/vec4 v0x64f7b2c98040_0;
    %pad/s 16;
    %mul;
    %add;
    %load/vec4 v0x64f7b2c973d0_0;
    %pad/s 16;
    %load/vec4 v0x64f7b2c983c0_0;
    %pad/s 16;
    %mul;
    %add;
    %assign/vec4 v0x64f7b2c97500_0, 0;
    %load/vec4 v0x64f7b2c97150_0;
    %pad/s 16;
    %load/vec4 v0x64f7b2c97a20_0;
    %pad/s 16;
    %mul;
    %load/vec4 v0x64f7b2c97230_0;
    %pad/s 16;
    %load/vec4 v0x64f7b2c97da0_0;
    %pad/s 16;
    %mul;
    %add;
    %load/vec4 v0x64f7b2c972f0_0;
    %pad/s 16;
    %load/vec4 v0x64f7b2c98120_0;
    %pad/s 16;
    %mul;
    %add;
    %load/vec4 v0x64f7b2c973d0_0;
    %pad/s 16;
    %load/vec4 v0x64f7b2c984a0_0;
    %pad/s 16;
    %mul;
    %add;
    %assign/vec4 v0x64f7b2c975e0_0, 0;
    %load/vec4 v0x64f7b2c97150_0;
    %pad/s 16;
    %load/vec4 v0x64f7b2c97b00_0;
    %pad/s 16;
    %mul;
    %load/vec4 v0x64f7b2c97230_0;
    %pad/s 16;
    %load/vec4 v0x64f7b2c97e80_0;
    %pad/s 16;
    %mul;
    %add;
    %load/vec4 v0x64f7b2c972f0_0;
    %pad/s 16;
    %load/vec4 v0x64f7b2c98200_0;
    %pad/s 16;
    %mul;
    %add;
    %load/vec4 v0x64f7b2c973d0_0;
    %pad/s 16;
    %load/vec4 v0x64f7b2c98580_0;
    %pad/s 16;
    %mul;
    %add;
    %assign/vec4 v0x64f7b2c976c0_0, 0;
    %load/vec4 v0x64f7b2c97150_0;
    %pad/s 16;
    %load/vec4 v0x64f7b2c97be0_0;
    %pad/s 16;
    %mul;
    %load/vec4 v0x64f7b2c97230_0;
    %pad/s 16;
    %load/vec4 v0x64f7b2c97f60_0;
    %pad/s 16;
    %mul;
    %add;
    %load/vec4 v0x64f7b2c972f0_0;
    %pad/s 16;
    %load/vec4 v0x64f7b2c982e0_0;
    %pad/s 16;
    %mul;
    %add;
    %load/vec4 v0x64f7b2c973d0_0;
    %pad/s 16;
    %load/vec4 v0x64f7b2c98660_0;
    %pad/s 16;
    %mul;
    %add;
    %assign/vec4 v0x64f7b2c977a0_0, 0;
T_0.1 ;
    %jmp T_0;
    .thread T_0;
    .scope S_0x64f7b2c722d0;
T_1 ;
    %pushi/vec4 0, 0, 1;
    %store/vec4 v0x64f7b2c98a80_0, 0, 1;
T_1.0 ;
    %delay 5, 0;
    %load/vec4 v0x64f7b2c98a80_0;
    %inv;
    %store/vec4 v0x64f7b2c98a80_0, 0, 1;
    %jmp T_1.0;
    %end;
    .thread T_1;
    .scope S_0x64f7b2c722d0;
T_2 ;
    %pushi/vec4 1, 0, 1;
    %store/vec4 v0x64f7b2c991c0_0, 0, 1;
    %pushi/vec4 1, 0, 8;
    %store/vec4 v0x64f7b2c99290_0, 0, 8;
    %pushi/vec4 255, 0, 8;
    %store/vec4 v0x64f7b2c99360_0, 0, 8;
    %pushi/vec4 1, 0, 8;
    %store/vec4 v0x64f7b2c99430_0, 0, 8;
    %pushi/vec4 255, 0, 8;
    %store/vec4 v0x64f7b2c99500_0, 0, 8;
    %pushi/vec4 1, 0, 8;
    %store/vec4 v0x64f7b2c995d0_0, 0, 8;
    %pushi/vec4 1, 0, 8;
    %store/vec4 v0x64f7b2c996a0_0, 0, 8;
    %pushi/vec4 255, 0, 8;
    %store/vec4 v0x64f7b2c99770_0, 0, 8;
    %pushi/vec4 255, 0, 8;
    %store/vec4 v0x64f7b2c99840_0, 0, 8;
    %pushi/vec4 255, 0, 8;
    %store/vec4 v0x64f7b2c99910_0, 0, 8;
    %pushi/vec4 1, 0, 8;
    %store/vec4 v0x64f7b2c999e0_0, 0, 8;
    %pushi/vec4 1, 0, 8;
    %store/vec4 v0x64f7b2c99ab0_0, 0, 8;
    %pushi/vec4 255, 0, 8;
    %store/vec4 v0x64f7b2c99b80_0, 0, 8;
    %pushi/vec4 255, 0, 8;
    %store/vec4 v0x64f7b2c99c50_0, 0, 8;
    %pushi/vec4 255, 0, 8;
    %store/vec4 v0x64f7b2c99d20_0, 0, 8;
    %pushi/vec4 255, 0, 8;
    %store/vec4 v0x64f7b2c99df0_0, 0, 8;
    %pushi/vec4 1, 0, 8;
    %store/vec4 v0x64f7b2c99ec0_0, 0, 8;
    %pushi/vec4 10, 0, 8;
    %store/vec4 v0x64f7b2c98b40_0, 0, 8;
    %pushi/vec4 20, 0, 8;
    %store/vec4 v0x64f7b2c98c10_0, 0, 8;
    %pushi/vec4 30, 0, 8;
    %store/vec4 v0x64f7b2c98d10_0, 0, 8;
    %pushi/vec4 40, 0, 8;
    %store/vec4 v0x64f7b2c98de0_0, 0, 8;
    %delay 12, 0;
    %pushi/vec4 0, 0, 1;
    %store/vec4 v0x64f7b2c991c0_0, 0, 1;
    %delay 30, 0;
    %vpi_call/w 3 40 "$display", "-------------------------------------------------" {0 0 0};
    %vpi_call/w 3 41 "$display", " Crossbar MAC Simulation Results" {0 0 0};
    %vpi_call/w 3 42 "$display", "-------------------------------------------------" {0 0 0};
    %vpi_call/w 3 43 "$display", "Expected : out[0]=-40, out[1]=  0, out[2]=-20, out[3]=-20" {0 0 0};
    %vpi_call/w 3 44 "$display", "Actual   : out[0]=%3d, out[1]=%3d, out[2]=%3d, out[3]=%3d", v0x64f7b2c98e80_0, v0x64f7b2c98f50_0, v0x64f7b2c99020_0, v0x64f7b2c990f0_0 {0 0 0};
    %load/vec4 v0x64f7b2c98e80_0;
    %pad/s 32;
    %cmpi/e 4294967256, 0, 32;
    %flag_get/vec4 4;
    %jmp/0 T_2.4, 4;
    %load/vec4 v0x64f7b2c98f50_0;
    %pad/s 32;
    %pushi/vec4 0, 0, 32;
    %cmp/e;
    %flag_get/vec4 4;
    %and;
T_2.4;
    %flag_set/vec4 10;
    %flag_get/vec4 10;
    %jmp/0 T_2.3, 10;
    %load/vec4 v0x64f7b2c99020_0;
    %pad/s 32;
    %pushi/vec4 4294967276, 0, 32;
    %cmp/e;
    %flag_get/vec4 4;
    %and;
T_2.3;
    %flag_set/vec4 9;
    %flag_get/vec4 9;
    %jmp/0 T_2.2, 9;
    %load/vec4 v0x64f7b2c990f0_0;
    %pad/s 32;
    %pushi/vec4 4294967276, 0, 32;
    %cmp/e;
    %flag_get/vec4 4;
    %and;
T_2.2;
    %flag_set/vec4 8;
    %jmp/0xz  T_2.0, 8;
    %vpi_call/w 3 48 "$display", "STATUS   : PASS" {0 0 0};
    %jmp T_2.1;
T_2.0 ;
    %vpi_call/w 3 50 "$display", "STATUS   : FAIL" {0 0 0};
T_2.1 ;
    %vpi_call/w 3 51 "$display", "-------------------------------------------------" {0 0 0};
    %vpi_call/w 3 53 "$finish" {0 0 0};
    %end;
    .thread T_2;
# The file index is used to find the file name in the following table.
:file_names 5;
    "N/A";
    "<interactive>";
    "-";
    "crossbar_tb.sv";
    "crossbar_mac.sv";
