
 /----------------------------------------------------------------------------\
 |  yosys -- Yosys Open SYnthesis Suite                                       |
 |  Copyright (C) 2012 - 2024  Claire Xenia Wolf <claire@yosyshq.com>         |
 |  Distributed under an ISC-like license, type "license" to see terms        |
 \----------------------------------------------------------------------------/
 Yosys 0.46 (git sha1 e97731b9dda91fa5fa53ed87df7c34163ba59a41, clang++ 17.0.6 -fPIC -O3)
Loaded SDC plugin

1. Executing Liberty frontend: /home/default/.volare/volare/sky130/versions/0fe599b2afb6708d281543108caf8310912f54af/sky130A/libs.ref/sky130_fd_sc_hd/lib/sky130_fd_sc_hd__tt_025C_1v80.lib
Imported 428 cell types from liberty file.
[INFO] Using SDC file '/mnt/c/Users/Default.DESKTOP-A45I1O9/akularanjith-akularanjith--ECE510-2026-SPRING/project/m3/synth/runs/RUN_2026-05-23_20-02-24/06-yosys-synthesis/synthesis.abc.sdc' for ABC…

2. Executing Verilog-2005 frontend: /mnt/c/Users/Default.DESKTOP-A45I1O9/akularanjith-akularanjith--ECE510-2026-SPRING/project/m2/rtl/compute_core.sv
Parsing SystemVerilog input from `/mnt/c/Users/Default.DESKTOP-A45I1O9/akularanjith-akularanjith--ECE510-2026-SPRING/project/m2/rtl/compute_core.sv' to AST representation.
Storing AST representation for module `$abstract\compute_core'.
Successfully finished Verilog frontend.

3. Executing Verilog-2005 frontend: /mnt/c/Users/Default.DESKTOP-A45I1O9/akularanjith-akularanjith--ECE510-2026-SPRING/project/m2/rtl/interface.sv
Parsing SystemVerilog input from `/mnt/c/Users/Default.DESKTOP-A45I1O9/akularanjith-akularanjith--ECE510-2026-SPRING/project/m2/rtl/interface.sv' to AST representation.
Storing AST representation for module `$abstract\axis_interface'.
Successfully finished Verilog frontend.

4. Executing Verilog-2005 frontend: /mnt/c/Users/Default.DESKTOP-A45I1O9/akularanjith-akularanjith--ECE510-2026-SPRING/project/m3/rtl/top.sv
Parsing SystemVerilog input from `/mnt/c/Users/Default.DESKTOP-A45I1O9/akularanjith-akularanjith--ECE510-2026-SPRING/project/m3/rtl/top.sv' to AST representation.
Storing AST representation for module `$abstract\top'.
Successfully finished Verilog frontend.

5. Executing HIERARCHY pass (managing design hierarchy).

6. Executing AST frontend in derive mode using pre-parsed AST for module `\top'.
Generating RTLIL representation for module `\top'.

6.1. Analyzing design hierarchy..
Top module:  \top

6.2. Executing AST frontend in derive mode using pre-parsed AST for module `\axis_interface'.
Generating RTLIL representation for module `\axis_interface'.

6.3. Analyzing design hierarchy..
Top module:  \top
Used module:     \axis_interface
Parameter \DATA_WIDTH = 8
Parameter \ACC_WIDTH = 32

6.4. Executing AST frontend in derive mode using pre-parsed AST for module `\compute_core'.
Parameter \DATA_WIDTH = 8
Parameter \ACC_WIDTH = 32
Generating RTLIL representation for module `$paramod$8392c0aee371eac30cfcd917af9a6c37ac869d3e\compute_core'.

6.5. Analyzing design hierarchy..
Top module:  \top
Used module:     \axis_interface
Used module:         $paramod$8392c0aee371eac30cfcd917af9a6c37ac869d3e\compute_core

6.6. Analyzing design hierarchy..
Top module:  \top
Used module:     \axis_interface
Used module:         $paramod$8392c0aee371eac30cfcd917af9a6c37ac869d3e\compute_core
Removing unused module `$abstract\top'.
Removing unused module `$abstract\axis_interface'.
Removing unused module `$abstract\compute_core'.
Removed 3 unused modules.
Renaming module top to top.

7. Generating Graphviz representation of design.
Writing dot description to `/mnt/c/Users/Default.DESKTOP-A45I1O9/akularanjith-akularanjith--ECE510-2026-SPRING/project/m3/synth/runs/RUN_2026-05-23_20-02-24/06-yosys-synthesis/hierarchy.dot'.
Dumping module top to page 1.

8. Executing TRIBUF pass.

9. Executing HIERARCHY pass (managing design hierarchy).

9.1. Analyzing design hierarchy..
Top module:  \top
Used module:     \axis_interface
Used module:         $paramod$8392c0aee371eac30cfcd917af9a6c37ac869d3e\compute_core

9.2. Analyzing design hierarchy..
Top module:  \top
Used module:     \axis_interface
Used module:         $paramod$8392c0aee371eac30cfcd917af9a6c37ac869d3e\compute_core
Removed 0 unused modules.

10. Executing PROC_CLEAN pass (remove empty switches from decision trees).
Cleaned up 0 empty switches.

11. Executing PROC_RMDEAD pass (remove dead branches from decision trees).
Marked 1 switch rules as full_case in process $proc$/mnt/c/Users/Default.DESKTOP-A45I1O9/akularanjith-akularanjith--ECE510-2026-SPRING/project/m2/rtl/interface.sv:34$3 in module axis_interface.
Marked 1 switch rules as full_case in process $proc$/mnt/c/Users/Default.DESKTOP-A45I1O9/akularanjith-akularanjith--ECE510-2026-SPRING/project/m2/rtl/compute_core.sv:34$5 in module $paramod$8392c0aee371eac30cfcd917af9a6c37ac869d3e\compute_core.
Removed a total of 0 dead cases.

12. Executing PROC_PRUNE pass (remove redundant assignments in processes).
Removed 0 redundant assignments.
Promoted 0 assignments to connections.

13. Executing PROC_INIT pass (extract init attributes).

14. Executing PROC_ARST pass (detect async resets in processes).

15. Executing PROC_ROM pass (convert switches to ROMs).
Converted 0 switches.
<suppressed ~4 debug messages>

16. Executing PROC_MUX pass (convert decision trees to multiplexers).
Creating decoders for process `\axis_interface.$proc$/mnt/c/Users/Default.DESKTOP-A45I1O9/akularanjith-akularanjith--ECE510-2026-SPRING/project/m2/rtl/interface.sv:34$3'.
     1/2: $0\last_pipe[1:0]
     2/2: $0\valid_pipe[1:0]
Creating decoders for process `$paramod$8392c0aee371eac30cfcd917af9a6c37ac869d3e\compute_core.$proc$/mnt/c/Users/Default.DESKTOP-A45I1O9/akularanjith-akularanjith--ECE510-2026-SPRING/project/m2/rtl/compute_core.sv:34$5'.
     1/2: $0\product[15:0]
     2/2: $0\acc_out[31:0]

17. Executing PROC_DLATCH pass (convert process syncs to latches).

18. Executing PROC_DFF pass (convert process syncs to FFs).
Creating register for signal `\axis_interface.\valid_pipe' using process `\axis_interface.$proc$/mnt/c/Users/Default.DESKTOP-A45I1O9/akularanjith-akularanjith--ECE510-2026-SPRING/project/m2/rtl/interface.sv:34$3'.
  created $dff cell `$procdff$28' with positive edge clock.
Creating register for signal `\axis_interface.\last_pipe' using process `\axis_interface.$proc$/mnt/c/Users/Default.DESKTOP-A45I1O9/akularanjith-akularanjith--ECE510-2026-SPRING/project/m2/rtl/interface.sv:34$3'.
  created $dff cell `$procdff$29' with positive edge clock.
Creating register for signal `$paramod$8392c0aee371eac30cfcd917af9a6c37ac869d3e\compute_core.\acc_out' using process `$paramod$8392c0aee371eac30cfcd917af9a6c37ac869d3e\compute_core.$proc$/mnt/c/Users/Default.DESKTOP-A45I1O9/akularanjith-akularanjith--ECE510-2026-SPRING/project/m2/rtl/compute_core.sv:34$5'.
  created $dff cell `$procdff$30' with positive edge clock.
Creating register for signal `$paramod$8392c0aee371eac30cfcd917af9a6c37ac869d3e\compute_core.\product' using process `$paramod$8392c0aee371eac30cfcd917af9a6c37ac869d3e\compute_core.$proc$/mnt/c/Users/Default.DESKTOP-A45I1O9/akularanjith-akularanjith--ECE510-2026-SPRING/project/m2/rtl/compute_core.sv:34$5'.
  created $dff cell `$procdff$31' with positive edge clock.

19. Executing PROC_MEMWR pass (convert process memory writes to cells).

20. Executing PROC_CLEAN pass (remove empty switches from decision trees).
Found and cleaned up 2 empty switches in `\axis_interface.$proc$/mnt/c/Users/Default.DESKTOP-A45I1O9/akularanjith-akularanjith--ECE510-2026-SPRING/project/m2/rtl/interface.sv:34$3'.
Removing empty process `axis_interface.$proc$/mnt/c/Users/Default.DESKTOP-A45I1O9/akularanjith-akularanjith--ECE510-2026-SPRING/project/m2/rtl/interface.sv:34$3'.
Found and cleaned up 2 empty switches in `$paramod$8392c0aee371eac30cfcd917af9a6c37ac869d3e\compute_core.$proc$/mnt/c/Users/Default.DESKTOP-A45I1O9/akularanjith-akularanjith--ECE510-2026-SPRING/project/m2/rtl/compute_core.sv:34$5'.
Removing empty process `$paramod$8392c0aee371eac30cfcd917af9a6c37ac869d3e\compute_core.$proc$/mnt/c/Users/Default.DESKTOP-A45I1O9/akularanjith-akularanjith--ECE510-2026-SPRING/project/m2/rtl/compute_core.sv:34$5'.
Cleaned up 4 empty switches.

21. Executing CHECK pass (checking for obvious problems).
Checking module top...
Checking module axis_interface...
Checking module $paramod$8392c0aee371eac30cfcd917af9a6c37ac869d3e\compute_core...
Found and reported 0 problems.

22. Executing OPT_EXPR pass (perform const folding).
Optimizing module top.
Optimizing module axis_interface.
<suppressed ~2 debug messages>
Optimizing module $paramod$8392c0aee371eac30cfcd917af9a6c37ac869d3e\compute_core.

23. Executing FLATTEN pass (flatten design).
Deleting now unused module axis_interface.
Deleting now unused module $paramod$8392c0aee371eac30cfcd917af9a6c37ac869d3e\compute_core.
<suppressed ~2 debug messages>

24. Executing OPT_EXPR pass (perform const folding).
Optimizing module top.
<suppressed ~2 debug messages>

25. Executing OPT_CLEAN pass (remove unused cells and wires).
Finding unused cells or wires in module \top..
Removed 2 unused cells and 16 unused wires.
<suppressed ~4 debug messages>

26. Executing OPT_EXPR pass (perform const folding).
Optimizing module top.

27. Executing OPT_MERGE pass (detect identical cells).
Finding identical cells in module `\top'.
Removed a total of 0 cells.

28. Executing OPT_MUXTREE pass (detect dead branches in mux trees).
Running muxtree optimizer on module \top..
  Creating internal representation of mux trees.
  Evaluating internal representation of mux trees.
  Analyzing evaluation results.
Removed 0 multiplexer ports.
<suppressed ~4 debug messages>

29. Executing OPT_REDUCE pass (consolidate $*mux and $reduce_* inputs).
  Optimizing cells in module \top.
Performed a total of 0 changes.

30. Executing OPT_MERGE pass (detect identical cells).
Finding identical cells in module `\top'.
Removed a total of 0 cells.

31. Executing OPT_DFF pass (perform DFF optimizations).

32. Executing OPT_CLEAN pass (remove unused cells and wires).
Finding unused cells or wires in module \top..

33. Executing OPT_EXPR pass (perform const folding).
Optimizing module top.

34. Executing FSM pass (extract and optimize FSM).

34.1. Executing FSM_DETECT pass (finding FSMs in design).

34.2. Executing FSM_EXTRACT pass (extracting FSM from design).

34.3. Executing FSM_OPT pass (simple optimizations of FSMs).

34.4. Executing OPT_CLEAN pass (remove unused cells and wires).
Finding unused cells or wires in module \top..

34.5. Executing FSM_OPT pass (simple optimizations of FSMs).

34.6. Executing FSM_RECODE pass (re-assigning FSM state encoding).

34.7. Executing FSM_INFO pass (dumping all available information on FSM cells).

34.8. Executing FSM_MAP pass (mapping FSMs to basic logic).

35. Executing OPT_EXPR pass (perform const folding).
Optimizing module top.

36. Executing OPT_MERGE pass (detect identical cells).
Finding identical cells in module `\top'.
Removed a total of 0 cells.

37. Executing OPT_MUXTREE pass (detect dead branches in mux trees).
Running muxtree optimizer on module \top..
  Creating internal representation of mux trees.
  Evaluating internal representation of mux trees.
  Analyzing evaluation results.
Removed 0 multiplexer ports.
<suppressed ~4 debug messages>

38. Executing OPT_REDUCE pass (consolidate $*mux and $reduce_* inputs).
  Optimizing cells in module \top.
Performed a total of 0 changes.

39. Executing OPT_MERGE pass (detect identical cells).
Finding identical cells in module `\top'.
Removed a total of 0 cells.

40. Executing OPT_DFF pass (perform DFF optimizations).
Adding SRST signal on $flatten\cnn_mac_wrapper.\core_inst.$procdff$31 ($dff) from module top (D = $flatten\cnn_mac_wrapper.\core_inst.$procmux$18_Y, Q = \cnn_mac_wrapper.core_inst.product, rval = 16'0000000000000000).
Adding EN signal on $auto$ff.cc:266:slice$34 ($sdff) from module top (D = $flatten\cnn_mac_wrapper.\core_inst.$mul$/mnt/c/Users/Default.DESKTOP-A45I1O9/akularanjith-akularanjith--ECE510-2026-SPRING/project/m2/rtl/compute_core.sv:40$6_Y, Q = \cnn_mac_wrapper.core_inst.product).
Adding SRST signal on $flatten\cnn_mac_wrapper.\core_inst.$procdff$30 ($dff) from module top (D = $flatten\cnn_mac_wrapper.\core_inst.$procmux$23_Y, Q = \cnn_mac_wrapper.core_inst.acc_out, rval = 0).
Adding EN signal on $auto$ff.cc:266:slice$36 ($sdff) from module top (D = $flatten\cnn_mac_wrapper.\core_inst.$add$/mnt/c/Users/Default.DESKTOP-A45I1O9/akularanjith-akularanjith--ECE510-2026-SPRING/project/m2/rtl/compute_core.sv:42$7_Y, Q = \cnn_mac_wrapper.core_inst.acc_out).
Adding SRST signal on $flatten\cnn_mac_wrapper.$procdff$29 ($dff) from module top (D = $flatten\cnn_mac_wrapper.$procmux$8_Y, Q = \cnn_mac_wrapper.last_pipe, rval = 2'00).
Adding EN signal on $auto$ff.cc:266:slice$38 ($sdff) from module top (D = { \cnn_mac_wrapper.last_pipe [0] \s_axis_tlast }, Q = \cnn_mac_wrapper.last_pipe).
Adding SRST signal on $flatten\cnn_mac_wrapper.$procdff$28 ($dff) from module top (D = $flatten\cnn_mac_wrapper.$procmux$13_Y, Q = \cnn_mac_wrapper.valid_pipe, rval = 2'00).
Adding EN signal on $auto$ff.cc:266:slice$40 ($sdff) from module top (D = { \cnn_mac_wrapper.valid_pipe [0] \s_axis_tvalid }, Q = \cnn_mac_wrapper.valid_pipe).

41. Executing OPT_CLEAN pass (remove unused cells and wires).
Finding unused cells or wires in module \top..
Removed 8 unused cells and 8 unused wires.
<suppressed ~9 debug messages>

42. Executing OPT_EXPR pass (perform const folding).
Optimizing module top.

43. Rerunning OPT passes. (Maybe there is more to do…)

44. Executing OPT_MUXTREE pass (detect dead branches in mux trees).
Running muxtree optimizer on module \top..
  Creating internal representation of mux trees.
  No muxes found in this module.
Removed 0 multiplexer ports.

45. Executing OPT_REDUCE pass (consolidate $*mux and $reduce_* inputs).
  Optimizing cells in module \top.
Performed a total of 0 changes.

46. Executing OPT_MERGE pass (detect identical cells).
Finding identical cells in module `\top'.
Removed a total of 0 cells.

47. Executing OPT_DFF pass (perform DFF optimizations).

48. Executing OPT_CLEAN pass (remove unused cells and wires).
Finding unused cells or wires in module \top..

49. Executing OPT_EXPR pass (perform const folding).
Optimizing module top.

50. Executing WREDUCE pass (reducing word size of cells).

51. Executing PEEPOPT pass (run peephole optimizers).

52. Executing OPT_CLEAN pass (remove unused cells and wires).
Finding unused cells or wires in module \top..

53. Executing ALUMACC pass (create $alu and $macc cells).
Extracting $alu and $macc cells in module top:
  creating $macc model for $flatten\cnn_mac_wrapper.\core_inst.$add$/mnt/c/Users/Default.DESKTOP-A45I1O9/akularanjith-akularanjith--ECE510-2026-SPRING/project/m2/rtl/compute_core.sv:42$7 ($add).
  creating $macc model for $flatten\cnn_mac_wrapper.\core_inst.$mul$/mnt/c/Users/Default.DESKTOP-A45I1O9/akularanjith-akularanjith--ECE510-2026-SPRING/project/m2/rtl/compute_core.sv:40$6 ($mul).
  creating $alu model for $macc $flatten\cnn_mac_wrapper.\core_inst.$add$/mnt/c/Users/Default.DESKTOP-A45I1O9/akularanjith-akularanjith--ECE510-2026-SPRING/project/m2/rtl/compute_core.sv:42$7.
  creating $macc cell for $flatten\cnn_mac_wrapper.\core_inst.$mul$/mnt/c/Users/Default.DESKTOP-A45I1O9/akularanjith-akularanjith--ECE510-2026-SPRING/project/m2/rtl/compute_core.sv:40$6: $auto$alumacc.cc:365:replace_macc$42
  creating $alu cell for $flatten\cnn_mac_wrapper.\core_inst.$add$/mnt/c/Users/Default.DESKTOP-A45I1O9/akularanjith-akularanjith--ECE510-2026-SPRING/project/m2/rtl/compute_core.sv:42$7: $auto$alumacc.cc:485:replace_alu$43
  created 1 $alu and 1 $macc cells.

54. Executing SHARE pass (SAT-based resource sharing).

55. Executing OPT_EXPR pass (perform const folding).
Optimizing module top.

56. Executing OPT_MERGE pass (detect identical cells).
Finding identical cells in module `\top'.
Removed a total of 0 cells.

57. Executing OPT_MUXTREE pass (detect dead branches in mux trees).
Running muxtree optimizer on module \top..
  Creating internal representation of mux trees.
  No muxes found in this module.
Removed 0 multiplexer ports.

58. Executing OPT_REDUCE pass (consolidate $*mux and $reduce_* inputs).
  Optimizing cells in module \top.
Performed a total of 0 changes.

59. Executing OPT_MERGE pass (detect identical cells).
Finding identical cells in module `\top'.
Removed a total of 0 cells.

60. Executing OPT_DFF pass (perform DFF optimizations).

61. Executing OPT_CLEAN pass (remove unused cells and wires).
Finding unused cells or wires in module \top..

62. Executing OPT_EXPR pass (perform const folding).
Optimizing module top.

63. Executing MEMORY pass.

63.1. Executing OPT_MEM pass (optimize memories).
Performed a total of 0 transformations.

63.2. Executing OPT_MEM_PRIORITY pass (removing unnecessary memory write priority relations).
Performed a total of 0 transformations.

63.3. Executing OPT_MEM_FEEDBACK pass (finding memory read-to-write feedback paths).

63.4. Executing MEMORY_BMUX2ROM pass (converting muxes to ROMs).

63.5. Executing MEMORY_DFF pass (merging $dff cells to $memrd).

63.6. Executing OPT_CLEAN pass (remove unused cells and wires).
Finding unused cells or wires in module \top..

63.7. Executing MEMORY_SHARE pass (consolidating $memrd/$memwr cells).

63.8. Executing OPT_MEM_WIDEN pass (optimize memories where all ports are wide).
Performed a total of 0 transformations.

63.9. Executing OPT_CLEAN pass (remove unused cells and wires).
Finding unused cells or wires in module \top..

63.10. Executing MEMORY_COLLECT pass (generating $mem cells).

64. Executing OPT_CLEAN pass (remove unused cells and wires).
Finding unused cells or wires in module \top..

65. Executing OPT_EXPR pass (perform const folding).
Optimizing module top.

66. Executing OPT_MERGE pass (detect identical cells).
Finding identical cells in module `\top'.
Removed a total of 0 cells.

67. Executing OPT_DFF pass (perform DFF optimizations).

68. Executing OPT_CLEAN pass (remove unused cells and wires).
Finding unused cells or wires in module \top..

69. Executing MEMORY_MAP pass (converting memories to logic and flip-flops).

70. Executing OPT_EXPR pass (perform const folding).
Optimizing module top.

71. Executing OPT_MERGE pass (detect identical cells).
Finding identical cells in module `\top'.
Removed a total of 0 cells.

72. Executing OPT_MUXTREE pass (detect dead branches in mux trees).
Running muxtree optimizer on module \top..
  Creating internal representation of mux trees.
  No muxes found in this module.
Removed 0 multiplexer ports.

73. Executing OPT_REDUCE pass (consolidate $*mux and $reduce_* inputs).
  Optimizing cells in module \top.
Performed a total of 0 changes.

74. Executing OPT_MERGE pass (detect identical cells).
Finding identical cells in module `\top'.
Removed a total of 0 cells.

75. Executing OPT_SHARE pass.

76. Executing OPT_DFF pass (perform DFF optimizations).

77. Executing OPT_CLEAN pass (remove unused cells and wires).
Finding unused cells or wires in module \top..

78. Executing OPT_EXPR pass (perform const folding).
Optimizing module top.

79. Executing TECHMAP pass (map to technology primitives).

79.1. Executing Verilog-2005 frontend: /nix/store/9r0bh7sp051dpm8km8bqlb028anpd3v3-yosys/bin/../share/yosys/techmap.v
Parsing Verilog input from `/nix/store/9r0bh7sp051dpm8km8bqlb028anpd3v3-yosys/bin/../share/yosys/techmap.v' to AST representation.
Generating RTLIL representation for module `\_90_simplemap_bool_ops'.
Generating RTLIL representation for module `\_90_simplemap_reduce_ops'.
Generating RTLIL representation for module `\_90_simplemap_logic_ops'.
Generating RTLIL representation for module `\_90_simplemap_compare_ops'.
Generating RTLIL representation for module `\_90_simplemap_various'.
Generating RTLIL representation for module `\_90_simplemap_registers'.
Generating RTLIL representation for module `\_90_shift_ops_shr_shl_sshl_sshr'.
Generating RTLIL representation for module `\_90_shift_shiftx'.
Generating RTLIL representation for module `\_90_fa'.
Generating RTLIL representation for module `\_90_lcu_brent_kung'.
Generating RTLIL representation for module `\_90_alu'.
Generating RTLIL representation for module `\_90_macc'.
Generating RTLIL representation for module `\_90_alumacc'.
Generating RTLIL representation for module `\$__div_mod_u'.
Generating RTLIL representation for module `\$__div_mod_trunc'.
Generating RTLIL representation for module `\_90_div'.
Generating RTLIL representation for module `\_90_mod'.
Generating RTLIL representation for module `\$__div_mod_floor'.
Generating RTLIL representation for module `\_90_divfloor'.
Generating RTLIL representation for module `\_90_modfloor'.
Generating RTLIL representation for module `\_90_pow'.
Generating RTLIL representation for module `\_90_pmux'.
Generating RTLIL representation for module `\_90_demux'.
Generating RTLIL representation for module `\_90_lut'.
Successfully finished Verilog frontend.

79.2. Continuing TECHMAP pass.
Using extmapper maccmap for cells of type $macc.
  add \s_axis_tdata [15:8] * \s_axis_tdata [7:0] (8x8 bits, signed)
Using extmapper simplemap for cells of type $sdffe.
Using extmapper simplemap for cells of type $logic_and.
Using template $paramod$bee2d9b174e5d569acba3e70eed4e815564102b5\_90_alu for cells of type $alu.
Using extmapper simplemap for cells of type $and.
Using extmapper simplemap for cells of type $not.
Using template $paramod\_90_fa\WIDTH=32'00000000000000000000000000010000 for cells of type $fa.
Using template $paramod$6df0329addda9228fcc2546de2aaf14ad26c98e1\_90_alu for cells of type $alu.
Using extmapper simplemap for cells of type $xor.
Using template $paramod\_90_lcu_brent_kung\WIDTH=32'00000000000000000000000000100000 for cells of type $lcu.
Using extmapper simplemap for cells of type $pos.
Using extmapper simplemap for cells of type $mux.
Using extmapper simplemap for cells of type $or.
Using template $paramod\_90_lcu_brent_kung\WIDTH=32'00000000000000000000000000010000 for cells of type $lcu.
No more expansions possible.
<suppressed ~662 debug messages>

80. Executing OPT_EXPR pass (perform const folding).
Optimizing module top.
<suppressed ~309 debug messages>

81. Executing OPT_MERGE pass (detect identical cells).
Finding identical cells in module `\top'.
<suppressed ~339 debug messages>
Removed a total of 113 cells.

82. Executing OPT_DFF pass (perform DFF optimizations).

83. Executing OPT_CLEAN pass (remove unused cells and wires).
Finding unused cells or wires in module \top..
Removed 80 unused cells and 157 unused wires.
<suppressed ~81 debug messages>

84. Executing OPT_EXPR pass (perform const folding).
Optimizing module top.

85. Executing OPT_MERGE pass (detect identical cells).
Finding identical cells in module `\top'.
Removed a total of 0 cells.

86. Executing OPT_DFF pass (perform DFF optimizations).

87. Executing OPT_CLEAN pass (remove unused cells and wires).
Finding unused cells or wires in module \top..

88. Executing ABC pass (technology mapping using ABC).

88.1. Extracting gate netlist of module `\top' to `<abc-temp-dir>/input.blif'..
Extracted 645 gates and 711 wires to a netlist network with 66 inputs and 49 outputs.

88.1.1. Executing ABC.
Running ABC command: "/nix/store/6l3aj1gi4lja8z5s4lan2k2cfz9mqkrz-yosys-abc/bin/abc" -s -f <abc-temp-dir>/abc.script 2>&1
ABC: ABC command line: "source <abc-temp-dir>/abc.script".
ABC: 
ABC: + read_blif <abc-temp-dir>/input.blif 
ABC: + read_library <abc-temp-dir>/stdcells.genlib 
ABC: Entered genlib library with 13 gates from file "<abc-temp-dir>/stdcells.genlib".
ABC: + strash 
ABC: + dretime 
ABC: + map 
ABC: + write_blif <abc-temp-dir>/output.blif 

88.1.2. Re-integrating ABC results.
ABC RESULTS:               NOT cells:        7
ABC RESULTS:             ORNOT cells:        7
ABC RESULTS:               AND cells:       63
ABC RESULTS:                OR cells:       83
ABC RESULTS:              XNOR cells:       74
ABC RESULTS:              NAND cells:       43
ABC RESULTS:               NOR cells:       65
ABC RESULTS:            ANDNOT cells:      172
ABC RESULTS:               XOR cells:      130
ABC RESULTS:        internal signals:      596
ABC RESULTS:           input signals:       66
ABC RESULTS:          output signals:       49
Removing temp directory.

89. Executing OPT pass (performing simple optimizations).

89.1. Executing OPT_EXPR pass (perform const folding).
Optimizing module top.

89.2. Executing OPT_MERGE pass (detect identical cells).
Finding identical cells in module `\top'.
Removed a total of 0 cells.

89.3. Executing OPT_DFF pass (perform DFF optimizations).

89.4. Executing OPT_CLEAN pass (remove unused cells and wires).
Finding unused cells or wires in module \top..
Removed 0 unused cells and 279 unused wires.
<suppressed ~1 debug messages>

89.5. Finished fast OPT passes.

90. Executing HIERARCHY pass (managing design hierarchy).

90.1. Analyzing design hierarchy..
Top module:  \top

90.2. Analyzing design hierarchy..
Top module:  \top
Removed 0 unused modules.

91. Executing CHECK pass (checking for obvious problems).
Checking module top...
Found and reported 0 problems.

92. Printing statistics.

=== top ===

   Number of wires:                633
   Number of wire bits:            985
   Number of public wires:          29
   Number of public wire bits:     214
   Number of ports:                 10
   Number of port bits:             56
   Number of memories:               0
   Number of memory bits:            0
   Number of processes:              0
   Number of cells:                698
     $_ANDNOT_                     172
     $_AND_                         63
     $_NAND_                        43
     $_NOR_                         65
     $_NOT_                          7
     $_ORNOT_                        7
     $_OR_                          83
     $_SDFFE_PN0P_                  52
     $_XNOR_                        74
     $_XOR_                        130
     $scopeinfo                      2

93. Generating Graphviz representation of design.
Writing dot description to `/mnt/c/Users/Default.DESKTOP-A45I1O9/akularanjith-akularanjith--ECE510-2026-SPRING/project/m3/synth/runs/RUN_2026-05-23_20-02-24/06-yosys-synthesis/primitive_techmap.dot'.
Dumping module top to page 1.

94. Executing OPT pass (performing simple optimizations).

94.1. Executing OPT_EXPR pass (perform const folding).
Optimizing module top.

94.2. Executing OPT_MERGE pass (detect identical cells).
Finding identical cells in module `\top'.
Removed a total of 0 cells.

94.3. Executing OPT_MUXTREE pass (detect dead branches in mux trees).
Running muxtree optimizer on module \top..
  Creating internal representation of mux trees.
  No muxes found in this module.
Removed 0 multiplexer ports.

94.4. Executing OPT_REDUCE pass (consolidate $*mux and $reduce_* inputs).
  Optimizing cells in module \top.
Performed a total of 0 changes.

94.5. Executing OPT_MERGE pass (detect identical cells).
Finding identical cells in module `\top'.
Removed a total of 0 cells.

94.6. Executing OPT_DFF pass (perform DFF optimizations).

94.7. Executing OPT_CLEAN pass (remove unused cells and wires).
Finding unused cells or wires in module \top..

94.8. Executing OPT_EXPR pass (perform const folding).
Optimizing module top.

94.9. Finished OPT passes. (There is nothing left to do.)

95. Executing OPT_CLEAN pass (remove unused cells and wires).
Finding unused cells or wires in module \top..
Removed 2 unused cells and 15 unused wires.
<suppressed ~17 debug messages>
{
   "creator": "Yosys 0.46 (git sha1 e97731b9dda91fa5fa53ed87df7c34163ba59a41, clang++ 17.0.6 -fPIC -O3)",
   "invocation": "stat -json -liberty /mnt/c/Users/Default.DESKTOP-A45I1O9/akularanjith-akularanjith--ECE510-2026-SPRING/project/m3/synth/runs/RUN_2026-05-23_20-02-24/tmp/3a66dae7d3af4104aaf6d68fb9f2f30b.lib ",
   "modules": {
      "\\top": {
         "num_wires":         618,
         "num_wire_bits":     848,
         "num_pub_wires":     14,
         "num_pub_wire_bits": 77,
         "num_ports":         10,
         "num_port_bits":     56,
         "num_memories":      0,
         "num_memory_bits":   0,
         "num_processes":     0,
         "num_cells":         696,
         "num_cells_by_type": {
            "$_ANDNOT_": 172,
            "$_AND_": 63,
            "$_NAND_": 43,
            "$_NOR_": 65,
            "$_NOT_": 7,
            "$_ORNOT_": 7,
            "$_OR_": 83,
            "$_SDFFE_PN0P_": 52,
            "$_XNOR_": 74,
            "$_XOR_": 130
         }
      }
   },
      "design": {
         "num_wires":         618,
         "num_wire_bits":     848,
         "num_pub_wires":     14,
         "num_pub_wire_bits": 77,
         "num_ports":         10,
         "num_port_bits":     56,
         "num_memories":      0,
         "num_memory_bits":   0,
         "num_processes":     0,
         "num_cells":         696,
         "num_cells_by_type": {
            "$_ANDNOT_": 172,
            "$_AND_": 63,
            "$_NAND_": 43,
            "$_NOR_": 65,
            "$_NOT_": 7,
            "$_ORNOT_": 7,
            "$_OR_": 83,
            "$_SDFFE_PN0P_": 52,
            "$_XNOR_": 74,
            "$_XOR_": 130
         }
      }
}

96. Printing statistics.

=== top ===

   Number of wires:                618
   Number of wire bits:            848
   Number of public wires:          14
   Number of public wire bits:      77
   Number of ports:                 10
   Number of port bits:             56
   Number of memories:               0
   Number of memory bits:            0
   Number of processes:              0
   Number of cells:                696
     $_ANDNOT_                     172
     $_AND_                         63
     $_NAND_                        43
     $_NOR_                         65
     $_NOT_                          7
     $_ORNOT_                        7
     $_OR_                          83
     $_SDFFE_PN0P_                  52
     $_XNOR_                        74
     $_XOR_                        130

   Area for cell type $_NOT_ is unknown!
   Area for cell type $_AND_ is unknown!
   Area for cell type $_NAND_ is unknown!
   Area for cell type $_OR_ is unknown!
   Area for cell type $_NOR_ is unknown!
   Area for cell type $_XOR_ is unknown!
   Area for cell type $_XNOR_ is unknown!
   Area for cell type $_ANDNOT_ is unknown!
   Area for cell type $_ORNOT_ is unknown!
   Area for cell type $_SDFFE_PN0P_ is unknown!

[INFO] Applying tri-state buffer mapping from '/home/default/.volare/volare/sky130/versions/0fe599b2afb6708d281543108caf8310912f54af/sky130A/libs.tech/openlane/sky130_fd_sc_hd/tribuff_map.v'…

97. Executing TECHMAP pass (map to technology primitives).

97.1. Executing Verilog-2005 frontend: /home/default/.volare/volare/sky130/versions/0fe599b2afb6708d281543108caf8310912f54af/sky130A/libs.tech/openlane/sky130_fd_sc_hd/tribuff_map.v
Parsing Verilog input from `/home/default/.volare/volare/sky130/versions/0fe599b2afb6708d281543108caf8310912f54af/sky130A/libs.tech/openlane/sky130_fd_sc_hd/tribuff_map.v' to AST representation.
Generating RTLIL representation for module `\$_TBUF_'.
Successfully finished Verilog frontend.

97.2. Continuing TECHMAP pass.
No more expansions possible.
<suppressed ~3 debug messages>

98. Executing SIMPLEMAP pass (map simple cells to gate primitives).
[INFO] Applying latch mapping from '/home/default/.volare/volare/sky130/versions/0fe599b2afb6708d281543108caf8310912f54af/sky130A/libs.tech/openlane/sky130_fd_sc_hd/latch_map.v'…

99. Executing TECHMAP pass (map to technology primitives).

99.1. Executing Verilog-2005 frontend: /home/default/.volare/volare/sky130/versions/0fe599b2afb6708d281543108caf8310912f54af/sky130A/libs.tech/openlane/sky130_fd_sc_hd/latch_map.v
Parsing Verilog input from `/home/default/.volare/volare/sky130/versions/0fe599b2afb6708d281543108caf8310912f54af/sky130A/libs.tech/openlane/sky130_fd_sc_hd/latch_map.v' to AST representation.
Generating RTLIL representation for module `\$_DLATCH_P_'.
Generating RTLIL representation for module `\$_DLATCH_N_'.
Successfully finished Verilog frontend.

99.2. Continuing TECHMAP pass.
No more expansions possible.
<suppressed ~4 debug messages>

100. Executing SIMPLEMAP pass (map simple cells to gate primitives).

101. Executing DFFLIBMAP pass (mapping DFF cells to sequential cells from liberty file).
  cell sky130_fd_sc_hd__dfxtp_2 (noninv, pins=3, area=21.27) is a direct match for cell type $_DFF_P_.
  cell sky130_fd_sc_hd__dfrtp_2 (noninv, pins=4, area=26.28) is a direct match for cell type $_DFF_PN0_.
  cell sky130_fd_sc_hd__dfstp_2 (noninv, pins=4, area=26.28) is a direct match for cell type $_DFF_PN1_.
  cell sky130_fd_sc_hd__dfbbn_2 (noninv, pins=6, area=35.03) is a direct match for cell type $_DFFSR_NNN_.
  final dff cell mappings:
    unmapped dff cell: $_DFF_N_
    \sky130_fd_sc_hd__dfxtp_2 _DFF_P_ (.CLK( C), .D( D), .Q( Q));
    unmapped dff cell: $_DFF_NN0_
    unmapped dff cell: $_DFF_NN1_
    unmapped dff cell: $_DFF_NP0_
    unmapped dff cell: $_DFF_NP1_
    \sky130_fd_sc_hd__dfrtp_2 _DFF_PN0_ (.CLK( C), .D( D), .Q( Q), .RESET_B( R));
    \sky130_fd_sc_hd__dfstp_2 _DFF_PN1_ (.CLK( C), .D( D), .Q( Q), .SET_B( R));
    unmapped dff cell: $_DFF_PP0_
    unmapped dff cell: $_DFF_PP1_
    \sky130_fd_sc_hd__dfbbn_2 _DFFSR_NNN_ (.CLK_N( C), .D( D), .Q( Q), .Q_N(~Q), .RESET_B( R), .SET_B( S));
    unmapped dff cell: $_DFFSR_NNP_
    unmapped dff cell: $_DFFSR_NPN_
    unmapped dff cell: $_DFFSR_NPP_
    unmapped dff cell: $_DFFSR_PNN_
    unmapped dff cell: $_DFFSR_PNP_
    unmapped dff cell: $_DFFSR_PPN_
    unmapped dff cell: $_DFFSR_PPP_

101.1. Executing DFFLEGALIZE pass (convert FFs to types supported by the target).
Mapping DFF cells in module `\top':
  mapped 52 $_DFF_P_ cells to \sky130_fd_sc_hd__dfxtp_2 cells.
{
   "creator": "Yosys 0.46 (git sha1 e97731b9dda91fa5fa53ed87df7c34163ba59a41, clang++ 17.0.6 -fPIC -O3)",
   "invocation": "stat -json -liberty /mnt/c/Users/Default.DESKTOP-A45I1O9/akularanjith-akularanjith--ECE510-2026-SPRING/project/m3/synth/runs/RUN_2026-05-23_20-02-24/tmp/3a66dae7d3af4104aaf6d68fb9f2f30b.lib ",
   "modules": {
      "\\top": {
         "num_wires":         722,
         "num_wire_bits":     952,
         "num_pub_wires":     14,
         "num_pub_wire_bits": 77,
         "num_ports":         10,
         "num_port_bits":     56,
         "num_memories":      0,
         "num_memory_bits":   0,
         "num_processes":     0,
         "num_cells":         800,
         "area":              1106.060800,
         "num_cells_by_type": {
            "$_ANDNOT_": 172,
            "$_AND_": 63,
            "$_MUX_": 104,
            "$_NAND_": 43,
            "$_NOR_": 65,
            "$_NOT_": 7,
            "$_ORNOT_": 7,
            "$_OR_": 83,
            "$_XNOR_": 74,
            "$_XOR_": 130,
            "sky130_fd_sc_hd__dfxtp_2": 52
         }
      }
   },
      "design": {
         "num_wires":         722,
         "num_wire_bits":     952,
         "num_pub_wires":     14,
         "num_pub_wire_bits": 77,
         "num_ports":         10,
         "num_port_bits":     56,
         "num_memories":      0,
         "num_memory_bits":   0,
         "num_processes":     0,
         "num_cells":         800,
         "area":              1106.060800,
         "num_cells_by_type": {
            "$_ANDNOT_": 172,
            "$_AND_": 63,
            "$_MUX_": 104,
            "$_NAND_": 43,
            "$_NOR_": 65,
            "$_NOT_": 7,
            "$_ORNOT_": 7,
            "$_OR_": 83,
            "$_XNOR_": 74,
            "$_XOR_": 130,
            "sky130_fd_sc_hd__dfxtp_2": 52
         }
      }
}

102. Printing statistics.

=== top ===

   Number of wires:                722
   Number of wire bits:            952
   Number of public wires:          14
   Number of public wire bits:      77
   Number of ports:                 10
   Number of port bits:             56
   Number of memories:               0
   Number of memory bits:            0
   Number of processes:              0
   Number of cells:                800
     $_ANDNOT_                     172
     $_AND_                         63
     $_MUX_                        104
     $_NAND_                        43
     $_NOR_                         65
     $_NOT_                          7
     $_ORNOT_                        7
     $_OR_                          83
     $_XNOR_                        74
     $_XOR_                        130
     sky130_fd_sc_hd__dfxtp_2       52

   Area for cell type $_NOT_ is unknown!
   Area for cell type $_AND_ is unknown!
   Area for cell type $_NAND_ is unknown!
   Area for cell type $_OR_ is unknown!
   Area for cell type $_NOR_ is unknown!
   Area for cell type $_XOR_ is unknown!
   Area for cell type $_XNOR_ is unknown!
   Area for cell type $_ANDNOT_ is unknown!
   Area for cell type $_ORNOT_ is unknown!
   Area for cell type $_MUX_ is unknown!

   Chip area for module '\top': 1106.060800
     of which used for sequential elements: 1106.060800 (100.00%)

[INFO] Using generated ABC script '/mnt/c/Users/Default.DESKTOP-A45I1O9/akularanjith-akularanjith--ECE510-2026-SPRING/project/m3/synth/runs/RUN_2026-05-23_20-02-24/06-yosys-synthesis/AREA_0.abc'…

103. Executing ABC pass (technology mapping using ABC).

103.1. Extracting gate netlist of module `\top' to `/tmp/yosys-abc-iKQGoJ/input.blif'..
Extracted 748 gates and 821 wires to a netlist network with 72 inputs and 52 outputs.

103.1.1. Executing ABC.
Running ABC command: "/nix/store/6l3aj1gi4lja8z5s4lan2k2cfz9mqkrz-yosys-abc/bin/abc" -s -f /tmp/yosys-abc-iKQGoJ/abc.script 2>&1
ABC: ABC command line: "source /tmp/yosys-abc-iKQGoJ/abc.script".
ABC: 
ABC: + read_blif /tmp/yosys-abc-iKQGoJ/input.blif 
ABC: + read_lib -w /mnt/c/Users/Default.DESKTOP-A45I1O9/akularanjith-akularanjith--ECE510-2026-SPRING/project/m3/synth/runs/RUN_2026-05-23_20-02-24/tmp/3a66dae7d3af4104aaf6d68fb9f2f30b.lib 
ABC: Parsing finished successfully.  Parsing time =     0.11 sec
ABC: Scl_LibertyReadGenlib() skipped sequential cell "sky130_fd_sc_hd__dfbbn_2".
ABC: Scl_LibertyReadGenlib() skipped sequential cell "sky130_fd_sc_hd__dfrbp_2".
ABC: Scl_LibertyReadGenlib() skipped sequential cell "sky130_fd_sc_hd__dfrtp_2".
ABC: Scl_LibertyReadGenlib() skipped sequential cell "sky130_fd_sc_hd__dfrtp_4".
ABC: Scl_LibertyReadGenlib() skipped sequential cell "sky130_fd_sc_hd__dfsbp_2".
ABC: Scl_LibertyReadGenlib() skipped sequential cell "sky130_fd_sc_hd__dfstp_2".
ABC: Scl_LibertyReadGenlib() skipped sequential cell "sky130_fd_sc_hd__dfstp_4".
ABC: Scl_LibertyReadGenlib() skipped sequential cell "sky130_fd_sc_hd__dfxbp_2".
ABC: Scl_LibertyReadGenlib() skipped sequential cell "sky130_fd_sc_hd__dfxtp_2".
ABC: Scl_LibertyReadGenlib() skipped sequential cell "sky130_fd_sc_hd__dfxtp_4".
ABC: Scl_LibertyReadGenlib() skipped sequential cell "sky130_fd_sc_hd__dlxtn_1".
ABC: Scl_LibertyReadGenlib() skipped sequential cell "sky130_fd_sc_hd__dlxtn_2".
ABC: Scl_LibertyReadGenlib() skipped sequential cell "sky130_fd_sc_hd__dlxtn_4".
ABC: Scl_LibertyReadGenlib() skipped sequential cell "sky130_fd_sc_hd__dlxtp_1".
ABC: Scl_LibertyReadGenlib() skipped three-state cell "sky130_fd_sc_hd__ebufn_2".
ABC: Scl_LibertyReadGenlib() skipped three-state cell "sky130_fd_sc_hd__ebufn_4".
ABC: Scl_LibertyReadGenlib() skipped three-state cell "sky130_fd_sc_hd__ebufn_8".
ABC: Library "sky130_fd_sc_hd__tt_025C_1v80" from "/mnt/c/Users/Default.DESKTOP-A45I1O9/akularanjith-akularanjith--ECE510-2026-SPRING/project/m3/synth/runs/RUN_2026-05-23_20-02-24/tmp/3a66dae7d3af4104aaf6d68fb9f2f30b.lib" has 175 cells (17 skipped: 14 seq; 3 tri-state; 0 no func; 0 dont_use).  Time =     0.14 sec
ABC: Memory =    9.54 MB. Time =     0.14 sec
ABC: Warning: Detected 2 multi-output gates (for example, "sky130_fd_sc_hd__fa_1").
ABC: + read_constr -v /mnt/c/Users/Default.DESKTOP-A45I1O9/akularanjith-akularanjith--ECE510-2026-SPRING/project/m3/synth/runs/RUN_2026-05-23_20-02-24/06-yosys-synthesis/synthesis.abc.sdc 
ABC: Setting driving cell to be "sky130_fd_sc_hd__inv_2/Y".
ABC: Setting output load to be 33.442001.
ABC: + source /mnt/c/Users/Default.DESKTOP-A45I1O9/akularanjith-akularanjith--ECE510-2026-SPRING/project/m3/synth/runs/RUN_2026-05-23_20-02-24/06-yosys-synthesis/AREA_0.abc 
ABC: Error: The network is combinational.
ABC: Cannot find the default PI driving cell (sky130_fd_sc_hd__inv_2/Y) in the library.
ABC: WireLoad = "none"  Gates =    635 (  1.6 %)   Cap = 10.6 ff (  0.9 %)   Area =     5871.88 ( 96.9 %)   Delay =  4175.64 ps  (  6.6 %)               
ABC: Path  0 --      71 : 0    9 pi                       A =   0.00  Df =   0.0   -0.0 ps  S =   0.0 ps  Cin =  0.0 ff  Cout =  20.6 ff  Cmax =   0.0 ff  G =    0  
ABC: Path  1 --     495 : 3    3 sky130_fd_sc_hd__and3_2  A =   7.51  Df = 198.3  -21.7 ps  S =  65.7 ps  Cin =  1.5 ff  Cout =   7.6 ff  Cmax = 309.5 ff  G =  481  
ABC: Path  2 --     496 : 3    2 sky130_fd_sc_hd__or3_2   A =   7.51  Df = 624.7 -296.4 ps  S =  91.2 ps  Cin =  1.5 ff  Cout =   7.0 ff  Cmax = 310.4 ff  G =  443  
ABC: Path  3 --     499 : 4    3 sky130_fd_sc_hd__a211o_2 A =  10.01  Df = 953.4 -353.7 ps  S =  65.5 ps  Cin =  2.4 ff  Cout =   9.6 ff  Cmax = 325.0 ff  G =  390  
ABC: Path  4 --     545 : 3    2 sky130_fd_sc_hd__a21bo_2 A =  10.01  Df =1180.9 -402.3 ps  S =  55.9 ps  Cin =  2.0 ff  Cout =   7.3 ff  Cmax = 288.4 ff  G =  338  
ABC: Path  5 --     547 : 3    3 sky130_fd_sc_hd__a21o_2  A =   8.76  Df =1387.3 -488.5 ps  S =  69.6 ps  Cin =  2.4 ff  Cout =  11.4 ff  Cmax = 309.5 ff  G =  461  
ABC: Path  6 --     548 : 3    2 sky130_fd_sc_hd__and3_2  A =   7.51  Df =1606.4 -109.2 ps  S =  64.5 ps  Cin =  1.5 ff  Cout =   7.2 ff  Cmax = 309.5 ff  G =  454  
ABC: Path  7 --     552 : 4    3 sky130_fd_sc_hd__o211a_2 A =  10.01  Df =1884.4 -123.1 ps  S =  85.0 ps  Cin =  2.4 ff  Cout =  10.9 ff  Cmax = 268.3 ff  G =  429  
ABC: Path  8 --     554 : 3    2 sky130_fd_sc_hd__or3_2   A =   7.51  Df =2296.5 -159.2 ps  S =  80.6 ps  Cin =  1.5 ff  Cout =   3.9 ff  Cmax = 310.4 ff  G =  249  
ABC: Path  9 --     557 : 3    3 sky130_fd_sc_hd__and3_2  A =   7.51  Df =2497.3 -179.0 ps  S =  70.9 ps  Cin =  1.5 ff  Cout =   8.8 ff  Cmax = 309.5 ff  G =  558  
ABC: Path 10 --     559 : 2    3 sky130_fd_sc_hd__and2b_2 A =   8.76  Df =2752.5  -49.1 ps  S =  97.2 ps  Cin =  1.6 ff  Cout =  16.4 ff  Cmax = 310.4 ff  G =  997  
ABC: Path 11 --     631 : 4    2 sky130_fd_sc_hd__a31o_2  A =   8.76  Df =3072.3 -123.4 ps  S =  93.8 ps  Cin =  2.4 ff  Cout =  13.5 ff  Cmax = 271.9 ff  G =  555  
ABC: Path 12 --     635 : 3    4 sky130_fd_sc_hd__a21oi_2 A =   8.76  Df =3268.1 -237.7 ps  S = 172.3 ps  Cin =  4.6 ff  Cout =  11.5 ff  Cmax = 128.2 ff  G =  240  
ABC: Path 13 --     691 : 4    5 sky130_fd_sc_hd__a211o_2 A =  10.01  Df =3468.0  -91.4 ps  S =  88.3 ps  Cin =  2.4 ff  Cout =  15.9 ff  Cmax = 325.0 ff  G =  649  
ABC: Path 14 --     740 : 5    2 sky130_fd_sc_hd__a311o_2 A =  11.26  Df =3752.2 -106.5 ps  S =  60.3 ps  Cin =  2.3 ff  Cout =   4.9 ff  Cmax = 298.5 ff  G =  205  
ABC: Path 15 --     750 : 4    1 sky130_fd_sc_hd__a31o_2  A =   8.76  Df =3978.7 -195.4 ps  S =  44.9 ps  Cin =  2.4 ff  Cout =   2.4 ff  Cmax = 271.9 ff  G =   99  
ABC: Path 16 --     751 : 4    1 sky130_fd_sc_hd__o211a_2 A =  10.01  Df =4175.6 -102.3 ps  S = 207.7 ps  Cin =  2.4 ff  Cout =  33.4 ff  Cmax = 268.3 ff  G = 1415  
ABC: Start-point = pi70 (\s_axis_tdata [7]).  End-point = po47 ($auto$rtlil.cc:2739:MuxGate$2472).
ABC: netlist                       : i/o =   72/   52  lat =    0  nd =   635  edge =   1766  area =5873.17  delay =16.00  lev = 16
ABC: + write_blif /tmp/yosys-abc-iKQGoJ/output.blif 

103.1.2. Re-integrating ABC results.
ABC RESULTS:   sky130_fd_sc_hd__a221o_2 cells:        1
ABC RESULTS:   sky130_fd_sc_hd__o31a_2 cells:        2
ABC RESULTS:   sky130_fd_sc_hd__o311a_2 cells:        2
ABC RESULTS:   sky130_fd_sc_hd__o41a_2 cells:        3
ABC RESULTS:   sky130_fd_sc_hd__a41o_2 cells:        1
ABC RESULTS:   sky130_fd_sc_hd__a21boi_2 cells:        3
ABC RESULTS:   sky130_fd_sc_hd__and4bb_2 cells:        1
ABC RESULTS:   sky130_fd_sc_hd__nand3b_2 cells:        1
ABC RESULTS:   sky130_fd_sc_hd__or3b_2 cells:        1
ABC RESULTS:   sky130_fd_sc_hd__o21bai_2 cells:        7
ABC RESULTS:   sky130_fd_sc_hd__a211oi_2 cells:        4
ABC RESULTS:   sky130_fd_sc_hd__nand3_2 cells:       17
ABC RESULTS:   sky130_fd_sc_hd__and4_2 cells:       11
ABC RESULTS:   sky130_fd_sc_hd__nand4_2 cells:        2
ABC RESULTS:   sky130_fd_sc_hd__nor3b_2 cells:        1
ABC RESULTS:   sky130_fd_sc_hd__o211ai_2 cells:        4
ABC RESULTS:   sky130_fd_sc_hd__a22oi_2 cells:        9
ABC RESULTS:   sky130_fd_sc_hd__o2bb2a_2 cells:        6
ABC RESULTS:   sky130_fd_sc_hd__and4b_2 cells:        5
ABC RESULTS:   sky130_fd_sc_hd__a2bb2o_2 cells:        1
ABC RESULTS:   sky130_fd_sc_hd__or4b_2 cells:        2
ABC RESULTS:   sky130_fd_sc_hd__a21bo_2 cells:       14
ABC RESULTS:   sky130_fd_sc_hd__a211o_2 cells:        6
ABC RESULTS:   sky130_fd_sc_hd__inv_2 cells:       10
ABC RESULTS:   sky130_fd_sc_hd__and3b_2 cells:        2
ABC RESULTS:   sky130_fd_sc_hd__and3_2 cells:       25
ABC RESULTS:   sky130_fd_sc_hd__a32o_2 cells:        3
ABC RESULTS:   sky130_fd_sc_hd__nor3_2 cells:        6
ABC RESULTS:   sky130_fd_sc_hd__o221a_2 cells:        9
ABC RESULTS:   sky130_fd_sc_hd__nor2_2 cells:       30
ABC RESULTS:   sky130_fd_sc_hd__a22o_2 cells:        8
ABC RESULTS:   sky130_fd_sc_hd__xor2_2 cells:       24
ABC RESULTS:   sky130_fd_sc_hd__o21ba_2 cells:        4
ABC RESULTS:   sky130_fd_sc_hd__nand2b_2 cells:        7
ABC RESULTS:   sky130_fd_sc_hd__or3_2 cells:       13
ABC RESULTS:   sky130_fd_sc_hd__or2_2 cells:       63
ABC RESULTS:   sky130_fd_sc_hd__a311o_2 cells:        1
ABC RESULTS:   sky130_fd_sc_hd__o2111ai_2 cells:        1
ABC RESULTS:   sky130_fd_sc_hd__a21o_2 cells:       37
ABC RESULTS:   sky130_fd_sc_hd__nand2_2 cells:       68
ABC RESULTS:   sky130_fd_sc_hd__a21oi_2 cells:       34
ABC RESULTS:   sky130_fd_sc_hd__o21ai_2 cells:       30
ABC RESULTS:   sky130_fd_sc_hd__xnor2_2 cells:       43
ABC RESULTS:   sky130_fd_sc_hd__a31o_2 cells:       15
ABC RESULTS:   sky130_fd_sc_hd__o211a_2 cells:       41
ABC RESULTS:   sky130_fd_sc_hd__and2b_2 cells:       13
ABC RESULTS:   sky130_fd_sc_hd__o21a_2 cells:       11
ABC RESULTS:   sky130_fd_sc_hd__mux2_1 cells:        3
ABC RESULTS:   sky130_fd_sc_hd__and2_2 cells:       30
ABC RESULTS:        internal signals:      697
ABC RESULTS:           input signals:       72
ABC RESULTS:          output signals:       52
Removing temp directory.

104. Executing SETUNDEF pass (replace undef values with defined constants).

105. Executing HILOMAP pass (mapping to constant drivers).

106. Executing SPLITNETS pass (splitting up multi-bit signals).

107. Executing OPT_CLEAN pass (remove unused cells and wires).
Finding unused cells or wires in module \top..
Removed 0 unused cells and 950 unused wires.
<suppressed ~4 debug messages>

108. Executing INSBUF pass (insert buffer cells for connected wires).
Add top/$auto$insbuf.cc:97:execute$3125: \m_axis_tready -> \s_axis_tready

109. Executing CHECK pass (checking for obvious problems).
Checking module top...
Found and reported 0 problems.
{
   "creator": "Yosys 0.46 (git sha1 e97731b9dda91fa5fa53ed87df7c34163ba59a41, clang++ 17.0.6 -fPIC -O3)",
   "invocation": "stat -json -liberty /mnt/c/Users/Default.DESKTOP-A45I1O9/akularanjith-akularanjith--ECE510-2026-SPRING/project/m3/synth/runs/RUN_2026-05-23_20-02-24/tmp/3a66dae7d3af4104aaf6d68fb9f2f30b.lib ",
   "modules": {
      "\\top": {
         "num_wires":         663,
         "num_wire_bits":     709,
         "num_pub_wires":     28,
         "num_pub_wire_bits": 74,
         "num_ports":         10,
         "num_port_bits":     56,
         "num_memories":      0,
         "num_memory_bits":   0,
         "num_processes":     0,
         "num_cells":         688,
         "area":              6982.947200,
         "num_cells_by_type": {
            "sky130_fd_sc_hd__a211o_2": 6,
            "sky130_fd_sc_hd__a211oi_2": 4,
            "sky130_fd_sc_hd__a21bo_2": 14,
            "sky130_fd_sc_hd__a21boi_2": 3,
            "sky130_fd_sc_hd__a21o_2": 37,
            "sky130_fd_sc_hd__a21oi_2": 34,
            "sky130_fd_sc_hd__a221o_2": 1,
            "sky130_fd_sc_hd__a22o_2": 8,
            "sky130_fd_sc_hd__a22oi_2": 9,
            "sky130_fd_sc_hd__a2bb2o_2": 1,
            "sky130_fd_sc_hd__a311o_2": 1,
            "sky130_fd_sc_hd__a31o_2": 15,
            "sky130_fd_sc_hd__a32o_2": 3,
            "sky130_fd_sc_hd__a41o_2": 1,
            "sky130_fd_sc_hd__and2_2": 30,
            "sky130_fd_sc_hd__and2b_2": 13,
            "sky130_fd_sc_hd__and3_2": 25,
            "sky130_fd_sc_hd__and3b_2": 2,
            "sky130_fd_sc_hd__and4_2": 11,
            "sky130_fd_sc_hd__and4b_2": 5,
            "sky130_fd_sc_hd__and4bb_2": 1,
            "sky130_fd_sc_hd__buf_2": 1,
            "sky130_fd_sc_hd__dfxtp_2": 52,
            "sky130_fd_sc_hd__inv_2": 10,
            "sky130_fd_sc_hd__mux2_1": 3,
            "sky130_fd_sc_hd__nand2_2": 68,
            "sky130_fd_sc_hd__nand2b_2": 7,
            "sky130_fd_sc_hd__nand3_2": 17,
            "sky130_fd_sc_hd__nand3b_2": 1,
            "sky130_fd_sc_hd__nand4_2": 2,
            "sky130_fd_sc_hd__nor2_2": 30,
            "sky130_fd_sc_hd__nor3_2": 6,
            "sky130_fd_sc_hd__nor3b_2": 1,
            "sky130_fd_sc_hd__o2111ai_2": 1,
            "sky130_fd_sc_hd__o211a_2": 41,
            "sky130_fd_sc_hd__o211ai_2": 4,
            "sky130_fd_sc_hd__o21a_2": 11,
            "sky130_fd_sc_hd__o21ai_2": 30,
            "sky130_fd_sc_hd__o21ba_2": 4,
            "sky130_fd_sc_hd__o21bai_2": 7,
            "sky130_fd_sc_hd__o221a_2": 9,
            "sky130_fd_sc_hd__o2bb2a_2": 6,
            "sky130_fd_sc_hd__o311a_2": 2,
            "sky130_fd_sc_hd__o31a_2": 2,
            "sky130_fd_sc_hd__o41a_2": 3,
            "sky130_fd_sc_hd__or2_2": 63,
            "sky130_fd_sc_hd__or3_2": 13,
            "sky130_fd_sc_hd__or3b_2": 1,
            "sky130_fd_sc_hd__or4b_2": 2,
            "sky130_fd_sc_hd__xnor2_2": 43,
            "sky130_fd_sc_hd__xor2_2": 24
         }
      }
   },
      "design": {
         "num_wires":         663,
         "num_wire_bits":     709,
         "num_pub_wires":     28,
         "num_pub_wire_bits": 74,
         "num_ports":         10,
         "num_port_bits":     56,
         "num_memories":      0,
         "num_memory_bits":   0,
         "num_processes":     0,
         "num_cells":         688,
         "area":              6982.947200,
         "num_cells_by_type": {
            "sky130_fd_sc_hd__a211o_2": 6,
            "sky130_fd_sc_hd__a211oi_2": 4,
            "sky130_fd_sc_hd__a21bo_2": 14,
            "sky130_fd_sc_hd__a21boi_2": 3,
            "sky130_fd_sc_hd__a21o_2": 37,
            "sky130_fd_sc_hd__a21oi_2": 34,
            "sky130_fd_sc_hd__a221o_2": 1,
            "sky130_fd_sc_hd__a22o_2": 8,
            "sky130_fd_sc_hd__a22oi_2": 9,
            "sky130_fd_sc_hd__a2bb2o_2": 1,
            "sky130_fd_sc_hd__a311o_2": 1,
            "sky130_fd_sc_hd__a31o_2": 15,
            "sky130_fd_sc_hd__a32o_2": 3,
            "sky130_fd_sc_hd__a41o_2": 1,
            "sky130_fd_sc_hd__and2_2": 30,
            "sky130_fd_sc_hd__and2b_2": 13,
            "sky130_fd_sc_hd__and3_2": 25,
            "sky130_fd_sc_hd__and3b_2": 2,
            "sky130_fd_sc_hd__and4_2": 11,
            "sky130_fd_sc_hd__and4b_2": 5,
            "sky130_fd_sc_hd__and4bb_2": 1,
            "sky130_fd_sc_hd__buf_2": 1,
            "sky130_fd_sc_hd__dfxtp_2": 52,
            "sky130_fd_sc_hd__inv_2": 10,
            "sky130_fd_sc_hd__mux2_1": 3,
            "sky130_fd_sc_hd__nand2_2": 68,
            "sky130_fd_sc_hd__nand2b_2": 7,
            "sky130_fd_sc_hd__nand3_2": 17,
            "sky130_fd_sc_hd__nand3b_2": 1,
            "sky130_fd_sc_hd__nand4_2": 2,
            "sky130_fd_sc_hd__nor2_2": 30,
            "sky130_fd_sc_hd__nor3_2": 6,
            "sky130_fd_sc_hd__nor3b_2": 1,
            "sky130_fd_sc_hd__o2111ai_2": 1,
            "sky130_fd_sc_hd__o211a_2": 41,
            "sky130_fd_sc_hd__o211ai_2": 4,
            "sky130_fd_sc_hd__o21a_2": 11,
            "sky130_fd_sc_hd__o21ai_2": 30,
            "sky130_fd_sc_hd__o21ba_2": 4,
            "sky130_fd_sc_hd__o21bai_2": 7,
            "sky130_fd_sc_hd__o221a_2": 9,
            "sky130_fd_sc_hd__o2bb2a_2": 6,
            "sky130_fd_sc_hd__o311a_2": 2,
            "sky130_fd_sc_hd__o31a_2": 2,
            "sky130_fd_sc_hd__o41a_2": 3,
            "sky130_fd_sc_hd__or2_2": 63,
            "sky130_fd_sc_hd__or3_2": 13,
            "sky130_fd_sc_hd__or3b_2": 1,
            "sky130_fd_sc_hd__or4b_2": 2,
            "sky130_fd_sc_hd__xnor2_2": 43,
            "sky130_fd_sc_hd__xor2_2": 24
         }
      }
}

110. Printing statistics.

=== top ===

   Number of wires:                663
   Number of wire bits:            709
   Number of public wires:          28
   Number of public wire bits:      74
   Number of ports:                 10
   Number of port bits:             56
   Number of memories:               0
   Number of memory bits:            0
   Number of processes:              0
   Number of cells:                688
     sky130_fd_sc_hd__a211o_2        6
     sky130_fd_sc_hd__a211oi_2       4
     sky130_fd_sc_hd__a21bo_2       14
     sky130_fd_sc_hd__a21boi_2       3
     sky130_fd_sc_hd__a21o_2        37
     sky130_fd_sc_hd__a21oi_2       34
     sky130_fd_sc_hd__a221o_2        1
     sky130_fd_sc_hd__a22o_2         8
     sky130_fd_sc_hd__a22oi_2        9
     sky130_fd_sc_hd__a2bb2o_2       1
     sky130_fd_sc_hd__a311o_2        1
     sky130_fd_sc_hd__a31o_2        15
     sky130_fd_sc_hd__a32o_2         3
     sky130_fd_sc_hd__a41o_2         1
     sky130_fd_sc_hd__and2_2        30
     sky130_fd_sc_hd__and2b_2       13
     sky130_fd_sc_hd__and3_2        25
     sky130_fd_sc_hd__and3b_2        2
     sky130_fd_sc_hd__and4_2        11
     sky130_fd_sc_hd__and4b_2        5
     sky130_fd_sc_hd__and4bb_2       1
     sky130_fd_sc_hd__buf_2          1
     sky130_fd_sc_hd__dfxtp_2       52
     sky130_fd_sc_hd__inv_2         10
     sky130_fd_sc_hd__mux2_1         3
     sky130_fd_sc_hd__nand2_2       68
     sky130_fd_sc_hd__nand2b_2       7
     sky130_fd_sc_hd__nand3_2       17
     sky130_fd_sc_hd__nand3b_2       1
     sky130_fd_sc_hd__nand4_2        2
     sky130_fd_sc_hd__nor2_2        30
     sky130_fd_sc_hd__nor3_2         6
     sky130_fd_sc_hd__nor3b_2        1
     sky130_fd_sc_hd__o2111ai_2      1
     sky130_fd_sc_hd__o211a_2       41
     sky130_fd_sc_hd__o211ai_2       4
     sky130_fd_sc_hd__o21a_2        11
     sky130_fd_sc_hd__o21ai_2       30
     sky130_fd_sc_hd__o21ba_2        4
     sky130_fd_sc_hd__o21bai_2       7
     sky130_fd_sc_hd__o221a_2        9
     sky130_fd_sc_hd__o2bb2a_2       6
     sky130_fd_sc_hd__o311a_2        2
     sky130_fd_sc_hd__o31a_2         2
     sky130_fd_sc_hd__o41a_2         3
     sky130_fd_sc_hd__or2_2         63
     sky130_fd_sc_hd__or3_2         13
     sky130_fd_sc_hd__or3b_2         1
     sky130_fd_sc_hd__or4b_2         2
     sky130_fd_sc_hd__xnor2_2       43
     sky130_fd_sc_hd__xor2_2        24

   Chip area for module '\top': 6982.947200
     of which used for sequential elements: 1106.060800 (15.84%)

111. Executing Verilog backend.
Dumping module `\top'.

112. Executing JSON backend.
