Clock: aclk
Sources: aclk 
Generated: no
Virtual: yes
Propagated: no
Period: 12.000000

===========================================================================
report_clock_properties
============================================================================
Clock                   Period          Waveform
----------------------------------------------------
aclk                 12.000000    0.000000  6.000000

===========================================================================
report_clock_latency
============================================================================
Clock aclk
rise -> rise
    min     max
0.000000 0.000000 source latency
0.789621         network latency _2103_/CLK
        0.809879 network latency _2077_/CLK
---------------
0.789621 0.809879 latency
        0.020257 skew

fall -> fall
    min     max
0.000000 0.000000 source latency
0.720999         network latency _2103_/CLK
        0.737269 network latency _2077_/CLK
---------------
0.720999 0.737269 latency
        0.016270 skew



===========================================================================
report_clock_min_period
============================================================================
aclk period_min = 12.91 fmax = 77.47
