
===========================================================================
 report_power
============================================================================
======================= nom_ss_100C_1v60 Corner ===================================

Group                    Internal    Switching      Leakage        Total
                            Power        Power        Power        Power (Watts)
------------------------------------------------------------------------
Sequential           1.351821e-04 6.632079e-06 6.985114e-07 1.425126e-04  23.2%
Combinational        1.364631e-04 1.777112e-04 5.453475e-06 3.196279e-04  51.9%
Clock                6.601942e-05 8.717568e-05 1.209992e-07 1.533161e-04  24.9%
Macro                0.000000e+00 0.000000e+00 0.000000e+00 0.000000e+00   0.0%
Pad                  0.000000e+00 0.000000e+00 0.000000e+00 0.000000e+00   0.0%
------------------------------------------------------------------------
Total                3.376646e-04 2.715189e-04 6.272986e-06 6.154564e-04 100.0%
                            54.9%        44.1%         1.0%

