Clock: clk
Sources: clk 
Generated: no
Virtual: yes
Propagated: no
Period: 10.000000

===========================================================================
report_clock_properties
============================================================================
Clock                   Period          Waveform
----------------------------------------------------
clk                  10.000000    0.000000  5.000000

===========================================================================
report_clock_latency
============================================================================
Clock clk
rise -> rise
    min     max
0.000000 0.000000 source latency
1.152305         network latency _13357_/CLK
        1.178756 network latency _13416_/CLK
---------------
1.152305 1.178756 latency
        0.026451 skew

fall -> fall
    min     max
0.000000 0.000000 source latency
0.963742         network latency _13357_/CLK
        0.986777 network latency _13416_/CLK
---------------
0.963742 0.986777 latency
        0.023035 skew



===========================================================================
report_clock_min_period
============================================================================
clk period_min = 0.00 fmax = inf
