
===========================================================================
 report_power
============================================================================
======================= min_ss_100C_1v60 Corner ===================================

Group                    Internal    Switching      Leakage        Total
                            Power        Power        Power        Power (Watts)
------------------------------------------------------------------------
Sequential           7.109547e-04 4.226765e-05 1.203039e-06 7.544254e-04   2.3%
Combinational        1.570094e-02 1.617991e-02 3.377303e-05 3.191463e-02  96.8%
Clock                1.673992e-04 1.207032e-04 2.401492e-07 2.883425e-04   0.9%
Macro                0.000000e+00 0.000000e+00 0.000000e+00 0.000000e+00   0.0%
Pad                  0.000000e+00 0.000000e+00 0.000000e+00 0.000000e+00   0.0%
------------------------------------------------------------------------
Total                1.657932e-02 1.634289e-02 3.521609e-05 3.295742e-02 100.0%
                            50.3%        49.6%         0.1%

