[INFO PSM-0040] All shapes on net vccd1 are connected.
########## IR report #################
Net              : vccd1
Corner           : nom_tt_025C_1v80
Supply voltage   : 1.80e+00 V
Worstcase voltage: 1.80e+00 V
Average voltage  : 1.80e+00 V
Average IR drop  : 9.35e-05 V
Worstcase IR drop: 5.15e-04 V
Percentage drop  : 0.03 %
######################################
[INFO PSM-0040] All shapes on net vssd1 are connected.
########## IR report #################
Net              : vssd1
Corner           : nom_tt_025C_1v80
Supply voltage   : 0.00e+00 V
Worstcase voltage: 4.70e-04 V
Average voltage  : 9.00e-05 V
Average IR drop  : 9.00e-05 V
Worstcase IR drop: 4.70e-04 V
Percentage drop  : 0.03 %
######################################
