Reading technology LEF file at '/home/default/.volare/volare/sky130/versions/0fe599b2afb6708d281543108caf8310912f54af/sky130A/libs.ref/sky130_fd_sc_hd/techlef/sky130_fd_sc_hd__min.tlef'…
[INFO ODB-0227] LEF file: /home/default/.volare/volare/sky130/versions/0fe599b2afb6708d281543108caf8310912f54af/sky130A/libs.ref/sky130_fd_sc_hd/techlef/sky130_fd_sc_hd__min.tlef, created 14 layers, 25 vias
Reading cell LEF file at '/home/default/.volare/volare/sky130/versions/0fe599b2afb6708d281543108caf8310912f54af/sky130A/libs.ref/sky130_fd_sc_hd/lef/sky130_fd_sc_hd.lef'…
[WARNING ODB-0220] WARNING (LEFPARS-2008): NOWIREEXTENSIONATPIN statement is obsolete in version 5.6 or later.
The NOWIREEXTENSIONATPIN statement will be ignored. See file /home/default/.volare/volare/sky130/versions/0fe599b2afb6708d281543108caf8310912f54af/sky130A/libs.ref/sky130_fd_sc_hd/lef/sky130_fd_sc_hd.lef at line 2.

[INFO ODB-0227] LEF file: /home/default/.volare/volare/sky130/versions/0fe599b2afb6708d281543108caf8310912f54af/sky130A/libs.ref/sky130_fd_sc_hd/lef/sky130_fd_sc_hd.lef, created 437 library cells
Reading cell LEF file at '/home/default/.volare/volare/sky130/versions/0fe599b2afb6708d281543108caf8310912f54af/sky130A/libs.ref/sky130_fd_sc_hd/lef/sky130_ef_sc_hd.lef'…
[WARNING ODB-0220] WARNING (LEFPARS-2008): NOWIREEXTENSIONATPIN statement is obsolete in version 5.6 or later.
The NOWIREEXTENSIONATPIN statement will be ignored. See file /home/default/.volare/volare/sky130/versions/0fe599b2afb6708d281543108caf8310912f54af/sky130A/libs.ref/sky130_fd_sc_hd/lef/sky130_ef_sc_hd.lef at line 2.

[INFO ODB-0227] LEF file: /home/default/.volare/volare/sky130/versions/0fe599b2afb6708d281543108caf8310912f54af/sky130A/libs.ref/sky130_fd_sc_hd/lef/sky130_ef_sc_hd.lef, created 4 library cells
[INFO ODB-0127] Reading DEF file: /mnt/c/Users/Default.DESKTOP-A45I1O9/akularanjith-akularanjith--ECE510-2026-SPRING/project/m4/synth/runs/RUN_2026-06-05_21-26-00/52-odb-cellfrequencytables/top.def
[INFO ODB-0128] Design: top
[INFO ODB-0130]     Created 56 pins.
[INFO ODB-0131]     Created 3937 components and 20123 component-terminals.
[INFO ODB-0132]     Created 2 special nets and 15100 connections.
[INFO ODB-0133]     Created 1263 nets and 5020 connections.
[INFO ODB-0134] Finished DEF file: /mnt/c/Users/Default.DESKTOP-A45I1O9/akularanjith-akularanjith--ECE510-2026-SPRING/project/m4/synth/runs/RUN_2026-06-05_21-26-00/52-odb-cellfrequencytables/top.def
Using RCX ruleset '/home/default/.volare/volare/sky130/versions/0fe599b2afb6708d281543108caf8310912f54af/sky130A/libs.tech/openlane/rules.openrcx.sky130A.min.calibre'…
[INFO RCX-0431] Defined process_corner CURRENT_CORNER with ext_model_index 0
[INFO RCX-0029] Defined extraction corner CURRENT_CORNER
[INFO RCX-0435] Reading extraction model file /home/default/.volare/volare/sky130/versions/0fe599b2afb6708d281543108caf8310912f54af/sky130A/libs.tech/openlane/rules.openrcx.sky130A.min.calibre ...
[INFO RCX-0436] RC segment generation top (max_merge_res 50.0) ...
[INFO RCX-0040] Final 6365 rc segments
[INFO RCX-0439] Coupling Cap extraction top ...
[INFO RCX-0440] Coupling threshhold is 0.1000 fF, coupling capacitance less than 0.1000 fF will be grounded.
[INFO RCX-0442] 51% of 9667 wires extracted
[INFO RCX-0442] 100% of 9667 wires extracted
[INFO RCX-0045] Extract 1263 nets, 7628 rsegs, 7628 caps, 10236 ccs
Setting global connections for newly added cells…
[INFO] Setting global connections...
Updating metrics…
Cell type report:                       Count       Area
  Fill cell                              1806   12891.11
  Tap cell                                324     405.39
  Antenna cell                            561    1403.85
  Standard cell                          1246    9405.27
  Total                                  3937   24105.62
Writing extracted parasitics to '/mnt/c/Users/Default.DESKTOP-A45I1O9/akularanjith-akularanjith--ECE510-2026-SPRING/project/m4/synth/runs/RUN_2026-06-05_21-26-00/53-openroad-rcx/min/top.min.spef'…
[INFO RCX-0443] 1263 nets finished
