Clock: aclk
Sources: aclk 
Generated: no
Virtual: yes
Propagated: no
Period: 10.000000

===========================================================================
report_clock_properties
============================================================================
Clock                   Period          Waveform
----------------------------------------------------
aclk                 10.000000    0.000000  5.000000

===========================================================================
report_clock_latency
============================================================================
Clock aclk
rise -> rise
    min     max
0.000000 0.000000 source latency
0.679286         network latency _1289_/CLK
        0.685758 network latency _1275_/CLK
---------------
0.679286 0.685758 latency
        0.006471 skew

fall -> fall
    min     max
0.000000 0.000000 source latency
0.646397         network latency _1289_/CLK
        0.652305 network latency _1275_/CLK
---------------
0.646397 0.652305 latency
        0.005908 skew



===========================================================================
report_clock_min_period
============================================================================
aclk period_min = 8.04 fmax = 124.31
