
===========================================================================
report_checks -unconstrained
===========================================================================
======================= min_tt_025C_1v80 Corner ===================================

Startpoint: s_axis_tdata[14] (input port clocked by aclk)
Endpoint: _1316_ (rising edge-triggered flip-flop clocked by aclk)
Path Group: aclk
Path Type: max

Fanout         Cap        Slew       Delay        Time   Description
---------------------------------------------------------------------------------------------
                                  0.000000    0.000000   clock aclk (rise edge)
                                  0.000000    0.000000   clock network delay (propagated)
                                  2.000000    2.000000 ^ input external delay
     1    0.002773    0.019618    0.010206    2.010206 ^ s_axis_tdata[14] (in)
                                                         s_axis_tdata[14] (net)
                      0.019618    0.000000    2.010206 ^ input8/A (sky130_fd_sc_hd__clkbuf_1)
     1    0.003610    0.052903    0.078337    2.088543 ^ input8/X (sky130_fd_sc_hd__clkbuf_1)
                                                         net8 (net)
                      0.052903    0.000034    2.088577 ^ fanout77/A (sky130_fd_sc_hd__clkbuf_2)
     8    0.030660    0.170188    0.196239    2.284816 ^ fanout77/X (sky130_fd_sc_hd__clkbuf_2)
                                                         net77 (net)
                      0.170194    0.000857    2.285672 ^ fanout76/A (sky130_fd_sc_hd__buf_2)
    10    0.033185    0.165616    0.235985    2.521657 ^ fanout76/X (sky130_fd_sc_hd__buf_2)
                                                         net76 (net)
                      0.165616    0.000338    2.521995 ^ _1084_/A2 (sky130_fd_sc_hd__a22o_1)
     2    0.005130    0.065908    0.176751    2.698746 ^ _1084_/X (sky130_fd_sc_hd__a22o_1)
                                                         _0460_ (net)
                      0.065908    0.000048    2.698795 ^ _1085_/B1_N (sky130_fd_sc_hd__a21bo_1)
     1    0.004938    0.043598    0.206900    2.905694 v _1085_/X (sky130_fd_sc_hd__a21bo_1)
                                                         _0461_ (net)
                      0.043598    0.000052    2.905746 v _1086_/B (sky130_fd_sc_hd__xor2_1)
     2    0.008520    0.075408    0.160394    3.066141 v _1086_/X (sky130_fd_sc_hd__xor2_1)
                                                         _0462_ (net)
                      0.075408    0.000194    3.066335 v _1093_/A (sky130_fd_sc_hd__and3_1)
     4    0.011493    0.073044    0.191341    3.257675 v _1093_/X (sky130_fd_sc_hd__and3_1)
                                                         _0469_ (net)
                      0.073044    0.000094    3.257770 v _1096_/A (sky130_fd_sc_hd__nor3b_1)
     3    0.009408    0.348438    0.337078    3.594848 ^ _1096_/Y (sky130_fd_sc_hd__nor3b_1)
                                                         _0472_ (net)
                      0.348438    0.000126    3.594974 ^ _1098_/B (sky130_fd_sc_hd__nor3_1)
     2    0.005250    0.089788    0.113305    3.708278 v _1098_/Y (sky130_fd_sc_hd__nor3_1)
                                                         _0474_ (net)
                      0.089788    0.000020    3.708298 v max_cap56/A (sky130_fd_sc_hd__buf_1)
     2    0.007679    0.052204    0.130178    3.838476 v max_cap56/X (sky130_fd_sc_hd__buf_1)
                                                         net56 (net)
                      0.052204    0.000067    3.838543 v _1100_/B1 (sky130_fd_sc_hd__a211o_1)
     3    0.010402    0.081856    0.308188    4.146730 v _1100_/X (sky130_fd_sc_hd__a211o_1)
                                                         _0476_ (net)
                      0.081856    0.000087    4.146817 v _1103_/A1 (sky130_fd_sc_hd__a211o_1)
     2    0.006046    0.062743    0.283028    4.429845 v _1103_/X (sky130_fd_sc_hd__a211o_1)
                                                         _0479_ (net)
                      0.062743    0.000070    4.429915 v _1105_/A2 (sky130_fd_sc_hd__a211o_1)
     2    0.004485    0.055490    0.301642    4.731557 v _1105_/X (sky130_fd_sc_hd__a211o_1)
                                                         _0481_ (net)
                      0.055490    0.000017    4.731575 v _1106_/B (sky130_fd_sc_hd__and2b_1)
     3    0.008064    0.056410    0.180290    4.911865 v _1106_/X (sky130_fd_sc_hd__and2b_1)
                                                         _0482_ (net)
                      0.056410    0.000027    4.911892 v _1141_/A3 (sky130_fd_sc_hd__a31o_1)
     2    0.008635    0.062140    0.244419    5.156311 v _1141_/X (sky130_fd_sc_hd__a31o_1)
                                                         _0516_ (net)
                      0.062140    0.000126    5.156437 v _1145_/A2 (sky130_fd_sc_hd__a21oi_1)
     4    0.012151    0.279492    0.274850    5.431287 ^ _1145_/Y (sky130_fd_sc_hd__a21oi_1)
                                                         _0519_ (net)
                      0.279492    0.000193    5.431480 ^ _1201_/A1 (sky130_fd_sc_hd__a211o_1)
     5    0.015143    0.139771    0.247106    5.678586 ^ _1201_/X (sky130_fd_sc_hd__a211o_1)
                                                         _0574_ (net)
                      0.139771    0.000349    5.678936 ^ _1251_/A1 (sky130_fd_sc_hd__o2111ai_1)
     1    0.002859    0.093210    0.136382    5.815318 v _1251_/Y (sky130_fd_sc_hd__o2111ai_1)
                                                         _0622_ (net)
                      0.093210    0.000017    5.815335 v _1252_/A2 (sky130_fd_sc_hd__a21o_1)
     1    0.003038    0.034040    0.191241    6.006576 v _1252_/X (sky130_fd_sc_hd__a21o_1)
                                                         _0623_ (net)
                      0.034040    0.000032    6.006608 v _1253_/B1 (sky130_fd_sc_hd__o211a_1)
     1    0.001998    0.035636    0.109391    6.115999 v _1253_/X (sky130_fd_sc_hd__o211a_1)
                                                         _0046_ (net)
                      0.035636    0.000009    6.116008 v _1316_/D (sky130_fd_sc_hd__dfxtp_1)
                                              6.116008   data arrival time

                                 10.000000   10.000000   clock aclk (rise edge)
                                  0.000000   10.000000   clock source latency
     1    0.019305    0.092627    0.063691   10.063691 ^ aclk (in)
                                                         aclk (net)
                      0.092637    0.000000   10.063691 ^ clkbuf_0_aclk/A (sky130_fd_sc_hd__clkbuf_16)
     4    0.044131    0.063491    0.162292   10.225983 ^ clkbuf_0_aclk/X (sky130_fd_sc_hd__clkbuf_16)
                                                         clknet_0_aclk (net)
                      0.063499    0.000732   10.226715 ^ clkbuf_2_0__f_aclk/A (sky130_fd_sc_hd__clkbuf_16)
    14    0.042934    0.062383    0.150717   10.377432 ^ clkbuf_2_0__f_aclk/X (sky130_fd_sc_hd__clkbuf_16)
                                                         clknet_2_0__leaf_aclk (net)
                      0.062394    0.000812   10.378243 ^ _1316_/CLK (sky130_fd_sc_hd__dfxtp_1)
                                 -0.250000   10.128243   clock uncertainty
                                  0.000000   10.128243   clock reconvergence pessimism
                                 -0.102360   10.025884   library setup time
                                             10.025884   data required time
---------------------------------------------------------------------------------------------
                                             10.025884   data required time
                                             -6.116008   data arrival time
---------------------------------------------------------------------------------------------
                                              3.909876   slack (MET)




===========================================================================
report_checks --slack_max -0.01
============================================================================
======================= min_tt_025C_1v80 Corner ===================================

No paths found.


===========================================================================
 report_check_types -max_slew -max_cap -max_fanout -violators
============================================================================
======================= min_tt_025C_1v80 Corner ===================================

max fanout

Pin                                   Limit Fanout  Slack
---------------------------------------------------------
clkbuf_2_0__f_aclk/X                     10     14     -4 (VIOLATED)
clkbuf_2_2__f_aclk/X                     10     14     -4 (VIOLATED)
clkbuf_2_3__f_aclk/X                     10     14     -4 (VIOLATED)
clkbuf_2_1__f_aclk/X                     10     12     -2 (VIOLATED)



===========================================================================
report_parasitic_annotation -report_unannotated
============================================================================
Found 2 unannotated drivers.
 clkload0/Y
 clkload1/X
Found 0 partially unannotated drivers.

===========================================================================
max slew violation count 0
max fanout violation count 4
max cap violation count 0
============================================================================

===========================================================================
check_setup -verbose -unconstrained_endpoints -multiple_clock -no_clock -no_input_delay -loops -generated_clocks
===========================================================================
