
===========================================================================
report_checks -unconstrained
===========================================================================
======================= min_ss_100C_1v60 Corner ===================================

Startpoint: rst (input port clocked by clk)
Endpoint: _13362_ (recovery check against rising-edge clock clk)
Path Group: asynchronous
Path Type: max

Fanout         Cap        Slew       Delay        Time   Description
---------------------------------------------------------------------------------------------
                                  0.000000    0.000000   clock clk (rise edge)
                                  0.000000    0.000000   clock network delay (propagated)
                                  2.000000    2.000000 v input external delay
     1    0.002874    0.018743    0.009446    2.009446 v rst (in)
                                                         rst (net)
                      0.018743    0.000000    2.009446 v input33/A (sky130_fd_sc_hd__buf_4)
     4    0.075589    0.185125    0.349958    2.359403 v input33/X (sky130_fd_sc_hd__buf_4)
                                                         net33 (net)
                      0.185499    0.006143    2.365547 v fanout395/A (sky130_fd_sc_hd__buf_4)
     6    0.078951    0.195322    0.427517    2.793064 v fanout395/X (sky130_fd_sc_hd__buf_4)
                                                         net395 (net)
                      0.197146    0.014824    2.807888 v fanout394/A (sky130_fd_sc_hd__buf_4)
    10    0.059389    0.152353    0.407778    3.215666 v fanout394/X (sky130_fd_sc_hd__buf_4)
                                                         net394 (net)
                      0.152355    0.000872    3.216538 v _13298_/A (sky130_fd_sc_hd__inv_2)
     1    0.003722    0.056199    0.102343    3.318881 ^ _13298_/Y (sky130_fd_sc_hd__inv_2)
                                                         _00072_ (net)
                      0.056199    0.000030    3.318911 ^ _13362_/RESET_B (sky130_fd_sc_hd__dfrtp_1)
                                              3.318911   data arrival time

                                 10.000000   10.000000   clock clk (rise edge)
                                  0.000000   10.000000   clock source latency
     1    0.056023    0.402266    0.281172   10.281172 ^ clk (in)
                                                         clk (net)
                      0.402300    0.000000   10.281172 ^ clkbuf_0_clk/A (sky130_fd_sc_hd__clkbuf_16)
     8    0.172427    0.280407    0.536623   10.817795 ^ clkbuf_0_clk/X (sky130_fd_sc_hd__clkbuf_16)
                                                         clknet_0_clk (net)
                      0.280417    0.001439   10.819234 ^ clkbuf_3_3__f_clk/A (sky130_fd_sc_hd__clkbuf_16)
    10    0.032322    0.084549    0.332532   11.151766 ^ clkbuf_3_3__f_clk/X (sky130_fd_sc_hd__clkbuf_16)
                                                         clknet_3_3__leaf_clk (net)
                      0.084560    0.000992   11.152759 ^ _13362_/CLK (sky130_fd_sc_hd__dfrtp_1)
                                 -0.250000   10.902758   clock uncertainty
                                  0.000000   10.902758   clock reconvergence pessimism
                                  0.472537   11.375295   library recovery time
                                             11.375295   data required time
---------------------------------------------------------------------------------------------
                                             11.375295   data required time
                                             -3.318911   data arrival time
---------------------------------------------------------------------------------------------
                                              8.056384   slack (MET)


Startpoint: in3[3] (input port clocked by clk)
Endpoint: _13400_ (rising edge-triggered flip-flop clocked by clk)
Path Group: clk
Path Type: max

Fanout         Cap        Slew       Delay        Time   Description
---------------------------------------------------------------------------------------------
                                  0.000000    0.000000   clock clk (rise edge)
                                  0.000000    0.000000   clock network delay (propagated)
                                  2.000000    2.000000 ^ input external delay
     1    0.002787    0.032168    0.015697    2.015697 ^ in3[3] (in)
                                                         in3[3] (net)
                      0.032168    0.000000    2.015697 ^ input28/A (sky130_fd_sc_hd__clkbuf_2)
     3    0.040525    0.345847    0.370094    2.385791 ^ input28/X (sky130_fd_sc_hd__clkbuf_2)
                                                         net28 (net)
                      0.345861    0.001855    2.387646 ^ fanout445/A (sky130_fd_sc_hd__buf_2)
     6    0.050829    0.395859    0.550195    2.937841 ^ fanout445/X (sky130_fd_sc_hd__buf_2)
                                                         net445 (net)
                      0.395860    0.001424    2.939265 ^ fanout443/A (sky130_fd_sc_hd__dlymetal6s2s_1)
     5    0.022132    0.359165    0.495886    3.435151 ^ fanout443/X (sky130_fd_sc_hd__dlymetal6s2s_1)
                                                         net443 (net)
                      0.359165    0.000571    3.435722 ^ fanout442/A (sky130_fd_sc_hd__buf_2)
    10    0.036609    0.290578    0.479827    3.915549 ^ fanout442/X (sky130_fd_sc_hd__buf_2)
                                                         net442 (net)
                      0.290588    0.002074    3.917623 ^ _10753_/B (sky130_fd_sc_hd__and4_1)
     2    0.004458    0.128599    0.466542    4.384165 ^ _10753_/X (sky130_fd_sc_hd__and4_1)
                                                         _03605_ (net)
                      0.128599    0.000023    4.384188 ^ _10755_/A_N (sky130_fd_sc_hd__and2b_1)
     1    0.004631    0.081479    0.398284    4.782472 v _10755_/X (sky130_fd_sc_hd__and2b_1)
                                                         _03607_ (net)
                      0.081479    0.000043    4.782515 v _10757_/A (sky130_fd_sc_hd__xnor2_1)
     2    0.006839    0.327151    0.346744    5.129260 ^ _10757_/Y (sky130_fd_sc_hd__xnor2_1)
                                                         _03610_ (net)
                      0.327151    0.000068    5.129327 ^ _10765_/A (sky130_fd_sc_hd__nand3_1)
     3    0.008246    0.261006    0.329476    5.458803 v _10765_/Y (sky130_fd_sc_hd__nand3_1)
                                                         _03618_ (net)
                      0.261006    0.000074    5.458877 v _10767_/B (sky130_fd_sc_hd__and3_1)
     3    0.015247    0.169017    0.530529    5.989406 v _10767_/X (sky130_fd_sc_hd__and3_1)
                                                         _03621_ (net)
                      0.169017    0.000087    5.989493 v _10770_/A1 (sky130_fd_sc_hd__o211a_1)
     2    0.011869    0.151077    0.527776    6.517269 v _10770_/X (sky130_fd_sc_hd__o211a_1)
                                                         _03624_ (net)
                      0.151077    0.000074    6.517344 v _10804_/B (sky130_fd_sc_hd__nor4_4)
     3    0.010699    0.437942    0.551532    7.068875 ^ _10804_/Y (sky130_fd_sc_hd__nor4_4)
                                                         _03661_ (net)
                      0.437942    0.000060    7.068934 ^ max_cap236/A (sky130_fd_sc_hd__clkbuf_2)
     2    0.008726    0.095753    0.356386    7.425321 ^ max_cap236/X (sky130_fd_sc_hd__clkbuf_2)
                                                         net236 (net)
                      0.095753    0.000081    7.425402 ^ _10808_/A1 (sky130_fd_sc_hd__o211ai_2)
     2    0.011206    0.208999    0.268945    7.694347 v _10808_/Y (sky130_fd_sc_hd__o211ai_2)
                                                         _03666_ (net)
                      0.208999    0.000298    7.694644 v _10809_/C (sky130_fd_sc_hd__and3_4)
     4    0.018832    0.086360    0.429726    8.124370 v _10809_/X (sky130_fd_sc_hd__and3_4)
                                                         _03667_ (net)
                      0.086360    0.000056    8.124426 v _10970_/C1 (sky130_fd_sc_hd__a211o_1)
     3    0.016205    0.194178    0.563651    8.688077 v _10970_/X (sky130_fd_sc_hd__a211o_1)
                                                         _03843_ (net)
                      0.194178    0.000601    8.688679 v _10972_/A2 (sky130_fd_sc_hd__a21o_1)
     2    0.007846    0.099234    0.409284    9.097962 v _10972_/X (sky130_fd_sc_hd__a21o_1)
                                                         _03845_ (net)
                      0.099234    0.000094    9.098057 v _10974_/A2 (sky130_fd_sc_hd__a211o_1)
     3    0.012095    0.168958    0.644936    9.742992 v _10974_/X (sky130_fd_sc_hd__a211o_1)
                                                         _03847_ (net)
                      0.168958    0.000180    9.743173 v _10976_/A2 (sky130_fd_sc_hd__a21o_1)
     2    0.007376    0.095598    0.395105   10.138278 v _10976_/X (sky130_fd_sc_hd__a21o_1)
                                                         _03849_ (net)
                      0.095598    0.000051   10.138329 v _10978_/A2 (sky130_fd_sc_hd__a211o_1)
     3    0.012185    0.169797    0.644459   10.782787 v _10978_/X (sky130_fd_sc_hd__a211o_1)
                                                         _03852_ (net)
                      0.169797    0.000057   10.782845 v _10980_/A2 (sky130_fd_sc_hd__a21o_1)
     3    0.010832    0.123303    0.422063   11.204907 v _10980_/X (sky130_fd_sc_hd__a21o_1)
                                                         _03854_ (net)
                      0.123303    0.000123   11.205031 v _10981_/C1 (sky130_fd_sc_hd__o211a_1)
     4    0.012130    0.153617    0.300854   11.505884 v _10981_/X (sky130_fd_sc_hd__o211a_1)
                                                         _03855_ (net)
                      0.153617    0.000185   11.506069 v _11129_/A (sky130_fd_sc_hd__or4_4)
     2    0.008391    0.169047    1.105025   12.611094 v _11129_/X (sky130_fd_sc_hd__or4_4)
                                                         _04017_ (net)
                      0.169047    0.000099   12.611194 v _11383_/A3 (sky130_fd_sc_hd__o311a_4)
     2    0.028653    0.148902    0.678372   13.289565 v _11383_/X (sky130_fd_sc_hd__o311a_4)
                                                         _04294_ (net)
                      0.148902    0.001453   13.291018 v _11384_/A (sky130_fd_sc_hd__nor2_8)
     3    0.023448    0.186977    0.265878   13.556896 ^ _11384_/Y (sky130_fd_sc_hd__nor2_8)
                                                         _04295_ (net)
                      0.186977    0.000217   13.557113 ^ _11590_/A3 (sky130_fd_sc_hd__o31ai_4)
     2    0.011504    0.155736    0.163586   13.720698 v _11590_/Y (sky130_fd_sc_hd__o31ai_4)
                                                         _04520_ (net)
                      0.155736    0.000366   13.721065 v rebuffer44/A (sky130_fd_sc_hd__clkbuf_1)
     1    0.004548    0.068126    0.216933   13.937998 v rebuffer44/X (sky130_fd_sc_hd__clkbuf_1)
                                                         net744 (net)
                      0.068126    0.000041   13.938039 v _11591_/B (sky130_fd_sc_hd__xor2_1)
     1    0.002208    0.113249    0.255344   14.193383 v _11591_/X (sky130_fd_sc_hd__xor2_1)
                                                         _00017_ (net)
                      0.113249    0.000012   14.193395 v _13400_/D (sky130_fd_sc_hd__dfrtp_1)
                                             14.193395   data arrival time

                                 10.000000   10.000000   clock clk (rise edge)
                                  0.000000   10.000000   clock source latency
     1    0.056023    0.402266    0.281172   10.281172 ^ clk (in)
                                                         clk (net)
                      0.402300    0.000000   10.281172 ^ clkbuf_0_clk/A (sky130_fd_sc_hd__clkbuf_16)
     8    0.172427    0.280407    0.536623   10.817795 ^ clkbuf_0_clk/X (sky130_fd_sc_hd__clkbuf_16)
                                                         clknet_0_clk (net)
                      0.280416    0.001337   10.819132 ^ clkbuf_3_1__f_clk/A (sky130_fd_sc_hd__clkbuf_16)
     9    0.042916    0.098460    0.346771   11.165902 ^ clkbuf_3_1__f_clk/X (sky130_fd_sc_hd__clkbuf_16)
                                                         clknet_3_1__leaf_clk (net)
                      0.098612    0.003162   11.169065 ^ _13400_/CLK (sky130_fd_sc_hd__dfrtp_1)
                                 -0.250000   10.919065   clock uncertainty
                                  0.000000   10.919065   clock reconvergence pessimism
                                 -0.286967   10.632097   library setup time
                                             10.632097   data required time
---------------------------------------------------------------------------------------------
                                             10.632097   data required time
                                            -14.193395   data arrival time
---------------------------------------------------------------------------------------------
                                             -3.561297   slack (VIOLATED)




===========================================================================
report_checks --slack_max -0.01
============================================================================
======================= min_ss_100C_1v60 Corner ===================================

Startpoint: in3[3] (input port clocked by clk)
Endpoint: _13400_ (rising edge-triggered flip-flop clocked by clk)
Path Group: clk
Path Type: max

Fanout         Cap        Slew       Delay        Time   Description
---------------------------------------------------------------------------------------------
                                  0.000000    0.000000   clock clk (rise edge)
                                  0.000000    0.000000   clock network delay (propagated)
                                  2.000000    2.000000 ^ input external delay
     1    0.002787    0.032168    0.015697    2.015697 ^ in3[3] (in)
                                                         in3[3] (net)
                      0.032168    0.000000    2.015697 ^ input28/A (sky130_fd_sc_hd__clkbuf_2)
     3    0.040525    0.345847    0.370094    2.385791 ^ input28/X (sky130_fd_sc_hd__clkbuf_2)
                                                         net28 (net)
                      0.345861    0.001855    2.387646 ^ fanout445/A (sky130_fd_sc_hd__buf_2)
     6    0.050829    0.395859    0.550195    2.937841 ^ fanout445/X (sky130_fd_sc_hd__buf_2)
                                                         net445 (net)
                      0.395860    0.001424    2.939265 ^ fanout443/A (sky130_fd_sc_hd__dlymetal6s2s_1)
     5    0.022132    0.359165    0.495886    3.435151 ^ fanout443/X (sky130_fd_sc_hd__dlymetal6s2s_1)
                                                         net443 (net)
                      0.359165    0.000571    3.435722 ^ fanout442/A (sky130_fd_sc_hd__buf_2)
    10    0.036609    0.290578    0.479827    3.915549 ^ fanout442/X (sky130_fd_sc_hd__buf_2)
                                                         net442 (net)
                      0.290588    0.002074    3.917623 ^ _10753_/B (sky130_fd_sc_hd__and4_1)
     2    0.004458    0.128599    0.466542    4.384165 ^ _10753_/X (sky130_fd_sc_hd__and4_1)
                                                         _03605_ (net)
                      0.128599    0.000023    4.384188 ^ _10755_/A_N (sky130_fd_sc_hd__and2b_1)
     1    0.004631    0.081479    0.398284    4.782472 v _10755_/X (sky130_fd_sc_hd__and2b_1)
                                                         _03607_ (net)
                      0.081479    0.000043    4.782515 v _10757_/A (sky130_fd_sc_hd__xnor2_1)
     2    0.006839    0.327151    0.346744    5.129260 ^ _10757_/Y (sky130_fd_sc_hd__xnor2_1)
                                                         _03610_ (net)
                      0.327151    0.000068    5.129327 ^ _10765_/A (sky130_fd_sc_hd__nand3_1)
     3    0.008246    0.261006    0.329476    5.458803 v _10765_/Y (sky130_fd_sc_hd__nand3_1)
                                                         _03618_ (net)
                      0.261006    0.000074    5.458877 v _10767_/B (sky130_fd_sc_hd__and3_1)
     3    0.015247    0.169017    0.530529    5.989406 v _10767_/X (sky130_fd_sc_hd__and3_1)
                                                         _03621_ (net)
                      0.169017    0.000087    5.989493 v _10770_/A1 (sky130_fd_sc_hd__o211a_1)
     2    0.011869    0.151077    0.527776    6.517269 v _10770_/X (sky130_fd_sc_hd__o211a_1)
                                                         _03624_ (net)
                      0.151077    0.000074    6.517344 v _10804_/B (sky130_fd_sc_hd__nor4_4)
     3    0.010699    0.437942    0.551532    7.068875 ^ _10804_/Y (sky130_fd_sc_hd__nor4_4)
                                                         _03661_ (net)
                      0.437942    0.000060    7.068934 ^ max_cap236/A (sky130_fd_sc_hd__clkbuf_2)
     2    0.008726    0.095753    0.356386    7.425321 ^ max_cap236/X (sky130_fd_sc_hd__clkbuf_2)
                                                         net236 (net)
                      0.095753    0.000081    7.425402 ^ _10808_/A1 (sky130_fd_sc_hd__o211ai_2)
     2    0.011206    0.208999    0.268945    7.694347 v _10808_/Y (sky130_fd_sc_hd__o211ai_2)
                                                         _03666_ (net)
                      0.208999    0.000298    7.694644 v _10809_/C (sky130_fd_sc_hd__and3_4)
     4    0.018832    0.086360    0.429726    8.124370 v _10809_/X (sky130_fd_sc_hd__and3_4)
                                                         _03667_ (net)
                      0.086360    0.000056    8.124426 v _10970_/C1 (sky130_fd_sc_hd__a211o_1)
     3    0.016205    0.194178    0.563651    8.688077 v _10970_/X (sky130_fd_sc_hd__a211o_1)
                                                         _03843_ (net)
                      0.194178    0.000601    8.688679 v _10972_/A2 (sky130_fd_sc_hd__a21o_1)
     2    0.007846    0.099234    0.409284    9.097962 v _10972_/X (sky130_fd_sc_hd__a21o_1)
                                                         _03845_ (net)
                      0.099234    0.000094    9.098057 v _10974_/A2 (sky130_fd_sc_hd__a211o_1)
     3    0.012095    0.168958    0.644936    9.742992 v _10974_/X (sky130_fd_sc_hd__a211o_1)
                                                         _03847_ (net)
                      0.168958    0.000180    9.743173 v _10976_/A2 (sky130_fd_sc_hd__a21o_1)
     2    0.007376    0.095598    0.395105   10.138278 v _10976_/X (sky130_fd_sc_hd__a21o_1)
                                                         _03849_ (net)
                      0.095598    0.000051   10.138329 v _10978_/A2 (sky130_fd_sc_hd__a211o_1)
     3    0.012185    0.169797    0.644459   10.782787 v _10978_/X (sky130_fd_sc_hd__a211o_1)
                                                         _03852_ (net)
                      0.169797    0.000057   10.782845 v _10980_/A2 (sky130_fd_sc_hd__a21o_1)
     3    0.010832    0.123303    0.422063   11.204907 v _10980_/X (sky130_fd_sc_hd__a21o_1)
                                                         _03854_ (net)
                      0.123303    0.000123   11.205031 v _10981_/C1 (sky130_fd_sc_hd__o211a_1)
     4    0.012130    0.153617    0.300854   11.505884 v _10981_/X (sky130_fd_sc_hd__o211a_1)
                                                         _03855_ (net)
                      0.153617    0.000185   11.506069 v _11129_/A (sky130_fd_sc_hd__or4_4)
     2    0.008391    0.169047    1.105025   12.611094 v _11129_/X (sky130_fd_sc_hd__or4_4)
                                                         _04017_ (net)
                      0.169047    0.000099   12.611194 v _11383_/A3 (sky130_fd_sc_hd__o311a_4)
     2    0.028653    0.148902    0.678372   13.289565 v _11383_/X (sky130_fd_sc_hd__o311a_4)
                                                         _04294_ (net)
                      0.148902    0.001453   13.291018 v _11384_/A (sky130_fd_sc_hd__nor2_8)
     3    0.023448    0.186977    0.265878   13.556896 ^ _11384_/Y (sky130_fd_sc_hd__nor2_8)
                                                         _04295_ (net)
                      0.186977    0.000217   13.557113 ^ _11590_/A3 (sky130_fd_sc_hd__o31ai_4)
     2    0.011504    0.155736    0.163586   13.720698 v _11590_/Y (sky130_fd_sc_hd__o31ai_4)
                                                         _04520_ (net)
                      0.155736    0.000366   13.721065 v rebuffer44/A (sky130_fd_sc_hd__clkbuf_1)
     1    0.004548    0.068126    0.216933   13.937998 v rebuffer44/X (sky130_fd_sc_hd__clkbuf_1)
                                                         net744 (net)
                      0.068126    0.000041   13.938039 v _11591_/B (sky130_fd_sc_hd__xor2_1)
     1    0.002208    0.113249    0.255344   14.193383 v _11591_/X (sky130_fd_sc_hd__xor2_1)
                                                         _00017_ (net)
                      0.113249    0.000012   14.193395 v _13400_/D (sky130_fd_sc_hd__dfrtp_1)
                                             14.193395   data arrival time

                                 10.000000   10.000000   clock clk (rise edge)
                                  0.000000   10.000000   clock source latency
     1    0.056023    0.402266    0.281172   10.281172 ^ clk (in)
                                                         clk (net)
                      0.402300    0.000000   10.281172 ^ clkbuf_0_clk/A (sky130_fd_sc_hd__clkbuf_16)
     8    0.172427    0.280407    0.536623   10.817795 ^ clkbuf_0_clk/X (sky130_fd_sc_hd__clkbuf_16)
                                                         clknet_0_clk (net)
                      0.280416    0.001337   10.819132 ^ clkbuf_3_1__f_clk/A (sky130_fd_sc_hd__clkbuf_16)
     9    0.042916    0.098460    0.346771   11.165902 ^ clkbuf_3_1__f_clk/X (sky130_fd_sc_hd__clkbuf_16)
                                                         clknet_3_1__leaf_clk (net)
                      0.098612    0.003162   11.169065 ^ _13400_/CLK (sky130_fd_sc_hd__dfrtp_1)
                                 -0.250000   10.919065   clock uncertainty
                                  0.000000   10.919065   clock reconvergence pessimism
                                 -0.286967   10.632097   library setup time
                                             10.632097   data required time
---------------------------------------------------------------------------------------------
                                             10.632097   data required time
                                            -14.193395   data arrival time
---------------------------------------------------------------------------------------------
                                             -3.561297   slack (VIOLATED)




===========================================================================
 report_check_types -max_slew -max_cap -max_fanout -violators
============================================================================
======================= min_ss_100C_1v60 Corner ===================================

max slew

Pin                                        Limit        Slew       Slack
------------------------------------------------------------------------
_06984_/Y                               0.750000    1.087261   -0.337261 (VIOLATED)
_07061_/A                               0.750000    1.087261   -0.337261 (VIOLATED)
_07062_/A1                              0.750000    1.087261   -0.337261 (VIOLATED)
_07202_/A2                              0.750000    1.087261   -0.337261 (VIOLATED)
_07203_/C1                              0.750000    1.087261   -0.337261 (VIOLATED)
_10339_/Y                               0.750000    0.879545   -0.129545 (VIOLATED)
_10342_/B1                              0.750000    0.879545   -0.129545 (VIOLATED)
_10343_/A1                              0.750000    0.879545   -0.129545 (VIOLATED)
_09189_/Y                               0.750000    0.808765   -0.058765 (VIOLATED)
_09190_/B                               0.750000    0.808765   -0.058765 (VIOLATED)
_09349_/A1                              0.750000    0.808765   -0.058765 (VIOLATED)
_06852_/X                               0.750000    0.807770   -0.057770 (VIOLATED)
_06923_/A                               0.750000    0.807770   -0.057770 (VIOLATED)
_06924_/A                               0.750000    0.807770   -0.057770 (VIOLATED)
_06925_/B1                              0.750000    0.807770   -0.057770 (VIOLATED)
_08636_/Y                               0.750000    0.759804   -0.009804 (VIOLATED)
_08713_/A                               0.750000    0.759804   -0.009804 (VIOLATED)
_08714_/A1                              0.750000    0.759804   -0.009804 (VIOLATED)
_08854_/A2                              0.750000    0.759804   -0.009804 (VIOLATED)
_08855_/C1                              0.750000    0.759804   -0.009804 (VIOLATED)

max fanout

Pin                                   Limit Fanout  Slack
---------------------------------------------------------
input89/X                                10     12     -2 (VIOLATED)
clkbuf_3_4__f_clk/X                      10     11        (VIOLATED)



===========================================================================
report_parasitic_annotation -report_unannotated
============================================================================
Found 7 unannotated drivers.
 clkload0/Y
 clkload1/Y
 clkload2/Y
 clkload3/X
 clkload4/Y
 clkload5/Y
 clkload6/X
Found 0 partially unannotated drivers.

===========================================================================
max slew violation count 20
max fanout violation count 2
max cap violation count 0
============================================================================

===========================================================================
check_setup -verbose -unconstrained_endpoints -multiple_clock -no_clock -no_input_delay -loops -generated_clocks
===========================================================================
