Clock: aclk
Sources: aclk 
Generated: no
Virtual: no
Propagated: no
Period: 10.000000

===========================================================================
report_clock_properties
============================================================================
Clock                   Period          Waveform
----------------------------------------------------
aclk                 10.000000    0.000000  5.000000

===========================================================================
report_clock_latency
============================================================================
Clock aclk
rise -> rise
    min     max
0.000000 0.000000 source latency
0.236666         network latency _1270_/CLK
        0.236666 network latency _1270_/CLK
---------------
0.236666 0.236666 latency
        0.000000 skew

fall -> fall
    min     max
0.000000 0.000000 source latency
0.100757         network latency _1270_/CLK
        0.100757 network latency _1270_/CLK
---------------
0.100757 0.100757 latency
        0.000000 skew



===========================================================================
report_clock_min_period
============================================================================
aclk period_min = 2.72 fmax = 367.06
