
===========================================================================
report_checks -unconstrained
===========================================================================
======================= max_tt_025C_1v80 Corner ===================================

Startpoint: s_axis_tdata[14] (input port clocked by aclk)
Endpoint: _1316_ (rising edge-triggered flip-flop clocked by aclk)
Path Group: aclk
Path Type: max

Fanout         Cap        Slew       Delay        Time   Description
---------------------------------------------------------------------------------------------
                                  0.000000    0.000000   clock aclk (rise edge)
                                  0.000000    0.000000   clock network delay (propagated)
                                  2.000000    2.000000 ^ input external delay
     1    0.002860    0.019987    0.010571    2.010571 ^ s_axis_tdata[14] (in)
                                                         s_axis_tdata[14] (net)
                      0.019987    0.000000    2.010571 ^ input8/A (sky130_fd_sc_hd__clkbuf_1)
     1    0.003913    0.056260    0.080824    2.091395 ^ input8/X (sky130_fd_sc_hd__clkbuf_1)
                                                         net8 (net)
                      0.056260    0.000163    2.091558 ^ fanout77/A (sky130_fd_sc_hd__clkbuf_2)
     8    0.033218    0.183701    0.205292    2.296850 ^ fanout77/X (sky130_fd_sc_hd__clkbuf_2)
                                                         net77 (net)
                      0.183799    0.003493    2.300343 ^ fanout76/A (sky130_fd_sc_hd__buf_2)
    10    0.035202    0.174637    0.245052    2.545395 ^ fanout76/X (sky130_fd_sc_hd__buf_2)
                                                         net76 (net)
                      0.174721    0.001742    2.547137 ^ _1084_/A2 (sky130_fd_sc_hd__a22o_1)
     2    0.005320    0.067841    0.180145    2.727282 ^ _1084_/X (sky130_fd_sc_hd__a22o_1)
                                                         _0460_ (net)
                      0.067841    0.000341    2.727623 ^ _1085_/B1_N (sky130_fd_sc_hd__a21bo_1)
     1    0.005112    0.044397    0.208167    2.935789 v _1085_/X (sky130_fd_sc_hd__a21bo_1)
                                                         _0461_ (net)
                      0.044399    0.000367    2.936156 v _1086_/B (sky130_fd_sc_hd__xor2_1)
     2    0.009461    0.081330    0.164123    3.100280 v _1086_/X (sky130_fd_sc_hd__xor2_1)
                                                         _0462_ (net)
                      0.081364    0.000507    3.100787 v _1093_/A (sky130_fd_sc_hd__and3_1)
     4    0.011968    0.075157    0.195458    3.296245 v _1093_/X (sky130_fd_sc_hd__and3_1)
                                                         _0469_ (net)
                      0.075161    0.000605    3.296850 v _1096_/A (sky130_fd_sc_hd__nor3b_1)
     3    0.009790    0.348819    0.345816    3.642666 ^ _1096_/Y (sky130_fd_sc_hd__nor3b_1)
                                                         _0472_ (net)
                      0.348821    0.000604    3.643270 ^ _1098_/B (sky130_fd_sc_hd__nor3_1)
     2    0.005456    0.090644    0.114630    3.757900 v _1098_/Y (sky130_fd_sc_hd__nor3_1)
                                                         _0474_ (net)
                      0.090644    0.000189    3.758089 v max_cap56/A (sky130_fd_sc_hd__buf_1)
     2    0.007945    0.053524    0.131521    3.889610 v max_cap56/X (sky130_fd_sc_hd__buf_1)
                                                         net56 (net)
                      0.053526    0.000434    3.890044 v _1100_/B1 (sky130_fd_sc_hd__a211o_1)
     3    0.010732    0.083335    0.309818    4.199863 v _1100_/X (sky130_fd_sc_hd__a211o_1)
                                                         _0476_ (net)
                      0.083337    0.000539    4.200402 v _1103_/A1 (sky130_fd_sc_hd__a211o_1)
     2    0.006387    0.064538    0.285442    4.485844 v _1103_/X (sky130_fd_sc_hd__a211o_1)
                                                         _0479_ (net)
                      0.064539    0.000392    4.486236 v _1105_/A2 (sky130_fd_sc_hd__a211o_1)
     2    0.004615    0.056076    0.303010    4.789246 v _1105_/X (sky130_fd_sc_hd__a211o_1)
                                                         _0481_ (net)
                      0.056076    0.000150    4.789395 v _1106_/B (sky130_fd_sc_hd__and2b_1)
     3    0.008317    0.057498    0.181500    4.970895 v _1106_/X (sky130_fd_sc_hd__and2b_1)
                                                         _0482_ (net)
                      0.057498    0.000259    4.971154 v _1141_/A3 (sky130_fd_sc_hd__a31o_1)
     2    0.009039    0.063587    0.246616    5.217771 v _1141_/X (sky130_fd_sc_hd__a31o_1)
                                                         _0516_ (net)
                      0.063591    0.000567    5.218338 v _1145_/A2 (sky130_fd_sc_hd__a21oi_1)
     4    0.012848    0.292977    0.284916    5.503253 ^ _1145_/Y (sky130_fd_sc_hd__a21oi_1)
                                                         _0519_ (net)
                      0.292980    0.000811    5.504064 ^ _1201_/A1 (sky130_fd_sc_hd__a211o_1)
     5    0.016051    0.147456    0.253873    5.757937 ^ _1201_/X (sky130_fd_sc_hd__a211o_1)
                                                         _0574_ (net)
                      0.147470    0.001531    5.759468 ^ _1251_/A1 (sky130_fd_sc_hd__o2111ai_1)
     1    0.002985    0.093724    0.138958    5.898426 v _1251_/Y (sky130_fd_sc_hd__o2111ai_1)
                                                         _0622_ (net)
                      0.093724    0.000143    5.898570 v _1252_/A2 (sky130_fd_sc_hd__a21o_1)
     1    0.003233    0.034951    0.192575    6.091145 v _1252_/X (sky130_fd_sc_hd__a21o_1)
                                                         _0623_ (net)
                      0.034955    0.000224    6.091369 v _1253_/B1 (sky130_fd_sc_hd__o211a_1)
     1    0.002036    0.034863    0.109993    6.201362 v _1253_/X (sky130_fd_sc_hd__o211a_1)
                                                         _0046_ (net)
                      0.034863    0.000094    6.201456 v _1316_/D (sky130_fd_sc_hd__dfxtp_1)
                                              6.201456   data arrival time

                                 10.000000   10.000000   clock aclk (rise edge)
                                  0.000000   10.000000   clock source latency
     1    0.021227    0.101232    0.070120   10.070120 ^ aclk (in)
                                                         aclk (net)
                      0.101261    0.000000   10.070120 ^ clkbuf_0_aclk/A (sky130_fd_sc_hd__clkbuf_16)
     4    0.046871    0.066080    0.166444   10.236564 ^ clkbuf_0_aclk/X (sky130_fd_sc_hd__clkbuf_16)
                                                         clknet_0_aclk (net)
                      0.066339    0.002876   10.239440 ^ clkbuf_2_0__f_aclk/A (sky130_fd_sc_hd__clkbuf_16)
    14    0.046391    0.065584    0.153134   10.392573 ^ clkbuf_2_0__f_aclk/X (sky130_fd_sc_hd__clkbuf_16)
                                                         clknet_2_0__leaf_aclk (net)
                      0.065903    0.003132   10.395705 ^ _1316_/CLK (sky130_fd_sc_hd__dfxtp_1)
                                 -0.250000   10.145705   clock uncertainty
                                  0.000000   10.145705   clock reconvergence pessimism
                                 -0.101202   10.044503   library setup time
                                             10.044503   data required time
---------------------------------------------------------------------------------------------
                                             10.044503   data required time
                                             -6.201456   data arrival time
---------------------------------------------------------------------------------------------
                                              3.843048   slack (MET)




===========================================================================
report_checks --slack_max -0.01
============================================================================
======================= max_tt_025C_1v80 Corner ===================================

No paths found.


===========================================================================
 report_check_types -max_slew -max_cap -max_fanout -violators
============================================================================
======================= max_tt_025C_1v80 Corner ===================================

max fanout

Pin                                   Limit Fanout  Slack
---------------------------------------------------------
clkbuf_2_0__f_aclk/X                     10     14     -4 (VIOLATED)
clkbuf_2_2__f_aclk/X                     10     14     -4 (VIOLATED)
clkbuf_2_3__f_aclk/X                     10     14     -4 (VIOLATED)
clkbuf_2_1__f_aclk/X                     10     12     -2 (VIOLATED)



===========================================================================
report_parasitic_annotation -report_unannotated
============================================================================
Found 2 unannotated drivers.
 clkload0/Y
 clkload1/X
Found 0 partially unannotated drivers.

===========================================================================
max slew violation count 0
max fanout violation count 4
max cap violation count 0
============================================================================

===========================================================================
check_setup -verbose -unconstrained_endpoints -multiple_clock -no_clock -no_input_delay -loops -generated_clocks
===========================================================================
